{
  "version": "1.5.0",
  "plugins_used": [
    {
      "name": "ArtifactoryDetector"
    },
    {
      "name": "AWSKeyDetector"
    },
    {
      "name": "AzureStorageKeyDetector"
    },
    {
      "name": "Base64HighEntropyString",
      "limit": 4.5
    },
    {
      "name": "BasicAuthDetector"
    },
    {
      "name": "CloudantDetector"
    },
    {
      "name": "DiscordBotTokenDetector"
    },
    {
      "name": "GitHubTokenDetector"
    },
    {
      "name": "GitLabTokenDetector"
    },
    {
      "name": "HexHighEntropyString",
      "limit": 3.0
    },
    {
      "name": "IbmCloudIamDetector"
    },
    {
      "name": "IbmCosHmacDetector"
    },
    {
      "name": "IPPublicDetector"
    },
    {
      "name": "JwtTokenDetector"
    },
    {
      "name": "KeywordDetector",
      "keyword_exclude": ""
    },
    {
      "name": "MailchimpDetector"
    },
    {
      "name": "NpmDetector"
    },
    {
      "name": "OpenAIDetector"
    },
    {
      "name": "PrivateKeyDetector"
    },
    {
      "name": "PypiTokenDetector"
    },
    {
      "name": "SendGridDetector"
    },
    {
      "name": "SlackDetector"
    },
    {
      "name": "SoftlayerDetector"
    },
    {
      "name": "SquareOAuthDetector"
    },
    {
      "name": "StripeDetector"
    },
    {
      "name": "TelegramBotTokenDetector"
    },
    {
      "name": "TwilioKeyDetector"
    }
  ],
  "filters_used": [
    {
      "path": "detect_secrets.filters.allowlist.is_line_allowlisted"
    },
    {
      "path": "detect_secrets.filters.common.is_baseline_file",
      "filename": ".secrets.baseline"
    },
    {
      "path": "detect_secrets.filters.common.is_ignored_due_to_verification_policies",
      "min_level": 2
    },
    {
      "path": "detect_secrets.filters.heuristic.is_indirect_reference"
    },
    {
      "path": "detect_secrets.filters.heuristic.is_likely_id_string"
    },
    {
      "path": "detect_secrets.filters.heuristic.is_lock_file"
    },
    {
      "path": "detect_secrets.filters.heuristic.is_not_alphanumeric_string"
    },
    {
      "path": "detect_secrets.filters.heuristic.is_potential_uuid"
    },
    {
      "path": "detect_secrets.filters.heuristic.is_prefixed_with_dollar_sign"
    },
    {
      "path": "detect_secrets.filters.heuristic.is_sequential_string"
    },
    {
      "path": "detect_secrets.filters.heuristic.is_swagger_file"
    },
    {
      "path": "detect_secrets.filters.heuristic.is_templated_secret"
    },
    {
      "path": "detect_secrets.filters.regex.should_exclude_file",
      "pattern": [
        ".env.docker.example|.env.example|uv.lock"
      ]
    },
    {
      "path": "detect_secrets.filters.regex.should_exclude_line",
      "pattern": [
        "node_modules|__pycache__|\\.git|\\.venv"
      ]
    }
  ],
  "results": {
    ".agents/skills/api-design-principles/references/rest-best-practices.md": [
      {
        "type": "Hex High Entropy String",
        "filename": ".agents/skills/api-design-principles/references/rest-best-practices.md",
        "hashed_secret": "2431dcd348f1cc7e2d70c13eed1df1ee77452bfb",
        "is_verified": false,
        "line_number": 301
      }
    ],
    ".agents/skills/api-endpoint-builder/SKILL.md": [
      {
        "type": "Secret Keyword",
        "filename": ".agents/skills/api-endpoint-builder/SKILL.md",
        "hashed_secret": "1816851d10187b57a93235b52495e615629f906d",
        "is_verified": false,
        "line_number": 270
      },
      {
        "type": "Secret Keyword",
        "filename": ".agents/skills/api-endpoint-builder/SKILL.md",
        "hashed_secret": "cbfdac6008f9cab4083784cbd1874f76618d2a97",
        "is_verified": false,
        "line_number": 285
      }
    ],
    ".agents/skills/api-security-best-practices/SKILL.md": [
      {
        "type": "Secret Keyword",
        "filename": ".agents/skills/api-security-best-practices/SKILL.md",
        "hashed_secret": "01c92a77244f5e8e3b1e566c4a9266e724de6d98",
        "is_verified": false,
        "line_number": 735
      }
    ],
    ".agents/skills/fastapi-templates/resources/implementation-playbook.md": [
      {
        "type": "Secret Keyword",
        "filename": ".agents/skills/fastapi-templates/resources/implementation-playbook.md",
        "hashed_secret": "1c58bd92003bbaa0538e249fff6ee19a270dec5f",
        "is_verified": false,
        "line_number": 531
      }
    ],
    ".agents/skills/javascript-testing-patterns/resources/implementation-playbook.md": [
      {
        "type": "Secret Keyword",
        "filename": ".agents/skills/javascript-testing-patterns/resources/implementation-playbook.md",
        "hashed_secret": "cbfdac6008f9cab4083784cbd1874f76618d2a97",
        "is_verified": false,
        "line_number": 516
      },
      {
        "type": "Secret Keyword",
        "filename": ".agents/skills/javascript-testing-patterns/resources/implementation-playbook.md",
        "hashed_secret": "9fb7fe1217aed442b04c0f5e43b5d5a7d3287097",
        "is_verified": false,
        "line_number": 650
      },
      {
        "type": "Secret Keyword",
        "filename": ".agents/skills/javascript-testing-patterns/resources/implementation-playbook.md",
        "hashed_secret": "f409ce90a1cd144912d1df8620215b2dc9fda731",
        "is_verified": false,
        "line_number": 680
      }
    ],
    ".agents/skills/k6-load-testing/SKILL.md": [
      {
        "type": "Secret Keyword",
        "filename": ".agents/skills/k6-load-testing/SKILL.md",
        "hashed_secret": "cbfdac6008f9cab4083784cbd1874f76618d2a97",
        "is_verified": false,
        "line_number": 176
      }
    ],
    ".agents/skills/pci-compliance/SKILL.md": [
      {
        "type": "Secret Keyword",
        "filename": ".agents/skills/pci-compliance/SKILL.md",
        "hashed_secret": "3a85d0169ee6633b28d36ddcb665ece099241911",
        "is_verified": false,
        "line_number": 150
      }
    ],
    ".agents/skills/playwright-skill/API_REFERENCE.md": [
      {
        "type": "Secret Keyword",
        "filename": ".agents/skills/playwright-skill/API_REFERENCE.md",
        "hashed_secret": "f0578f1e7174b1a41c4ea8c6e17f7a8a3b88c92a",
        "is_verified": false,
        "line_number": 525
      },
      {
        "type": "Secret Keyword",
        "filename": ".agents/skills/playwright-skill/API_REFERENCE.md",
        "hashed_secret": "8be52126a6fde450a7162a3651d589bb51e9579d",
        "is_verified": false,
        "line_number": 526
      }
    ],
    ".agents/skills/postgres-best-practices/rules/security-privileges.md": [
      {
        "type": "Secret Keyword",
        "filename": ".agents/skills/postgres-best-practices/rules/security-privileges.md",
        "hashed_secret": "b60d121b438a380c343d5ec3c2037564b82ffef3",
        "is_verified": false,
        "line_number": 42
      }
    ],
    ".agents/skills/python-testing-patterns/resources/implementation-playbook.md": [
      {
        "type": "Secret Keyword",
        "filename": ".agents/skills/python-testing-patterns/resources/implementation-playbook.md",
        "hashed_secret": "3acfb2c2b433c0ea7ff107e33df91b18e52f960f",
        "is_verified": false,
        "line_number": 181
      },
      {
        "type": "Secret Keyword",
        "filename": ".agents/skills/python-testing-patterns/resources/implementation-playbook.md",
        "hashed_secret": "82aeb9f3dbb0e40d4c7d9aba9afda6b2fb6d6ae0",
        "is_verified": false,
        "line_number": 447
      }
    ],
    ".agents/skills/secrets-management/SKILL.md": [
      {
        "type": "Secret Keyword",
        "filename": ".agents/skills/secrets-management/SKILL.md",
        "hashed_secret": "5c5a15a8b0b3e154d77746945e563ba40100681b",
        "is_verified": false,
        "line_number": 264
      }
    ],
    ".agents/skills/security-scanning-security-sast/SKILL.md": [
      {
        "type": "Secret Keyword",
        "filename": ".agents/skills/security-scanning-security-sast/SKILL.md",
        "hashed_secret": "11f9578d05e6f7bb58a3cdd00107e9f4e3882671",
        "is_verified": false,
        "line_number": 83
      }
    ],
    ".agents/skills/sql-injection-testing/SKILL.md": [
      {
        "type": "Secret Keyword",
        "filename": ".agents/skills/sql-injection-testing/SKILL.md",
        "hashed_secret": "140f86aae51ab9e1cda9b4254fe98a74eb54c1a1",
        "is_verified": false,
        "line_number": 212
      },
      {
        "type": "Secret Keyword",
        "filename": ".agents/skills/sql-injection-testing/SKILL.md",
        "hashed_secret": "8867c88b56e0bfb82cffaf15a66bc8d107d6754a",
        "is_verified": false,
        "line_number": 215
      }
    ],
    ".github/workflows/ci.yml": [
      {
        "type": "Secret Keyword",
        "filename": ".github/workflows/ci.yml",
        "hashed_secret": "a94a8fe5ccb19ba61c4c0873d391e987982fbbd3",
        "is_verified": false,
        "line_number": 881
      },
      {
        "type": "Basic Auth Credentials",
        "filename": ".github/workflows/ci.yml",
        "hashed_secret": "a94a8fe5ccb19ba61c4c0873d391e987982fbbd3",
        "is_verified": false,
        "line_number": 891
      }
    ],
    ".github/workflows/reusable-backend-tests.yml": [
      {
        "type": "Basic Auth Credentials",
        "filename": ".github/workflows/reusable-backend-tests.yml",
        "hashed_secret": "a94a8fe5ccb19ba61c4c0873d391e987982fbbd3",
        "is_verified": false,
        "line_number": 329
      },
      {
        "type": "Secret Keyword",
        "filename": ".github/workflows/reusable-backend-tests.yml",
        "hashed_secret": "a94a8fe5ccb19ba61c4c0873d391e987982fbbd3",
        "is_verified": false,
        "line_number": 339
      }
    ],
    ".github/workflows/reusable-e2e-tests.yml": [
      {
        "type": "Secret Keyword",
        "filename": ".github/workflows/reusable-e2e-tests.yml",
        "hashed_secret": "b58f2f1e6aaec10485e4f5fa576ad48fa801c2b5",
        "is_verified": false,
        "line_number": 74
      },
      {
        "type": "Basic Auth Credentials",
        "filename": ".github/workflows/reusable-e2e-tests.yml",
        "hashed_secret": "a94a8fe5ccb19ba61c4c0873d391e987982fbbd3",
        "is_verified": false,
        "line_number": 79
      },
      {
        "type": "Secret Keyword",
        "filename": ".github/workflows/reusable-e2e-tests.yml",
        "hashed_secret": "a94a8fe5ccb19ba61c4c0873d391e987982fbbd3",
        "is_verified": false,
        "line_number": 97
      }
    ],
    ".github/workflows/weekly-test-durations.yml": [
      {
        "type": "Secret Keyword",
        "filename": ".github/workflows/weekly-test-durations.yml",
        "hashed_secret": "b58f2f1e6aaec10485e4f5fa576ad48fa801c2b5",
        "is_verified": false,
        "line_number": 22
      }
    ],
    ".gitleaks.toml": [
      {
        "type": "Secret Keyword",
        "filename": ".gitleaks.toml",
        "hashed_secret": "8ace942608d484e65c5aa6e8939f8c1a6456d70d",
        "is_verified": false,
        "line_number": 7
      }
    ],
    ".opencode/skills/api-design-principles/references/rest-best-practices.md": [
      {
        "type": "Hex High Entropy String",
        "filename": ".opencode/skills/api-design-principles/references/rest-best-practices.md",
        "hashed_secret": "2431dcd348f1cc7e2d70c13eed1df1ee77452bfb",
        "is_verified": false,
        "line_number": 301
      }
    ],
    ".opencode/skills/api-endpoint-builder/SKILL.md": [
      {
        "type": "Secret Keyword",
        "filename": ".opencode/skills/api-endpoint-builder/SKILL.md",
        "hashed_secret": "1816851d10187b57a93235b52495e615629f906d",
        "is_verified": false,
        "line_number": 270
      },
      {
        "type": "Secret Keyword",
        "filename": ".opencode/skills/api-endpoint-builder/SKILL.md",
        "hashed_secret": "cbfdac6008f9cab4083784cbd1874f76618d2a97",
        "is_verified": false,
        "line_number": 285
      }
    ],
    ".opencode/skills/api-security-best-practices/SKILL.md": [
      {
        "type": "Secret Keyword",
        "filename": ".opencode/skills/api-security-best-practices/SKILL.md",
        "hashed_secret": "01c92a77244f5e8e3b1e566c4a9266e724de6d98",
        "is_verified": false,
        "line_number": 735
      }
    ],
    ".opencode/skills/fastapi-templates/resources/implementation-playbook.md": [
      {
        "type": "Secret Keyword",
        "filename": ".opencode/skills/fastapi-templates/resources/implementation-playbook.md",
        "hashed_secret": "1c58bd92003bbaa0538e249fff6ee19a270dec5f",
        "is_verified": false,
        "line_number": 531
      }
    ],
    ".opencode/skills/javascript-testing-patterns/resources/implementation-playbook.md": [
      {
        "type": "Secret Keyword",
        "filename": ".opencode/skills/javascript-testing-patterns/resources/implementation-playbook.md",
        "hashed_secret": "cbfdac6008f9cab4083784cbd1874f76618d2a97",
        "is_verified": false,
        "line_number": 516
      },
      {
        "type": "Secret Keyword",
        "filename": ".opencode/skills/javascript-testing-patterns/resources/implementation-playbook.md",
        "hashed_secret": "9fb7fe1217aed442b04c0f5e43b5d5a7d3287097",
        "is_verified": false,
        "line_number": 650
      },
      {
        "type": "Secret Keyword",
        "filename": ".opencode/skills/javascript-testing-patterns/resources/implementation-playbook.md",
        "hashed_secret": "f409ce90a1cd144912d1df8620215b2dc9fda731",
        "is_verified": false,
        "line_number": 680
      }
    ],
    ".opencode/skills/k6-load-testing/SKILL.md": [
      {
        "type": "Secret Keyword",
        "filename": ".opencode/skills/k6-load-testing/SKILL.md",
        "hashed_secret": "cbfdac6008f9cab4083784cbd1874f76618d2a97",
        "is_verified": false,
        "line_number": 176
      }
    ],
    ".opencode/skills/pci-compliance/SKILL.md": [
      {
        "type": "Secret Keyword",
        "filename": ".opencode/skills/pci-compliance/SKILL.md",
        "hashed_secret": "3a85d0169ee6633b28d36ddcb665ece099241911",
        "is_verified": false,
        "line_number": 150
      }
    ],
    ".opencode/skills/playwright-skill/API_REFERENCE.md": [
      {
        "type": "Secret Keyword",
        "filename": ".opencode/skills/playwright-skill/API_REFERENCE.md",
        "hashed_secret": "f0578f1e7174b1a41c4ea8c6e17f7a8a3b88c92a",
        "is_verified": false,
        "line_number": 525
      },
      {
        "type": "Secret Keyword",
        "filename": ".opencode/skills/playwright-skill/API_REFERENCE.md",
        "hashed_secret": "8be52126a6fde450a7162a3651d589bb51e9579d",
        "is_verified": false,
        "line_number": 526
      }
    ],
    ".opencode/skills/postgres-best-practices/rules/security-privileges.md": [
      {
        "type": "Secret Keyword",
        "filename": ".opencode/skills/postgres-best-practices/rules/security-privileges.md",
        "hashed_secret": "b60d121b438a380c343d5ec3c2037564b82ffef3",
        "is_verified": false,
        "line_number": 42
      }
    ],
    ".opencode/skills/python-testing-patterns/resources/implementation-playbook.md": [
      {
        "type": "Secret Keyword",
        "filename": ".opencode/skills/python-testing-patterns/resources/implementation-playbook.md",
        "hashed_secret": "3acfb2c2b433c0ea7ff107e33df91b18e52f960f",
        "is_verified": false,
        "line_number": 181
      },
      {
        "type": "Secret Keyword",
        "filename": ".opencode/skills/python-testing-patterns/resources/implementation-playbook.md",
        "hashed_secret": "82aeb9f3dbb0e40d4c7d9aba9afda6b2fb6d6ae0",
        "is_verified": false,
        "line_number": 447
      }
    ],
    ".opencode/skills/secrets-management/SKILL.md": [
      {
        "type": "Secret Keyword",
        "filename": ".opencode/skills/secrets-management/SKILL.md",
        "hashed_secret": "5c5a15a8b0b3e154d77746945e563ba40100681b",
        "is_verified": false,
        "line_number": 264
      }
    ],
    ".opencode/skills/security-scanning-security-sast/SKILL.md": [
      {
        "type": "Secret Keyword",
        "filename": ".opencode/skills/security-scanning-security-sast/SKILL.md",
        "hashed_secret": "11f9578d05e6f7bb58a3cdd00107e9f4e3882671",
        "is_verified": false,
        "line_number": 83
      }
    ],
    ".opencode/skills/sql-injection-testing/SKILL.md": [
      {
        "type": "Secret Keyword",
        "filename": ".opencode/skills/sql-injection-testing/SKILL.md",
        "hashed_secret": "140f86aae51ab9e1cda9b4254fe98a74eb54c1a1",
        "is_verified": false,
        "line_number": 212
      },
      {
        "type": "Secret Keyword",
        "filename": ".opencode/skills/sql-injection-testing/SKILL.md",
        "hashed_secret": "8867c88b56e0bfb82cffaf15a66bc8d107d6754a",
        "is_verified": false,
        "line_number": 215
      }
    ],
    "CONFIGURATION.md": [
      {
        "type": "Basic Auth Credentials",
        "filename": "CONFIGURATION.md",
        "hashed_secret": "9d4e1e23bd5b727046a9e3b4b7db57bd8d6ee684",
        "is_verified": false,
        "line_number": 20
      }
    ],
    "Makefile": [
      {
        "type": "Basic Auth Credentials",
        "filename": "Makefile",
        "hashed_secret": "a94a8fe5ccb19ba61c4c0873d391e987982fbbd3",
        "is_verified": false,
        "line_number": 180
      }
    ],
    "alembic/versions/1b15294cc8d7_add_pgvector_embeddings.py": [
      {
        "type": "Hex High Entropy String",
        "filename": "alembic/versions/1b15294cc8d7_add_pgvector_embeddings.py",
        "hashed_secret": "666f995c50bdff4d0cf0ae6b43df7d10184f9c9c",
        "is_verified": false,
        "line_number": 17
      },
      {
        "type": "Hex High Entropy String",
        "filename": "alembic/versions/1b15294cc8d7_add_pgvector_embeddings.py",
        "hashed_secret": "51e2817be15ef61ed152d37875b811b1f027ace8",
        "is_verified": false,
        "line_number": 18
      }
    ],
    "alembic/versions/202501200001_add_english_fields_to_events.py": [
      {
        "type": "Hex High Entropy String",
        "filename": "alembic/versions/202501200001_add_english_fields_to_events.py",
        "hashed_secret": "16283083dfa569518812d5b39a8f836efb994543",
        "is_verified": false,
        "line_number": 9
      }
    ],
    "alembic/versions/202601130001_add_performance_indexes.py": [
      {
        "type": "Hex High Entropy String",
        "filename": "alembic/versions/202601130001_add_performance_indexes.py",
        "hashed_secret": "64c3785fa21d98c5c9e24e0f265a8c9f2a5349c7",
        "is_verified": false,
        "line_number": 19
      }
    ],
    "alembic/versions/202601260001_add_outbox_columns_to_stored_events.py": [
      {
        "type": "Hex High Entropy String",
        "filename": "alembic/versions/202601260001_add_outbox_columns_to_stored_events.py",
        "hashed_secret": "666f995c50bdff4d0cf0ae6b43df7d10184f9c9c",
        "is_verified": false,
        "line_number": 18
      }
    ],
    "alembic/versions/202602270001_merge_heads.py": [
      {
        "type": "Hex High Entropy String",
        "filename": "alembic/versions/202602270001_merge_heads.py",
        "hashed_secret": "a88a2d86d944f3ef493baf53a40da5cc772b236e",
        "is_verified": false,
        "line_number": 13
      }
    ],
    "alembic/versions/2956fd6376cc_fix_groups_id_sequence.py": [
      {
        "type": "Hex High Entropy String",
        "filename": "alembic/versions/2956fd6376cc_fix_groups_id_sequence.py",
        "hashed_secret": "aeae834d60300b73fb55caa0ff4759bcecd16f86",
        "is_verified": false,
        "line_number": 18
      }
    ],
    "alembic/versions/2bc18c38157c_add_department_and_position_to_user.py": [
      {
        "type": "Hex High Entropy String",
        "filename": "alembic/versions/2bc18c38157c_add_department_and_position_to_user.py",
        "hashed_secret": "270af4561fd564216f5c7ddcb896684acdeeed68",
        "is_verified": false,
        "line_number": 18
      }
    ],
    "alembic/versions/2e93eecad1e0_add_role_constraints.py": [
      {
        "type": "Hex High Entropy String",
        "filename": "alembic/versions/2e93eecad1e0_add_role_constraints.py",
        "hashed_secret": "e3ecf1ebd50e89f50ea25939ab9cf346e334db6e",
        "is_verified": false,
        "line_number": 13
      }
    ],
    "alembic/versions/306c0a36d925_merge_heads.py": [
      {
        "type": "Hex High Entropy String",
        "filename": "alembic/versions/306c0a36d925_merge_heads.py",
        "hashed_secret": "b843ced2ad0f9623274bd9259bb2734c5a3f1fc1",
        "is_verified": false,
        "line_number": 12
      },
      {
        "type": "Hex High Entropy String",
        "filename": "alembic/versions/306c0a36d925_merge_heads.py",
        "hashed_secret": "e98ce33d829c231cbb0e4f0b367679e8db7edd6d",
        "is_verified": false,
        "line_number": 13
      }
    ],
    "alembic/versions/3081a2b724cc_create_dead_letter_jobs_table.py": [
      {
        "type": "Hex High Entropy String",
        "filename": "alembic/versions/3081a2b724cc_create_dead_letter_jobs_table.py",
        "hashed_secret": "114c188846d4739958271f6c6de123e9aec3a4d1",
        "is_verified": false,
        "line_number": 14
      },
      {
        "type": "Hex High Entropy String",
        "filename": "alembic/versions/3081a2b724cc_create_dead_letter_jobs_table.py",
        "hashed_secret": "aeae834d60300b73fb55caa0ff4759bcecd16f86",
        "is_verified": false,
        "line_number": 15
      }
    ],
    "alembic/versions/30fa2627aa5e_add_lesson_type_to_schedule.py": [
      {
        "type": "Hex High Entropy String",
        "filename": "alembic/versions/30fa2627aa5e_add_lesson_type_to_schedule.py",
        "hashed_secret": "e1657b84ec61b12aa0658821a0532715c4ccd496",
        "is_verified": false,
        "line_number": 17
      }
    ],
    "alembic/versions/31e81f57c53d_add_signature_to_data_access_logs.py": [
      {
        "type": "Hex High Entropy String",
        "filename": "alembic/versions/31e81f57c53d_add_signature_to_data_access_logs.py",
        "hashed_secret": "6d7b8a6afc73f2fdbe1ff35d81a6ed2f8b41c1a9",
        "is_verified": false,
        "line_number": 16
      },
      {
        "type": "Hex High Entropy String",
        "filename": "alembic/versions/31e81f57c53d_add_signature_to_data_access_logs.py",
        "hashed_secret": "35650ca326b3e2dbe4fb22877d8b7601942a24f3",
        "is_verified": false,
        "line_number": 17
      }
    ],
    "alembic/versions/3f1cf9168805_decompose_user_model.py": [
      {
        "type": "Hex High Entropy String",
        "filename": "alembic/versions/3f1cf9168805_decompose_user_model.py",
        "hashed_secret": "51e2817be15ef61ed152d37875b811b1f027ace8",
        "is_verified": false,
        "line_number": 16
      }
    ],
    "alembic/versions/4e39503c07cd_add_outbox_notification_trigger.py": [
      {
        "type": "Hex High Entropy String",
        "filename": "alembic/versions/4e39503c07cd_add_outbox_notification_trigger.py",
        "hashed_secret": "a88a2d86d944f3ef493baf53a40da5cc772b236e",
        "is_verified": false,
        "line_number": 16
      },
      {
        "type": "Hex High Entropy String",
        "filename": "alembic/versions/4e39503c07cd_add_outbox_notification_trigger.py",
        "hashed_secret": "9f0248892f61425e6874613f803fe837414eb928",
        "is_verified": false,
        "line_number": 17
      }
    ],
    "alembic/versions/57bdf5bf9375_resolve_role_case_mismatch_and_drop_.py": [
      {
        "type": "Hex High Entropy String",
        "filename": "alembic/versions/57bdf5bf9375_resolve_role_case_mismatch_and_drop_.py",
        "hashed_secret": "114c188846d4739958271f6c6de123e9aec3a4d1",
        "is_verified": false,
        "line_number": 15
      }
    ],
    "alembic/versions/65319a2b1d7f_add_english_fields_to_news.py": [
      {
        "type": "Hex High Entropy String",
        "filename": "alembic/versions/65319a2b1d7f_add_english_fields_to_news.py",
        "hashed_secret": "16283083dfa569518812d5b39a8f836efb994543",
        "is_verified": false,
        "line_number": 10
      }
    ],
    "alembic/versions/6a898bba5589_implement_partitioning.py": [
      {
        "type": "Hex High Entropy String",
        "filename": "alembic/versions/6a898bba5589_implement_partitioning.py",
        "hashed_secret": "6d7b8a6afc73f2fdbe1ff35d81a6ed2f8b41c1a9",
        "is_verified": false,
        "line_number": 15
      }
    ],
    "alembic/versions/6bdc356a128b_add_is_used_to_invite_codes.py": [
      {
        "type": "Hex High Entropy String",
        "filename": "alembic/versions/6bdc356a128b_add_is_used_to_invite_codes.py",
        "hashed_secret": "270af4561fd564216f5c7ddcb896684acdeeed68",
        "is_verified": false,
        "line_number": 17
      },
      {
        "type": "Hex High Entropy String",
        "filename": "alembic/versions/6bdc356a128b_add_is_used_to_invite_codes.py",
        "hashed_secret": "8044b0d21902f508f195f51c2afbeb89fd4f8cd5",
        "is_verified": false,
        "line_number": 18
      }
    ],
    "alembic/versions/7db0b7a03e37_add_speaker_and_photo_url_to_events.py": [
      {
        "type": "Hex High Entropy String",
        "filename": "alembic/versions/7db0b7a03e37_add_speaker_and_photo_url_to_events.py",
        "hashed_secret": "e1657b84ec61b12aa0658821a0532715c4ccd496",
        "is_verified": false,
        "line_number": 18
      }
    ],
    "alembic/versions/933372f5da9a_init_schema.py": [
      {
        "type": "Hex High Entropy String",
        "filename": "alembic/versions/933372f5da9a_init_schema.py",
        "hashed_secret": "814a6d6cfc089088ad8c6bc4739554c5e58fd5db",
        "is_verified": false,
        "line_number": 11
      }
    ],
    "alembic/versions/96809b6dc35d_add_chat_models.py": [
      {
        "type": "Hex High Entropy String",
        "filename": "alembic/versions/96809b6dc35d_add_chat_models.py",
        "hashed_secret": "2ba62530cdc8fc45309aa4e7ebb67880967877b3",
        "is_verified": false,
        "line_number": 12
      },
      {
        "type": "Hex High Entropy String",
        "filename": "alembic/versions/96809b6dc35d_add_chat_models.py",
        "hashed_secret": "bc62e62798a1ad4af97f92962dd842e09fc386af",
        "is_verified": false,
        "line_number": 13
      }
    ],
    "alembic/versions/a4bfc1ba3076_add_invite_codes_table.py": [
      {
        "type": "Hex High Entropy String",
        "filename": "alembic/versions/a4bfc1ba3076_add_invite_codes_table.py",
        "hashed_secret": "8044b0d21902f508f195f51c2afbeb89fd4f8cd5",
        "is_verified": false,
        "line_number": 12
      }
    ],
    "alembic/versions/ab93b27831f3_add_webauthn_support_v2.py": [
      {
        "type": "Hex High Entropy String",
        "filename": "alembic/versions/ab93b27831f3_add_webauthn_support_v2.py",
        "hashed_secret": "35650ca326b3e2dbe4fb22877d8b7601942a24f3",
        "is_verified": false,
        "line_number": 17
      }
    ],
    "alembic/versions/b85f4f3edc89_add_attachments.py": [
      {
        "type": "Hex High Entropy String",
        "filename": "alembic/versions/b85f4f3edc89_add_attachments.py",
        "hashed_secret": "e98ce33d829c231cbb0e4f0b367679e8db7edd6d",
        "is_verified": false,
        "line_number": 12
      }
    ],
    "alembic/versions/bd67902ca2cd_emove_author_from_news_add_image_url.py": [
      {
        "type": "Hex High Entropy String",
        "filename": "alembic/versions/bd67902ca2cd_emove_author_from_news_add_image_url.py",
        "hashed_secret": "814a6d6cfc089088ad8c6bc4739554c5e58fd5db",
        "is_verified": false,
        "line_number": 9
      }
    ],
    "alembic/versions/c8d0b5515f2d_add_schedule_and_news_indexes.py": [
      {
        "type": "Hex High Entropy String",
        "filename": "alembic/versions/c8d0b5515f2d_add_schedule_and_news_indexes.py",
        "hashed_secret": "84f2e2ade74915664a07a7073226b9f180b9ed41",
        "is_verified": false,
        "line_number": 10
      }
    ],
    "alembic/versions/d0b0cb4c1910_merge_data_access_logs_head.py": [
      {
        "type": "Hex High Entropy String",
        "filename": "alembic/versions/d0b0cb4c1910_merge_data_access_logs_head.py",
        "hashed_secret": "b843ced2ad0f9623274bd9259bb2734c5a3f1fc1",
        "is_verified": false,
        "line_number": 11
      }
    ],
    "alembic/versions/db31ef5d7ea4_add_trusted_devices.py": [
      {
        "type": "Hex High Entropy String",
        "filename": "alembic/versions/db31ef5d7ea4_add_trusted_devices.py",
        "hashed_secret": "bc62e62798a1ad4af97f92962dd842e09fc386af",
        "is_verified": false,
        "line_number": 17
      }
    ],
    "alembic/versions/ede66395ff71_merge_chat_message_index_and_.py": [
      {
        "type": "Hex High Entropy String",
        "filename": "alembic/versions/ede66395ff71_merge_chat_message_index_and_.py",
        "hashed_secret": "64c3785fa21d98c5c9e24e0f265a8c9f2a5349c7",
        "is_verified": false,
        "line_number": 12
      }
    ],
    "alembic/versions/f2d2414a6b67_add_functional_email_index.py": [
      {
        "type": "Hex High Entropy String",
        "filename": "alembic/versions/f2d2414a6b67_add_functional_email_index.py",
        "hashed_secret": "9f0248892f61425e6874613f803fe837414eb928",
        "is_verified": false,
        "line_number": 16
      }
    ],
    "alembic/versions/f9d2b1f5e2d0_create_push_subscriptions_table.py": [
      {
        "type": "Hex High Entropy String",
        "filename": "alembic/versions/f9d2b1f5e2d0_create_push_subscriptions_table.py",
        "hashed_secret": "cd482f3493758a7de2a98bb12dcc9e997514628f",
        "is_verified": false,
        "line_number": 9
      },
      {
        "type": "Hex High Entropy String",
        "filename": "alembic/versions/f9d2b1f5e2d0_create_push_subscriptions_table.py",
        "hashed_secret": "84f2e2ade74915664a07a7073226b9f180b9ed41",
        "is_verified": false,
        "line_number": 10
      }
    ],
    "alembic/versions/ffe470bc9ca2_merge_quiet_hours_push_subscriptions.py": [
      {
        "type": "Hex High Entropy String",
        "filename": "alembic/versions/ffe470bc9ca2_merge_quiet_hours_push_subscriptions.py",
        "hashed_secret": "e3ecf1ebd50e89f50ea25939ab9cf346e334db6e",
        "is_verified": false,
        "line_number": 3
      },
      {
        "type": "Hex High Entropy String",
        "filename": "alembic/versions/ffe470bc9ca2_merge_quiet_hours_push_subscriptions.py",
        "hashed_secret": "cd482f3493758a7de2a98bb12dcc9e997514628f",
        "is_verified": false,
        "line_number": 4
      }
    ],
    "alembic/versions/fix_sender_id_type.py": [
      {
        "type": "Hex High Entropy String",
        "filename": "alembic/versions/fix_sender_id_type.py",
        "hashed_secret": "2ba62530cdc8fc45309aa4e7ebb67880967877b3",
        "is_verified": false,
        "line_number": 17
      }
    ],
    "app/core/config/security.py": [
      {
        "type": "Hex High Entropy String",
        "filename": "app/core/config/security.py",
        "hashed_secret": "1b8fd44888048cadd73d6026a5e405be92075f74",
        "is_verified": false,
        "line_number": 50
      },
      {
        "type": "Hex High Entropy String",
        "filename": "app/core/config/security.py",
        "hashed_secret": "85ddf025af5e67bd150c078e263306df8d30b3d9",
        "is_verified": false,
        "line_number": 86
      }
    ],
    "app/services/audit_service.py": [
      {
        "type": "Secret Keyword",
        "filename": "app/services/audit_service.py",
        "hashed_secret": "6086328fa3955f0456e01c93aa16a0177d4ae690",
        "is_verified": false,
        "line_number": 61
      },
      {
        "type": "Secret Keyword",
        "filename": "app/services/audit_service.py",
        "hashed_secret": "1f209c9b17956b7c996dc57ca3fc4d6854b556c7",
        "is_verified": false,
        "line_number": 62
      },
      {
        "type": "Secret Keyword",
        "filename": "app/services/audit_service.py",
        "hashed_secret": "64751171d84fd6be480b99763a7e34d5ac2acb5a",
        "is_verified": false,
        "line_number": 63
      }
    ],
    "charts/university-ecosystem/values.yaml": [
      {
        "type": "Secret Keyword",
        "filename": "charts/university-ecosystem/values.yaml",
        "hashed_secret": "7b4d7d2fa185720cd39ca153dab0efa1213faf03",
        "is_verified": false,
        "line_number": 25
      },
      {
        "type": "Secret Keyword",
        "filename": "charts/university-ecosystem/values.yaml",
        "hashed_secret": "e6d55f0318bf89d937a0296b808fd5f5f5ee6a07",
        "is_verified": false,
        "line_number": 433
      },
      {
        "type": "Secret Keyword",
        "filename": "charts/university-ecosystem/values.yaml",
        "hashed_secret": "3c91ef6e85d2cf61a5bf772e28bd1d78ead7ba14",
        "is_verified": false,
        "line_number": 434
      }
    ],
    "docker-compose.test.yml": [
      {
        "type": "Secret Keyword",
        "filename": "docker-compose.test.yml",
        "hashed_secret": "a94a8fe5ccb19ba61c4c0873d391e987982fbbd3",
        "is_verified": false,
        "line_number": 7
      },
      {
        "type": "Basic Auth Credentials",
        "filename": "docker-compose.test.yml",
        "hashed_secret": "a94a8fe5ccb19ba61c4c0873d391e987982fbbd3",
        "is_verified": false,
        "line_number": 53
      }
    ],
    "docs/API_EXAMPLES.md": [
      {
        "type": "Secret Keyword",
        "filename": "docs/API_EXAMPLES.md",
        "hashed_secret": "72559b51f94a7a3ad058c5740cbe2f7cb0d4080b",
        "is_verified": false,
        "line_number": 15
      }
    ],
    "docs/DEPLOY.en.md": [
      {
        "type": "Basic Auth Credentials",
        "filename": "docs/DEPLOY.en.md",
        "hashed_secret": "9d4e1e23bd5b727046a9e3b4b7db57bd8d6ee684",
        "is_verified": false,
        "line_number": 30
      },
      {
        "type": "Basic Auth Credentials",
        "filename": "docs/DEPLOY.en.md",
        "hashed_secret": "5baa61e4c9b93f3f0682250b6cf8331b7ee68fd8",
        "is_verified": false,
        "line_number": 107
      },
      {
        "type": "Secret Keyword",
        "filename": "docs/DEPLOY.en.md",
        "hashed_secret": "1b9df5a24186c40b2f6ce1149e1d4cf6f952f3cb",
        "is_verified": false,
        "line_number": 212
      }
    ],
    "docs/DEPLOY.md": [
      {
        "type": "Basic Auth Credentials",
        "filename": "docs/DEPLOY.md",
        "hashed_secret": "9d4e1e23bd5b727046a9e3b4b7db57bd8d6ee684",
        "is_verified": false,
        "line_number": 17
      },
      {
        "type": "Basic Auth Credentials",
        "filename": "docs/DEPLOY.md",
        "hashed_secret": "5baa61e4c9b93f3f0682250b6cf8331b7ee68fd8",
        "is_verified": false,
        "line_number": 31
      },
      {
        "type": "Secret Keyword",
        "filename": "docs/DEPLOY.md",
        "hashed_secret": "1b9df5a24186c40b2f6ce1149e1d4cf6f952f3cb",
        "is_verified": false,
        "line_number": 137
      }
    ],
    "frontend/scripts/wasm-runtime-smoke.test.mjs": [
      {
        "type": "Hex High Entropy String",
        "filename": "frontend/scripts/wasm-runtime-smoke.test.mjs",
        "hashed_secret": "3723bf7366a3144b23106a51d455d992f72b55ae",
        "is_verified": false,
        "line_number": 30
      },
      {
        "type": "Hex High Entropy String",
        "filename": "frontend/scripts/wasm-runtime-smoke.test.mjs",
        "hashed_secret": "00d74f57fd4346bbbf5093b0f7c6a55b3748e2f7",
        "is_verified": false,
        "line_number": 34
      },
      {
        "type": "Hex High Entropy String",
        "filename": "frontend/scripts/wasm-runtime-smoke.test.mjs",
        "hashed_secret": "bb0618e15d038ce0e9dbc6844e0b7b0bbd5cddee",
        "is_verified": false,
        "line_number": 47
      }
    ],
    "frontend/src/components/mfa/__tests__/TotpQrDisplay.closure.test.tsx": [
      {
        "type": "Secret Keyword",
        "filename": "frontend/src/components/mfa/__tests__/TotpQrDisplay.closure.test.tsx",
        "hashed_secret": "d8fa3e50494aa8cd538c117cf8ab8bee1000e993",
        "is_verified": false,
        "line_number": 71
      },
      {
        "type": "Secret Keyword",
        "filename": "frontend/src/components/mfa/__tests__/TotpQrDisplay.closure.test.tsx",
        "hashed_secret": "e5e9fa1ba31ecd1ae84f75caaa474f3a663f05f4",
        "is_verified": false,
        "line_number": 82
      }
    ],
    "frontend/src/i18n/locales/en/auth.json": [
      {
        "type": "Secret Keyword",
        "filename": "frontend/src/i18n/locales/en/auth.json",
        "hashed_secret": "8be3c943b1609fffbfc51aad666d0a04adf83c9d",
        "is_verified": false,
        "line_number": 5
      },
      {
        "type": "Secret Keyword",
        "filename": "frontend/src/i18n/locales/en/auth.json",
        "hashed_secret": "4a7c565d4c4430e3bb8fa6c560125d5eb37e7c3d",
        "is_verified": false,
        "line_number": 6
      },
      {
        "type": "Secret Keyword",
        "filename": "frontend/src/i18n/locales/en/auth.json",
        "hashed_secret": "044b852f30b636aa923b18a61a35c79abc87556f",
        "is_verified": false,
        "line_number": 11
      },
      {
        "type": "Secret Keyword",
        "filename": "frontend/src/i18n/locales/en/auth.json",
        "hashed_secret": "9695086041c462c6598c6dd5e35d3a2c9cbbe5f8",
        "is_verified": false,
        "line_number": 24
      },
      {
        "type": "Secret Keyword",
        "filename": "frontend/src/i18n/locales/en/auth.json",
        "hashed_secret": "f7c3cd475924dc45e184f50dd91e9e4da76c740b",
        "is_verified": false,
        "line_number": 74
      },
      {
        "type": "Secret Keyword",
        "filename": "frontend/src/i18n/locales/en/auth.json",
        "hashed_secret": "1fe494b252fb2aa66282fb3dc8a81879703ed602",
        "is_verified": false,
        "line_number": 82
      },
      {
        "type": "Secret Keyword",
        "filename": "frontend/src/i18n/locales/en/auth.json",
        "hashed_secret": "ee1ff19fe95452a5ae3a68bc37814becdc717a14",
        "is_verified": false,
        "line_number": 83
      },
      {
        "type": "Secret Keyword",
        "filename": "frontend/src/i18n/locales/en/auth.json",
        "hashed_secret": "33376482beffc823de35e6b4cf54e88f86d4ee14",
        "is_verified": false,
        "line_number": 195
      }
    ],
    "frontend/src/i18n/locales/en/settings.json": [
      {
        "type": "Secret Keyword",
        "filename": "frontend/src/i18n/locales/en/settings.json",
        "hashed_secret": "19dff4dad0a7214ece14624f8c4c9fb206a1cfdd",
        "is_verified": false,
        "line_number": 163
      },
      {
        "type": "Secret Keyword",
        "filename": "frontend/src/i18n/locales/en/settings.json",
        "hashed_secret": "9149cfc2a4ecb3f98b8f6d97b09fc179c7f0f1ac",
        "is_verified": false,
        "line_number": 174
      },
      {
        "type": "Secret Keyword",
        "filename": "frontend/src/i18n/locales/en/settings.json",
        "hashed_secret": "e2d16a14ca3f875a0c48bc6123624db304b405f8",
        "is_verified": false,
        "line_number": 175
      }
    ],
    "frontend/src/pages/__tests__/Login.test.tsx": [
      {
        "type": "Secret Keyword",
        "filename": "frontend/src/pages/__tests__/Login.test.tsx",
        "hashed_secret": "f2b14f68eb995facb3a1c35287b778d5bd785511",
        "is_verified": false,
        "line_number": 145
      }
    ],
    "frontend/src/pages/__tests__/Register.test.tsx": [
      {
        "type": "Secret Keyword",
        "filename": "frontend/src/pages/__tests__/Register.test.tsx",
        "hashed_secret": "cbfdac6008f9cab4083784cbd1874f76618d2a97",
        "is_verified": false,
        "line_number": 160
      }
    ],
    "frontend/src/pages/__tests__/ResetPassword.test.tsx": [
      {
        "type": "Secret Keyword",
        "filename": "frontend/src/pages/__tests__/ResetPassword.test.tsx",
        "hashed_secret": "49efef5f70d47adc2db2eb397fbef5f7bc560e29",
        "is_verified": false,
        "line_number": 163
      }
    ],
    "frontend/src/pages/settings/sections/__tests__/EmailSection.test.tsx": [
      {
        "type": "Secret Keyword",
        "filename": "frontend/src/pages/settings/sections/__tests__/EmailSection.test.tsx",
        "hashed_secret": "4f18148f379e9dd0665c1d700b00381e2d5cc1f6",
        "is_verified": false,
        "line_number": 10
      },
      {
        "type": "Secret Keyword",
        "filename": "frontend/src/pages/settings/sections/__tests__/EmailSection.test.tsx",
        "hashed_secret": "54f061d1127643e87a4d705d3a9ec15cc9dbd8cf",
        "is_verified": false,
        "line_number": 46
      }
    ],
    "frontend/src/pages/settings/sections/__tests__/PasswordSection.test.tsx": [
      {
        "type": "Secret Keyword",
        "filename": "frontend/src/pages/settings/sections/__tests__/PasswordSection.test.tsx",
        "hashed_secret": "3dd580e7dc68b01dd9dec0ba7d5e413e6bad5404",
        "is_verified": false,
        "line_number": 46
      },
      {
        "type": "Secret Keyword",
        "filename": "frontend/src/pages/settings/sections/__tests__/PasswordSection.test.tsx",
        "hashed_secret": "5bbade16085ee4768c5c4b60ca3b703990690323",
        "is_verified": false,
        "line_number": 47
      },
      {
        "type": "Secret Keyword",
        "filename": "frontend/src/pages/settings/sections/__tests__/PasswordSection.test.tsx",
        "hashed_secret": "d69c3b1ac54be7da3666d9937b9c78e7c309d6e8",
        "is_verified": false,
        "line_number": 49
      }
    ],
    "frontend/src/tests/mocks/handlers.ts": [
      {
        "type": "Secret Keyword",
        "filename": "frontend/src/tests/mocks/handlers.ts",
        "hashed_secret": "84e90c9ad8b494cfd961ee7d818abee78af0ccd3",
        "is_verified": false,
        "line_number": 426
      },
      {
        "type": "Secret Keyword",
        "filename": "frontend/src/tests/mocks/handlers.ts",
        "hashed_secret": "b2e98ad6f6eb8508dd6a14cfa704bad7f05f6fb1",
        "is_verified": false,
        "line_number": 665
      }
    ],
    "k8s/backend/external-secret.yaml": [
      {
        "type": "Secret Keyword",
        "filename": "k8s/backend/external-secret.yaml",
        "hashed_secret": "576956b5291ac38d04ef5f82cc974286a857f0b2",
        "is_verified": false,
        "line_number": 25
      },
      {
        "type": "Secret Keyword",
        "filename": "k8s/backend/external-secret.yaml",
        "hashed_secret": "01d2f16edf3fa20e9cd27c1c6b0eb187128e0c4c",
        "is_verified": false,
        "line_number": 29
      },
      {
        "type": "Secret Keyword",
        "filename": "k8s/backend/external-secret.yaml",
        "hashed_secret": "aaa2a28dfb98c24325ea61881d0b0eda4624852c",
        "is_verified": false,
        "line_number": 33
      },
      {
        "type": "Secret Keyword",
        "filename": "k8s/backend/external-secret.yaml",
        "hashed_secret": "c22db4f8036c43aa2054bb52081e343c7ef6bb20",
        "is_verified": false,
        "line_number": 37
      },
      {
        "type": "Secret Keyword",
        "filename": "k8s/backend/external-secret.yaml",
        "hashed_secret": "0ee4dc1540b617912a23b150eef0a4fe073ca99a",
        "is_verified": false,
        "line_number": 41
      },
      {
        "type": "Secret Keyword",
        "filename": "k8s/backend/external-secret.yaml",
        "hashed_secret": "9776e48694bc075b4506661dc35ca79bfbff2e66",
        "is_verified": false,
        "line_number": 45
      },
      {
        "type": "Secret Keyword",
        "filename": "k8s/backend/external-secret.yaml",
        "hashed_secret": "ba1b4234f1d1ca453b6665e7e0a9937eabadbbf6",
        "is_verified": false,
        "line_number": 49
      }
    ],
    "k8s/secrets-example.yaml": [
      {
        "type": "Secret Keyword",
        "filename": "k8s/secrets-example.yaml",
        "hashed_secret": "9ecaa013ead830328a245ec0c21285e9690b345b",
        "is_verified": false,
        "line_number": 10
      },
      {
        "type": "Secret Keyword",
        "filename": "k8s/secrets-example.yaml",
        "hashed_secret": "cfc6cc8dc234017911956e549542b82dec86c00a",
        "is_verified": false,
        "line_number": 16
      }
    ],
    "services/gateway/middleware/auth_test.go": [
      {
        "type": "Secret Keyword",
        "filename": "services/gateway/middleware/auth_test.go",
        "hashed_secret": "b26c8ec1560305d1caf17dc962ba291f0d7a9458",
        "is_verified": false,
        "line_number": 24
      }
    ],
    "services/ws-hub/pkg/hub/handlers.go": [
      {
        "type": "Secret Keyword",
        "filename": "services/ws-hub/pkg/hub/handlers.go",
        "hashed_secret": "53d8d9345429e15dd5786a1a76800cd07d296462",
        "is_verified": false,
        "line_number": 521
      }
    ],
    "tests/conftest.py": [
      {
        "type": "Secret Keyword",
        "filename": "tests/conftest.py",
        "hashed_secret": "ebdf3e8ab2be0725430b9c56b21ad4323f664873",
        "is_verified": false,
        "line_number": 316
      },
      {
        "type": "Base64 High Entropy String",
        "filename": "tests/conftest.py",
        "hashed_secret": "f8e70ab5284a7408e01b0a8aa9e0f877896900a1",
        "is_verified": false,
        "line_number": 320
      },
      {
        "type": "Secret Keyword",
        "filename": "tests/conftest.py",
        "hashed_secret": "f8e70ab5284a7408e01b0a8aa9e0f877896900a1",
        "is_verified": false,
        "line_number": 320
      },
      {
        "type": "Secret Keyword",
        "filename": "tests/conftest.py",
        "hashed_secret": "9869a501019b74df4fe0b8962008fdcf27642440",
        "is_verified": false,
        "line_number": 332
      }
    ],
    "tests/fixtures/auth/auth_fixtures.py": [
      {
        "type": "Secret Keyword",
        "filename": "tests/fixtures/auth/auth_fixtures.py",
        "hashed_secret": "72c9261971d2174c20d85ca09981fb6c9d0a877d",
        "is_verified": false,
        "line_number": 19
      }
    ],
    "tests/fuzz/generate_seeds.py": [
      {
        "type": "JSON Web Token",
        "filename": "tests/fuzz/generate_seeds.py",
        "hashed_secret": "d6b66ddd9ea7dbe760114bfe9a97352a5e139134",
        "is_verified": false,
        "line_number": 20
      }
    ],
    "tests/test_admin_audit_api.py": [
      {
        "type": "Secret Keyword",
        "filename": "tests/test_admin_audit_api.py",
        "hashed_secret": "4f104639e127299d9b5e3f5f329b4d68bf021868",
        "is_verified": false,
        "line_number": 13
      },
      {
        "type": "Secret Keyword",
        "filename": "tests/test_admin_audit_api.py",
        "hashed_secret": "9723f563b968525324b1f1c41a85de9ed03d283b",
        "is_verified": false,
        "line_number": 59
      },
      {
        "type": "Secret Keyword",
        "filename": "tests/test_admin_audit_api.py",
        "hashed_secret": "4f2a822e2e8197340974158e08bc27aee5774a2b",
        "is_verified": false,
        "line_number": 80
      },
      {
        "type": "Secret Keyword",
        "filename": "tests/test_admin_audit_api.py",
        "hashed_secret": "a28443d84ce3c5f0655e9d176d69fda6efa93a74",
        "is_verified": false,
        "line_number": 138
      },
      {
        "type": "Secret Keyword",
        "filename": "tests/test_admin_audit_api.py",
        "hashed_secret": "ddd60e7dd0bc6817d94a424994860819d4d996c5",
        "is_verified": false,
        "line_number": 188
      }
    ],
    "tests/test_admin_feature_flags.py": [
      {
        "type": "Secret Keyword",
        "filename": "tests/test_admin_feature_flags.py",
        "hashed_secret": "6052acf657148ec39725c596e25bd0612fd301a6",
        "is_verified": false,
        "line_number": 12
      }
    ],
    "tests/test_api_dlq.py": [
      {
        "type": "Secret Keyword",
        "filename": "tests/test_api_dlq.py",
        "hashed_secret": "a7cc15985dfb9798f2ad765c3209f2bc54f78851",
        "is_verified": false,
        "line_number": 47
      }
    ],
    "tests/test_audit_fixes_timing.py": [
      {
        "type": "Secret Keyword",
        "filename": "tests/test_audit_fixes_timing.py",
        "hashed_secret": "36d436144a10100c1e6fbee4b0369886b4fef84f",
        "is_verified": false,
        "line_number": 41
      }
    ],
    "tests/test_audit_logs.py": [
      {
        "type": "Secret Keyword",
        "filename": "tests/test_audit_logs.py",
        "hashed_secret": "6052acf657148ec39725c596e25bd0612fd301a6",
        "is_verified": false,
        "line_number": 60
      },
      {
        "type": "Secret Keyword",
        "filename": "tests/test_audit_logs.py",
        "hashed_secret": "9b8f53e650cf1e2cb1a021556af52c3d5280e6c0",
        "is_verified": false,
        "line_number": 79
      },
      {
        "type": "Secret Keyword",
        "filename": "tests/test_audit_logs.py",
        "hashed_secret": "f24bbe4b967f6c86db275b9f01f575e2960f9c6b",
        "is_verified": false,
        "line_number": 97
      },
      {
        "type": "Secret Keyword",
        "filename": "tests/test_audit_logs.py",
        "hashed_secret": "9c38605ded6bdbf539e6e5e1b124d6848da554ca",
        "is_verified": false,
        "line_number": 137
      }
    ],
    "tests/test_audit_service.py": [
      {
        "type": "Secret Keyword",
        "filename": "tests/test_audit_service.py",
        "hashed_secret": "6086328fa3955f0456e01c93aa16a0177d4ae690",
        "is_verified": false,
        "line_number": 34
      },
      {
        "type": "Secret Keyword",
        "filename": "tests/test_audit_service.py",
        "hashed_secret": "1f209c9b17956b7c996dc57ca3fc4d6854b556c7",
        "is_verified": false,
        "line_number": 35
      }
    ],
    "tests/test_auth_concurrency.py": [
      {
        "type": "Secret Keyword",
        "filename": "tests/test_auth_concurrency.py",
        "hashed_secret": "a464c0a9f24d6f41c5af0623587c48c960af347a",
        "is_verified": false,
        "line_number": 61
      }
    ],
    "tests/test_auth_cookie_flow.py": [
      {
        "type": "Secret Keyword",
        "filename": "tests/test_auth_cookie_flow.py",
        "hashed_secret": "73bd6bbd5a04ebded943e7605b8577d5c37d30e2",
        "is_verified": false,
        "line_number": 55
      },
      {
        "type": "Secret Keyword",
        "filename": "tests/test_auth_cookie_flow.py",
        "hashed_secret": "6052acf657148ec39725c596e25bd0612fd301a6",
        "is_verified": false,
        "line_number": 120
      },
      {
        "type": "Secret Keyword",
        "filename": "tests/test_auth_cookie_flow.py",
        "hashed_secret": "680c9181e817e3ab12602615dc4c467c3d6ea73b",
        "is_verified": false,
        "line_number": 204
      },
      {
        "type": "Secret Keyword",
        "filename": "tests/test_auth_cookie_flow.py",
        "hashed_secret": "87099b2284fcc5deec70fb5671ee8131e978441b",
        "is_verified": false,
        "line_number": 249
      },
      {
        "type": "Secret Keyword",
        "filename": "tests/test_auth_cookie_flow.py",
        "hashed_secret": "7b18450e20af41ac9ad0adf6e678e41dbc3212e3",
        "is_verified": false,
        "line_number": 305
      },
      {
        "type": "Secret Keyword",
        "filename": "tests/test_auth_cookie_flow.py",
        "hashed_secret": "8ae2ad11392b6bef22ac6ed6a9bd4b524761bdbd",
        "is_verified": false,
        "line_number": 349
      }
    ],
    "tests/test_auth_endpoints_coverage.py": [
      {
        "type": "Secret Keyword",
        "filename": "tests/test_auth_endpoints_coverage.py",
        "hashed_secret": "19986a28eec95368fbbbbb77b09803c321a0e771",
        "is_verified": false,
        "line_number": 14
      },
      {
        "type": "Secret Keyword",
        "filename": "tests/test_auth_endpoints_coverage.py",
        "hashed_secret": "c7bc52ecfd0a718322e3b9af7f368480ab9774c4",
        "is_verified": false,
        "line_number": 39
      },
      {
        "type": "Secret Keyword",
        "filename": "tests/test_auth_endpoints_coverage.py",
        "hashed_secret": "a4b48a81cdab1e1a5dd37907d6c85ca1c61ddc7c",
        "is_verified": false,
        "line_number": 51
      }
    ],
    "tests/test_auth_lockout.py": [
      {
        "type": "Secret Keyword",
        "filename": "tests/test_auth_lockout.py",
        "hashed_secret": "8ae2ad11392b6bef22ac6ed6a9bd4b524761bdbd",
        "is_verified": false,
        "line_number": 116
      }
    ],
    "tests/test_auth_logic_coverage.py": [
      {
        "type": "Secret Keyword",
        "filename": "tests/test_auth_logic_coverage.py",
        "hashed_secret": "b57fa0798cf182195d00866158f0f022ad324741",
        "is_verified": false,
        "line_number": 972
      }
    ],
    "tests/test_auth_mfa.py": [
      {
        "type": "Secret Keyword",
        "filename": "tests/test_auth_mfa.py",
        "hashed_secret": "f5ff81f2a0a146aec7467550b5a817b00ceb26f3",
        "is_verified": false,
        "line_number": 88
      },
      {
        "type": "Secret Keyword",
        "filename": "tests/test_auth_mfa.py",
        "hashed_secret": "7edd125157898b032a8611d68d3f9653684f0eed",
        "is_verified": false,
        "line_number": 128
      },
      {
        "type": "Secret Keyword",
        "filename": "tests/test_auth_mfa.py",
        "hashed_secret": "d804a202a5c266497354c04148dd729301e90e7c",
        "is_verified": false,
        "line_number": 149
      },
      {
        "type": "Secret Keyword",
        "filename": "tests/test_auth_mfa.py",
        "hashed_secret": "67419bc511224167a7b242ba69edb4ec9d9c628e",
        "is_verified": false,
        "line_number": 178
      },
      {
        "type": "Secret Keyword",
        "filename": "tests/test_auth_mfa.py",
        "hashed_secret": "72f886029b505f97cb6a7f2b47ab0ac52e1de2f7",
        "is_verified": false,
        "line_number": 208
      },
      {
        "type": "Secret Keyword",
        "filename": "tests/test_auth_mfa.py",
        "hashed_secret": "f1d7dc934c016c59766e237ec3214bb92cac3a55",
        "is_verified": false,
        "line_number": 242
      },
      {
        "type": "Secret Keyword",
        "filename": "tests/test_auth_mfa.py",
        "hashed_secret": "9a939f59d434ca23700b612f19e6802ee4a00bd6",
        "is_verified": false,
        "line_number": 346
      },
      {
        "type": "Secret Keyword",
        "filename": "tests/test_auth_mfa.py",
        "hashed_secret": "34fe3d808e5eb57b929e401ff7faf5e7294886d6",
        "is_verified": false,
        "line_number": 420
      },
      {
        "type": "Secret Keyword",
        "filename": "tests/test_auth_mfa.py",
        "hashed_secret": "ab55b57c7234306679ddfca5e21a380f5c1d2bbb",
        "is_verified": false,
        "line_number": 446
      },
      {
        "type": "Secret Keyword",
        "filename": "tests/test_auth_mfa.py",
        "hashed_secret": "855601022e4d216528da1a97cf14a60bf5153658",
        "is_verified": false,
        "line_number": 491
      },
      {
        "type": "Secret Keyword",
        "filename": "tests/test_auth_mfa.py",
        "hashed_secret": "d7c5926bf2b13f293c3917de4836225c1f5061cf",
        "is_verified": false,
        "line_number": 534
      },
      {
        "type": "Secret Keyword",
        "filename": "tests/test_auth_mfa.py",
        "hashed_secret": "46d0eef4f9bd16719f1141585920e3ed4d3e31f5",
        "is_verified": false,
        "line_number": 596
      },
      {
        "type": "Secret Keyword",
        "filename": "tests/test_auth_mfa.py",
        "hashed_secret": "3ac4607679865849009e37ba779714acedfcd34b",
        "is_verified": false,
        "line_number": 618
      },
      {
        "type": "Secret Keyword",
        "filename": "tests/test_auth_mfa.py",
        "hashed_secret": "a262088c799a30b8b51ae6bc3e28d1cbf3a0674e",
        "is_verified": false,
        "line_number": 639
      },
      {
        "type": "Secret Keyword",
        "filename": "tests/test_auth_mfa.py",
        "hashed_secret": "1e230eff1aae4a6af6c852954ebf45b36f31cb52",
        "is_verified": false,
        "line_number": 708
      },
      {
        "type": "Secret Keyword",
        "filename": "tests/test_auth_mfa.py",
        "hashed_secret": "e4e0fa9ff8f16c74acac78d821a21a776189f21e",
        "is_verified": false,
        "line_number": 879
      },
      {
        "type": "Secret Keyword",
        "filename": "tests/test_auth_mfa.py",
        "hashed_secret": "b57fa0798cf182195d00866158f0f022ad324741",
        "is_verified": false,
        "line_number": 887
      },
      {
        "type": "Secret Keyword",
        "filename": "tests/test_auth_mfa.py",
        "hashed_secret": "869ddfa89a2095294d71f68d885cb7b2fb7be02f",
        "is_verified": false,
        "line_number": 923
      }
    ],
    "tests/test_auth_revocation.py": [
      {
        "type": "Secret Keyword",
        "filename": "tests/test_auth_revocation.py",
        "hashed_secret": "2346ad27d7568ba9896f1b7da6b5991251debdf2",
        "is_verified": false,
        "line_number": 18
      }
    ],
    "tests/test_auth_security.py": [
      {
        "type": "Secret Keyword",
        "filename": "tests/test_auth_security.py",
        "hashed_secret": "6af13ceb3735c432f4fbece6e886cce0c1049499",
        "is_verified": false,
        "line_number": 47
      },
      {
        "type": "Secret Keyword",
        "filename": "tests/test_auth_security.py",
        "hashed_secret": "8ae2ad11392b6bef22ac6ed6a9bd4b524761bdbd",
        "is_verified": false,
        "line_number": 165
      },
      {
        "type": "Secret Keyword",
        "filename": "tests/test_auth_security.py",
        "hashed_secret": "0fc688ae3631ec2dde193be859af930dcfe99e32",
        "is_verified": false,
        "line_number": 176
      },
      {
        "type": "Secret Keyword",
        "filename": "tests/test_auth_security.py",
        "hashed_secret": "5e20233f9344b6ed0a241a6887107c788fe562b1",
        "is_verified": false,
        "line_number": 193
      },
      {
        "type": "Secret Keyword",
        "filename": "tests/test_auth_security.py",
        "hashed_secret": "bc7d0af48032303599f08bd3942c3cad9768348f",
        "is_verified": false,
        "line_number": 216
      },
      {
        "type": "Secret Keyword",
        "filename": "tests/test_auth_security.py",
        "hashed_secret": "0ca3fa95e390566ca04836df070cbeeae838e06c",
        "is_verified": false,
        "line_number": 233
      },
      {
        "type": "Secret Keyword",
        "filename": "tests/test_auth_security.py",
        "hashed_secret": "fa56a56372e8562472fb65e1e2e9d29cf53c593d",
        "is_verified": false,
        "line_number": 274
      },
      {
        "type": "Secret Keyword",
        "filename": "tests/test_auth_security.py",
        "hashed_secret": "7cbb71b76c02a9aed343982e6f8aeadaeac10434",
        "is_verified": false,
        "line_number": 332
      }
    ],
    "tests/test_auth_service_branch_closure.py": [
      {
        "type": "Secret Keyword",
        "filename": "tests/test_auth_service_branch_closure.py",
        "hashed_secret": "2346ad27d7568ba9896f1b7da6b5991251debdf2",
        "is_verified": false,
        "line_number": 63
      },
      {
        "type": "Secret Keyword",
        "filename": "tests/test_auth_service_branch_closure.py",
        "hashed_secret": "8f496788bffe8b052feeb2c64bbf8e38bdaec69b",
        "is_verified": false,
        "line_number": 68
      },
      {
        "type": "Secret Keyword",
        "filename": "tests/test_auth_service_branch_closure.py",
        "hashed_secret": "216dfaf7d2428f38b9f909464c33b601628a1d78",
        "is_verified": false,
        "line_number": 141
      },
      {
        "type": "Secret Keyword",
        "filename": "tests/test_auth_service_branch_closure.py",
        "hashed_secret": "4f18148f379e9dd0665c1d700b00381e2d5cc1f6",
        "is_verified": false,
        "line_number": 148
      },
      {
        "type": "Secret Keyword",
        "filename": "tests/test_auth_service_branch_closure.py",
        "hashed_secret": "91e99ca1d3c409faf3b6eee63e199522a24de8b7",
        "is_verified": false,
        "line_number": 168
      },
      {
        "type": "Secret Keyword",
        "filename": "tests/test_auth_service_branch_closure.py",
        "hashed_secret": "dd9ef9f539a296d7dff5be39ef0add8d54e9df78",
        "is_verified": false,
        "line_number": 178
      },
      {
        "type": "Secret Keyword",
        "filename": "tests/test_auth_service_branch_closure.py",
        "hashed_secret": "4571fa221ae4ee3bf893b25fe65ed79cbb753f18",
        "is_verified": false,
        "line_number": 190
      },
      {
        "type": "Secret Keyword",
        "filename": "tests/test_auth_service_branch_closure.py",
        "hashed_secret": "40caab174178b4d6c5b498f1cd740d4044b207a4",
        "is_verified": false,
        "line_number": 192
      }
    ],
    "tests/test_auth_service_coverage.py": [
      {
        "type": "Secret Keyword",
        "filename": "tests/test_auth_service_coverage.py",
        "hashed_secret": "f409ce90a1cd144912d1df8620215b2dc9fda731",
        "is_verified": false,
        "line_number": 114
      },
      {
        "type": "Secret Keyword",
        "filename": "tests/test_auth_service_coverage.py",
        "hashed_secret": "b5bc013af872265e389b3abee36dd4932a206ab8",
        "is_verified": false,
        "line_number": 117
      }
    ],
    "tests/test_auth_service_extra.py": [
      {
        "type": "Secret Keyword",
        "filename": "tests/test_auth_service_extra.py",
        "hashed_secret": "135f6a533c263b907cfd0146166f5ecd8a9388ea",
        "is_verified": false,
        "line_number": 59
      },
      {
        "type": "Secret Keyword",
        "filename": "tests/test_auth_service_extra.py",
        "hashed_secret": "8552b905c2531a9fa169ac815126a6dfac064db6",
        "is_verified": false,
        "line_number": 94
      },
      {
        "type": "Secret Keyword",
        "filename": "tests/test_auth_service_extra.py",
        "hashed_secret": "2bd186208424f652034230743e2235f8d6036fb2",
        "is_verified": false,
        "line_number": 100
      }
    ],
    "tests/test_auth_webauthn.py": [
      {
        "type": "Secret Keyword",
        "filename": "tests/test_auth_webauthn.py",
        "hashed_secret": "5a5872fad9c593c2b4dd4c2b36bd9bf9040c71f2",
        "is_verified": false,
        "line_number": 113
      },
      {
        "type": "Secret Keyword",
        "filename": "tests/test_auth_webauthn.py",
        "hashed_secret": "4c3863c00fb0341d8b2593588271bee8f56dfca7",
        "is_verified": false,
        "line_number": 180
      },
      {
        "type": "Secret Keyword",
        "filename": "tests/test_auth_webauthn.py",
        "hashed_secret": "14648deeb197b8276197895ac433a73c9a04a308",
        "is_verified": false,
        "line_number": 262
      }
    ],
    "tests/test_chat_api.py": [
      {
        "type": "Secret Keyword",
        "filename": "tests/test_chat_api.py",
        "hashed_secret": "382caa7c44ee23ee25616f7e303af33c591efc3a",
        "is_verified": false,
        "line_number": 31
      }
    ],
    "tests/test_chat_lifecycle.py": [
      {
        "type": "Secret Keyword",
        "filename": "tests/test_chat_lifecycle.py",
        "hashed_secret": "fe2cec136089d72c4091408db08219f032ccfada",
        "is_verified": false,
        "line_number": 24
      }
    ],
    "tests/test_cli_db.py": [
      {
        "type": "Secret Keyword",
        "filename": "tests/test_cli_db.py",
        "hashed_secret": "35fd066b85bbcbb1bc027bf16b27e72085517b63",
        "is_verified": false,
        "line_number": 83
      }
    ],
    "tests/test_cli_migrate_passwords_closure.py": [
      {
        "type": "Secret Keyword",
        "filename": "tests/test_cli_migrate_passwords_closure.py",
        "hashed_secret": "6919d2a1a7ad1df3ff0c4ba266ab4c1c1e9d33ce",
        "is_verified": false,
        "line_number": 23
      }
    ],
    "tests/test_config_security.py": [
      {
        "type": "Secret Keyword",
        "filename": "tests/test_config_security.py",
        "hashed_secret": "a0f4ea7d91495df92bbac2e2149dfb850fe81396",
        "is_verified": false,
        "line_number": 14
      },
      {
        "type": "Secret Keyword",
        "filename": "tests/test_config_security.py",
        "hashed_secret": "c4a2f98d0594a545c1855f78e844f44c4bc8aebd",
        "is_verified": false,
        "line_number": 34
      }
    ],
    "tests/test_core_config.py": [
      {
        "type": "Base64 High Entropy String",
        "filename": "tests/test_core_config.py",
        "hashed_secret": "3426061886db354bd34f5596eaf59e293b50e559",
        "is_verified": false,
        "line_number": 151
      },
      {
        "type": "Secret Keyword",
        "filename": "tests/test_core_config.py",
        "hashed_secret": "3426061886db354bd34f5596eaf59e293b50e559",
        "is_verified": false,
        "line_number": 151
      },
      {
        "type": "Basic Auth Credentials",
        "filename": "tests/test_core_config.py",
        "hashed_secret": "a94a8fe5ccb19ba61c4c0873d391e987982fbbd3",
        "is_verified": false,
        "line_number": 152
      },
      {
        "type": "Base64 High Entropy String",
        "filename": "tests/test_core_config.py",
        "hashed_secret": "ca15d23a2ccdee96d9e8e0ea5041e091d352266d",
        "is_verified": false,
        "line_number": 236
      }
    ],
    "tests/test_csrf.py": [
      {
        "type": "Secret Keyword",
        "filename": "tests/test_csrf.py",
        "hashed_secret": "a0f4ea7d91495df92bbac2e2149dfb850fe81396",
        "is_verified": false,
        "line_number": 207
      }
    ],
    "tests/test_database_closure.py": [
      {
        "type": "Basic Auth Credentials",
        "filename": "tests/test_database_closure.py",
        "hashed_secret": "e5e9fa1ba31ecd1ae84f75caaa474f3a663f05f4",
        "is_verified": false,
        "line_number": 378
      }
    ],
    "tests/test_database_engine.py": [
      {
        "type": "Basic Auth Credentials",
        "filename": "tests/test_database_engine.py",
        "hashed_secret": "9d4e1e23bd5b727046a9e3b4b7db57bd8d6ee684",
        "is_verified": false,
        "line_number": 108
      }
    ],
    "tests/test_edge_cases.py": [
      {
        "type": "Basic Auth Credentials",
        "filename": "tests/test_edge_cases.py",
        "hashed_secret": "9d4e1e23bd5b727046a9e3b4b7db57bd8d6ee684",
        "is_verified": false,
        "line_number": 103
      }
    ],
    "tests/test_email_utils.py": [
      {
        "type": "Secret Keyword",
        "filename": "tests/test_email_utils.py",
        "hashed_secret": "5baa61e4c9b93f3f0682250b6cf8331b7ee68fd8",
        "is_verified": false,
        "line_number": 99
      }
    ],
    "tests/test_event_attendance_api.py": [
      {
        "type": "Secret Keyword",
        "filename": "tests/test_event_attendance_api.py",
        "hashed_secret": "55cdc4aba73d3fbbe1906b827f9ff70364b4ddc5",
        "is_verified": false,
        "line_number": 27
      },
      {
        "type": "Secret Keyword",
        "filename": "tests/test_event_attendance_api.py",
        "hashed_secret": "4c1ac0ded64601227d76e9289ca7936c1f12f85e",
        "is_verified": false,
        "line_number": 65
      },
      {
        "type": "Secret Keyword",
        "filename": "tests/test_event_attendance_api.py",
        "hashed_secret": "ff315841d5603dfe1fc6344aeab621ce8c2881a8",
        "is_verified": false,
        "line_number": 89
      },
      {
        "type": "Secret Keyword",
        "filename": "tests/test_event_attendance_api.py",
        "hashed_secret": "7f97f321c024b38395eadb83da173605ce37ca1c",
        "is_verified": false,
        "line_number": 126
      },
      {
        "type": "Secret Keyword",
        "filename": "tests/test_event_attendance_api.py",
        "hashed_secret": "2aef3ef1bac3e0259a46da99562326ec92cefbc9",
        "is_verified": false,
        "line_number": 185
      }
    ],
    "tests/test_event_create_api_fix.py": [
      {
        "type": "Secret Keyword",
        "filename": "tests/test_event_create_api_fix.py",
        "hashed_secret": "00f6c402b23a52e50bd0715b0f917e2f6e4847db",
        "is_verified": false,
        "line_number": 22
      }
    ],
    "tests/test_event_service.py": [
      {
        "type": "Secret Keyword",
        "filename": "tests/test_event_service.py",
        "hashed_secret": "920a25ef686c4f7ca6ad23dd109d3ad653161832",
        "is_verified": false,
        "line_number": 123
      },
      {
        "type": "Secret Keyword",
        "filename": "tests/test_event_service.py",
        "hashed_secret": "e5e9fa1ba31ecd1ae84f75caaa474f3a663f05f4",
        "is_verified": false,
        "line_number": 445
      }
    ],
    "tests/test_event_time_constraints.py": [
      {
        "type": "Secret Keyword",
        "filename": "tests/test_event_time_constraints.py",
        "hashed_secret": "faf43615f97be2c8f3dbbab6430ff763440569d9",
        "is_verified": false,
        "line_number": 279
      }
    ],
    "tests/test_events_localization.py": [
      {
        "type": "Secret Keyword",
        "filename": "tests/test_events_localization.py",
        "hashed_secret": "1679fab090a27e584d57812db26a6db6d89931d1",
        "is_verified": false,
        "line_number": 36
      },
      {
        "type": "Secret Keyword",
        "filename": "tests/test_events_localization.py",
        "hashed_secret": "edb3f4fcd499f82b8862c13e8b27aba7549760bb",
        "is_verified": false,
        "line_number": 148
      },
      {
        "type": "Secret Keyword",
        "filename": "tests/test_events_localization.py",
        "hashed_secret": "b9c76562913f4ed729647b7044e8b4649d2ccd87",
        "is_verified": false,
        "line_number": 191
      },
      {
        "type": "Secret Keyword",
        "filename": "tests/test_events_localization.py",
        "hashed_secret": "a28443d84ce3c5f0655e9d176d69fda6efa93a74",
        "is_verified": false,
        "line_number": 373
      }
    ],
    "tests/test_logging_utils.py": [
      {
        "type": "Secret Keyword",
        "filename": "tests/test_logging_utils.py",
        "hashed_secret": "e5e9fa1ba31ecd1ae84f75caaa474f3a663f05f4",
        "is_verified": false,
        "line_number": 10
      }
    ],
    "tests/test_login_api_coverage.py": [
      {
        "type": "Secret Keyword",
        "filename": "tests/test_login_api_coverage.py",
        "hashed_secret": "ae9030c665364eb2651d450e8321ae62dd51a726",
        "is_verified": false,
        "line_number": 60
      }
    ],
    "tests/test_login_service_coverage.py": [
      {
        "type": "Secret Keyword",
        "filename": "tests/test_login_service_coverage.py",
        "hashed_secret": "5baa61e4c9b93f3f0682250b6cf8331b7ee68fd8",
        "is_verified": false,
        "line_number": 129
      },
      {
        "type": "Secret Keyword",
        "filename": "tests/test_login_service_coverage.py",
        "hashed_secret": "d8ecf7db8fc9ec9c31bc5c9ae2929cc599c75f8d",
        "is_verified": false,
        "line_number": 215
      },
      {
        "type": "Secret Keyword",
        "filename": "tests/test_login_service_coverage.py",
        "hashed_secret": "2346ad27d7568ba9896f1b7da6b5991251debdf2",
        "is_verified": false,
        "line_number": 218
      }
    ],
    "tests/test_login_tier0.py": [
      {
        "type": "Secret Keyword",
        "filename": "tests/test_login_tier0.py",
        "hashed_secret": "32ca9fc1a0f5b6330e3f4c8c1bbecde9bedb9573",
        "is_verified": false,
        "line_number": 111
      }
    ],
    "tests/test_logout_handler.py": [
      {
        "type": "Secret Keyword",
        "filename": "tests/test_logout_handler.py",
        "hashed_secret": "f24bbe4b967f6c86db275b9f01f575e2960f9c6b",
        "is_verified": false,
        "line_number": 11
      },
      {
        "type": "Secret Keyword",
        "filename": "tests/test_logout_handler.py",
        "hashed_secret": "b3c681e686adc7e84f5a4af717f4d0aa88af6882",
        "is_verified": false,
        "line_number": 36
      }
    ],
    "tests/test_mega_logic_v6.py": [
      {
        "type": "Secret Keyword",
        "filename": "tests/test_mega_logic_v6.py",
        "hashed_secret": "305a9608085f2d7368a40e8a8d516adc9e9b3a89",
        "is_verified": false,
        "line_number": 96
      }
    ],
    "tests/test_metrics_endpoint.py": [
      {
        "type": "Secret Keyword",
        "filename": "tests/test_metrics_endpoint.py",
        "hashed_secret": "e5e9fa1ba31ecd1ae84f75caaa474f3a663f05f4",
        "is_verified": false,
        "line_number": 20
      }
    ],
    "tests/test_middleware_setup.py": [
      {
        "type": "Secret Keyword",
        "filename": "tests/test_middleware_setup.py",
        "hashed_secret": "36ca910c1290bd4d53331639735ed695c6760f56",
        "is_verified": false,
        "line_number": 52
      }
    ],
    "tests/test_middleware_setup_contract_closure.py": [
      {
        "type": "Secret Keyword",
        "filename": "tests/test_middleware_setup_contract_closure.py",
        "hashed_secret": "ddd85bc4809d6c69a63f28d8c3abb67cd70cdb4e",
        "is_verified": false,
        "line_number": 71
      }
    ],
    "tests/test_migrations_runtime.py": [
      {
        "type": "Basic Auth Credentials",
        "filename": "tests/test_migrations_runtime.py",
        "hashed_secret": "afc848c316af1a89d49826c5ae9d00ed769415f3",
        "is_verified": false,
        "line_number": 31
      }
    ],
    "tests/test_missing_logic_v5.py": [
      {
        "type": "Secret Keyword",
        "filename": "tests/test_missing_logic_v5.py",
        "hashed_secret": "49efef5f70d47adc2db2eb397fbef5f7bc560e29",
        "is_verified": false,
        "line_number": 52
      }
    ],
    "tests/test_notification_router_extra.py": [
      {
        "type": "Secret Keyword",
        "filename": "tests/test_notification_router_extra.py",
        "hashed_secret": "a74c0b05a85528544868d096413e40c08b19d5b2",
        "is_verified": false,
        "line_number": 25
      }
    ],
    "tests/test_notifications_api.py": [
      {
        "type": "Secret Keyword",
        "filename": "tests/test_notifications_api.py",
        "hashed_secret": "8afb2cb635da54b1cafc9a0f282886dc536539ef",
        "is_verified": false,
        "line_number": 43
      },
      {
        "type": "Secret Keyword",
        "filename": "tests/test_notifications_api.py",
        "hashed_secret": "0c4068169b09df94eec61ae3054c8bbd9daff582",
        "is_verified": false,
        "line_number": 108
      },
      {
        "type": "Secret Keyword",
        "filename": "tests/test_notifications_api.py",
        "hashed_secret": "6d9d6d7d164c7d04a7068141d789357a17d11edc",
        "is_verified": false,
        "line_number": 175
      },
      {
        "type": "Secret Keyword",
        "filename": "tests/test_notifications_api.py",
        "hashed_secret": "6dc412ff9738192bf785c346b04d3309a82d0e74",
        "is_verified": false,
        "line_number": 234
      },
      {
        "type": "Secret Keyword",
        "filename": "tests/test_notifications_api.py",
        "hashed_secret": "07b123821e7a40e56af45012190b1630de6b083b",
        "is_verified": false,
        "line_number": 337
      }
    ],
    "tests/test_notifications_config_closure.py": [
      {
        "type": "Secret Keyword",
        "filename": "tests/test_notifications_config_closure.py",
        "hashed_secret": "657b44e881d7b69cbf4d109fdff2b376d0e37f0e",
        "is_verified": false,
        "line_number": 18
      },
      {
        "type": "Secret Keyword",
        "filename": "tests/test_notifications_config_closure.py",
        "hashed_secret": "d806688d738825f9bc91734200d62742de1ace58",
        "is_verified": false,
        "line_number": 165
      }
    ],
    "tests/test_notifications_localization.py": [
      {
        "type": "Secret Keyword",
        "filename": "tests/test_notifications_localization.py",
        "hashed_secret": "fa879ef62d75f3f471a3889720bbdcc98bc020b7",
        "is_verified": false,
        "line_number": 22
      }
    ],
    "tests/test_notifications_service.py": [
      {
        "type": "Secret Keyword",
        "filename": "tests/test_notifications_service.py",
        "hashed_secret": "a523d7f33a9725f431be9c475052281888aae872",
        "is_verified": false,
        "line_number": 521
      }
    ],
    "tests/test_pagination.py": [
      {
        "type": "Secret Keyword",
        "filename": "tests/test_pagination.py",
        "hashed_secret": "72c9261971d2174c20d85ca09981fb6c9d0a877d",
        "is_verified": false,
        "line_number": 228
      }
    ],
    "tests/test_rate_limit.py": [
      {
        "type": "Secret Keyword",
        "filename": "tests/test_rate_limit.py",
        "hashed_secret": "8ae2ad11392b6bef22ac6ed6a9bd4b524761bdbd",
        "is_verified": false,
        "line_number": 239
      },
      {
        "type": "Secret Keyword",
        "filename": "tests/test_rate_limit.py",
        "hashed_secret": "6809ffccad03b80fa1fbc32c17e7e054805ec30b",
        "is_verified": false,
        "line_number": 246
      }
    ],
    "tests/test_sanitization_payloads.py": [
      {
        "type": "Basic Auth Credentials",
        "filename": "tests/test_sanitization_payloads.py",
        "hashed_secret": "9d4e1e23bd5b727046a9e3b4b7db57bd8d6ee684",
        "is_verified": false,
        "line_number": 181
      }
    ],
    "tests/test_sanitization_unit.py": [
      {
        "type": "Basic Auth Credentials",
        "filename": "tests/test_sanitization_unit.py",
        "hashed_secret": "9d4e1e23bd5b727046a9e3b4b7db57bd8d6ee684",
        "is_verified": false,
        "line_number": 60
      }
    ],
    "tests/test_schemas.py": [
      {
        "type": "Secret Keyword",
        "filename": "tests/test_schemas.py",
        "hashed_secret": "e5e9fa1ba31ecd1ae84f75caaa474f3a663f05f4",
        "is_verified": false,
        "line_number": 12
      }
    ],
    "tests/test_security_headers.py": [
      {
        "type": "Base64 High Entropy String",
        "filename": "tests/test_security_headers.py",
        "hashed_secret": "ca15d23a2ccdee96d9e8e0ea5041e091d352266d",
        "is_verified": false,
        "line_number": 34
      }
    ],
    "tests/test_security_red_zone.py": [
      {
        "type": "Secret Keyword",
        "filename": "tests/test_security_red_zone.py",
        "hashed_secret": "e9033808da2ba5730ff9bbd035ea37aa6e9d1312",
        "is_verified": false,
        "line_number": 16
      }
    ],
    "tests/test_services_extra.py": [
      {
        "type": "Secret Keyword",
        "filename": "tests/test_services_extra.py",
        "hashed_secret": "c00dbbc9dadfbe1e232e93a729dd4752fade0abf",
        "is_verified": false,
        "line_number": 153
      },
      {
        "type": "Secret Keyword",
        "filename": "tests/test_services_extra.py",
        "hashed_secret": "d05f73ae296d5bd6f3f7ca5d3c9830731c98f9a8",
        "is_verified": false,
        "line_number": 172
      }
    ],
    "tests/test_services_mock.py": [
      {
        "type": "Secret Keyword",
        "filename": "tests/test_services_mock.py",
        "hashed_secret": "72cb70dbbafe97e5ea13ad88acd65d08389439b0",
        "is_verified": false,
        "line_number": 141
      },
      {
        "type": "Secret Keyword",
        "filename": "tests/test_services_mock.py",
        "hashed_secret": "a761ce3a45d97e41840a788495e85a70d1bb3815",
        "is_verified": false,
        "line_number": 195
      },
      {
        "type": "Secret Keyword",
        "filename": "tests/test_services_mock.py",
        "hashed_secret": "a62f2225bf70bfaccbc7f1ef2a397836717377de",
        "is_verified": false,
        "line_number": 632
      },
      {
        "type": "Secret Keyword",
        "filename": "tests/test_services_mock.py",
        "hashed_secret": "3acfb2c2b433c0ea7ff107e33df91b18e52f960f",
        "is_verified": false,
        "line_number": 680
      }
    ],
    "tests/test_sessions_api.py": [
      {
        "type": "Secret Keyword",
        "filename": "tests/test_sessions_api.py",
        "hashed_secret": "9fc7cad682931c739b3e959eda82633e25acb5ea",
        "is_verified": false,
        "line_number": 111
      },
      {
        "type": "Secret Keyword",
        "filename": "tests/test_sessions_api.py",
        "hashed_secret": "66001adf541d69990fb800b91d2a49be012a2f9b",
        "is_verified": false,
        "line_number": 143
      },
      {
        "type": "Secret Keyword",
        "filename": "tests/test_sessions_api.py",
        "hashed_secret": "d5c94e0f1bacd6160b0fbc7213284d0ee4f8ae23",
        "is_verified": false,
        "line_number": 182
      },
      {
        "type": "Secret Keyword",
        "filename": "tests/test_sessions_api.py",
        "hashed_secret": "e667c1ee8aadafbe6f93ae0f2f71a313b831592c",
        "is_verified": false,
        "line_number": 212
      },
      {
        "type": "Secret Keyword",
        "filename": "tests/test_sessions_api.py",
        "hashed_secret": "080ead84515774660f89231631836f1f9541f072",
        "is_verified": false,
        "line_number": 257
      },
      {
        "type": "Secret Keyword",
        "filename": "tests/test_sessions_api.py",
        "hashed_secret": "bf3d6f7a827ef727ed43493fe7ab59d43d655fd8",
        "is_verified": false,
        "line_number": 290
      },
      {
        "type": "Secret Keyword",
        "filename": "tests/test_sessions_api.py",
        "hashed_secret": "1faf7ae81d6678d5e1851d683ae9097451cceaca",
        "is_verified": false,
        "line_number": 329
      },
      {
        "type": "Secret Keyword",
        "filename": "tests/test_sessions_api.py",
        "hashed_secret": "48ce9c798fc4fba6bafb0fa19d8c67750ee665ce",
        "is_verified": false,
        "line_number": 423
      },
      {
        "type": "Secret Keyword",
        "filename": "tests/test_sessions_api.py",
        "hashed_secret": "cbe39044a8138fb010e42493fa6e13708837fd59",
        "is_verified": false,
        "line_number": 451
      }
    ],
    "tests/test_spotify_closure.py": [
      {
        "type": "Secret Keyword",
        "filename": "tests/test_spotify_closure.py",
        "hashed_secret": "20271c31b692d033835e801d700d922b46175f6c",
        "is_verified": false,
        "line_number": 42
      },
      {
        "type": "Secret Keyword",
        "filename": "tests/test_spotify_closure.py",
        "hashed_secret": "a0281cd072cea8e80e7866b05dc124815760b6c9",
        "is_verified": false,
        "line_number": 44
      }
    ],
    "tests/test_spotify_fallback.py": [
      {
        "type": "Secret Keyword",
        "filename": "tests/test_spotify_fallback.py",
        "hashed_secret": "fd7bb3127793609995480c407c22ce8de9ed0632",
        "is_verified": false,
        "line_number": 112
      },
      {
        "type": "Secret Keyword",
        "filename": "tests/test_spotify_fallback.py",
        "hashed_secret": "2f649770aa71e0535018bd3ad17271104ed0337e",
        "is_verified": false,
        "line_number": 128
      },
      {
        "type": "Secret Keyword",
        "filename": "tests/test_spotify_fallback.py",
        "hashed_secret": "0e5a0d9afa5b5b1b6618b8f234d1f6b723538b61",
        "is_verified": false,
        "line_number": 156
      },
      {
        "type": "Secret Keyword",
        "filename": "tests/test_spotify_fallback.py",
        "hashed_secret": "8c7a0ef00508eb2088724c9c1637540ab31074e9",
        "is_verified": false,
        "line_number": 200
      },
      {
        "type": "Secret Keyword",
        "filename": "tests/test_spotify_fallback.py",
        "hashed_secret": "1560ccc9d1c3e05034a292ecceb390500661984a",
        "is_verified": false,
        "line_number": 271
      },
      {
        "type": "Secret Keyword",
        "filename": "tests/test_spotify_fallback.py",
        "hashed_secret": "c2b3a763080c897571274622669cfc211a78cfa4",
        "is_verified": false,
        "line_number": 351
      }
    ],
    "tests/test_stats_api.py": [
      {
        "type": "Secret Keyword",
        "filename": "tests/test_stats_api.py",
        "hashed_secret": "b991569da6869bea17a7b6b12b43915cf748680b",
        "is_verified": false,
        "line_number": 39
      },
      {
        "type": "Secret Keyword",
        "filename": "tests/test_stats_api.py",
        "hashed_secret": "afc9199fd22213f42bb74bc1874f9d877a2ecca2",
        "is_verified": false,
        "line_number": 122
      },
      {
        "type": "Secret Keyword",
        "filename": "tests/test_stats_api.py",
        "hashed_secret": "e7f55d47a2ce517ac2e9065aad2f840b237dcf0c",
        "is_verified": false,
        "line_number": 140
      },
      {
        "type": "Secret Keyword",
        "filename": "tests/test_stats_api.py",
        "hashed_secret": "0ef29b1c06e96b45dc29c0e25ef77fe2b2425e60",
        "is_verified": false,
        "line_number": 217
      },
      {
        "type": "Secret Keyword",
        "filename": "tests/test_stats_api.py",
        "hashed_secret": "ae05a6354bcef08a22ec327dc72580f4d69acd44",
        "is_verified": false,
        "line_number": 296
      },
      {
        "type": "Secret Keyword",
        "filename": "tests/test_stats_api.py",
        "hashed_secret": "a947461ebe8374973a5e213913ea6cb42756d9f4",
        "is_verified": false,
        "line_number": 391
      }
    ],
    "tests/test_storage.py": [
      {
        "type": "Secret Keyword",
        "filename": "tests/test_storage.py",
        "hashed_secret": "e5e9fa1ba31ecd1ae84f75caaa474f3a663f05f4",
        "is_verified": false,
        "line_number": 166
      }
    ],
    "tests/test_stories_api.py": [
      {
        "type": "Secret Keyword",
        "filename": "tests/test_stories_api.py",
        "hashed_secret": "ec586de2228cab5623d5073b567a762f5ad76677",
        "is_verified": false,
        "line_number": 75
      }
    ],
    "tests/test_units.py": [
      {
        "type": "Secret Keyword",
        "filename": "tests/test_units.py",
        "hashed_secret": "3f1d401cc12bde488dcc6d44f36abd43527508c3",
        "is_verified": false,
        "line_number": 504
      },
      {
        "type": "Secret Keyword",
        "filename": "tests/test_units.py",
        "hashed_secret": "816cc20437d859538736e1ef46558b7bda486c06",
        "is_verified": false,
        "line_number": 528
      },
      {
        "type": "Secret Keyword",
        "filename": "tests/test_units.py",
        "hashed_secret": "a7209e1b91dce45a9aabc106b033d4e8906a6aca",
        "is_verified": false,
        "line_number": 588
      },
      {
        "type": "Secret Keyword",
        "filename": "tests/test_units.py",
        "hashed_secret": "e3b7c980d763196e9d134c3ec1c3de0ded54e5ce",
        "is_verified": false,
        "line_number": 592
      }
    ],
    "tests/test_user_profile_update.py": [
      {
        "type": "Secret Keyword",
        "filename": "tests/test_user_profile_update.py",
        "hashed_secret": "06388b2e6c98bb1d94ebbede5c867682ec259c97",
        "is_verified": false,
        "line_number": 45
      },
      {
        "type": "Secret Keyword",
        "filename": "tests/test_user_profile_update.py",
        "hashed_secret": "4b2568b11a30777d6a31470c01632e2abe51ca9f",
        "is_verified": false,
        "line_number": 77
      },
      {
        "type": "Secret Keyword",
        "filename": "tests/test_user_profile_update.py",
        "hashed_secret": "e9ae5d67a15310b43083344a5a17994f6023b34e",
        "is_verified": false,
        "line_number": 106
      },
      {
        "type": "Secret Keyword",
        "filename": "tests/test_user_profile_update.py",
        "hashed_secret": "7a271ff509159320f3f971845b755c8ca8b647e1",
        "is_verified": false,
        "line_number": 192
      },
      {
        "type": "Secret Keyword",
        "filename": "tests/test_user_profile_update.py",
        "hashed_secret": "898cc0ffdd07f3faf9358b10683947d666dd6895",
        "is_verified": false,
        "line_number": 219
      },
      {
        "type": "Secret Keyword",
        "filename": "tests/test_user_profile_update.py",
        "hashed_secret": "8031b444790cf2e5745c2e04dc12089a28f38dfe",
        "is_verified": false,
        "line_number": 242
      },
      {
        "type": "Secret Keyword",
        "filename": "tests/test_user_profile_update.py",
        "hashed_secret": "11876affb6963d41cc88b4997c2a76a30b459e0e",
        "is_verified": false,
        "line_number": 275
      },
      {
        "type": "Secret Keyword",
        "filename": "tests/test_user_profile_update.py",
        "hashed_secret": "43bf404cf01cc8bedc85980b0362a46e5092e3a1",
        "is_verified": false,
        "line_number": 410
      },
      {
        "type": "Secret Keyword",
        "filename": "tests/test_user_profile_update.py",
        "hashed_secret": "ca3bf8d74daaea752759b59d82d6bcb155183c7b",
        "is_verified": false,
        "line_number": 443
      }
    ],
    "tests/test_user_repository_coverage.py": [
      {
        "type": "Secret Keyword",
        "filename": "tests/test_user_repository_coverage.py",
        "hashed_secret": "f409ce90a1cd144912d1df8620215b2dc9fda731",
        "is_verified": false,
        "line_number": 24
      },
      {
        "type": "Secret Keyword",
        "filename": "tests/test_user_repository_coverage.py",
        "hashed_secret": "e5e9fa1ba31ecd1ae84f75caaa474f3a663f05f4",
        "is_verified": false,
        "line_number": 192
      }
    ],
    "tests/test_user_service.py": [
      {
        "type": "Secret Keyword",
        "filename": "tests/test_user_service.py",
        "hashed_secret": "f409ce90a1cd144912d1df8620215b2dc9fda731",
        "is_verified": false,
        "line_number": 109
      },
      {
        "type": "Secret Keyword",
        "filename": "tests/test_user_service.py",
        "hashed_secret": "7b31a134631f976c852079c50e8f8e584d306924",
        "is_verified": false,
        "line_number": 382
      }
    ],
    "tests/test_users_api_closure.py": [
      {
        "type": "Secret Keyword",
        "filename": "tests/test_users_api_closure.py",
        "hashed_secret": "49efef5f70d47adc2db2eb397fbef5f7bc560e29",
        "is_verified": false,
        "line_number": 149
      },
      {
        "type": "Secret Keyword",
        "filename": "tests/test_users_api_closure.py",
        "hashed_secret": "1a91d62f7ca67399625a4368a6ab5d4a3baa6073",
        "is_verified": false,
        "line_number": 182
      },
      {
        "type": "Secret Keyword",
        "filename": "tests/test_users_api_closure.py",
        "hashed_secret": "c00dbbc9dadfbe1e232e93a729dd4752fade0abf",
        "is_verified": false,
        "line_number": 198
      }
    ],
    "tests/test_users_profile_cache.py": [
      {
        "type": "Secret Keyword",
        "filename": "tests/test_users_profile_cache.py",
        "hashed_secret": "08f8cd589842e768847e19875d1c74faf605cefd",
        "is_verified": false,
        "line_number": 31
      },
      {
        "type": "Secret Keyword",
        "filename": "tests/test_users_profile_cache.py",
        "hashed_secret": "978ad2ab949d20bf0aa963efd2aec841a4a3c828",
        "is_verified": false,
        "line_number": 72
      },
      {
        "type": "Secret Keyword",
        "filename": "tests/test_users_profile_cache.py",
        "hashed_secret": "31cb16207130b3c2743e89f59163056ef0d0a090",
        "is_verified": false,
        "line_number": 96
      }
    ],
    "tests/test_utils_email.py": [
      {
        "type": "Secret Keyword",
        "filename": "tests/test_utils_email.py",
        "hashed_secret": "584db8632ab5718672aab8670add109a862fff0c",
        "is_verified": false,
        "line_number": 71
      }
    ]
  },
  "generated_at": "2026-08-26T19:49:27Z"
}
