bringing up nodes...
bringing up nodes...

........................................................................ [  6%]
........................................................................ [ 12%]
........................................................................ [ 19%]
........................................................................ [ 25%]
..........F............................................................. [ 32%]
........................................................................ [ 38%]
..........F................F..F......................................... [ 44%]
...F....F............................................................... [ 51%]
........................................................................ [ 57%]
.....F...................................F....F...F..FF.F..F............ [ 64%]
..............F........F.FF.F...................................sss.F... [ 70%]
.F.................................F...............s.................... [ 77%]
....................F....................................F.F..F......... [ 83%]
.F.........................................F..........F................. [ 89%]
..........................F............................................. [ 96%]
............................F.............                               [100%]
================================== FAILURES ===================================
______________ test_update_event_replaces_image_removes_old_file ______________
[gw11] win32 -- Python 3.13.11 C:\Python313\python.exe
tests\test_event_file_upload.py:564: in test_update_event_replaces_image_removes_old_file
    result = await events.update_event(
app\api\events.py:481: in update_event
    q = await events.update_event(event_id, data)
              ^^^^^^^^^^^^^^^^^^^
E   AttributeError: 'Depends' object has no attribute 'update_event'
___________________________ test_list_users_filters ___________________________
[gw13] win32 -- Python 3.13.11 C:\Python313\python.exe
tests\test_user_repository_coverage.py:65: in test_list_users_filters
    users = await user_repo.list_users(full_name="Repo User")
                  ^^^^^^^^^^^^^^^^^^^^^^^^^^^^^^^^^^^^^^^^^^^
E   TypeError: UserRepository.list_users() got an unexpected keyword argument 'full_name'
_______________________ test_openapi_contract_snapshot ________________________
[gw2] win32 -- Python 3.13.11 C:\Python313\python.exe
tests\contracts\test_openapi_contract.py:49: in test_openapi_contract_snapshot
    assert_openapi_superset(expected_schema, openapi_schema)
tests\contracts\utils.py:45: in assert_openapi_superset
    assert_openapi_superset(value, actual[key], path=f"{path}.{key}")
tests\contracts\utils.py:45: in assert_openapi_superset
    assert_openapi_superset(value, actual[key], path=f"{path}.{key}")
tests\contracts\utils.py:45: in assert_openapi_superset
    assert_openapi_superset(value, actual[key], path=f"{path}.{key}")
tests\contracts\utils.py:45: in assert_openapi_superset
    assert_openapi_superset(value, actual[key], path=f"{path}.{key}")
tests\contracts\utils.py:60: in assert_openapi_superset
    assert expected == actual, f"{path}: expected {expected!r}, got {actual!r}"
           ^^^^^^^^^^^^^^^^^^
E   AssertionError: root.paths./.get.summary: expected 'Root', got 'Get Root'
_________________ test_event_creation_enqueues_notifications __________________
[gw1] win32 -- Python 3.13.11 C:\Python313\python.exe
  + Exception Group Traceback (most recent call last):
  |   File "C:\Python313\Lib\site-packages\starlette\_utils.py", line 79, in collapse_excgroups
  |     yield
  |   File "C:\Python313\Lib\site-packages\starlette\middleware\base.py", line 192, in __call__
  |     async with anyio.create_task_group() as task_group:
  |                ~~~~~~~~~~~~~~~~~~~~~~~^^
  |   File "C:\Python313\Lib\site-packages\anyio\_backends\_asyncio.py", line 783, in __aexit__
  |     raise BaseExceptionGroup(
  |         "unhandled errors in a TaskGroup", self._exceptions
  |     ) from None
  | ExceptionGroup: unhandled errors in a TaskGroup (1 sub-exception)
  +-+---------------- 1 ----------------
    | Traceback (most recent call last):
    |   File "C:\Python313\Lib\site-packages\_pytest\runner.py", line 353, in from_call
    |     result: TResult | None = func()
    |                              ~~~~^^
    |   File "C:\Python313\Lib\site-packages\_pytest\runner.py", line 245, in <lambda>
    |     lambda: runtest_hook(item=item, **kwds),
    |             ~~~~~~~~~~~~^^^^^^^^^^^^^^^^^^^
    |   File "C:\Python313\Lib\site-packages\pluggy\_hooks.py", line 512, in __call__
    |     return self._hookexec(self.name, self._hookimpls.copy(), kwargs, firstresult)
    |            ~~~~~~~~~~~~~~^^^^^^^^^^^^^^^^^^^^^^^^^^^^^^^^^^^^^^^^^^^^^^^^^^^^^^^^
    |   File "C:\Python313\Lib\site-packages\pluggy\_manager.py", line 120, in _hookexec
    |     return self._inner_hookexec(hook_name, methods, kwargs, firstresult)
    |            ~~~~~~~~~~~~~~~~~~~~^^^^^^^^^^^^^^^^^^^^^^^^^^^^^^^^^^^^^^^^^
    |   File "C:\Python313\Lib\site-packages\pluggy\_callers.py", line 167, in _multicall
    |     raise exception
    |   File "C:\Python313\Lib\site-packages\pluggy\_callers.py", line 139, in _multicall
    |     teardown.throw(exception)
    |     ~~~~~~~~~~~~~~^^^^^^^^^^^
    |   File "C:\Python313\Lib\site-packages\_pytest\logging.py", line 850, in pytest_runtest_call
    |     yield
    |   File "C:\Python313\Lib\site-packages\pluggy\_callers.py", line 139, in _multicall
    |     teardown.throw(exception)
    |     ~~~~~~~~~~~~~~^^^^^^^^^^^
    |   File "C:\Python313\Lib\site-packages\_pytest\capture.py", line 900, in pytest_runtest_call
    |     return (yield)
    |             ^^^^^
    |   File "C:\Python313\Lib\site-packages\pluggy\_callers.py", line 139, in _multicall
    |     teardown.throw(exception)
    |     ~~~~~~~~~~~~~~^^^^^^^^^^^
    |   File "C:\Python313\Lib\site-packages\pluggy\_callers.py", line 53, in run_old_style_hookwrapper
    |     return result.get_result()
    |            ~~~~~~~~~~~~~~~~~^^
    |   File "C:\Python313\Lib\site-packages\pluggy\_result.py", line 103, in get_result
    |     raise exc.with_traceback(tb)
    |   File "C:\Python313\Lib\site-packages\pluggy\_callers.py", line 38, in run_old_style_hookwrapper
    |     res = yield
    |           ^^^^^
    |   File "C:\Python313\Lib\site-packages\pluggy\_callers.py", line 139, in _multicall
    |     teardown.throw(exception)
    |     ~~~~~~~~~~~~~~^^^^^^^^^^^
    |   File "C:\Python313\Lib\site-packages\_pytest\skipping.py", line 268, in pytest_runtest_call
    |     return (yield)
    |             ^^^^^
    |   File "C:\Python313\Lib\site-packages\pluggy\_callers.py", line 121, in _multicall
    |     res = hook_impl.function(*args)
    |   File "C:\Python313\Lib\site-packages\_pytest\runner.py", line 179, in pytest_runtest_call
    |     item.runtest()
    |     ~~~~~~~~~~~~^^
    |   File "C:\Python313\Lib\site-packages\pytest_asyncio\plugin.py", line 469, in runtest
    |     super().runtest()
    |     ~~~~~~~~~~~~~~~^^
    |   File "C:\Python313\Lib\site-packages\_pytest\python.py", line 1720, in runtest
    |     self.ihook.pytest_pyfunc_call(pyfuncitem=self)
    |     ~~~~~~~~~~~~~~~~~~~~~~~~~~~~~^^^^^^^^^^^^^^^^^
    |   File "C:\Python313\Lib\site-packages\pluggy\_hooks.py", line 512, in __call__
    |     return self._hookexec(self.name, self._hookimpls.copy(), kwargs, firstresult)
    |            ~~~~~~~~~~~~~~^^^^^^^^^^^^^^^^^^^^^^^^^^^^^^^^^^^^^^^^^^^^^^^^^^^^^^^^
    |   File "C:\Python313\Lib\site-packages\pluggy\_manager.py", line 120, in _hookexec
    |     return self._inner_hookexec(hook_name, methods, kwargs, firstresult)
    |            ~~~~~~~~~~~~~~~~~~~~^^^^^^^^^^^^^^^^^^^^^^^^^^^^^^^^^^^^^^^^^
    |   File "C:\Python313\Lib\site-packages\pluggy\_callers.py", line 167, in _multicall
    |     raise exception
    |   File "C:\Python313\Lib\site-packages\pluggy\_callers.py", line 139, in _multicall
    |     teardown.throw(exception)
    |     ~~~~~~~~~~~~~~^^^^^^^^^^^
    |   File "C:\Python313\Lib\site-packages\pluggy\_callers.py", line 53, in run_old_style_hookwrapper
    |     return result.get_result()
    |            ~~~~~~~~~~~~~~~~~^^
    |   File "C:\Python313\Lib\site-packages\pluggy\_result.py", line 103, in get_result
    |     raise exc.with_traceback(tb)
    |   File "C:\Python313\Lib\site-packages\pluggy\_callers.py", line 38, in run_old_style_hookwrapper
    |     res = yield
    |           ^^^^^
    |   File "C:\Python313\Lib\site-packages\pluggy\_callers.py", line 121, in _multicall
    |     res = hook_impl.function(*args)
    |   File "C:\Python313\Lib\site-packages\_pytest\python.py", line 166, in pytest_pyfunc_call
    |     result = testfunction(**testargs)
    |   File "C:\Python313\Lib\site-packages\pytest_asyncio\plugin.py", line 716, in inner
    |     runner.run(coro, context=context)
    |     ~~~~~~~~~~^^^^^^^^^^^^^^^^^^^^^^^
    |   File "C:\Python313\Lib\asyncio\runners.py", line 118, in run
    |     return self._loop.run_until_complete(task)
    |            ~~~~~~~~~~~~~~~~~~~~~~~~~~~~~^^^^^^
    |   File "C:\Python313\Lib\asyncio\base_events.py", line 725, in run_until_complete
    |     return future.result()
    |            ~~~~~~~~~~~~~^^
    |   File "C:\Users\egorribun\Documents\university_ecosystem\tests\test_notifications_service.py", line 520, in test_event_creation_enqueues_notifications
    |     response = await async_client.post("/events", json=payload, headers=headers)
    |                ^^^^^^^^^^^^^^^^^^^^^^^^^^^^^^^^^^^^^^^^^^^^^^^^^^^^^^^^^^^^^^^^^
    |   File "C:\Python313\Lib\site-packages\httpx\_client.py", line 1859, in post
    |     return await self.request(
    |            ^^^^^^^^^^^^^^^^^^^
    |     ...<13 lines>...
    |     )
    |     ^
    |   File "C:\Python313\Lib\site-packages\httpx\_client.py", line 1540, in request
    |     return await self.send(request, auth=auth, follow_redirects=follow_redirects)
    |            ^^^^^^^^^^^^^^^^^^^^^^^^^^^^^^^^^^^^^^^^^^^^^^^^^^^^^^^^^^^^^^^^^^^^^^
    |   File "C:\Python313\Lib\site-packages\httpx\_client.py", line 1629, in send
    |     response = await self._send_handling_auth(
    |                ^^^^^^^^^^^^^^^^^^^^^^^^^^^^^^^
    |     ...<4 lines>...
    |     )
    |     ^
    |   File "C:\Python313\Lib\site-packages\httpx\_client.py", line 1657, in _send_handling_auth
    |     response = await self._send_handling_redirects(
    |                ^^^^^^^^^^^^^^^^^^^^^^^^^^^^^^^^^^^^
    |     ...<3 lines>...
    |     )
    |     ^
    |   File "C:\Python313\Lib\site-packages\httpx\_client.py", line 1694, in _send_handling_redirects
    |     response = await self._send_single_request(request)
    |                ^^^^^^^^^^^^^^^^^^^^^^^^^^^^^^^^^^^^^^^^
    |   File "C:\Python313\Lib\site-packages\httpx\_client.py", line 1730, in _send_single_request
    |     response = await transport.handle_async_request(request)
    |                ^^^^^^^^^^^^^^^^^^^^^^^^^^^^^^^^^^^^^^^^^^^^^
    |   File "C:\Python313\Lib\site-packages\httpx\_transports\asgi.py", line 170, in handle_async_request
    |     await self.app(scope, receive, send)
    |   File "C:\Python313\Lib\site-packages\fastapi\applications.py", line 1135, in __call__
    |     await super().__call__(scope, receive, send)
    |   File "C:\Python313\Lib\site-packages\starlette\applications.py", line 107, in __call__
    |     await self.middleware_stack(scope, receive, send)
    |   File "C:\Python313\Lib\site-packages\starlette\middleware\errors.py", line 186, in __call__
    |     raise exc
    |   File "C:\Python313\Lib\site-packages\starlette\middleware\errors.py", line 164, in __call__
    |     await self.app(scope, receive, _send)
    |   File "C:\Python313\Lib\site-packages\starlette\middleware\cors.py", line 85, in __call__
    |     await self.app(scope, receive, send)
    |   File "C:\Python313\Lib\site-packages\starlette\middleware\trustedhost.py", line 51, in __call__
    |     await self.app(scope, receive, send)
    |   File "C:\Python313\Lib\site-packages\uvicorn\middleware\proxy_headers.py", line 60, in __call__
    |     return await self.app(scope, receive, send)
    |            ^^^^^^^^^^^^^^^^^^^^^^^^^^^^^^^^^^^^
    |   File "C:\Python313\Lib\site-packages\starlette\middleware\base.py", line 191, in __call__
    |     with recv_stream, send_stream, collapse_excgroups():
    |                                    ~~~~~~~~~~~~~~~~~~^^
    |   File "C:\Python313\Lib\contextlib.py", line 162, in __exit__
    |     self.gen.throw(value)
    |     ~~~~~~~~~~~~~~^^^^^^^
    |   File "C:\Python313\Lib\site-packages\starlette\_utils.py", line 85, in collapse_excgroups
    |     raise exc
    |   File "C:\Python313\Lib\site-packages\starlette\middleware\base.py", line 193, in __call__
    |     response = await self.dispatch_func(request, call_next)
    |                ^^^^^^^^^^^^^^^^^^^^^^^^^^^^^^^^^^^^^^^^^^^^
    |   File "C:\Users\egorribun\Documents\university_ecosystem\app\core\rate_limit.py", line 284, in dispatch
    |     response = await call_next(request)
    |                ^^^^^^^^^^^^^^^^^^^^^^^^
    |   File "C:\Python313\Lib\site-packages\starlette\middleware\base.py", line 168, in call_next
    |     raise app_exc from app_exc.__cause__ or app_exc.__context__
    |   File "C:\Python313\Lib\site-packages\starlette\middleware\base.py", line 144, in coro
    |     await self.app(scope, receive_or_disconnect, send_no_error)
    |   File "C:\Python313\Lib\site-packages\starlette\middleware\base.py", line 191, in __call__
    |     with recv_stream, send_stream, collapse_excgroups():
    |                                    ~~~~~~~~~~~~~~~~~~^^
    |   File "C:\Python313\Lib\contextlib.py", line 162, in __exit__
    |     self.gen.throw(value)
    |     ~~~~~~~~~~~~~~^^^^^^^
    |   File "C:\Python313\Lib\site-packages\starlette\_utils.py", line 85, in collapse_excgroups
    |     raise exc
    |   File "C:\Python313\Lib\site-packages\starlette\middleware\base.py", line 193, in __call__
    |     response = await self.dispatch_func(request, call_next)
    |                ^^^^^^^^^^^^^^^^^^^^^^^^^^^^^^^^^^^^^^^^^^^^
    |   File "C:\Users\egorribun\Documents\university_ecosystem\app\core\middleware.py", line 40, in _http_response_hardening
    |     response = await call_next(request)
    |                ^^^^^^^^^^^^^^^^^^^^^^^^
    |   File "C:\Python313\Lib\site-packages\starlette\middleware\base.py", line 168, in call_next
    |     raise app_exc from app_exc.__cause__ or app_exc.__context__
    |   File "C:\Python313\Lib\site-packages\starlette\middleware\base.py", line 144, in coro
    |     await self.app(scope, receive_or_disconnect, send_no_error)
    |   File "C:\Python313\Lib\site-packages\starlette\middleware\base.py", line 191, in __call__
    |     with recv_stream, send_stream, collapse_excgroups():
    |                                    ~~~~~~~~~~~~~~~~~~^^
    |   File "C:\Python313\Lib\contextlib.py", line 162, in __exit__
    |     self.gen.throw(value)
    |     ~~~~~~~~~~~~~~^^^^^^^
    |   File "C:\Python313\Lib\site-packages\starlette\_utils.py", line 85, in collapse_excgroups
    |     raise exc
    |   File "C:\Python313\Lib\site-packages\starlette\middleware\base.py", line 193, in __call__
    |     response = await self.dispatch_func(request, call_next)
    |                ^^^^^^^^^^^^^^^^^^^^^^^^^^^^^^^^^^^^^^^^^^^^
    |   File "C:\Users\egorribun\Documents\university_ecosystem\app\core\internal_access.py", line 34, in dispatch
    |     return await call_next(request)
    |            ^^^^^^^^^^^^^^^^^^^^^^^^
    |   File "C:\Python313\Lib\site-packages\starlette\middleware\base.py", line 168, in call_next
    |     raise app_exc from app_exc.__cause__ or app_exc.__context__
    |   File "C:\Python313\Lib\site-packages\starlette\middleware\base.py", line 144, in coro
    |     await self.app(scope, receive_or_disconnect, send_no_error)
    |   File "C:\Python313\Lib\site-packages\starlette\middleware\base.py", line 191, in __call__
    |     with recv_stream, send_stream, collapse_excgroups():
    |                                    ~~~~~~~~~~~~~~~~~~^^
    |   File "C:\Python313\Lib\contextlib.py", line 162, in __exit__
    |     self.gen.throw(value)
    |     ~~~~~~~~~~~~~~^^^^^^^
    |   File "C:\Python313\Lib\site-packages\starlette\_utils.py", line 85, in collapse_excgroups
    |     raise exc
    |   File "C:\Python313\Lib\site-packages\starlette\middleware\base.py", line 193, in __call__
    |     response = await self.dispatch_func(request, call_next)
    |                ^^^^^^^^^^^^^^^^^^^^^^^^^^^^^^^^^^^^^^^^^^^^
    |   File "C:\Users\egorribun\Documents\university_ecosystem\app\core\sanitization.py", line 94, in dispatch
    |     return await call_next(request)
    |            ^^^^^^^^^^^^^^^^^^^^^^^^
    |   File "C:\Python313\Lib\site-packages\starlette\middleware\base.py", line 168, in call_next
    |     raise app_exc from app_exc.__cause__ or app_exc.__context__
    |   File "C:\Python313\Lib\site-packages\starlette\middleware\base.py", line 144, in coro
    |     await self.app(scope, receive_or_disconnect, send_no_error)
    |   File "c:\Users\egorribun\Documents\university_ecosystem\tests\conftest.py", line 98, in __call__
    |     await self.app(scope, receive, send)
    |   File "C:\Python313\Lib\site-packages\brotli_asgi\__init__.py", line 81, in __call__
    |     await br_responder(scope, receive, send)
    |   File "C:\Python313\Lib\site-packages\brotli_asgi\__init__.py", line 126, in __call__
    |     await self.app(scope, receive, self.send_with_brotli)
    |   File "C:\Python313\Lib\site-packages\starlette\middleware\base.py", line 191, in __call__
    |     with recv_stream, send_stream, collapse_excgroups():
    |                                    ~~~~~~~~~~~~~~~~~~^^
    |   File "C:\Python313\Lib\contextlib.py", line 162, in __exit__
    |     self.gen.throw(value)
    |     ~~~~~~~~~~~~~~^^^^^^^
    |   File "C:\Python313\Lib\site-packages\starlette\_utils.py", line 85, in collapse_excgroups
    |     raise exc
    |   File "C:\Python313\Lib\site-packages\starlette\middleware\base.py", line 193, in __call__
    |     response = await self.dispatch_func(request, call_next)
    |                ^^^^^^^^^^^^^^^^^^^^^^^^^^^^^^^^^^^^^^^^^^^^
    |   File "C:\Users\egorribun\Documents\university_ecosystem\app\core\metrics.py", line 538, in dispatch
    |     response = await call_next(request)
    |                ^^^^^^^^^^^^^^^^^^^^^^^^
    |   File "C:\Python313\Lib\site-packages\starlette\middleware\base.py", line 168, in call_next
    |     raise app_exc from app_exc.__cause__ or app_exc.__context__
    |   File "C:\Python313\Lib\site-packages\starlette\middleware\base.py", line 144, in coro
    |     await self.app(scope, receive_or_disconnect, send_no_error)
    |   File "C:\Python313\Lib\site-packages\starlette\middleware\base.py", line 191, in __call__
    |     with recv_stream, send_stream, collapse_excgroups():
    |                                    ~~~~~~~~~~~~~~~~~~^^
    |   File "C:\Python313\Lib\contextlib.py", line 162, in __exit__
    |     self.gen.throw(value)
    |     ~~~~~~~~~~~~~~^^^^^^^
    |   File "C:\Python313\Lib\site-packages\starlette\_utils.py", line 85, in collapse_excgroups
    |     raise exc
    |   File "C:\Python313\Lib\site-packages\starlette\middleware\base.py", line 193, in __call__
    |     response = await self.dispatch_func(request, call_next)
    |                ^^^^^^^^^^^^^^^^^^^^^^^^^^^^^^^^^^^^^^^^^^^^
    |   File "C:\Users\egorribun\Documents\university_ecosystem\app\core\observability.py", line 129, in dispatch
    |     response: Response = await call_next(request)
    |                          ^^^^^^^^^^^^^^^^^^^^^^^^
    |   File "C:\Python313\Lib\site-packages\starlette\middleware\base.py", line 168, in call_next
    |     raise app_exc from app_exc.__cause__ or app_exc.__context__
    |   File "C:\Python313\Lib\site-packages\starlette\middleware\base.py", line 144, in coro
    |     await self.app(scope, receive_or_disconnect, send_no_error)
    |   File "C:\Python313\Lib\site-packages\starlette\middleware\exceptions.py", line 63, in __call__
    |     await wrap_app_handling_exceptions(self.app, conn)(scope, receive, send)
    |   File "C:\Python313\Lib\site-packages\starlette\_exception_handler.py", line 53, in wrapped_app
    |     raise exc
    |   File "C:\Python313\Lib\site-packages\starlette\_exception_handler.py", line 42, in wrapped_app
    |     await app(scope, receive, sender)
    |   File "C:\Python313\Lib\site-packages\fastapi\middleware\asyncexitstack.py", line 18, in __call__
    |     await self.app(scope, receive, send)
    |   File "C:\Python313\Lib\site-packages\starlette\routing.py", line 716, in __call__
    |     await self.middleware_stack(scope, receive, send)
    |   File "C:\Python313\Lib\site-packages\starlette\routing.py", line 736, in app
    |     await route.handle(scope, receive, send)
    |   File "C:\Python313\Lib\site-packages\starlette\routing.py", line 290, in handle
    |     await self.app(scope, receive, send)
    |   File "C:\Python313\Lib\site-packages\fastapi\routing.py", line 115, in app
    |     await wrap_app_handling_exceptions(app, request)(scope, receive, send)
    |   File "C:\Python313\Lib\site-packages\starlette\_exception_handler.py", line 53, in wrapped_app
    |     raise exc
    |   File "C:\Python313\Lib\site-packages\starlette\_exception_handler.py", line 42, in wrapped_app
    |     await app(scope, receive, sender)
    |   File "C:\Python313\Lib\site-packages\fastapi\routing.py", line 101, in app
    |     response = await f(request)
    |                ^^^^^^^^^^^^^^^^
    |   File "C:\Python313\Lib\site-packages\fastapi\routing.py", line 355, in app
    |     raw_response = await run_endpoint_function(
    |                    ^^^^^^^^^^^^^^^^^^^^^^^^^^^^
    |     ...<3 lines>...
    |     )
    |     ^
    |   File "C:\Python313\Lib\site-packages\fastapi\routing.py", line 243, in run_endpoint_function
    |     return await dependant.call(**values)
    |            ^^^^^^^^^^^^^^^^^^^^^^^^^^^^^^
    |   File "C:\Users\egorribun\Documents\university_ecosystem\app\api\events.py", line 231, in create_event
    |     return events.serialize_event(record, locale)
    |            ~~~~~~~~~~~~~~~~~~~~~~^^^^^^^^^^^^^^^^
    |   File "C:\Users\egorribun\Documents\university_ecosystem\app\services\event_service.py", line 130, in serialize_event
    |     return schemas.EventOut.model_validate(data)
    |            ~~~~~~~~~~~~~~~~~~~~~~~~~~~~~~~^^^^^^
    |   File "C:\Python313\Lib\site-packages\pydantic\main.py", line 716, in model_validate
    |     return cls.__pydantic_validator__.validate_python(
    |            ~~~~~~~~~~~~~~~~~~~~~~~~~~~~~~~~~~~~~~~~~~^
    |         obj,
    |         ^^^^
    |     ...<5 lines>...
    |         by_name=by_name,
    |         ^^^^^^^^^^^^^^^^
    |     )
    |     ^
    | pydantic_core._pydantic_core.ValidationError: 1 validation error for EventOut
    | title
    |   Input should be a valid string [type=string_type, input_value=None, input_type=NoneType]
    |     For further information visit https://errors.pydantic.dev/2.12/v/string_type
    +------------------------------------

The above exception was the direct cause of the following exception:

Traceback (most recent call last):
  File "C:\Users\egorribun\Documents\university_ecosystem\tests\test_notifications_service.py", line 520, in test_event_creation_enqueues_notifications
    response = await async_client.post("/events", json=payload, headers=headers)
               ^^^^^^^^^^^^^^^^^^^^^^^^^^^^^^^^^^^^^^^^^^^^^^^^^^^^^^^^^^^^^^^^^
  File "C:\Python313\Lib\site-packages\httpx\_client.py", line 1859, in post
    return await self.request(
           ^^^^^^^^^^^^^^^^^^^
    ...<13 lines>...
    )
    ^
  File "C:\Python313\Lib\site-packages\httpx\_client.py", line 1540, in request
    return await self.send(request, auth=auth, follow_redirects=follow_redirects)
           ^^^^^^^^^^^^^^^^^^^^^^^^^^^^^^^^^^^^^^^^^^^^^^^^^^^^^^^^^^^^^^^^^^^^^^
  File "C:\Python313\Lib\site-packages\httpx\_client.py", line 1629, in send
    response = await self._send_handling_auth(
               ^^^^^^^^^^^^^^^^^^^^^^^^^^^^^^^
    ...<4 lines>...
    )
    ^
  File "C:\Python313\Lib\site-packages\httpx\_client.py", line 1657, in _send_handling_auth
    response = await self._send_handling_redirects(
               ^^^^^^^^^^^^^^^^^^^^^^^^^^^^^^^^^^^^
    ...<3 lines>...
    )
    ^
  File "C:\Python313\Lib\site-packages\httpx\_client.py", line 1694, in _send_handling_redirects
    response = await self._send_single_request(request)
               ^^^^^^^^^^^^^^^^^^^^^^^^^^^^^^^^^^^^^^^^
  File "C:\Python313\Lib\site-packages\httpx\_client.py", line 1730, in _send_single_request
    response = await transport.handle_async_request(request)
               ^^^^^^^^^^^^^^^^^^^^^^^^^^^^^^^^^^^^^^^^^^^^^
  File "C:\Python313\Lib\site-packages\httpx\_transports\asgi.py", line 170, in handle_async_request
    await self.app(scope, receive, send)
  File "C:\Python313\Lib\site-packages\fastapi\applications.py", line 1135, in __call__
    await super().__call__(scope, receive, send)
  File "C:\Python313\Lib\site-packages\starlette\applications.py", line 107, in __call__
    await self.middleware_stack(scope, receive, send)
  File "C:\Python313\Lib\site-packages\starlette\middleware\errors.py", line 186, in __call__
    raise exc
  File "C:\Python313\Lib\site-packages\starlette\middleware\errors.py", line 164, in __call__
    await self.app(scope, receive, _send)
  File "C:\Python313\Lib\site-packages\starlette\middleware\cors.py", line 85, in __call__
    await self.app(scope, receive, send)
  File "C:\Python313\Lib\site-packages\starlette\middleware\trustedhost.py", line 51, in __call__
    await self.app(scope, receive, send)
  File "C:\Python313\Lib\site-packages\uvicorn\middleware\proxy_headers.py", line 60, in __call__
    return await self.app(scope, receive, send)
           ^^^^^^^^^^^^^^^^^^^^^^^^^^^^^^^^^^^^
  File "C:\Python313\Lib\site-packages\starlette\middleware\base.py", line 191, in __call__
    with recv_stream, send_stream, collapse_excgroups():
                                   ~~~~~~~~~~~~~~~~~~^^
  File "C:\Python313\Lib\contextlib.py", line 162, in __exit__
    self.gen.throw(value)
    ~~~~~~~~~~~~~~^^^^^^^
  File "C:\Python313\Lib\site-packages\starlette\_utils.py", line 85, in collapse_excgroups
    raise exc
  File "C:\Python313\Lib\site-packages\starlette\middleware\base.py", line 193, in __call__
    response = await self.dispatch_func(request, call_next)
               ^^^^^^^^^^^^^^^^^^^^^^^^^^^^^^^^^^^^^^^^^^^^
  File "C:\Users\egorribun\Documents\university_ecosystem\app\core\rate_limit.py", line 284, in dispatch
    response = await call_next(request)
               ^^^^^^^^^^^^^^^^^^^^^^^^
  File "C:\Python313\Lib\site-packages\starlette\middleware\base.py", line 168, in call_next
    raise app_exc from app_exc.__cause__ or app_exc.__context__
  File "C:\Python313\Lib\site-packages\starlette\middleware\base.py", line 144, in coro
    await self.app(scope, receive_or_disconnect, send_no_error)
  File "C:\Python313\Lib\site-packages\starlette\middleware\base.py", line 191, in __call__
    with recv_stream, send_stream, collapse_excgroups():
                                   ~~~~~~~~~~~~~~~~~~^^
  File "C:\Python313\Lib\contextlib.py", line 162, in __exit__
    self.gen.throw(value)
    ~~~~~~~~~~~~~~^^^^^^^
  File "C:\Python313\Lib\site-packages\starlette\_utils.py", line 85, in collapse_excgroups
    raise exc
  File "C:\Python313\Lib\site-packages\starlette\middleware\base.py", line 193, in __call__
    response = await self.dispatch_func(request, call_next)
               ^^^^^^^^^^^^^^^^^^^^^^^^^^^^^^^^^^^^^^^^^^^^
  File "C:\Users\egorribun\Documents\university_ecosystem\app\core\middleware.py", line 40, in _http_response_hardening
    response = await call_next(request)
               ^^^^^^^^^^^^^^^^^^^^^^^^
  File "C:\Python313\Lib\site-packages\starlette\middleware\base.py", line 168, in call_next
    raise app_exc from app_exc.__cause__ or app_exc.__context__
  File "C:\Python313\Lib\site-packages\starlette\middleware\base.py", line 144, in coro
    await self.app(scope, receive_or_disconnect, send_no_error)
  File "C:\Python313\Lib\site-packages\starlette\middleware\base.py", line 191, in __call__
    with recv_stream, send_stream, collapse_excgroups():
                                   ~~~~~~~~~~~~~~~~~~^^
  File "C:\Python313\Lib\contextlib.py", line 162, in __exit__
    self.gen.throw(value)
    ~~~~~~~~~~~~~~^^^^^^^
  File "C:\Python313\Lib\site-packages\starlette\_utils.py", line 85, in collapse_excgroups
    raise exc
  File "C:\Python313\Lib\site-packages\starlette\middleware\base.py", line 193, in __call__
    response = await self.dispatch_func(request, call_next)
               ^^^^^^^^^^^^^^^^^^^^^^^^^^^^^^^^^^^^^^^^^^^^
  File "C:\Users\egorribun\Documents\university_ecosystem\app\core\internal_access.py", line 34, in dispatch
    return await call_next(request)
           ^^^^^^^^^^^^^^^^^^^^^^^^
  File "C:\Python313\Lib\site-packages\starlette\middleware\base.py", line 168, in call_next
    raise app_exc from app_exc.__cause__ or app_exc.__context__
  File "C:\Python313\Lib\site-packages\starlette\middleware\base.py", line 144, in coro
    await self.app(scope, receive_or_disconnect, send_no_error)
  File "C:\Python313\Lib\site-packages\starlette\middleware\base.py", line 191, in __call__
    with recv_stream, send_stream, collapse_excgroups():
                                   ~~~~~~~~~~~~~~~~~~^^
  File "C:\Python313\Lib\contextlib.py", line 162, in __exit__
    self.gen.throw(value)
    ~~~~~~~~~~~~~~^^^^^^^
  File "C:\Python313\Lib\site-packages\starlette\_utils.py", line 85, in collapse_excgroups
    raise exc
  File "C:\Python313\Lib\site-packages\starlette\middleware\base.py", line 193, in __call__
    response = await self.dispatch_func(request, call_next)
               ^^^^^^^^^^^^^^^^^^^^^^^^^^^^^^^^^^^^^^^^^^^^
  File "C:\Users\egorribun\Documents\university_ecosystem\app\core\sanitization.py", line 94, in dispatch
    return await call_next(request)
           ^^^^^^^^^^^^^^^^^^^^^^^^
  File "C:\Python313\Lib\site-packages\starlette\middleware\base.py", line 168, in call_next
    raise app_exc from app_exc.__cause__ or app_exc.__context__
  File "C:\Python313\Lib\site-packages\starlette\middleware\base.py", line 144, in coro
    await self.app(scope, receive_or_disconnect, send_no_error)
  File "c:\Users\egorribun\Documents\university_ecosystem\tests\conftest.py", line 98, in __call__
    await self.app(scope, receive, send)
  File "C:\Python313\Lib\site-packages\brotli_asgi\__init__.py", line 81, in __call__
    await br_responder(scope, receive, send)
  File "C:\Python313\Lib\site-packages\brotli_asgi\__init__.py", line 126, in __call__
    await self.app(scope, receive, self.send_with_brotli)
  File "C:\Python313\Lib\site-packages\starlette\middleware\base.py", line 191, in __call__
    with recv_stream, send_stream, collapse_excgroups():
                                   ~~~~~~~~~~~~~~~~~~^^
  File "C:\Python313\Lib\contextlib.py", line 162, in __exit__
    self.gen.throw(value)
    ~~~~~~~~~~~~~~^^^^^^^
  File "C:\Python313\Lib\site-packages\starlette\_utils.py", line 85, in collapse_excgroups
    raise exc
  File "C:\Python313\Lib\site-packages\starlette\middleware\base.py", line 193, in __call__
    response = await self.dispatch_func(request, call_next)
               ^^^^^^^^^^^^^^^^^^^^^^^^^^^^^^^^^^^^^^^^^^^^
  File "C:\Users\egorribun\Documents\university_ecosystem\app\core\metrics.py", line 538, in dispatch
    response = await call_next(request)
               ^^^^^^^^^^^^^^^^^^^^^^^^
  File "C:\Python313\Lib\site-packages\starlette\middleware\base.py", line 168, in call_next
    raise app_exc from app_exc.__cause__ or app_exc.__context__
  File "C:\Python313\Lib\site-packages\starlette\middleware\base.py", line 144, in coro
    await self.app(scope, receive_or_disconnect, send_no_error)
  File "C:\Python313\Lib\site-packages\starlette\middleware\base.py", line 191, in __call__
    with recv_stream, send_stream, collapse_excgroups():
                                   ~~~~~~~~~~~~~~~~~~^^
  File "C:\Python313\Lib\contextlib.py", line 162, in __exit__
    self.gen.throw(value)
    ~~~~~~~~~~~~~~^^^^^^^
  File "C:\Python313\Lib\site-packages\starlette\_utils.py", line 85, in collapse_excgroups
    raise exc
  File "C:\Python313\Lib\site-packages\starlette\middleware\base.py", line 193, in __call__
    response = await self.dispatch_func(request, call_next)
               ^^^^^^^^^^^^^^^^^^^^^^^^^^^^^^^^^^^^^^^^^^^^
  File "C:\Users\egorribun\Documents\university_ecosystem\app\core\observability.py", line 129, in dispatch
    response: Response = await call_next(request)
                         ^^^^^^^^^^^^^^^^^^^^^^^^
  File "C:\Python313\Lib\site-packages\starlette\middleware\base.py", line 168, in call_next
    raise app_exc from app_exc.__cause__ or app_exc.__context__
  File "C:\Python313\Lib\site-packages\starlette\middleware\base.py", line 144, in coro
    await self.app(scope, receive_or_disconnect, send_no_error)
  File "C:\Python313\Lib\site-packages\starlette\middleware\exceptions.py", line 63, in __call__
    await wrap_app_handling_exceptions(self.app, conn)(scope, receive, send)
  File "C:\Python313\Lib\site-packages\starlette\_exception_handler.py", line 53, in wrapped_app
    raise exc
  File "C:\Python313\Lib\site-packages\starlette\_exception_handler.py", line 42, in wrapped_app
    await app(scope, receive, sender)
  File "C:\Python313\Lib\site-packages\fastapi\middleware\asyncexitstack.py", line 18, in __call__
    await self.app(scope, receive, send)
  File "C:\Python313\Lib\site-packages\starlette\routing.py", line 716, in __call__
    await self.middleware_stack(scope, receive, send)
  File "C:\Python313\Lib\site-packages\starlette\routing.py", line 736, in app
    await route.handle(scope, receive, send)
  File "C:\Python313\Lib\site-packages\starlette\routing.py", line 290, in handle
    await self.app(scope, receive, send)
  File "C:\Python313\Lib\site-packages\fastapi\routing.py", line 115, in app
    await wrap_app_handling_exceptions(app, request)(scope, receive, send)
  File "C:\Python313\Lib\site-packages\starlette\_exception_handler.py", line 53, in wrapped_app
    raise exc
  File "C:\Python313\Lib\site-packages\starlette\_exception_handler.py", line 42, in wrapped_app
    await app(scope, receive, sender)
  File "C:\Python313\Lib\site-packages\fastapi\routing.py", line 101, in app
    response = await f(request)
               ^^^^^^^^^^^^^^^^
  File "C:\Python313\Lib\site-packages\fastapi\routing.py", line 355, in app
    raw_response = await run_endpoint_function(
                   ^^^^^^^^^^^^^^^^^^^^^^^^^^^^
    ...<3 lines>...
    )
    ^
  File "C:\Python313\Lib\site-packages\fastapi\routing.py", line 243, in run_endpoint_function
    return await dependant.call(**values)
           ^^^^^^^^^^^^^^^^^^^^^^^^^^^^^^
  File "C:\Users\egorribun\Documents\university_ecosystem\app\api\events.py", line 231, in create_event
    return events.serialize_event(record, locale)
           ~~~~~~~~~~~~~~~~~~~~~~^^^^^^^^^^^^^^^^
  File "C:\Users\egorribun\Documents\university_ecosystem\app\services\event_service.py", line 130, in serialize_event
    return schemas.EventOut.model_validate(data)
           ~~~~~~~~~~~~~~~~~~~~~~~~~~~~~~~^^^^^^
  File "C:\Python313\Lib\site-packages\pydantic\main.py", line 716, in model_validate
    return cls.__pydantic_validator__.validate_python(
           ~~~~~~~~~~~~~~~~~~~~~~~~~~~~~~~~~~~~~~~~~~^
        obj,
        ^^^^
    ...<5 lines>...
        by_name=by_name,
        ^^^^^^^^^^^^^^^^
    )
    ^
pydantic_core._pydantic_core.ValidationError: 1 validation error for EventOut
title
  Input should be a valid string [type=string_type, input_value=None, input_type=NoneType]
    For further information visit https://errors.pydantic.dev/2.12/v/string_type

The above exception was the direct cause of the following exception:
tests\test_notifications_service.py:520: in test_event_creation_enqueues_notifications
    response = await async_client.post("/events", json=payload, headers=headers)
               ^^^^^^^^^^^^^^^^^^^^^^^^^^^^^^^^^^^^^^^^^^^^^^^^^^^^^^^^^^^^^^^^^
C:\Python313\Lib\site-packages\httpx\_client.py:1859: in post
    return await self.request(
C:\Python313\Lib\site-packages\httpx\_client.py:1540: in request
    return await self.send(request, auth=auth, follow_redirects=follow_redirects)
           ^^^^^^^^^^^^^^^^^^^^^^^^^^^^^^^^^^^^^^^^^^^^^^^^^^^^^^^^^^^^^^^^^^^^^^
C:\Python313\Lib\site-packages\httpx\_client.py:1629: in send
    response = await self._send_handling_auth(
C:\Python313\Lib\site-packages\httpx\_client.py:1657: in _send_handling_auth
    response = await self._send_handling_redirects(
C:\Python313\Lib\site-packages\httpx\_client.py:1694: in _send_handling_redirects
    response = await self._send_single_request(request)
               ^^^^^^^^^^^^^^^^^^^^^^^^^^^^^^^^^^^^^^^^
C:\Python313\Lib\site-packages\httpx\_client.py:1730: in _send_single_request
    response = await transport.handle_async_request(request)
               ^^^^^^^^^^^^^^^^^^^^^^^^^^^^^^^^^^^^^^^^^^^^^
C:\Python313\Lib\site-packages\httpx\_transports\asgi.py:170: in handle_async_request
    await self.app(scope, receive, send)
C:\Python313\Lib\site-packages\fastapi\applications.py:1135: in __call__
    await super().__call__(scope, receive, send)
C:\Python313\Lib\site-packages\starlette\applications.py:107: in __call__
    await self.middleware_stack(scope, receive, send)
C:\Python313\Lib\site-packages\starlette\middleware\errors.py:186: in __call__
    raise exc
C:\Python313\Lib\site-packages\starlette\middleware\errors.py:164: in __call__
    await self.app(scope, receive, _send)
C:\Python313\Lib\site-packages\starlette\middleware\cors.py:85: in __call__
    await self.app(scope, receive, send)
C:\Python313\Lib\site-packages\starlette\middleware\trustedhost.py:51: in __call__
    await self.app(scope, receive, send)
C:\Python313\Lib\site-packages\uvicorn\middleware\proxy_headers.py:60: in __call__
    return await self.app(scope, receive, send)
           ^^^^^^^^^^^^^^^^^^^^^^^^^^^^^^^^^^^^
C:\Python313\Lib\site-packages\starlette\middleware\base.py:191: in __call__
    with recv_stream, send_stream, collapse_excgroups():
                                   ^^^^^^^^^^^^^^^^^^^^
C:\Python313\Lib\contextlib.py:162: in __exit__
    self.gen.throw(value)
C:\Python313\Lib\site-packages\starlette\_utils.py:85: in collapse_excgroups
    raise exc
C:\Python313\Lib\site-packages\starlette\middleware\base.py:193: in __call__
    response = await self.dispatch_func(request, call_next)
               ^^^^^^^^^^^^^^^^^^^^^^^^^^^^^^^^^^^^^^^^^^^^
app\core\rate_limit.py:284: in dispatch
    response = await call_next(request)
               ^^^^^^^^^^^^^^^^^^^^^^^^
C:\Python313\Lib\site-packages\starlette\middleware\base.py:168: in call_next
    raise app_exc from app_exc.__cause__ or app_exc.__context__
C:\Python313\Lib\site-packages\starlette\middleware\base.py:144: in coro
    await self.app(scope, receive_or_disconnect, send_no_error)
C:\Python313\Lib\site-packages\starlette\middleware\base.py:191: in __call__
    with recv_stream, send_stream, collapse_excgroups():
                                   ^^^^^^^^^^^^^^^^^^^^
C:\Python313\Lib\contextlib.py:162: in __exit__
    self.gen.throw(value)
C:\Python313\Lib\site-packages\starlette\_utils.py:85: in collapse_excgroups
    raise exc
C:\Python313\Lib\site-packages\starlette\middleware\base.py:193: in __call__
    response = await self.dispatch_func(request, call_next)
               ^^^^^^^^^^^^^^^^^^^^^^^^^^^^^^^^^^^^^^^^^^^^
app\core\middleware.py:40: in _http_response_hardening
    response = await call_next(request)
               ^^^^^^^^^^^^^^^^^^^^^^^^
C:\Python313\Lib\site-packages\starlette\middleware\base.py:168: in call_next
    raise app_exc from app_exc.__cause__ or app_exc.__context__
C:\Python313\Lib\site-packages\starlette\middleware\base.py:144: in coro
    await self.app(scope, receive_or_disconnect, send_no_error)
C:\Python313\Lib\site-packages\starlette\middleware\base.py:191: in __call__
    with recv_stream, send_stream, collapse_excgroups():
                                   ^^^^^^^^^^^^^^^^^^^^
C:\Python313\Lib\contextlib.py:162: in __exit__
    self.gen.throw(value)
C:\Python313\Lib\site-packages\starlette\_utils.py:85: in collapse_excgroups
    raise exc
C:\Python313\Lib\site-packages\starlette\middleware\base.py:193: in __call__
    response = await self.dispatch_func(request, call_next)
               ^^^^^^^^^^^^^^^^^^^^^^^^^^^^^^^^^^^^^^^^^^^^
app\core\internal_access.py:34: in dispatch
    return await call_next(request)
           ^^^^^^^^^^^^^^^^^^^^^^^^
C:\Python313\Lib\site-packages\starlette\middleware\base.py:168: in call_next
    raise app_exc from app_exc.__cause__ or app_exc.__context__
C:\Python313\Lib\site-packages\starlette\middleware\base.py:144: in coro
    await self.app(scope, receive_or_disconnect, send_no_error)
C:\Python313\Lib\site-packages\starlette\middleware\base.py:191: in __call__
    with recv_stream, send_stream, collapse_excgroups():
                                   ^^^^^^^^^^^^^^^^^^^^
C:\Python313\Lib\contextlib.py:162: in __exit__
    self.gen.throw(value)
C:\Python313\Lib\site-packages\starlette\_utils.py:85: in collapse_excgroups
    raise exc
C:\Python313\Lib\site-packages\starlette\middleware\base.py:193: in __call__
    response = await self.dispatch_func(request, call_next)
               ^^^^^^^^^^^^^^^^^^^^^^^^^^^^^^^^^^^^^^^^^^^^
app\core\sanitization.py:94: in dispatch
    return await call_next(request)
           ^^^^^^^^^^^^^^^^^^^^^^^^
C:\Python313\Lib\site-packages\starlette\middleware\base.py:168: in call_next
    raise app_exc from app_exc.__cause__ or app_exc.__context__
C:\Python313\Lib\site-packages\starlette\middleware\base.py:144: in coro
    await self.app(scope, receive_or_disconnect, send_no_error)
tests\conftest.py:98: in __call__
    await self.app(scope, receive, send)
C:\Python313\Lib\site-packages\brotli_asgi\__init__.py:81: in __call__
    await br_responder(scope, receive, send)
C:\Python313\Lib\site-packages\brotli_asgi\__init__.py:126: in __call__
    await self.app(scope, receive, self.send_with_brotli)
C:\Python313\Lib\site-packages\starlette\middleware\base.py:191: in __call__
    with recv_stream, send_stream, collapse_excgroups():
                                   ^^^^^^^^^^^^^^^^^^^^
C:\Python313\Lib\contextlib.py:162: in __exit__
    self.gen.throw(value)
C:\Python313\Lib\site-packages\starlette\_utils.py:85: in collapse_excgroups
    raise exc
C:\Python313\Lib\site-packages\starlette\middleware\base.py:193: in __call__
    response = await self.dispatch_func(request, call_next)
               ^^^^^^^^^^^^^^^^^^^^^^^^^^^^^^^^^^^^^^^^^^^^
app\core\metrics.py:538: in dispatch
    response = await call_next(request)
               ^^^^^^^^^^^^^^^^^^^^^^^^
C:\Python313\Lib\site-packages\starlette\middleware\base.py:168: in call_next
    raise app_exc from app_exc.__cause__ or app_exc.__context__
C:\Python313\Lib\site-packages\starlette\middleware\base.py:144: in coro
    await self.app(scope, receive_or_disconnect, send_no_error)
C:\Python313\Lib\site-packages\starlette\middleware\base.py:191: in __call__
    with recv_stream, send_stream, collapse_excgroups():
                                   ^^^^^^^^^^^^^^^^^^^^
C:\Python313\Lib\contextlib.py:162: in __exit__
    self.gen.throw(value)
C:\Python313\Lib\site-packages\starlette\_utils.py:85: in collapse_excgroups
    raise exc
C:\Python313\Lib\site-packages\starlette\middleware\base.py:193: in __call__
    response = await self.dispatch_func(request, call_next)
               ^^^^^^^^^^^^^^^^^^^^^^^^^^^^^^^^^^^^^^^^^^^^
app\core\observability.py:129: in dispatch
    response: Response = await call_next(request)
                         ^^^^^^^^^^^^^^^^^^^^^^^^
C:\Python313\Lib\site-packages\starlette\middleware\base.py:168: in call_next
    raise app_exc from app_exc.__cause__ or app_exc.__context__
C:\Python313\Lib\site-packages\starlette\middleware\base.py:144: in coro
    await self.app(scope, receive_or_disconnect, send_no_error)
C:\Python313\Lib\site-packages\starlette\middleware\exceptions.py:63: in __call__
    await wrap_app_handling_exceptions(self.app, conn)(scope, receive, send)
C:\Python313\Lib\site-packages\starlette\_exception_handler.py:53: in wrapped_app
    raise exc
C:\Python313\Lib\site-packages\starlette\_exception_handler.py:42: in wrapped_app
    await app(scope, receive, sender)
C:\Python313\Lib\site-packages\fastapi\middleware\asyncexitstack.py:18: in __call__
    await self.app(scope, receive, send)
C:\Python313\Lib\site-packages\starlette\routing.py:716: in __call__
    await self.middleware_stack(scope, receive, send)
C:\Python313\Lib\site-packages\starlette\routing.py:736: in app
    await route.handle(scope, receive, send)
C:\Python313\Lib\site-packages\starlette\routing.py:290: in handle
    await self.app(scope, receive, send)
C:\Python313\Lib\site-packages\fastapi\routing.py:115: in app
    await wrap_app_handling_exceptions(app, request)(scope, receive, send)
C:\Python313\Lib\site-packages\starlette\_exception_handler.py:53: in wrapped_app
    raise exc
C:\Python313\Lib\site-packages\starlette\_exception_handler.py:42: in wrapped_app
    await app(scope, receive, sender)
C:\Python313\Lib\site-packages\fastapi\routing.py:101: in app
    response = await f(request)
               ^^^^^^^^^^^^^^^^
C:\Python313\Lib\site-packages\fastapi\routing.py:355: in app
    raw_response = await run_endpoint_function(
C:\Python313\Lib\site-packages\fastapi\routing.py:243: in run_endpoint_function
    return await dependant.call(**values)
           ^^^^^^^^^^^^^^^^^^^^^^^^^^^^^^
app\api\events.py:231: in create_event
    return events.serialize_event(record, locale)
           ^^^^^^^^^^^^^^^^^^^^^^^^^^^^^^^^^^^^^^
app\services\event_service.py:130: in serialize_event
    return schemas.EventOut.model_validate(data)
           ^^^^^^^^^^^^^^^^^^^^^^^^^^^^^^^^^^^^^
E   pydantic_core._pydantic_core.ValidationError: 1 validation error for EventOut
E   title
E     Input should be a valid string [type=string_type, input_value=None, input_type=NoneType]
E       For further information visit https://errors.pydantic.dev/2.12/v/string_type
---------------------------- Captured stderr setup ----------------------------
{"timestamp": "2026-01-30T19:04:56.013Z", "level": "ERROR", "logger": "app.core.feature_flags", "message": "Failed to load feature flags from Redis: Error 22 connecting to 127.0.0.1:6379. ╙фрыхээ√щ ъюья№■ЄхЁ юЄъыюэшы ¤Єю ёхЄхтюх яюфъы■ўхэшх.", "service_name": "university-ecosystem", "environment": "testing"}
{"timestamp": "2026-01-30T19:04:56.014Z", "level": "INFO", "logger": "app.core.feature_flags", "message": "Feature flag service initialized (4 flags)", "service_name": "university-ecosystem", "environment": "testing"}
{"timestamp": "2026-01-30T19:04:56.017Z", "level": "INFO", "logger": "app.core.events", "message": "Domain event persistence listeners registered.", "service_name": "university-ecosystem", "environment": "testing"}
{"timestamp": "2026-01-30T19:04:56.018Z", "level": "INFO", "logger": "app.services.event_handlers", "message": "Domain event handlers configured", "service_name": "university-ecosystem", "environment": "testing"}
{"timestamp": "2026-01-30T19:04:56.018Z", "level": "INFO", "logger": "app.services.cache_warmup", "message": "Cache warmup disabled, skipping", "service_name": "university-ecosystem", "environment": "testing"}
{"timestamp": "2026-01-30T19:04:56.019Z", "level": "INFO", "logger": "app.workers.outbox", "message": "OutboxWorker started", "service_name": "university-ecosystem", "environment": "testing"}
----------------------------- Captured log setup ------------------------------
[1m[31mERROR   [0m app.core.feature_flags:feature_flags.py:134 Failed to load feature flags from Redis: Error 22 connecting to 127.0.0.1:6379. ╙фрыхээ√щ ъюья№■ЄхЁ юЄъыюэшы ¤Єю ёхЄхтюх яюфъы■ўхэшх.
[32mINFO    [0m app.core.feature_flags:feature_flags.py:149 Feature flag service initialized (4 flags)
[32mINFO    [0m app.core.events:events.py:265 Domain event persistence listeners registered.
[32mINFO    [0m app.services.event_handlers:event_handlers.py:171 Domain event handlers configured
[32mINFO    [0m app.services.cache_warmup:cache_warmup.py:252 Cache warmup disabled, skipping
[32mINFO    [0m app.workers.outbox:outbox.py:31 OutboxWorker started
---------------------------- Captured stdout call -----------------------------
DEBUG: Validating policy for length 10
---------------------------- Captured stderr call -----------------------------
{"timestamp": "2026-01-30T19:04:56.161Z", "level": "INFO", "logger": "app.auth", "message": "{\"event\": \"auth.login.success\", \"user_id\": \"1\", \"request_id\": \"3c6e78008a7240b4a1092021457b08b9\", \"ip\": \"127.0.0.1\", \"path\": \"/api/v1/auth/login\", \"method\": \"POST\", \"reason\": \"authenticated\"}", "trace_id": "3c6e78008a7240b4a1092021457b08b9", "request_id": "3c6e78008a7240b4a1092021457b08b9", "service_name": "university-ecosystem", "environment": "testing", "event": "auth.login.success", "user_id": "1", "ip": "127.0.0.1", "path": "/api/v1/auth/login", "method": "POST", "reason": "authenticated"}
{"timestamp": "2026-01-30T19:04:56.178Z", "level": "INFO", "logger": "httpx", "message": "HTTP Request: POST http://testserver/api/v1/auth/login \"HTTP/1.1 200 OK\"", "service_name": "university-ecosystem", "environment": "testing"}
------------------------------ Captured log call ------------------------------
[32mINFO    [0m app.auth:audit_service.py:147 {"event": "auth.login.success", "user_id": "1", "request_id": "3c6e78008a7240b4a1092021457b08b9", "ip": "127.0.0.1", "path": "/api/v1/auth/login", "method": "POST", "reason": "authenticated"}
[32mINFO    [0m httpx:_client.py:1740 HTTP Request: POST http://testserver/api/v1/auth/login "HTTP/1.1 200 OK"
-------------------------- Captured stderr teardown ---------------------------
{"timestamp": "2026-01-30T19:04:56.753Z", "level": "ERROR", "logger": "app.services.webpush", "message": "Failed to close webpush session factory", "service_name": "university-ecosystem", "environment": "testing", "exc_info": "Traceback (most recent call last):\n  File \"C:\\Users\\egorribun\\Documents\\university_ecosystem\\app\\services\\webpush.py\", line 92, in cleanup\n    Session.close_all_sessions()\n    ^^^^^^^^^^^^^^^^^^^^^^^^^^\nAttributeError: type object 'Session' has no attribute 'close_all_sessions'"}
---------------------------- Captured log teardown ----------------------------
[1m[31mERROR   [0m app.services.webpush:webpush.py:94 Failed to close webpush session factory
Traceback (most recent call last):
  File "C:\Users\egorribun\Documents\university_ecosystem\app\services\webpush.py", line 92, in cleanup
    Session.close_all_sessions()
    ^^^^^^^^^^^^^^^^^^^^^^^^^^
AttributeError: type object 'Session' has no attribute 'close_all_sessions'
_____________ test_auto_create_schema_default_false_in_production _____________
[gw0] win32 -- Python 3.13.11 C:\Python313\python.exe
tests\test_core_config.py:202: in test_auto_create_schema_default_false_in_production
    config_module = importlib.reload(config_module)
                    ^^^^^^^^^^^^^^^^^^^^^^^^^^^^^^^
C:\Python313\Lib\importlib\__init__.py:129: in reload
    _bootstrap._exec(spec, module)
<frozen importlib._bootstrap>:866: in _exec
    ???
<frozen importlib._bootstrap_external>:1023: in exec_module
    ???
<frozen importlib._bootstrap>:488: in _call_with_frames_removed
    ???
app\core\config\__init__.py:112: in <module>
    settings = _load_settings()
               ^^^^^^^^^^^^^^^^
app\core\config\__init__.py:76: in _load_settings
    return Settings()
           ^^^^^^^^^^
app\core\config\base.py:124: in __init__
    super().__init__(**values)
C:\Python313\Lib\site-packages\pydantic_settings\main.py:194: in __init__
    super().__init__(
E   pydantic_core._pydantic_core.ValidationError: 1 validation error for Settings
E   audit_log_secret
E     Value error, Default AUDIT_LOG_SECRET cannot be used in production [type=value_error, input_value='development-audit-secret-change-me', input_type=str]
E       For further information visit https://errors.pydantic.dev/2.12/v/value_error
__________ test_auto_create_schema_warns_when_enabled_in_production ___________
[gw0] win32 -- Python 3.13.11 C:\Python313\python.exe
tests\test_core_config.py:220: in test_auto_create_schema_warns_when_enabled_in_production
    config_module = importlib.reload(config_module)
                    ^^^^^^^^^^^^^^^^^^^^^^^^^^^^^^^
C:\Python313\Lib\importlib\__init__.py:129: in reload
    _bootstrap._exec(spec, module)
<frozen importlib._bootstrap>:866: in _exec
    ???
<frozen importlib._bootstrap_external>:1023: in exec_module
    ???
<frozen importlib._bootstrap>:488: in _call_with_frames_removed
    ???
app\core\config\__init__.py:112: in <module>
    settings = _load_settings()
               ^^^^^^^^^^^^^^^^
app\core\config\__init__.py:76: in _load_settings
    return Settings()
           ^^^^^^^^^^
app\core\config\base.py:124: in __init__
    super().__init__(**values)
C:\Python313\Lib\site-packages\pydantic_settings\main.py:194: in __init__
    super().__init__(
E   pydantic_core._pydantic_core.ValidationError: 1 validation error for Settings
E   audit_log_secret
E     Value error, Default AUDIT_LOG_SECRET cannot be used in production [type=value_error, input_value='development-audit-secret-change-me', input_type=str]
E       For further information visit https://errors.pydantic.dev/2.12/v/value_error
---------------------------- Captured stderr call -----------------------------
{"timestamp": "2026-01-30T19:04:58.360Z", "level": "WARNING", "logger": "app.core.config", "message": "AUTO_CREATE_SCHEMA is enabled while ENVIRONMENT=production. This should only be used for development or automated tests. Run 'alembic upgrade head' and set AUTO_CREATE_SCHEMA=false for production deployments.", "service_name": "university-ecosystem", "environment": "testing"}
------------------------------ Captured log call ------------------------------
[33mWARNING [0m app.core.config:__init__.py:54 AUTO_CREATE_SCHEMA is enabled while ENVIRONMENT=production. This should only be used for development or automated tests. Run 'alembic upgrade head' and set AUTO_CREATE_SCHEMA=false for production deployments.
_________ test_localized_text_prefers_requested_locale_with_fallbacks _________
[gw5] win32 -- Python 3.13.11 C:\Python313\python.exe
tests\test_news_helpers.py:29: in test_localized_text_prefers_requested_locale_with_fallbacks
    news._localized_text("en", ru_value="╨єёёъшщ", en_value="English") == "English"
    ^^^^^^^^^^^^^^^^^^^^
E   AttributeError: module 'app.api.news' has no attribute '_localized_text'
____________________ test_security_headers_production_mode ____________________
[gw5] win32 -- Python 3.13.11 C:\Python313\python.exe
tests\test_security_headers.py:26: in test_security_headers_production_mode
    settings = Settings()
               ^^^^^^^^^^
app\core\config\base.py:124: in __init__
    super().__init__(**values)
C:\Python313\Lib\site-packages\pydantic_settings\main.py:194: in __init__
    super().__init__(
E   pydantic_core._pydantic_core.ValidationError: 1 validation error for Settings
E   audit_log_secret
E     Value error, Default AUDIT_LOG_SECRET cannot be used in production [type=value_error, input_value='development-audit-secret-change-me', input_type=str]
E       For further information visit https://errors.pydantic.dev/2.12/v/value_error
__________________ test_security_headers_credentialless_coep __________________
[gw5] win32 -- Python 3.13.11 C:\Python313\python.exe
tests\test_security_headers.py:228: in test_security_headers_credentialless_coep
    settings = Settings()
               ^^^^^^^^^^
app\core\config\base.py:124: in __init__
    super().__init__(**values)
C:\Python313\Lib\site-packages\pydantic_settings\main.py:194: in __init__
    super().__init__(
E   pydantic_core._pydantic_core.ValidationError: 1 validation error for Settings
E   audit_log_secret
E     Value error, Default AUDIT_LOG_SECRET cannot be used in production [type=value_error, input_value='development-audit-secret-change-me', input_type=str]
E       For further information visit https://errors.pydantic.dev/2.12/v/value_error
________________ test_gzip_preserves_security_headers_and_etag ________________
[gw5] win32 -- Python 3.13.11 C:\Python313\python.exe
tests\test_security_headers.py:264: in test_gzip_preserves_security_headers_and_etag
    settings = Settings()
               ^^^^^^^^^^
app\core\config\base.py:124: in __init__
    super().__init__(**values)
C:\Python313\Lib\site-packages\pydantic_settings\main.py:194: in __init__
    super().__init__(
E   pydantic_core._pydantic_core.ValidationError: 1 validation error for Settings
E   audit_log_secret
E     Value error, Default AUDIT_LOG_SECRET cannot be used in production [type=value_error, input_value='development-audit-secret-change-me', input_type=str]
E       For further information visit https://errors.pydantic.dev/2.12/v/value_error
________________ test_cors_hardening_filters_insecure_origins _________________
[gw5] win32 -- Python 3.13.11 C:\Python313\python.exe
tests\test_security_headers.py:329: in test_cors_hardening_filters_insecure_origins
    settings = Settings()
               ^^^^^^^^^^
app\core\config\base.py:124: in __init__
    super().__init__(**values)
C:\Python313\Lib\site-packages\pydantic_settings\main.py:194: in __init__
    super().__init__(
E   pydantic_core._pydantic_core.ValidationError: 1 validation error for Settings
E   audit_log_secret
E     Value error, Default AUDIT_LOG_SECRET cannot be used in production [type=value_error, input_value='development-audit-secret-change-me', input_type=str]
E       For further information visit https://errors.pydantic.dev/2.12/v/value_error
______________ test_cors_credentials_disabled_for_insecure_hosts ______________
[gw5] win32 -- Python 3.13.11 C:\Python313\python.exe
tests\test_security_headers.py:347: in test_cors_credentials_disabled_for_insecure_hosts
    settings = Settings()
               ^^^^^^^^^^
app\core\config\base.py:124: in __init__
    super().__init__(**values)
C:\Python313\Lib\site-packages\pydantic_settings\main.py:194: in __init__
    super().__init__(
E   pydantic_core._pydantic_core.ValidationError: 1 validation error for Settings
E   audit_log_secret
E     Value error, Default AUDIT_LOG_SECRET cannot be used in production [type=value_error, input_value='development-audit-secret-change-me', input_type=str]
E       For further information visit https://errors.pydantic.dev/2.12/v/value_error
___________________ test_cors_allows_localhost_when_strict ____________________
[gw5] win32 -- Python 3.13.11 C:\Python313\python.exe
tests\test_security_headers.py:366: in test_cors_allows_localhost_when_strict
    settings = Settings()
               ^^^^^^^^^^
app\core\config\base.py:124: in __init__
    super().__init__(**values)
C:\Python313\Lib\site-packages\pydantic_settings\main.py:194: in __init__
    super().__init__(
E   pydantic_core._pydantic_core.ValidationError: 1 validation error for Settings
E   audit_log_secret
E     Value error, Default AUDIT_LOG_SECRET cannot be used in production [type=value_error, input_value='development-audit-secret-change-me', input_type=str]
E       For further information visit https://errors.pydantic.dev/2.12/v/value_error
___________________________ test_create_event_guard ___________________________
[gw10] win32 -- Python 3.13.11 C:\Python313\python.exe
C:\Python313\Lib\site-packages\sqlalchemy\engine\base.py:1967: in _exec_single_context
    self.dialect.do_execute(
C:\Python313\Lib\site-packages\sqlalchemy\engine\default.py:952: in do_execute
    cursor.execute(statement, parameters)
C:\Python313\Lib\site-packages\sqlalchemy\dialects\sqlite\aiosqlite.py:182: in execute
    self._adapt_connection._handle_exception(error)
C:\Python313\Lib\site-packages\sqlalchemy\dialects\sqlite\aiosqlite.py:342: in _handle_exception
    raise error
C:\Python313\Lib\site-packages\sqlalchemy\dialects\sqlite\aiosqlite.py:164: in execute
    self.await_(_cursor.execute(operation, parameters))
C:\Python313\Lib\site-packages\sqlalchemy\util\_concurrency_py3k.py:132: in await_only
    return current.parent.switch(awaitable)  # type: ignore[no-any-return,attr-defined] # noqa: E501
           ^^^^^^^^^^^^^^^^^^^^^^^^^^^^^^^^
C:\Python313\Lib\site-packages\sqlalchemy\util\_concurrency_py3k.py:196: in greenlet_spawn
    value = await result
            ^^^^^^^^^^^^
C:\Python313\Lib\site-packages\aiosqlite\cursor.py:40: in execute
    await self._execute(self._cursor.execute, sql, parameters)
C:\Python313\Lib\site-packages\aiosqlite\cursor.py:32: in _execute
    return await self._conn._execute(fn, *args, **kwargs)
           ^^^^^^^^^^^^^^^^^^^^^^^^^^^^^^^^^^^^^^^^^^^^^^
C:\Python313\Lib\site-packages\aiosqlite\core.py:160: in _execute
    return await future
           ^^^^^^^^^^^^
C:\Python313\Lib\site-packages\aiosqlite\core.py:63: in _connection_worker_thread
    result = function()
             ^^^^^^^^^^
E   sqlite3.IntegrityError: CHECK constraint failed: ck_event_time_order

The above exception was the direct cause of the following exception:
tests\test_event_time_constraints.py:71: in test_create_event_guard
    await e_service.create_event(payload, user_id=user.id)
app\services\event_service.py:217: in create_event
    event = await self.repo.create(obj_data)
            ^^^^^^^^^^^^^^^^^^^^^^^^^^^^^^^^
app\repositories\base.py:67: in create
    await self.db.flush()
C:\Python313\Lib\site-packages\sqlalchemy\ext\asyncio\session.py:787: in flush
    await greenlet_spawn(self.sync_session.flush, objects=objects)
C:\Python313\Lib\site-packages\sqlalchemy\util\_concurrency_py3k.py:203: in greenlet_spawn
    result = context.switch(value)
             ^^^^^^^^^^^^^^^^^^^^^
C:\Python313\Lib\site-packages\sqlalchemy\orm\session.py:4331: in flush
    self._flush(objects)
C:\Python313\Lib\site-packages\sqlalchemy\orm\session.py:4466: in _flush
    with util.safe_reraise():
         ^^^^^^^^^^^^^^^^^^^
C:\Python313\Lib\site-packages\sqlalchemy\util\langhelpers.py:224: in __exit__
    raise exc_value.with_traceback(exc_tb)
C:\Python313\Lib\site-packages\sqlalchemy\orm\session.py:4427: in _flush
    flush_context.execute()
C:\Python313\Lib\site-packages\sqlalchemy\orm\unitofwork.py:466: in execute
    rec.execute(self)
C:\Python313\Lib\site-packages\sqlalchemy\orm\unitofwork.py:642: in execute
    util.preloaded.orm_persistence.save_obj(
C:\Python313\Lib\site-packages\sqlalchemy\orm\persistence.py:93: in save_obj
    _emit_insert_statements(
C:\Python313\Lib\site-packages\sqlalchemy\orm\persistence.py:1233: in _emit_insert_statements
    result = connection.execute(
C:\Python313\Lib\site-packages\sqlalchemy\engine\base.py:1419: in execute
    return meth(
C:\Python313\Lib\site-packages\sqlalchemy\sql\elements.py:527: in _execute_on_connection
    return connection._execute_clauseelement(
C:\Python313\Lib\site-packages\sqlalchemy\engine\base.py:1641: in _execute_clauseelement
    ret = self._execute_context(
C:\Python313\Lib\site-packages\sqlalchemy\engine\base.py:1846: in _execute_context
    return self._exec_single_context(
C:\Python313\Lib\site-packages\sqlalchemy\engine\base.py:1986: in _exec_single_context
    self._handle_dbapi_exception(
C:\Python313\Lib\site-packages\sqlalchemy\engine\base.py:2363: in _handle_dbapi_exception
    raise sqlalchemy_exception.with_traceback(exc_info[2]) from e
C:\Python313\Lib\site-packages\sqlalchemy\engine\base.py:1967: in _exec_single_context
    self.dialect.do_execute(
C:\Python313\Lib\site-packages\sqlalchemy\engine\default.py:952: in do_execute
    cursor.execute(statement, parameters)
C:\Python313\Lib\site-packages\sqlalchemy\dialects\sqlite\aiosqlite.py:182: in execute
    self._adapt_connection._handle_exception(error)
C:\Python313\Lib\site-packages\sqlalchemy\dialects\sqlite\aiosqlite.py:342: in _handle_exception
    raise error
C:\Python313\Lib\site-packages\sqlalchemy\dialects\sqlite\aiosqlite.py:164: in execute
    self.await_(_cursor.execute(operation, parameters))
C:\Python313\Lib\site-packages\sqlalchemy\util\_concurrency_py3k.py:132: in await_only
    return current.parent.switch(awaitable)  # type: ignore[no-any-return,attr-defined] # noqa: E501
           ^^^^^^^^^^^^^^^^^^^^^^^^^^^^^^^^
C:\Python313\Lib\site-packages\sqlalchemy\util\_concurrency_py3k.py:196: in greenlet_spawn
    value = await result
            ^^^^^^^^^^^^
C:\Python313\Lib\site-packages\aiosqlite\cursor.py:40: in execute
    await self._execute(self._cursor.execute, sql, parameters)
C:\Python313\Lib\site-packages\aiosqlite\cursor.py:32: in _execute
    return await self._conn._execute(fn, *args, **kwargs)
           ^^^^^^^^^^^^^^^^^^^^^^^^^^^^^^^^^^^^^^^^^^^^^^
C:\Python313\Lib\site-packages\aiosqlite\core.py:160: in _execute
    return await future
           ^^^^^^^^^^^^
C:\Python313\Lib\site-packages\aiosqlite\core.py:63: in _connection_worker_thread
    result = function()
             ^^^^^^^^^^
E   sqlalchemy.exc.IntegrityError: (sqlite3.IntegrityError) CHECK constraint failed: ck_event_time_order
E   [SQL: INSERT INTO events (title, title_en, description, description_en, location, location_en, event_type, event_type_en, starts_at, ends_at, created_by, is_active, speaker, image_url, about, about_en, embedding) VALUES (?, ?, ?, ?, ?, ?, ?, ?, ?, ?, ?, ?, ?, ?, ?, ?, ?) RETURNING id, search_vector, created_at]
E   [parameters: ('Invalid', None, None, None, None, None, None, None, '2026-01-30 16:05:05.031238', '2026-01-30 16:05:05.031238', 1, 1, None, None, None, None, None)]
E   (Background on this error at: https://sqlalche.me/e/20/gkpj)
___________________________ test_update_event_guard ___________________________
[gw10] win32 -- Python 3.13.11 C:\Python313\python.exe
tests\test_event_time_constraints.py:94: in test_update_event_guard
    await e_service.update_event(record.id, invalid_update)
app\services\event_service.py:235: in update_event
    updated_event = await self.repo.update(event, **updates)
                          ^^^^^^^^^^^^^^^^^^^^^^^^^^^^^^^^^^
E   TypeError: BaseRepository.update() got an unexpected keyword argument 'starts_at'
_____________________ test_get_all_events_respects_locale _____________________
[gw10] win32 -- Python 3.13.11 C:\Python313\python.exe
tests\test_event_time_constraints.py:136: in test_get_all_events_respects_locale
    ru_events = await e_service.get_events(user_id=student.id, locale="ru")
                ^^^^^^^^^^^^^^^^^^^^^^^^^^^^^^^^^^^^^^^^^^^^^^^^^^^^^^^^^^^
app\services\event_service.py:169: in get_events
    await self.repo.count_upcoming()
app\repositories\event_repository.py:63: in count_upcoming
    select(func.count(Event.id)).where(Event.start_date >= now)
                                       ^^^^^^^^^^^^^^^^
E   AttributeError: type object 'Event' has no attribute 'start_date'. Did you mean: 'starts_at'?
__________________________ test_events_localization ___________________________
[gw6] win32 -- Python 3.13.11 C:\Python313\python.exe
  + Exception Group Traceback (most recent call last):
  |   File "C:\Python313\Lib\site-packages\starlette\_utils.py", line 79, in collapse_excgroups
  |     yield
  |   File "C:\Python313\Lib\site-packages\starlette\middleware\base.py", line 192, in __call__
  |     async with anyio.create_task_group() as task_group:
  |                ~~~~~~~~~~~~~~~~~~~~~~~^^
  |   File "C:\Python313\Lib\site-packages\anyio\_backends\_asyncio.py", line 783, in __aexit__
  |     raise BaseExceptionGroup(
  |         "unhandled errors in a TaskGroup", self._exceptions
  |     ) from None
  | ExceptionGroup: unhandled errors in a TaskGroup (1 sub-exception)
  +-+---------------- 1 ----------------
    | Traceback (most recent call last):
    |   File "C:\Python313\Lib\site-packages\_pytest\runner.py", line 353, in from_call
    |     result: TResult | None = func()
    |                              ~~~~^^
    |   File "C:\Python313\Lib\site-packages\_pytest\runner.py", line 245, in <lambda>
    |     lambda: runtest_hook(item=item, **kwds),
    |             ~~~~~~~~~~~~^^^^^^^^^^^^^^^^^^^
    |   File "C:\Python313\Lib\site-packages\pluggy\_hooks.py", line 512, in __call__
    |     return self._hookexec(self.name, self._hookimpls.copy(), kwargs, firstresult)
    |            ~~~~~~~~~~~~~~^^^^^^^^^^^^^^^^^^^^^^^^^^^^^^^^^^^^^^^^^^^^^^^^^^^^^^^^
    |   File "C:\Python313\Lib\site-packages\pluggy\_manager.py", line 120, in _hookexec
    |     return self._inner_hookexec(hook_name, methods, kwargs, firstresult)
    |            ~~~~~~~~~~~~~~~~~~~~^^^^^^^^^^^^^^^^^^^^^^^^^^^^^^^^^^^^^^^^^
    |   File "C:\Python313\Lib\site-packages\pluggy\_callers.py", line 167, in _multicall
    |     raise exception
    |   File "C:\Python313\Lib\site-packages\pluggy\_callers.py", line 139, in _multicall
    |     teardown.throw(exception)
    |     ~~~~~~~~~~~~~~^^^^^^^^^^^
    |   File "C:\Python313\Lib\site-packages\_pytest\logging.py", line 850, in pytest_runtest_call
    |     yield
    |   File "C:\Python313\Lib\site-packages\pluggy\_callers.py", line 139, in _multicall
    |     teardown.throw(exception)
    |     ~~~~~~~~~~~~~~^^^^^^^^^^^
    |   File "C:\Python313\Lib\site-packages\_pytest\capture.py", line 900, in pytest_runtest_call
    |     return (yield)
    |             ^^^^^
    |   File "C:\Python313\Lib\site-packages\pluggy\_callers.py", line 139, in _multicall
    |     teardown.throw(exception)
    |     ~~~~~~~~~~~~~~^^^^^^^^^^^
    |   File "C:\Python313\Lib\site-packages\pluggy\_callers.py", line 53, in run_old_style_hookwrapper
    |     return result.get_result()
    |            ~~~~~~~~~~~~~~~~~^^
    |   File "C:\Python313\Lib\site-packages\pluggy\_result.py", line 103, in get_result
    |     raise exc.with_traceback(tb)
    |   File "C:\Python313\Lib\site-packages\pluggy\_callers.py", line 38, in run_old_style_hookwrapper
    |     res = yield
    |           ^^^^^
    |   File "C:\Python313\Lib\site-packages\pluggy\_callers.py", line 139, in _multicall
    |     teardown.throw(exception)
    |     ~~~~~~~~~~~~~~^^^^^^^^^^^
    |   File "C:\Python313\Lib\site-packages\_pytest\skipping.py", line 268, in pytest_runtest_call
    |     return (yield)
    |             ^^^^^
    |   File "C:\Python313\Lib\site-packages\pluggy\_callers.py", line 121, in _multicall
    |     res = hook_impl.function(*args)
    |   File "C:\Python313\Lib\site-packages\_pytest\runner.py", line 179, in pytest_runtest_call
    |     item.runtest()
    |     ~~~~~~~~~~~~^^
    |   File "C:\Python313\Lib\site-packages\pytest_asyncio\plugin.py", line 469, in runtest
    |     super().runtest()
    |     ~~~~~~~~~~~~~~~^^
    |   File "C:\Python313\Lib\site-packages\_pytest\python.py", line 1720, in runtest
    |     self.ihook.pytest_pyfunc_call(pyfuncitem=self)
    |     ~~~~~~~~~~~~~~~~~~~~~~~~~~~~~^^^^^^^^^^^^^^^^^
    |   File "C:\Python313\Lib\site-packages\pluggy\_hooks.py", line 512, in __call__
    |     return self._hookexec(self.name, self._hookimpls.copy(), kwargs, firstresult)
    |            ~~~~~~~~~~~~~~^^^^^^^^^^^^^^^^^^^^^^^^^^^^^^^^^^^^^^^^^^^^^^^^^^^^^^^^
    |   File "C:\Python313\Lib\site-packages\pluggy\_manager.py", line 120, in _hookexec
    |     return self._inner_hookexec(hook_name, methods, kwargs, firstresult)
    |            ~~~~~~~~~~~~~~~~~~~~^^^^^^^^^^^^^^^^^^^^^^^^^^^^^^^^^^^^^^^^^
    |   File "C:\Python313\Lib\site-packages\pluggy\_callers.py", line 167, in _multicall
    |     raise exception
    |   File "C:\Python313\Lib\site-packages\pluggy\_callers.py", line 139, in _multicall
    |     teardown.throw(exception)
    |     ~~~~~~~~~~~~~~^^^^^^^^^^^
    |   File "C:\Python313\Lib\site-packages\pluggy\_callers.py", line 53, in run_old_style_hookwrapper
    |     return result.get_result()
    |            ~~~~~~~~~~~~~~~~~^^
    |   File "C:\Python313\Lib\site-packages\pluggy\_result.py", line 103, in get_result
    |     raise exc.with_traceback(tb)
    |   File "C:\Python313\Lib\site-packages\pluggy\_callers.py", line 38, in run_old_style_hookwrapper
    |     res = yield
    |           ^^^^^
    |   File "C:\Python313\Lib\site-packages\pluggy\_callers.py", line 121, in _multicall
    |     res = hook_impl.function(*args)
    |   File "C:\Python313\Lib\site-packages\_pytest\python.py", line 166, in pytest_pyfunc_call
    |     result = testfunction(**testargs)
    |   File "C:\Python313\Lib\site-packages\pytest_asyncio\plugin.py", line 716, in inner
    |     runner.run(coro, context=context)
    |     ~~~~~~~~~~^^^^^^^^^^^^^^^^^^^^^^^
    |   File "C:\Python313\Lib\asyncio\runners.py", line 118, in run
    |     return self._loop.run_until_complete(task)
    |            ~~~~~~~~~~~~~~~~~~~~~~~~~~~~~^^^^^^
    |   File "C:\Python313\Lib\asyncio\base_events.py", line 725, in run_until_complete
    |     return future.result()
    |            ~~~~~~~~~~~~~^^
    |   File "C:\Users\egorribun\Documents\university_ecosystem\tests\test_events_localization.py", line 77, in test_events_localization
    |     response_en = await async_client.get(
    |                   ^^^^^^^^^^^^^^^^^^^^^^^
    |     ...<2 lines>...
    |     )
    |     ^
    |   File "C:\Python313\Lib\site-packages\httpx\_client.py", line 1768, in get
    |     return await self.request(
    |            ^^^^^^^^^^^^^^^^^^^
    |     ...<9 lines>...
    |     )
    |     ^
    |   File "C:\Python313\Lib\site-packages\httpx\_client.py", line 1540, in request
    |     return await self.send(request, auth=auth, follow_redirects=follow_redirects)
    |            ^^^^^^^^^^^^^^^^^^^^^^^^^^^^^^^^^^^^^^^^^^^^^^^^^^^^^^^^^^^^^^^^^^^^^^
    |   File "C:\Python313\Lib\site-packages\httpx\_client.py", line 1629, in send
    |     response = await self._send_handling_auth(
    |                ^^^^^^^^^^^^^^^^^^^^^^^^^^^^^^^
    |     ...<4 lines>...
    |     )
    |     ^
    |   File "C:\Python313\Lib\site-packages\httpx\_client.py", line 1657, in _send_handling_auth
    |     response = await self._send_handling_redirects(
    |                ^^^^^^^^^^^^^^^^^^^^^^^^^^^^^^^^^^^^
    |     ...<3 lines>...
    |     )
    |     ^
    |   File "C:\Python313\Lib\site-packages\httpx\_client.py", line 1694, in _send_handling_redirects
    |     response = await self._send_single_request(request)
    |                ^^^^^^^^^^^^^^^^^^^^^^^^^^^^^^^^^^^^^^^^
    |   File "C:\Python313\Lib\site-packages\httpx\_client.py", line 1730, in _send_single_request
    |     response = await transport.handle_async_request(request)
    |                ^^^^^^^^^^^^^^^^^^^^^^^^^^^^^^^^^^^^^^^^^^^^^
    |   File "C:\Python313\Lib\site-packages\httpx\_transports\asgi.py", line 170, in handle_async_request
    |     await self.app(scope, receive, send)
    |   File "C:\Python313\Lib\site-packages\fastapi\applications.py", line 1135, in __call__
    |     await super().__call__(scope, receive, send)
    |   File "C:\Python313\Lib\site-packages\starlette\applications.py", line 107, in __call__
    |     await self.middleware_stack(scope, receive, send)
    |   File "C:\Python313\Lib\site-packages\starlette\middleware\errors.py", line 186, in __call__
    |     raise exc
    |   File "C:\Python313\Lib\site-packages\starlette\middleware\errors.py", line 164, in __call__
    |     await self.app(scope, receive, _send)
    |   File "C:\Python313\Lib\site-packages\starlette\middleware\cors.py", line 85, in __call__
    |     await self.app(scope, receive, send)
    |   File "C:\Python313\Lib\site-packages\starlette\middleware\trustedhost.py", line 51, in __call__
    |     await self.app(scope, receive, send)
    |   File "C:\Python313\Lib\site-packages\uvicorn\middleware\proxy_headers.py", line 60, in __call__
    |     return await self.app(scope, receive, send)
    |            ^^^^^^^^^^^^^^^^^^^^^^^^^^^^^^^^^^^^
    |   File "C:\Python313\Lib\site-packages\starlette\middleware\base.py", line 191, in __call__
    |     with recv_stream, send_stream, collapse_excgroups():
    |                                    ~~~~~~~~~~~~~~~~~~^^
    |   File "C:\Python313\Lib\contextlib.py", line 162, in __exit__
    |     self.gen.throw(value)
    |     ~~~~~~~~~~~~~~^^^^^^^
    |   File "C:\Python313\Lib\site-packages\starlette\_utils.py", line 85, in collapse_excgroups
    |     raise exc
    |   File "C:\Python313\Lib\site-packages\starlette\middleware\base.py", line 193, in __call__
    |     response = await self.dispatch_func(request, call_next)
    |                ^^^^^^^^^^^^^^^^^^^^^^^^^^^^^^^^^^^^^^^^^^^^
    |   File "C:\Users\egorribun\Documents\university_ecosystem\app\core\rate_limit.py", line 284, in dispatch
    |     response = await call_next(request)
    |                ^^^^^^^^^^^^^^^^^^^^^^^^
    |   File "C:\Python313\Lib\site-packages\starlette\middleware\base.py", line 168, in call_next
    |     raise app_exc from app_exc.__cause__ or app_exc.__context__
    |   File "C:\Python313\Lib\site-packages\starlette\middleware\base.py", line 144, in coro
    |     await self.app(scope, receive_or_disconnect, send_no_error)
    |   File "C:\Python313\Lib\site-packages\starlette\middleware\base.py", line 191, in __call__
    |     with recv_stream, send_stream, collapse_excgroups():
    |                                    ~~~~~~~~~~~~~~~~~~^^
    |   File "C:\Python313\Lib\contextlib.py", line 162, in __exit__
    |     self.gen.throw(value)
    |     ~~~~~~~~~~~~~~^^^^^^^
    |   File "C:\Python313\Lib\site-packages\starlette\_utils.py", line 85, in collapse_excgroups
    |     raise exc
    |   File "C:\Python313\Lib\site-packages\starlette\middleware\base.py", line 193, in __call__
    |     response = await self.dispatch_func(request, call_next)
    |                ^^^^^^^^^^^^^^^^^^^^^^^^^^^^^^^^^^^^^^^^^^^^
    |   File "C:\Users\egorribun\Documents\university_ecosystem\app\core\middleware.py", line 40, in _http_response_hardening
    |     response = await call_next(request)
    |                ^^^^^^^^^^^^^^^^^^^^^^^^
    |   File "C:\Python313\Lib\site-packages\starlette\middleware\base.py", line 168, in call_next
    |     raise app_exc from app_exc.__cause__ or app_exc.__context__
    |   File "C:\Python313\Lib\site-packages\starlette\middleware\base.py", line 144, in coro
    |     await self.app(scope, receive_or_disconnect, send_no_error)
    |   File "C:\Python313\Lib\site-packages\starlette\middleware\base.py", line 191, in __call__
    |     with recv_stream, send_stream, collapse_excgroups():
    |                                    ~~~~~~~~~~~~~~~~~~^^
    |   File "C:\Python313\Lib\contextlib.py", line 162, in __exit__
    |     self.gen.throw(value)
    |     ~~~~~~~~~~~~~~^^^^^^^
    |   File "C:\Python313\Lib\site-packages\starlette\_utils.py", line 85, in collapse_excgroups
    |     raise exc
    |   File "C:\Python313\Lib\site-packages\starlette\middleware\base.py", line 193, in __call__
    |     response = await self.dispatch_func(request, call_next)
    |                ^^^^^^^^^^^^^^^^^^^^^^^^^^^^^^^^^^^^^^^^^^^^
    |   File "C:\Users\egorribun\Documents\university_ecosystem\app\core\internal_access.py", line 34, in dispatch
    |     return await call_next(request)
    |            ^^^^^^^^^^^^^^^^^^^^^^^^
    |   File "C:\Python313\Lib\site-packages\starlette\middleware\base.py", line 168, in call_next
    |     raise app_exc from app_exc.__cause__ or app_exc.__context__
    |   File "C:\Python313\Lib\site-packages\starlette\middleware\base.py", line 144, in coro
    |     await self.app(scope, receive_or_disconnect, send_no_error)
    |   File "C:\Python313\Lib\site-packages\starlette\middleware\base.py", line 191, in __call__
    |     with recv_stream, send_stream, collapse_excgroups():
    |                                    ~~~~~~~~~~~~~~~~~~^^
    |   File "C:\Python313\Lib\contextlib.py", line 162, in __exit__
    |     self.gen.throw(value)
    |     ~~~~~~~~~~~~~~^^^^^^^
    |   File "C:\Python313\Lib\site-packages\starlette\_utils.py", line 85, in collapse_excgroups
    |     raise exc
    |   File "C:\Python313\Lib\site-packages\starlette\middleware\base.py", line 193, in __call__
    |     response = await self.dispatch_func(request, call_next)
    |                ^^^^^^^^^^^^^^^^^^^^^^^^^^^^^^^^^^^^^^^^^^^^
    |   File "C:\Users\egorribun\Documents\university_ecosystem\app\core\sanitization.py", line 63, in dispatch
    |     return await call_next(request)
    |            ^^^^^^^^^^^^^^^^^^^^^^^^
    |   File "C:\Python313\Lib\site-packages\starlette\middleware\base.py", line 168, in call_next
    |     raise app_exc from app_exc.__cause__ or app_exc.__context__
    |   File "C:\Python313\Lib\site-packages\starlette\middleware\base.py", line 144, in coro
    |     await self.app(scope, receive_or_disconnect, send_no_error)
    |   File "c:\Users\egorribun\Documents\university_ecosystem\tests\conftest.py", line 98, in __call__
    |     await self.app(scope, receive, send)
    |   File "C:\Python313\Lib\site-packages\brotli_asgi\__init__.py", line 81, in __call__
    |     await br_responder(scope, receive, send)
    |   File "C:\Python313\Lib\site-packages\brotli_asgi\__init__.py", line 126, in __call__
    |     await self.app(scope, receive, self.send_with_brotli)
    |   File "C:\Python313\Lib\site-packages\starlette\middleware\base.py", line 191, in __call__
    |     with recv_stream, send_stream, collapse_excgroups():
    |                                    ~~~~~~~~~~~~~~~~~~^^
    |   File "C:\Python313\Lib\contextlib.py", line 162, in __exit__
    |     self.gen.throw(value)
    |     ~~~~~~~~~~~~~~^^^^^^^
    |   File "C:\Python313\Lib\site-packages\starlette\_utils.py", line 85, in collapse_excgroups
    |     raise exc
    |   File "C:\Python313\Lib\site-packages\starlette\middleware\base.py", line 193, in __call__
    |     response = await self.dispatch_func(request, call_next)
    |                ^^^^^^^^^^^^^^^^^^^^^^^^^^^^^^^^^^^^^^^^^^^^
    |   File "C:\Users\egorribun\Documents\university_ecosystem\app\core\metrics.py", line 538, in dispatch
    |     response = await call_next(request)
    |                ^^^^^^^^^^^^^^^^^^^^^^^^
    |   File "C:\Python313\Lib\site-packages\starlette\middleware\base.py", line 168, in call_next
    |     raise app_exc from app_exc.__cause__ or app_exc.__context__
    |   File "C:\Python313\Lib\site-packages\starlette\middleware\base.py", line 144, in coro
    |     await self.app(scope, receive_or_disconnect, send_no_error)
    |   File "C:\Python313\Lib\site-packages\starlette\middleware\base.py", line 191, in __call__
    |     with recv_stream, send_stream, collapse_excgroups():
    |                                    ~~~~~~~~~~~~~~~~~~^^
    |   File "C:\Python313\Lib\contextlib.py", line 162, in __exit__
    |     self.gen.throw(value)
    |     ~~~~~~~~~~~~~~^^^^^^^
    |   File "C:\Python313\Lib\site-packages\starlette\_utils.py", line 85, in collapse_excgroups
    |     raise exc
    |   File "C:\Python313\Lib\site-packages\starlette\middleware\base.py", line 193, in __call__
    |     response = await self.dispatch_func(request, call_next)
    |                ^^^^^^^^^^^^^^^^^^^^^^^^^^^^^^^^^^^^^^^^^^^^
    |   File "C:\Users\egorribun\Documents\university_ecosystem\app\core\observability.py", line 129, in dispatch
    |     response: Response = await call_next(request)
    |                          ^^^^^^^^^^^^^^^^^^^^^^^^
    |   File "C:\Python313\Lib\site-packages\starlette\middleware\base.py", line 168, in call_next
    |     raise app_exc from app_exc.__cause__ or app_exc.__context__
    |   File "C:\Python313\Lib\site-packages\starlette\middleware\base.py", line 144, in coro
    |     await self.app(scope, receive_or_disconnect, send_no_error)
    |   File "C:\Python313\Lib\site-packages\starlette\middleware\exceptions.py", line 63, in __call__
    |     await wrap_app_handling_exceptions(self.app, conn)(scope, receive, send)
    |   File "C:\Python313\Lib\site-packages\starlette\_exception_handler.py", line 53, in wrapped_app
    |     raise exc
    |   File "C:\Python313\Lib\site-packages\starlette\_exception_handler.py", line 42, in wrapped_app
    |     await app(scope, receive, sender)
    |   File "C:\Python313\Lib\site-packages\fastapi\middleware\asyncexitstack.py", line 18, in __call__
    |     await self.app(scope, receive, send)
    |   File "C:\Python313\Lib\site-packages\starlette\routing.py", line 716, in __call__
    |     await self.middleware_stack(scope, receive, send)
    |   File "C:\Python313\Lib\site-packages\starlette\routing.py", line 736, in app
    |     await route.handle(scope, receive, send)
    |   File "C:\Python313\Lib\site-packages\starlette\routing.py", line 290, in handle
    |     await self.app(scope, receive, send)
    |   File "C:\Python313\Lib\site-packages\fastapi\routing.py", line 115, in app
    |     await wrap_app_handling_exceptions(app, request)(scope, receive, send)
    |   File "C:\Python313\Lib\site-packages\starlette\_exception_handler.py", line 53, in wrapped_app
    |     raise exc
    |   File "C:\Python313\Lib\site-packages\starlette\_exception_handler.py", line 42, in wrapped_app
    |     await app(scope, receive, sender)
    |   File "C:\Python313\Lib\site-packages\fastapi\routing.py", line 101, in app
    |     response = await f(request)
    |                ^^^^^^^^^^^^^^^^
    |   File "C:\Python313\Lib\site-packages\fastapi\routing.py", line 355, in app
    |     raw_response = await run_endpoint_function(
    |                    ^^^^^^^^^^^^^^^^^^^^^^^^^^^^
    |     ...<3 lines>...
    |     )
    |     ^
    |   File "C:\Python313\Lib\site-packages\fastapi\routing.py", line 243, in run_endpoint_function
    |     return await dependant.call(**values)
    |            ^^^^^^^^^^^^^^^^^^^^^^^^^^^^^^
    |   File "C:\Users\egorribun\Documents\university_ecosystem\app\api\events.py", line 300, in all_events
    |     payload = await events.get_events(
    |               ^^^^^^^^^^^^^^^^^^^^^^^^
    |     ...<8 lines>...
    |     )
    |     ^
    |   File "C:\Users\egorribun\Documents\university_ecosystem\app\services\event_service.py", line 169, in get_events
    |     await self.repo.count_upcoming()
    |   File "C:\Users\egorribun\Documents\university_ecosystem\app\repositories\event_repository.py", line 63, in count_upcoming
    |     select(func.count(Event.id)).where(Event.start_date >= now)
    |                                        ^^^^^^^^^^^^^^^^
    | AttributeError: type object 'Event' has no attribute 'start_date'. Did you mean: 'starts_at'?
    +------------------------------------

The above exception was the direct cause of the following exception:

Traceback (most recent call last):
  File "C:\Users\egorribun\Documents\university_ecosystem\tests\test_events_localization.py", line 77, in test_events_localization
    response_en = await async_client.get(
                  ^^^^^^^^^^^^^^^^^^^^^^^
    ...<2 lines>...
    )
    ^
  File "C:\Python313\Lib\site-packages\httpx\_client.py", line 1768, in get
    return await self.request(
           ^^^^^^^^^^^^^^^^^^^
    ...<9 lines>...
    )
    ^
  File "C:\Python313\Lib\site-packages\httpx\_client.py", line 1540, in request
    return await self.send(request, auth=auth, follow_redirects=follow_redirects)
           ^^^^^^^^^^^^^^^^^^^^^^^^^^^^^^^^^^^^^^^^^^^^^^^^^^^^^^^^^^^^^^^^^^^^^^
  File "C:\Python313\Lib\site-packages\httpx\_client.py", line 1629, in send
    response = await self._send_handling_auth(
               ^^^^^^^^^^^^^^^^^^^^^^^^^^^^^^^
    ...<4 lines>...
    )
    ^
  File "C:\Python313\Lib\site-packages\httpx\_client.py", line 1657, in _send_handling_auth
    response = await self._send_handling_redirects(
               ^^^^^^^^^^^^^^^^^^^^^^^^^^^^^^^^^^^^
    ...<3 lines>...
    )
    ^
  File "C:\Python313\Lib\site-packages\httpx\_client.py", line 1694, in _send_handling_redirects
    response = await self._send_single_request(request)
               ^^^^^^^^^^^^^^^^^^^^^^^^^^^^^^^^^^^^^^^^
  File "C:\Python313\Lib\site-packages\httpx\_client.py", line 1730, in _send_single_request
    response = await transport.handle_async_request(request)
               ^^^^^^^^^^^^^^^^^^^^^^^^^^^^^^^^^^^^^^^^^^^^^
  File "C:\Python313\Lib\site-packages\httpx\_transports\asgi.py", line 170, in handle_async_request
    await self.app(scope, receive, send)
  File "C:\Python313\Lib\site-packages\fastapi\applications.py", line 1135, in __call__
    await super().__call__(scope, receive, send)
  File "C:\Python313\Lib\site-packages\starlette\applications.py", line 107, in __call__
    await self.middleware_stack(scope, receive, send)
  File "C:\Python313\Lib\site-packages\starlette\middleware\errors.py", line 186, in __call__
    raise exc
  File "C:\Python313\Lib\site-packages\starlette\middleware\errors.py", line 164, in __call__
    await self.app(scope, receive, _send)
  File "C:\Python313\Lib\site-packages\starlette\middleware\cors.py", line 85, in __call__
    await self.app(scope, receive, send)
  File "C:\Python313\Lib\site-packages\starlette\middleware\trustedhost.py", line 51, in __call__
    await self.app(scope, receive, send)
  File "C:\Python313\Lib\site-packages\uvicorn\middleware\proxy_headers.py", line 60, in __call__
    return await self.app(scope, receive, send)
           ^^^^^^^^^^^^^^^^^^^^^^^^^^^^^^^^^^^^
  File "C:\Python313\Lib\site-packages\starlette\middleware\base.py", line 191, in __call__
    with recv_stream, send_stream, collapse_excgroups():
                                   ~~~~~~~~~~~~~~~~~~^^
  File "C:\Python313\Lib\contextlib.py", line 162, in __exit__
    self.gen.throw(value)
    ~~~~~~~~~~~~~~^^^^^^^
  File "C:\Python313\Lib\site-packages\starlette\_utils.py", line 85, in collapse_excgroups
    raise exc
  File "C:\Python313\Lib\site-packages\starlette\middleware\base.py", line 193, in __call__
    response = await self.dispatch_func(request, call_next)
               ^^^^^^^^^^^^^^^^^^^^^^^^^^^^^^^^^^^^^^^^^^^^
  File "C:\Users\egorribun\Documents\university_ecosystem\app\core\rate_limit.py", line 284, in dispatch
    response = await call_next(request)
               ^^^^^^^^^^^^^^^^^^^^^^^^
  File "C:\Python313\Lib\site-packages\starlette\middleware\base.py", line 168, in call_next
    raise app_exc from app_exc.__cause__ or app_exc.__context__
  File "C:\Python313\Lib\site-packages\starlette\middleware\base.py", line 144, in coro
    await self.app(scope, receive_or_disconnect, send_no_error)
  File "C:\Python313\Lib\site-packages\starlette\middleware\base.py", line 191, in __call__
    with recv_stream, send_stream, collapse_excgroups():
                                   ~~~~~~~~~~~~~~~~~~^^
  File "C:\Python313\Lib\contextlib.py", line 162, in __exit__
    self.gen.throw(value)
    ~~~~~~~~~~~~~~^^^^^^^
  File "C:\Python313\Lib\site-packages\starlette\_utils.py", line 85, in collapse_excgroups
    raise exc
  File "C:\Python313\Lib\site-packages\starlette\middleware\base.py", line 193, in __call__
    response = await self.dispatch_func(request, call_next)
               ^^^^^^^^^^^^^^^^^^^^^^^^^^^^^^^^^^^^^^^^^^^^
  File "C:\Users\egorribun\Documents\university_ecosystem\app\core\middleware.py", line 40, in _http_response_hardening
    response = await call_next(request)
               ^^^^^^^^^^^^^^^^^^^^^^^^
  File "C:\Python313\Lib\site-packages\starlette\middleware\base.py", line 168, in call_next
    raise app_exc from app_exc.__cause__ or app_exc.__context__
  File "C:\Python313\Lib\site-packages\starlette\middleware\base.py", line 144, in coro
    await self.app(scope, receive_or_disconnect, send_no_error)
  File "C:\Python313\Lib\site-packages\starlette\middleware\base.py", line 191, in __call__
    with recv_stream, send_stream, collapse_excgroups():
                                   ~~~~~~~~~~~~~~~~~~^^
  File "C:\Python313\Lib\contextlib.py", line 162, in __exit__
    self.gen.throw(value)
    ~~~~~~~~~~~~~~^^^^^^^
  File "C:\Python313\Lib\site-packages\starlette\_utils.py", line 85, in collapse_excgroups
    raise exc
  File "C:\Python313\Lib\site-packages\starlette\middleware\base.py", line 193, in __call__
    response = await self.dispatch_func(request, call_next)
               ^^^^^^^^^^^^^^^^^^^^^^^^^^^^^^^^^^^^^^^^^^^^
  File "C:\Users\egorribun\Documents\university_ecosystem\app\core\internal_access.py", line 34, in dispatch
    return await call_next(request)
           ^^^^^^^^^^^^^^^^^^^^^^^^
  File "C:\Python313\Lib\site-packages\starlette\middleware\base.py", line 168, in call_next
    raise app_exc from app_exc.__cause__ or app_exc.__context__
  File "C:\Python313\Lib\site-packages\starlette\middleware\base.py", line 144, in coro
    await self.app(scope, receive_or_disconnect, send_no_error)
  File "C:\Python313\Lib\site-packages\starlette\middleware\base.py", line 191, in __call__
    with recv_stream, send_stream, collapse_excgroups():
                                   ~~~~~~~~~~~~~~~~~~^^
  File "C:\Python313\Lib\contextlib.py", line 162, in __exit__
    self.gen.throw(value)
    ~~~~~~~~~~~~~~^^^^^^^
  File "C:\Python313\Lib\site-packages\starlette\_utils.py", line 85, in collapse_excgroups
    raise exc
  File "C:\Python313\Lib\site-packages\starlette\middleware\base.py", line 193, in __call__
    response = await self.dispatch_func(request, call_next)
               ^^^^^^^^^^^^^^^^^^^^^^^^^^^^^^^^^^^^^^^^^^^^
  File "C:\Users\egorribun\Documents\university_ecosystem\app\core\sanitization.py", line 63, in dispatch
    return await call_next(request)
           ^^^^^^^^^^^^^^^^^^^^^^^^
  File "C:\Python313\Lib\site-packages\starlette\middleware\base.py", line 168, in call_next
    raise app_exc from app_exc.__cause__ or app_exc.__context__
  File "C:\Python313\Lib\site-packages\starlette\middleware\base.py", line 144, in coro
    await self.app(scope, receive_or_disconnect, send_no_error)
  File "c:\Users\egorribun\Documents\university_ecosystem\tests\conftest.py", line 98, in __call__
    await self.app(scope, receive, send)
  File "C:\Python313\Lib\site-packages\brotli_asgi\__init__.py", line 81, in __call__
    await br_responder(scope, receive, send)
  File "C:\Python313\Lib\site-packages\brotli_asgi\__init__.py", line 126, in __call__
    await self.app(scope, receive, self.send_with_brotli)
  File "C:\Python313\Lib\site-packages\starlette\middleware\base.py", line 191, in __call__
    with recv_stream, send_stream, collapse_excgroups():
                                   ~~~~~~~~~~~~~~~~~~^^
  File "C:\Python313\Lib\contextlib.py", line 162, in __exit__
    self.gen.throw(value)
    ~~~~~~~~~~~~~~^^^^^^^
  File "C:\Python313\Lib\site-packages\starlette\_utils.py", line 85, in collapse_excgroups
    raise exc
  File "C:\Python313\Lib\site-packages\starlette\middleware\base.py", line 193, in __call__
    response = await self.dispatch_func(request, call_next)
               ^^^^^^^^^^^^^^^^^^^^^^^^^^^^^^^^^^^^^^^^^^^^
  File "C:\Users\egorribun\Documents\university_ecosystem\app\core\metrics.py", line 538, in dispatch
    response = await call_next(request)
               ^^^^^^^^^^^^^^^^^^^^^^^^
  File "C:\Python313\Lib\site-packages\starlette\middleware\base.py", line 168, in call_next
    raise app_exc from app_exc.__cause__ or app_exc.__context__
  File "C:\Python313\Lib\site-packages\starlette\middleware\base.py", line 144, in coro
    await self.app(scope, receive_or_disconnect, send_no_error)
  File "C:\Python313\Lib\site-packages\starlette\middleware\base.py", line 191, in __call__
    with recv_stream, send_stream, collapse_excgroups():
                                   ~~~~~~~~~~~~~~~~~~^^
  File "C:\Python313\Lib\contextlib.py", line 162, in __exit__
    self.gen.throw(value)
    ~~~~~~~~~~~~~~^^^^^^^
  File "C:\Python313\Lib\site-packages\starlette\_utils.py", line 85, in collapse_excgroups
    raise exc
  File "C:\Python313\Lib\site-packages\starlette\middleware\base.py", line 193, in __call__
    response = await self.dispatch_func(request, call_next)
               ^^^^^^^^^^^^^^^^^^^^^^^^^^^^^^^^^^^^^^^^^^^^
  File "C:\Users\egorribun\Documents\university_ecosystem\app\core\observability.py", line 129, in dispatch
    response: Response = await call_next(request)
                         ^^^^^^^^^^^^^^^^^^^^^^^^
  File "C:\Python313\Lib\site-packages\starlette\middleware\base.py", line 168, in call_next
    raise app_exc from app_exc.__cause__ or app_exc.__context__
  File "C:\Python313\Lib\site-packages\starlette\middleware\base.py", line 144, in coro
    await self.app(scope, receive_or_disconnect, send_no_error)
  File "C:\Python313\Lib\site-packages\starlette\middleware\exceptions.py", line 63, in __call__
    await wrap_app_handling_exceptions(self.app, conn)(scope, receive, send)
  File "C:\Python313\Lib\site-packages\starlette\_exception_handler.py", line 53, in wrapped_app
    raise exc
  File "C:\Python313\Lib\site-packages\starlette\_exception_handler.py", line 42, in wrapped_app
    await app(scope, receive, sender)
  File "C:\Python313\Lib\site-packages\fastapi\middleware\asyncexitstack.py", line 18, in __call__
    await self.app(scope, receive, send)
  File "C:\Python313\Lib\site-packages\starlette\routing.py", line 716, in __call__
    await self.middleware_stack(scope, receive, send)
  File "C:\Python313\Lib\site-packages\starlette\routing.py", line 736, in app
    await route.handle(scope, receive, send)
  File "C:\Python313\Lib\site-packages\starlette\routing.py", line 290, in handle
    await self.app(scope, receive, send)
  File "C:\Python313\Lib\site-packages\fastapi\routing.py", line 115, in app
    await wrap_app_handling_exceptions(app, request)(scope, receive, send)
  File "C:\Python313\Lib\site-packages\starlette\_exception_handler.py", line 53, in wrapped_app
    raise exc
  File "C:\Python313\Lib\site-packages\starlette\_exception_handler.py", line 42, in wrapped_app
    await app(scope, receive, sender)
  File "C:\Python313\Lib\site-packages\fastapi\routing.py", line 101, in app
    response = await f(request)
               ^^^^^^^^^^^^^^^^
  File "C:\Python313\Lib\site-packages\fastapi\routing.py", line 355, in app
    raw_response = await run_endpoint_function(
                   ^^^^^^^^^^^^^^^^^^^^^^^^^^^^
    ...<3 lines>...
    )
    ^
  File "C:\Python313\Lib\site-packages\fastapi\routing.py", line 243, in run_endpoint_function
    return await dependant.call(**values)
           ^^^^^^^^^^^^^^^^^^^^^^^^^^^^^^
  File "C:\Users\egorribun\Documents\university_ecosystem\app\api\events.py", line 300, in all_events
    payload = await events.get_events(
              ^^^^^^^^^^^^^^^^^^^^^^^^
    ...<8 lines>...
    )
    ^
  File "C:\Users\egorribun\Documents\university_ecosystem\app\services\event_service.py", line 169, in get_events
    await self.repo.count_upcoming()
  File "C:\Users\egorribun\Documents\university_ecosystem\app\repositories\event_repository.py", line 63, in count_upcoming
    select(func.count(Event.id)).where(Event.start_date >= now)
                                       ^^^^^^^^^^^^^^^^
AttributeError: type object 'Event' has no attribute 'start_date'. Did you mean: 'starts_at'?

The above exception was the direct cause of the following exception:
tests\test_events_localization.py:77: in test_events_localization
    response_en = await async_client.get(
C:\Python313\Lib\site-packages\httpx\_client.py:1768: in get
    return await self.request(
C:\Python313\Lib\site-packages\httpx\_client.py:1540: in request
    return await self.send(request, auth=auth, follow_redirects=follow_redirects)
           ^^^^^^^^^^^^^^^^^^^^^^^^^^^^^^^^^^^^^^^^^^^^^^^^^^^^^^^^^^^^^^^^^^^^^^
C:\Python313\Lib\site-packages\httpx\_client.py:1629: in send
    response = await self._send_handling_auth(
C:\Python313\Lib\site-packages\httpx\_client.py:1657: in _send_handling_auth
    response = await self._send_handling_redirects(
C:\Python313\Lib\site-packages\httpx\_client.py:1694: in _send_handling_redirects
    response = await self._send_single_request(request)
               ^^^^^^^^^^^^^^^^^^^^^^^^^^^^^^^^^^^^^^^^
C:\Python313\Lib\site-packages\httpx\_client.py:1730: in _send_single_request
    response = await transport.handle_async_request(request)
               ^^^^^^^^^^^^^^^^^^^^^^^^^^^^^^^^^^^^^^^^^^^^^
C:\Python313\Lib\site-packages\httpx\_transports\asgi.py:170: in handle_async_request
    await self.app(scope, receive, send)
C:\Python313\Lib\site-packages\fastapi\applications.py:1135: in __call__
    await super().__call__(scope, receive, send)
C:\Python313\Lib\site-packages\starlette\applications.py:107: in __call__
    await self.middleware_stack(scope, receive, send)
C:\Python313\Lib\site-packages\starlette\middleware\errors.py:186: in __call__
    raise exc
C:\Python313\Lib\site-packages\starlette\middleware\errors.py:164: in __call__
    await self.app(scope, receive, _send)
C:\Python313\Lib\site-packages\starlette\middleware\cors.py:85: in __call__
    await self.app(scope, receive, send)
C:\Python313\Lib\site-packages\starlette\middleware\trustedhost.py:51: in __call__
    await self.app(scope, receive, send)
C:\Python313\Lib\site-packages\uvicorn\middleware\proxy_headers.py:60: in __call__
    return await self.app(scope, receive, send)
           ^^^^^^^^^^^^^^^^^^^^^^^^^^^^^^^^^^^^
C:\Python313\Lib\site-packages\starlette\middleware\base.py:191: in __call__
    with recv_stream, send_stream, collapse_excgroups():
                                   ^^^^^^^^^^^^^^^^^^^^
C:\Python313\Lib\contextlib.py:162: in __exit__
    self.gen.throw(value)
C:\Python313\Lib\site-packages\starlette\_utils.py:85: in collapse_excgroups
    raise exc
C:\Python313\Lib\site-packages\starlette\middleware\base.py:193: in __call__
    response = await self.dispatch_func(request, call_next)
               ^^^^^^^^^^^^^^^^^^^^^^^^^^^^^^^^^^^^^^^^^^^^
app\core\rate_limit.py:284: in dispatch
    response = await call_next(request)
               ^^^^^^^^^^^^^^^^^^^^^^^^
C:\Python313\Lib\site-packages\starlette\middleware\base.py:168: in call_next
    raise app_exc from app_exc.__cause__ or app_exc.__context__
C:\Python313\Lib\site-packages\starlette\middleware\base.py:144: in coro
    await self.app(scope, receive_or_disconnect, send_no_error)
C:\Python313\Lib\site-packages\starlette\middleware\base.py:191: in __call__
    with recv_stream, send_stream, collapse_excgroups():
                                   ^^^^^^^^^^^^^^^^^^^^
C:\Python313\Lib\contextlib.py:162: in __exit__
    self.gen.throw(value)
C:\Python313\Lib\site-packages\starlette\_utils.py:85: in collapse_excgroups
    raise exc
C:\Python313\Lib\site-packages\starlette\middleware\base.py:193: in __call__
    response = await self.dispatch_func(request, call_next)
               ^^^^^^^^^^^^^^^^^^^^^^^^^^^^^^^^^^^^^^^^^^^^
app\core\middleware.py:40: in _http_response_hardening
    response = await call_next(request)
               ^^^^^^^^^^^^^^^^^^^^^^^^
C:\Python313\Lib\site-packages\starlette\middleware\base.py:168: in call_next
    raise app_exc from app_exc.__cause__ or app_exc.__context__
C:\Python313\Lib\site-packages\starlette\middleware\base.py:144: in coro
    await self.app(scope, receive_or_disconnect, send_no_error)
C:\Python313\Lib\site-packages\starlette\middleware\base.py:191: in __call__
    with recv_stream, send_stream, collapse_excgroups():
                                   ^^^^^^^^^^^^^^^^^^^^
C:\Python313\Lib\contextlib.py:162: in __exit__
    self.gen.throw(value)
C:\Python313\Lib\site-packages\starlette\_utils.py:85: in collapse_excgroups
    raise exc
C:\Python313\Lib\site-packages\starlette\middleware\base.py:193: in __call__
    response = await self.dispatch_func(request, call_next)
               ^^^^^^^^^^^^^^^^^^^^^^^^^^^^^^^^^^^^^^^^^^^^
app\core\internal_access.py:34: in dispatch
    return await call_next(request)
           ^^^^^^^^^^^^^^^^^^^^^^^^
C:\Python313\Lib\site-packages\starlette\middleware\base.py:168: in call_next
    raise app_exc from app_exc.__cause__ or app_exc.__context__
C:\Python313\Lib\site-packages\starlette\middleware\base.py:144: in coro
    await self.app(scope, receive_or_disconnect, send_no_error)
C:\Python313\Lib\site-packages\starlette\middleware\base.py:191: in __call__
    with recv_stream, send_stream, collapse_excgroups():
                                   ^^^^^^^^^^^^^^^^^^^^
C:\Python313\Lib\contextlib.py:162: in __exit__
    self.gen.throw(value)
C:\Python313\Lib\site-packages\starlette\_utils.py:85: in collapse_excgroups
    raise exc
C:\Python313\Lib\site-packages\starlette\middleware\base.py:193: in __call__
    response = await self.dispatch_func(request, call_next)
               ^^^^^^^^^^^^^^^^^^^^^^^^^^^^^^^^^^^^^^^^^^^^
app\core\sanitization.py:63: in dispatch
    return await call_next(request)
           ^^^^^^^^^^^^^^^^^^^^^^^^
C:\Python313\Lib\site-packages\starlette\middleware\base.py:168: in call_next
    raise app_exc from app_exc.__cause__ or app_exc.__context__
C:\Python313\Lib\site-packages\starlette\middleware\base.py:144: in coro
    await self.app(scope, receive_or_disconnect, send_no_error)
tests\conftest.py:98: in __call__
    await self.app(scope, receive, send)
C:\Python313\Lib\site-packages\brotli_asgi\__init__.py:81: in __call__
    await br_responder(scope, receive, send)
C:\Python313\Lib\site-packages\brotli_asgi\__init__.py:126: in __call__
    await self.app(scope, receive, self.send_with_brotli)
C:\Python313\Lib\site-packages\starlette\middleware\base.py:191: in __call__
    with recv_stream, send_stream, collapse_excgroups():
                                   ^^^^^^^^^^^^^^^^^^^^
C:\Python313\Lib\contextlib.py:162: in __exit__
    self.gen.throw(value)
C:\Python313\Lib\site-packages\starlette\_utils.py:85: in collapse_excgroups
    raise exc
C:\Python313\Lib\site-packages\starlette\middleware\base.py:193: in __call__
    response = await self.dispatch_func(request, call_next)
               ^^^^^^^^^^^^^^^^^^^^^^^^^^^^^^^^^^^^^^^^^^^^
app\core\metrics.py:538: in dispatch
    response = await call_next(request)
               ^^^^^^^^^^^^^^^^^^^^^^^^
C:\Python313\Lib\site-packages\starlette\middleware\base.py:168: in call_next
    raise app_exc from app_exc.__cause__ or app_exc.__context__
C:\Python313\Lib\site-packages\starlette\middleware\base.py:144: in coro
    await self.app(scope, receive_or_disconnect, send_no_error)
C:\Python313\Lib\site-packages\starlette\middleware\base.py:191: in __call__
    with recv_stream, send_stream, collapse_excgroups():
                                   ^^^^^^^^^^^^^^^^^^^^
C:\Python313\Lib\contextlib.py:162: in __exit__
    self.gen.throw(value)
C:\Python313\Lib\site-packages\starlette\_utils.py:85: in collapse_excgroups
    raise exc
C:\Python313\Lib\site-packages\starlette\middleware\base.py:193: in __call__
    response = await self.dispatch_func(request, call_next)
               ^^^^^^^^^^^^^^^^^^^^^^^^^^^^^^^^^^^^^^^^^^^^
app\core\observability.py:129: in dispatch
    response: Response = await call_next(request)
                         ^^^^^^^^^^^^^^^^^^^^^^^^
C:\Python313\Lib\site-packages\starlette\middleware\base.py:168: in call_next
    raise app_exc from app_exc.__cause__ or app_exc.__context__
C:\Python313\Lib\site-packages\starlette\middleware\base.py:144: in coro
    await self.app(scope, receive_or_disconnect, send_no_error)
C:\Python313\Lib\site-packages\starlette\middleware\exceptions.py:63: in __call__
    await wrap_app_handling_exceptions(self.app, conn)(scope, receive, send)
C:\Python313\Lib\site-packages\starlette\_exception_handler.py:53: in wrapped_app
    raise exc
C:\Python313\Lib\site-packages\starlette\_exception_handler.py:42: in wrapped_app
    await app(scope, receive, sender)
C:\Python313\Lib\site-packages\fastapi\middleware\asyncexitstack.py:18: in __call__
    await self.app(scope, receive, send)
C:\Python313\Lib\site-packages\starlette\routing.py:716: in __call__
    await self.middleware_stack(scope, receive, send)
C:\Python313\Lib\site-packages\starlette\routing.py:736: in app
    await route.handle(scope, receive, send)
C:\Python313\Lib\site-packages\starlette\routing.py:290: in handle
    await self.app(scope, receive, send)
C:\Python313\Lib\site-packages\fastapi\routing.py:115: in app
    await wrap_app_handling_exceptions(app, request)(scope, receive, send)
C:\Python313\Lib\site-packages\starlette\_exception_handler.py:53: in wrapped_app
    raise exc
C:\Python313\Lib\site-packages\starlette\_exception_handler.py:42: in wrapped_app
    await app(scope, receive, sender)
C:\Python313\Lib\site-packages\fastapi\routing.py:101: in app
    response = await f(request)
               ^^^^^^^^^^^^^^^^
C:\Python313\Lib\site-packages\fastapi\routing.py:355: in app
    raw_response = await run_endpoint_function(
C:\Python313\Lib\site-packages\fastapi\routing.py:243: in run_endpoint_function
    return await dependant.call(**values)
           ^^^^^^^^^^^^^^^^^^^^^^^^^^^^^^
app\api\events.py:300: in all_events
    payload = await events.get_events(
app\services\event_service.py:169: in get_events
    await self.repo.count_upcoming()
app\repositories\event_repository.py:63: in count_upcoming
    select(func.count(Event.id)).where(Event.start_date >= now)
                                       ^^^^^^^^^^^^^^^^
E   AttributeError: type object 'Event' has no attribute 'start_date'. Did you mean: 'starts_at'?
---------------------------- Captured stderr setup ----------------------------
{"timestamp": "2026-01-30T19:05:05.229Z", "level": "INFO", "logger": "app.core.events", "message": "Domain event persistence listeners registered.", "service_name": "university-ecosystem", "environment": "testing"}
{"timestamp": "2026-01-30T19:05:05.229Z", "level": "INFO", "logger": "app.services.event_handlers", "message": "Domain event handlers configured", "service_name": "university-ecosystem", "environment": "testing"}
{"timestamp": "2026-01-30T19:05:05.230Z", "level": "INFO", "logger": "app.services.cache_warmup", "message": "Cache warmup disabled, skipping", "service_name": "university-ecosystem", "environment": "testing"}
{"timestamp": "2026-01-30T19:05:05.231Z", "level": "INFO", "logger": "app.workers.outbox", "message": "OutboxWorker started", "service_name": "university-ecosystem", "environment": "testing"}
----------------------------- Captured log setup ------------------------------
[32mINFO    [0m app.core.events:events.py:265 Domain event persistence listeners registered.
[32mINFO    [0m app.services.event_handlers:event_handlers.py:171 Domain event handlers configured
[32mINFO    [0m app.services.cache_warmup:cache_warmup.py:252 Cache warmup disabled, skipping
[32mINFO    [0m app.workers.outbox:outbox.py:31 OutboxWorker started
---------------------------- Captured stdout call -----------------------------
DEBUG: Validating policy for length 13
---------------------------- Captured stderr call -----------------------------
{"timestamp": "2026-01-30T19:05:06.502Z", "level": "INFO", "logger": "app.auth", "message": "{\"event\": \"auth.login.success\", \"user_id\": \"2\", \"request_id\": \"fdbd2113a5424ae8846c5b0a327cf69a\", \"ip\": \"127.0.0.1\", \"path\": \"/api/v1/auth/login\", \"method\": \"POST\", \"reason\": \"authenticated\"}", "trace_id": "fdbd2113a5424ae8846c5b0a327cf69a", "request_id": "fdbd2113a5424ae8846c5b0a327cf69a", "service_name": "university-ecosystem", "environment": "testing", "event": "auth.login.success", "user_id": "2", "ip": "127.0.0.1", "path": "/api/v1/auth/login", "method": "POST", "reason": "authenticated"}
{"timestamp": "2026-01-30T19:05:06.509Z", "level": "INFO", "logger": "httpx", "message": "HTTP Request: POST http://testserver/api/v1/auth/login \"HTTP/1.1 200 OK\"", "service_name": "university-ecosystem", "environment": "testing"}
------------------------------ Captured log call ------------------------------
[32mINFO    [0m app.auth:audit_service.py:147 {"event": "auth.login.success", "user_id": "2", "request_id": "fdbd2113a5424ae8846c5b0a327cf69a", "ip": "127.0.0.1", "path": "/api/v1/auth/login", "method": "POST", "reason": "authenticated"}
[32mINFO    [0m httpx:_client.py:1740 HTTP Request: POST http://testserver/api/v1/auth/login "HTTP/1.1 200 OK"
____________ test_get_all_events_cursor_respects_ordering_and_gaps ____________
[gw10] win32 -- Python 3.13.11 C:\Python313\python.exe
tests\test_event_time_constraints.py:191: in test_get_all_events_cursor_respects_ordering_and_gaps
    first_page = await e_service.get_events(
app\services\event_service.py:169: in get_events
    await self.repo.count_upcoming()
app\repositories\event_repository.py:63: in count_upcoming
    select(func.count(Event.id)).where(Event.start_date >= now)
                                       ^^^^^^^^^^^^^^^^
E   AttributeError: type object 'Event' has no attribute 'start_date'. Did you mean: 'starts_at'?
__________ test_get_all_events_cursor_skips_total_on_followup_pages ___________
[gw10] win32 -- Python 3.13.11 C:\Python313\python.exe
tests\test_event_time_constraints.py:246: in test_get_all_events_cursor_skips_total_on_followup_pages
    first_page = await e_service.get_events(
app\services\event_service.py:169: in get_events
    await self.repo.count_upcoming()
app\repositories\event_repository.py:63: in count_upcoming
    select(func.count(Event.id)).where(Event.start_date >= now)
                                       ^^^^^^^^^^^^^^^^
E   AttributeError: type object 'Event' has no attribute 'start_date'. Did you mean: 'starts_at'?
__________________ test_create_event_records_enqueue_failure __________________
[gw6] win32 -- Python 3.13.11 C:\Python313\python.exe
  + Exception Group Traceback (most recent call last):
  |   File "C:\Python313\Lib\site-packages\starlette\_utils.py", line 79, in collapse_excgroups
  |     yield
  |   File "C:\Python313\Lib\site-packages\starlette\middleware\base.py", line 192, in __call__
  |     async with anyio.create_task_group() as task_group:
  |                ~~~~~~~~~~~~~~~~~~~~~~~^^
  |   File "C:\Python313\Lib\site-packages\anyio\_backends\_asyncio.py", line 783, in __aexit__
  |     raise BaseExceptionGroup(
  |         "unhandled errors in a TaskGroup", self._exceptions
  |     ) from None
  | ExceptionGroup: unhandled errors in a TaskGroup (1 sub-exception)
  +-+---------------- 1 ----------------
    | Traceback (most recent call last):
    |   File "C:\Python313\Lib\site-packages\_pytest\runner.py", line 353, in from_call
    |     result: TResult | None = func()
    |                              ~~~~^^
    |   File "C:\Python313\Lib\site-packages\_pytest\runner.py", line 245, in <lambda>
    |     lambda: runtest_hook(item=item, **kwds),
    |             ~~~~~~~~~~~~^^^^^^^^^^^^^^^^^^^
    |   File "C:\Python313\Lib\site-packages\pluggy\_hooks.py", line 512, in __call__
    |     return self._hookexec(self.name, self._hookimpls.copy(), kwargs, firstresult)
    |            ~~~~~~~~~~~~~~^^^^^^^^^^^^^^^^^^^^^^^^^^^^^^^^^^^^^^^^^^^^^^^^^^^^^^^^
    |   File "C:\Python313\Lib\site-packages\pluggy\_manager.py", line 120, in _hookexec
    |     return self._inner_hookexec(hook_name, methods, kwargs, firstresult)
    |            ~~~~~~~~~~~~~~~~~~~~^^^^^^^^^^^^^^^^^^^^^^^^^^^^^^^^^^^^^^^^^
    |   File "C:\Python313\Lib\site-packages\pluggy\_callers.py", line 167, in _multicall
    |     raise exception
    |   File "C:\Python313\Lib\site-packages\pluggy\_callers.py", line 139, in _multicall
    |     teardown.throw(exception)
    |     ~~~~~~~~~~~~~~^^^^^^^^^^^
    |   File "C:\Python313\Lib\site-packages\_pytest\logging.py", line 850, in pytest_runtest_call
    |     yield
    |   File "C:\Python313\Lib\site-packages\pluggy\_callers.py", line 139, in _multicall
    |     teardown.throw(exception)
    |     ~~~~~~~~~~~~~~^^^^^^^^^^^
    |   File "C:\Python313\Lib\site-packages\_pytest\capture.py", line 900, in pytest_runtest_call
    |     return (yield)
    |             ^^^^^
    |   File "C:\Python313\Lib\site-packages\pluggy\_callers.py", line 139, in _multicall
    |     teardown.throw(exception)
    |     ~~~~~~~~~~~~~~^^^^^^^^^^^
    |   File "C:\Python313\Lib\site-packages\pluggy\_callers.py", line 53, in run_old_style_hookwrapper
    |     return result.get_result()
    |            ~~~~~~~~~~~~~~~~~^^
    |   File "C:\Python313\Lib\site-packages\pluggy\_result.py", line 103, in get_result
    |     raise exc.with_traceback(tb)
    |   File "C:\Python313\Lib\site-packages\pluggy\_callers.py", line 38, in run_old_style_hookwrapper
    |     res = yield
    |           ^^^^^
    |   File "C:\Python313\Lib\site-packages\pluggy\_callers.py", line 139, in _multicall
    |     teardown.throw(exception)
    |     ~~~~~~~~~~~~~~^^^^^^^^^^^
    |   File "C:\Python313\Lib\site-packages\_pytest\skipping.py", line 268, in pytest_runtest_call
    |     return (yield)
    |             ^^^^^
    |   File "C:\Python313\Lib\site-packages\pluggy\_callers.py", line 121, in _multicall
    |     res = hook_impl.function(*args)
    |   File "C:\Python313\Lib\site-packages\_pytest\runner.py", line 179, in pytest_runtest_call
    |     item.runtest()
    |     ~~~~~~~~~~~~^^
    |   File "C:\Python313\Lib\site-packages\pytest_asyncio\plugin.py", line 469, in runtest
    |     super().runtest()
    |     ~~~~~~~~~~~~~~~^^
    |   File "C:\Python313\Lib\site-packages\_pytest\python.py", line 1720, in runtest
    |     self.ihook.pytest_pyfunc_call(pyfuncitem=self)
    |     ~~~~~~~~~~~~~~~~~~~~~~~~~~~~~^^^^^^^^^^^^^^^^^
    |   File "C:\Python313\Lib\site-packages\pluggy\_hooks.py", line 512, in __call__
    |     return self._hookexec(self.name, self._hookimpls.copy(), kwargs, firstresult)
    |            ~~~~~~~~~~~~~~^^^^^^^^^^^^^^^^^^^^^^^^^^^^^^^^^^^^^^^^^^^^^^^^^^^^^^^^
    |   File "C:\Python313\Lib\site-packages\pluggy\_manager.py", line 120, in _hookexec
    |     return self._inner_hookexec(hook_name, methods, kwargs, firstresult)
    |            ~~~~~~~~~~~~~~~~~~~~^^^^^^^^^^^^^^^^^^^^^^^^^^^^^^^^^^^^^^^^^
    |   File "C:\Python313\Lib\site-packages\pluggy\_callers.py", line 167, in _multicall
    |     raise exception
    |   File "C:\Python313\Lib\site-packages\pluggy\_callers.py", line 139, in _multicall
    |     teardown.throw(exception)
    |     ~~~~~~~~~~~~~~^^^^^^^^^^^
    |   File "C:\Python313\Lib\site-packages\pluggy\_callers.py", line 53, in run_old_style_hookwrapper
    |     return result.get_result()
    |            ~~~~~~~~~~~~~~~~~^^
    |   File "C:\Python313\Lib\site-packages\pluggy\_result.py", line 103, in get_result
    |     raise exc.with_traceback(tb)
    |   File "C:\Python313\Lib\site-packages\pluggy\_callers.py", line 38, in run_old_style_hookwrapper
    |     res = yield
    |           ^^^^^
    |   File "C:\Python313\Lib\site-packages\pluggy\_callers.py", line 121, in _multicall
    |     res = hook_impl.function(*args)
    |   File "C:\Python313\Lib\site-packages\_pytest\python.py", line 166, in pytest_pyfunc_call
    |     result = testfunction(**testargs)
    |   File "C:\Python313\Lib\site-packages\pytest_asyncio\plugin.py", line 716, in inner
    |     runner.run(coro, context=context)
    |     ~~~~~~~~~~^^^^^^^^^^^^^^^^^^^^^^^
    |   File "C:\Python313\Lib\asyncio\runners.py", line 118, in run
    |     return self._loop.run_until_complete(task)
    |            ~~~~~~~~~~~~~~~~~~~~~~~~~~~~~^^^^^^
    |   File "C:\Python313\Lib\asyncio\base_events.py", line 725, in run_until_complete
    |     return future.result()
    |            ~~~~~~~~~~~~~^^
    |   File "C:\Users\egorribun\Documents\university_ecosystem\tests\test_events_localization.py", line 169, in test_create_event_records_enqueue_failure
    |     response = await async_client.post("/events", headers=headers, json=payload)
    |                ^^^^^^^^^^^^^^^^^^^^^^^^^^^^^^^^^^^^^^^^^^^^^^^^^^^^^^^^^^^^^^^^^
    |   File "C:\Python313\Lib\site-packages\httpx\_client.py", line 1859, in post
    |     return await self.request(
    |            ^^^^^^^^^^^^^^^^^^^
    |     ...<13 lines>...
    |     )
    |     ^
    |   File "C:\Python313\Lib\site-packages\httpx\_client.py", line 1540, in request
    |     return await self.send(request, auth=auth, follow_redirects=follow_redirects)
    |            ^^^^^^^^^^^^^^^^^^^^^^^^^^^^^^^^^^^^^^^^^^^^^^^^^^^^^^^^^^^^^^^^^^^^^^
    |   File "C:\Python313\Lib\site-packages\httpx\_client.py", line 1629, in send
    |     response = await self._send_handling_auth(
    |                ^^^^^^^^^^^^^^^^^^^^^^^^^^^^^^^
    |     ...<4 lines>...
    |     )
    |     ^
    |   File "C:\Python313\Lib\site-packages\httpx\_client.py", line 1657, in _send_handling_auth
    |     response = await self._send_handling_redirects(
    |                ^^^^^^^^^^^^^^^^^^^^^^^^^^^^^^^^^^^^
    |     ...<3 lines>...
    |     )
    |     ^
    |   File "C:\Python313\Lib\site-packages\httpx\_client.py", line 1694, in _send_handling_redirects
    |     response = await self._send_single_request(request)
    |                ^^^^^^^^^^^^^^^^^^^^^^^^^^^^^^^^^^^^^^^^
    |   File "C:\Python313\Lib\site-packages\httpx\_client.py", line 1730, in _send_single_request
    |     response = await transport.handle_async_request(request)
    |                ^^^^^^^^^^^^^^^^^^^^^^^^^^^^^^^^^^^^^^^^^^^^^
    |   File "C:\Python313\Lib\site-packages\httpx\_transports\asgi.py", line 170, in handle_async_request
    |     await self.app(scope, receive, send)
    |   File "C:\Python313\Lib\site-packages\fastapi\applications.py", line 1135, in __call__
    |     await super().__call__(scope, receive, send)
    |   File "C:\Python313\Lib\site-packages\starlette\applications.py", line 107, in __call__
    |     await self.middleware_stack(scope, receive, send)
    |   File "C:\Python313\Lib\site-packages\starlette\middleware\errors.py", line 186, in __call__
    |     raise exc
    |   File "C:\Python313\Lib\site-packages\starlette\middleware\errors.py", line 164, in __call__
    |     await self.app(scope, receive, _send)
    |   File "C:\Python313\Lib\site-packages\starlette\middleware\cors.py", line 85, in __call__
    |     await self.app(scope, receive, send)
    |   File "C:\Python313\Lib\site-packages\starlette\middleware\trustedhost.py", line 51, in __call__
    |     await self.app(scope, receive, send)
    |   File "C:\Python313\Lib\site-packages\uvicorn\middleware\proxy_headers.py", line 60, in __call__
    |     return await self.app(scope, receive, send)
    |            ^^^^^^^^^^^^^^^^^^^^^^^^^^^^^^^^^^^^
    |   File "C:\Python313\Lib\site-packages\starlette\middleware\base.py", line 191, in __call__
    |     with recv_stream, send_stream, collapse_excgroups():
    |                                    ~~~~~~~~~~~~~~~~~~^^
    |   File "C:\Python313\Lib\contextlib.py", line 162, in __exit__
    |     self.gen.throw(value)
    |     ~~~~~~~~~~~~~~^^^^^^^
    |   File "C:\Python313\Lib\site-packages\starlette\_utils.py", line 85, in collapse_excgroups
    |     raise exc
    |   File "C:\Python313\Lib\site-packages\starlette\middleware\base.py", line 193, in __call__
    |     response = await self.dispatch_func(request, call_next)
    |                ^^^^^^^^^^^^^^^^^^^^^^^^^^^^^^^^^^^^^^^^^^^^
    |   File "C:\Users\egorribun\Documents\university_ecosystem\app\core\rate_limit.py", line 284, in dispatch
    |     response = await call_next(request)
    |                ^^^^^^^^^^^^^^^^^^^^^^^^
    |   File "C:\Python313\Lib\site-packages\starlette\middleware\base.py", line 168, in call_next
    |     raise app_exc from app_exc.__cause__ or app_exc.__context__
    |   File "C:\Python313\Lib\site-packages\starlette\middleware\base.py", line 144, in coro
    |     await self.app(scope, receive_or_disconnect, send_no_error)
    |   File "C:\Python313\Lib\site-packages\starlette\middleware\base.py", line 191, in __call__
    |     with recv_stream, send_stream, collapse_excgroups():
    |                                    ~~~~~~~~~~~~~~~~~~^^
    |   File "C:\Python313\Lib\contextlib.py", line 162, in __exit__
    |     self.gen.throw(value)
    |     ~~~~~~~~~~~~~~^^^^^^^
    |   File "C:\Python313\Lib\site-packages\starlette\_utils.py", line 85, in collapse_excgroups
    |     raise exc
    |   File "C:\Python313\Lib\site-packages\starlette\middleware\base.py", line 193, in __call__
    |     response = await self.dispatch_func(request, call_next)
    |                ^^^^^^^^^^^^^^^^^^^^^^^^^^^^^^^^^^^^^^^^^^^^
    |   File "C:\Users\egorribun\Documents\university_ecosystem\app\core\middleware.py", line 40, in _http_response_hardening
    |     response = await call_next(request)
    |                ^^^^^^^^^^^^^^^^^^^^^^^^
    |   File "C:\Python313\Lib\site-packages\starlette\middleware\base.py", line 168, in call_next
    |     raise app_exc from app_exc.__cause__ or app_exc.__context__
    |   File "C:\Python313\Lib\site-packages\starlette\middleware\base.py", line 144, in coro
    |     await self.app(scope, receive_or_disconnect, send_no_error)
    |   File "C:\Python313\Lib\site-packages\starlette\middleware\base.py", line 191, in __call__
    |     with recv_stream, send_stream, collapse_excgroups():
    |                                    ~~~~~~~~~~~~~~~~~~^^
    |   File "C:\Python313\Lib\contextlib.py", line 162, in __exit__
    |     self.gen.throw(value)
    |     ~~~~~~~~~~~~~~^^^^^^^
    |   File "C:\Python313\Lib\site-packages\starlette\_utils.py", line 85, in collapse_excgroups
    |     raise exc
    |   File "C:\Python313\Lib\site-packages\starlette\middleware\base.py", line 193, in __call__
    |     response = await self.dispatch_func(request, call_next)
    |                ^^^^^^^^^^^^^^^^^^^^^^^^^^^^^^^^^^^^^^^^^^^^
    |   File "C:\Users\egorribun\Documents\university_ecosystem\app\core\internal_access.py", line 34, in dispatch
    |     return await call_next(request)
    |            ^^^^^^^^^^^^^^^^^^^^^^^^
    |   File "C:\Python313\Lib\site-packages\starlette\middleware\base.py", line 168, in call_next
    |     raise app_exc from app_exc.__cause__ or app_exc.__context__
    |   File "C:\Python313\Lib\site-packages\starlette\middleware\base.py", line 144, in coro
    |     await self.app(scope, receive_or_disconnect, send_no_error)
    |   File "C:\Python313\Lib\site-packages\starlette\middleware\base.py", line 191, in __call__
    |     with recv_stream, send_stream, collapse_excgroups():
    |                                    ~~~~~~~~~~~~~~~~~~^^
    |   File "C:\Python313\Lib\contextlib.py", line 162, in __exit__
    |     self.gen.throw(value)
    |     ~~~~~~~~~~~~~~^^^^^^^
    |   File "C:\Python313\Lib\site-packages\starlette\_utils.py", line 85, in collapse_excgroups
    |     raise exc
    |   File "C:\Python313\Lib\site-packages\starlette\middleware\base.py", line 193, in __call__
    |     response = await self.dispatch_func(request, call_next)
    |                ^^^^^^^^^^^^^^^^^^^^^^^^^^^^^^^^^^^^^^^^^^^^
    |   File "C:\Users\egorribun\Documents\university_ecosystem\app\core\sanitization.py", line 94, in dispatch
    |     return await call_next(request)
    |            ^^^^^^^^^^^^^^^^^^^^^^^^
    |   File "C:\Python313\Lib\site-packages\starlette\middleware\base.py", line 168, in call_next
    |     raise app_exc from app_exc.__cause__ or app_exc.__context__
    |   File "C:\Python313\Lib\site-packages\starlette\middleware\base.py", line 144, in coro
    |     await self.app(scope, receive_or_disconnect, send_no_error)
    |   File "c:\Users\egorribun\Documents\university_ecosystem\tests\conftest.py", line 98, in __call__
    |     await self.app(scope, receive, send)
    |   File "C:\Python313\Lib\site-packages\brotli_asgi\__init__.py", line 81, in __call__
    |     await br_responder(scope, receive, send)
    |   File "C:\Python313\Lib\site-packages\brotli_asgi\__init__.py", line 126, in __call__
    |     await self.app(scope, receive, self.send_with_brotli)
    |   File "C:\Python313\Lib\site-packages\starlette\middleware\base.py", line 191, in __call__
    |     with recv_stream, send_stream, collapse_excgroups():
    |                                    ~~~~~~~~~~~~~~~~~~^^
    |   File "C:\Python313\Lib\contextlib.py", line 162, in __exit__
    |     self.gen.throw(value)
    |     ~~~~~~~~~~~~~~^^^^^^^
    |   File "C:\Python313\Lib\site-packages\starlette\_utils.py", line 85, in collapse_excgroups
    |     raise exc
    |   File "C:\Python313\Lib\site-packages\starlette\middleware\base.py", line 193, in __call__
    |     response = await self.dispatch_func(request, call_next)
    |                ^^^^^^^^^^^^^^^^^^^^^^^^^^^^^^^^^^^^^^^^^^^^
    |   File "C:\Users\egorribun\Documents\university_ecosystem\app\core\metrics.py", line 538, in dispatch
    |     response = await call_next(request)
    |                ^^^^^^^^^^^^^^^^^^^^^^^^
    |   File "C:\Python313\Lib\site-packages\starlette\middleware\base.py", line 168, in call_next
    |     raise app_exc from app_exc.__cause__ or app_exc.__context__
    |   File "C:\Python313\Lib\site-packages\starlette\middleware\base.py", line 144, in coro
    |     await self.app(scope, receive_or_disconnect, send_no_error)
    |   File "C:\Python313\Lib\site-packages\starlette\middleware\base.py", line 191, in __call__
    |     with recv_stream, send_stream, collapse_excgroups():
    |                                    ~~~~~~~~~~~~~~~~~~^^
    |   File "C:\Python313\Lib\contextlib.py", line 162, in __exit__
    |     self.gen.throw(value)
    |     ~~~~~~~~~~~~~~^^^^^^^
    |   File "C:\Python313\Lib\site-packages\starlette\_utils.py", line 85, in collapse_excgroups
    |     raise exc
    |   File "C:\Python313\Lib\site-packages\starlette\middleware\base.py", line 193, in __call__
    |     response = await self.dispatch_func(request, call_next)
    |                ^^^^^^^^^^^^^^^^^^^^^^^^^^^^^^^^^^^^^^^^^^^^
    |   File "C:\Users\egorribun\Documents\university_ecosystem\app\core\observability.py", line 129, in dispatch
    |     response: Response = await call_next(request)
    |                          ^^^^^^^^^^^^^^^^^^^^^^^^
    |   File "C:\Python313\Lib\site-packages\starlette\middleware\base.py", line 168, in call_next
    |     raise app_exc from app_exc.__cause__ or app_exc.__context__
    |   File "C:\Python313\Lib\site-packages\starlette\middleware\base.py", line 144, in coro
    |     await self.app(scope, receive_or_disconnect, send_no_error)
    |   File "C:\Python313\Lib\site-packages\starlette\middleware\exceptions.py", line 63, in __call__
    |     await wrap_app_handling_exceptions(self.app, conn)(scope, receive, send)
    |   File "C:\Python313\Lib\site-packages\starlette\_exception_handler.py", line 53, in wrapped_app
    |     raise exc
    |   File "C:\Python313\Lib\site-packages\starlette\_exception_handler.py", line 42, in wrapped_app
    |     await app(scope, receive, sender)
    |   File "C:\Python313\Lib\site-packages\fastapi\middleware\asyncexitstack.py", line 18, in __call__
    |     await self.app(scope, receive, send)
    |   File "C:\Python313\Lib\site-packages\starlette\routing.py", line 716, in __call__
    |     await self.middleware_stack(scope, receive, send)
    |   File "C:\Python313\Lib\site-packages\starlette\routing.py", line 736, in app
    |     await route.handle(scope, receive, send)
    |   File "C:\Python313\Lib\site-packages\starlette\routing.py", line 290, in handle
    |     await self.app(scope, receive, send)
    |   File "C:\Python313\Lib\site-packages\fastapi\routing.py", line 115, in app
    |     await wrap_app_handling_exceptions(app, request)(scope, receive, send)
    |   File "C:\Python313\Lib\site-packages\starlette\_exception_handler.py", line 53, in wrapped_app
    |     raise exc
    |   File "C:\Python313\Lib\site-packages\starlette\_exception_handler.py", line 42, in wrapped_app
    |     await app(scope, receive, sender)
    |   File "C:\Python313\Lib\site-packages\fastapi\routing.py", line 101, in app
    |     response = await f(request)
    |                ^^^^^^^^^^^^^^^^
    |   File "C:\Python313\Lib\site-packages\fastapi\routing.py", line 355, in app
    |     raw_response = await run_endpoint_function(
    |                    ^^^^^^^^^^^^^^^^^^^^^^^^^^^^
    |     ...<3 lines>...
    |     )
    |     ^
    |   File "C:\Python313\Lib\site-packages\fastapi\routing.py", line 243, in run_endpoint_function
    |     return await dependant.call(**values)
    |            ^^^^^^^^^^^^^^^^^^^^^^^^^^^^^^
    |   File "C:\Users\egorribun\Documents\university_ecosystem\app\api\events.py", line 231, in create_event
    |     return events.serialize_event(record, locale)
    |            ~~~~~~~~~~~~~~~~~~~~~~^^^^^^^^^^^^^^^^
    |   File "C:\Users\egorribun\Documents\university_ecosystem\app\services\event_service.py", line 130, in serialize_event
    |     return schemas.EventOut.model_validate(data)
    |            ~~~~~~~~~~~~~~~~~~~~~~~~~~~~~~~^^^^^^
    |   File "C:\Python313\Lib\site-packages\pydantic\main.py", line 716, in model_validate
    |     return cls.__pydantic_validator__.validate_python(
    |            ~~~~~~~~~~~~~~~~~~~~~~~~~~~~~~~~~~~~~~~~~~^
    |         obj,
    |         ^^^^
    |     ...<5 lines>...
    |         by_name=by_name,
    |         ^^^^^^^^^^^^^^^^
    |     )
    |     ^
    | pydantic_core._pydantic_core.ValidationError: 1 validation error for EventOut
    | title
    |   Input should be a valid string [type=string_type, input_value=None, input_type=NoneType]
    |     For further information visit https://errors.pydantic.dev/2.12/v/string_type
    +------------------------------------

The above exception was the direct cause of the following exception:

Traceback (most recent call last):
  File "C:\Users\egorribun\Documents\university_ecosystem\tests\test_events_localization.py", line 169, in test_create_event_records_enqueue_failure
    response = await async_client.post("/events", headers=headers, json=payload)
               ^^^^^^^^^^^^^^^^^^^^^^^^^^^^^^^^^^^^^^^^^^^^^^^^^^^^^^^^^^^^^^^^^
  File "C:\Python313\Lib\site-packages\httpx\_client.py", line 1859, in post
    return await self.request(
           ^^^^^^^^^^^^^^^^^^^
    ...<13 lines>...
    )
    ^
  File "C:\Python313\Lib\site-packages\httpx\_client.py", line 1540, in request
    return await self.send(request, auth=auth, follow_redirects=follow_redirects)
           ^^^^^^^^^^^^^^^^^^^^^^^^^^^^^^^^^^^^^^^^^^^^^^^^^^^^^^^^^^^^^^^^^^^^^^
  File "C:\Python313\Lib\site-packages\httpx\_client.py", line 1629, in send
    response = await self._send_handling_auth(
               ^^^^^^^^^^^^^^^^^^^^^^^^^^^^^^^
    ...<4 lines>...
    )
    ^
  File "C:\Python313\Lib\site-packages\httpx\_client.py", line 1657, in _send_handling_auth
    response = await self._send_handling_redirects(
               ^^^^^^^^^^^^^^^^^^^^^^^^^^^^^^^^^^^^
    ...<3 lines>...
    )
    ^
  File "C:\Python313\Lib\site-packages\httpx\_client.py", line 1694, in _send_handling_redirects
    response = await self._send_single_request(request)
               ^^^^^^^^^^^^^^^^^^^^^^^^^^^^^^^^^^^^^^^^
  File "C:\Python313\Lib\site-packages\httpx\_client.py", line 1730, in _send_single_request
    response = await transport.handle_async_request(request)
               ^^^^^^^^^^^^^^^^^^^^^^^^^^^^^^^^^^^^^^^^^^^^^
  File "C:\Python313\Lib\site-packages\httpx\_transports\asgi.py", line 170, in handle_async_request
    await self.app(scope, receive, send)
  File "C:\Python313\Lib\site-packages\fastapi\applications.py", line 1135, in __call__
    await super().__call__(scope, receive, send)
  File "C:\Python313\Lib\site-packages\starlette\applications.py", line 107, in __call__
    await self.middleware_stack(scope, receive, send)
  File "C:\Python313\Lib\site-packages\starlette\middleware\errors.py", line 186, in __call__
    raise exc
  File "C:\Python313\Lib\site-packages\starlette\middleware\errors.py", line 164, in __call__
    await self.app(scope, receive, _send)
  File "C:\Python313\Lib\site-packages\starlette\middleware\cors.py", line 85, in __call__
    await self.app(scope, receive, send)
  File "C:\Python313\Lib\site-packages\starlette\middleware\trustedhost.py", line 51, in __call__
    await self.app(scope, receive, send)
  File "C:\Python313\Lib\site-packages\uvicorn\middleware\proxy_headers.py", line 60, in __call__
    return await self.app(scope, receive, send)
           ^^^^^^^^^^^^^^^^^^^^^^^^^^^^^^^^^^^^
  File "C:\Python313\Lib\site-packages\starlette\middleware\base.py", line 191, in __call__
    with recv_stream, send_stream, collapse_excgroups():
                                   ~~~~~~~~~~~~~~~~~~^^
  File "C:\Python313\Lib\contextlib.py", line 162, in __exit__
    self.gen.throw(value)
    ~~~~~~~~~~~~~~^^^^^^^
  File "C:\Python313\Lib\site-packages\starlette\_utils.py", line 85, in collapse_excgroups
    raise exc
  File "C:\Python313\Lib\site-packages\starlette\middleware\base.py", line 193, in __call__
    response = await self.dispatch_func(request, call_next)
               ^^^^^^^^^^^^^^^^^^^^^^^^^^^^^^^^^^^^^^^^^^^^
  File "C:\Users\egorribun\Documents\university_ecosystem\app\core\rate_limit.py", line 284, in dispatch
    response = await call_next(request)
               ^^^^^^^^^^^^^^^^^^^^^^^^
  File "C:\Python313\Lib\site-packages\starlette\middleware\base.py", line 168, in call_next
    raise app_exc from app_exc.__cause__ or app_exc.__context__
  File "C:\Python313\Lib\site-packages\starlette\middleware\base.py", line 144, in coro
    await self.app(scope, receive_or_disconnect, send_no_error)
  File "C:\Python313\Lib\site-packages\starlette\middleware\base.py", line 191, in __call__
    with recv_stream, send_stream, collapse_excgroups():
                                   ~~~~~~~~~~~~~~~~~~^^
  File "C:\Python313\Lib\contextlib.py", line 162, in __exit__
    self.gen.throw(value)
    ~~~~~~~~~~~~~~^^^^^^^
  File "C:\Python313\Lib\site-packages\starlette\_utils.py", line 85, in collapse_excgroups
    raise exc
  File "C:\Python313\Lib\site-packages\starlette\middleware\base.py", line 193, in __call__
    response = await self.dispatch_func(request, call_next)
               ^^^^^^^^^^^^^^^^^^^^^^^^^^^^^^^^^^^^^^^^^^^^
  File "C:\Users\egorribun\Documents\university_ecosystem\app\core\middleware.py", line 40, in _http_response_hardening
    response = await call_next(request)
               ^^^^^^^^^^^^^^^^^^^^^^^^
  File "C:\Python313\Lib\site-packages\starlette\middleware\base.py", line 168, in call_next
    raise app_exc from app_exc.__cause__ or app_exc.__context__
  File "C:\Python313\Lib\site-packages\starlette\middleware\base.py", line 144, in coro
    await self.app(scope, receive_or_disconnect, send_no_error)
  File "C:\Python313\Lib\site-packages\starlette\middleware\base.py", line 191, in __call__
    with recv_stream, send_stream, collapse_excgroups():
                                   ~~~~~~~~~~~~~~~~~~^^
  File "C:\Python313\Lib\contextlib.py", line 162, in __exit__
    self.gen.throw(value)
    ~~~~~~~~~~~~~~^^^^^^^
  File "C:\Python313\Lib\site-packages\starlette\_utils.py", line 85, in collapse_excgroups
    raise exc
  File "C:\Python313\Lib\site-packages\starlette\middleware\base.py", line 193, in __call__
    response = await self.dispatch_func(request, call_next)
               ^^^^^^^^^^^^^^^^^^^^^^^^^^^^^^^^^^^^^^^^^^^^
  File "C:\Users\egorribun\Documents\university_ecosystem\app\core\internal_access.py", line 34, in dispatch
    return await call_next(request)
           ^^^^^^^^^^^^^^^^^^^^^^^^
  File "C:\Python313\Lib\site-packages\starlette\middleware\base.py", line 168, in call_next
    raise app_exc from app_exc.__cause__ or app_exc.__context__
  File "C:\Python313\Lib\site-packages\starlette\middleware\base.py", line 144, in coro
    await self.app(scope, receive_or_disconnect, send_no_error)
  File "C:\Python313\Lib\site-packages\starlette\middleware\base.py", line 191, in __call__
    with recv_stream, send_stream, collapse_excgroups():
                                   ~~~~~~~~~~~~~~~~~~^^
  File "C:\Python313\Lib\contextlib.py", line 162, in __exit__
    self.gen.throw(value)
    ~~~~~~~~~~~~~~^^^^^^^
  File "C:\Python313\Lib\site-packages\starlette\_utils.py", line 85, in collapse_excgroups
    raise exc
  File "C:\Python313\Lib\site-packages\starlette\middleware\base.py", line 193, in __call__
    response = await self.dispatch_func(request, call_next)
               ^^^^^^^^^^^^^^^^^^^^^^^^^^^^^^^^^^^^^^^^^^^^
  File "C:\Users\egorribun\Documents\university_ecosystem\app\core\sanitization.py", line 94, in dispatch
    return await call_next(request)
           ^^^^^^^^^^^^^^^^^^^^^^^^
  File "C:\Python313\Lib\site-packages\starlette\middleware\base.py", line 168, in call_next
    raise app_exc from app_exc.__cause__ or app_exc.__context__
  File "C:\Python313\Lib\site-packages\starlette\middleware\base.py", line 144, in coro
    await self.app(scope, receive_or_disconnect, send_no_error)
  File "c:\Users\egorribun\Documents\university_ecosystem\tests\conftest.py", line 98, in __call__
    await self.app(scope, receive, send)
  File "C:\Python313\Lib\site-packages\brotli_asgi\__init__.py", line 81, in __call__
    await br_responder(scope, receive, send)
  File "C:\Python313\Lib\site-packages\brotli_asgi\__init__.py", line 126, in __call__
    await self.app(scope, receive, self.send_with_brotli)
  File "C:\Python313\Lib\site-packages\starlette\middleware\base.py", line 191, in __call__
    with recv_stream, send_stream, collapse_excgroups():
                                   ~~~~~~~~~~~~~~~~~~^^
  File "C:\Python313\Lib\contextlib.py", line 162, in __exit__
    self.gen.throw(value)
    ~~~~~~~~~~~~~~^^^^^^^
  File "C:\Python313\Lib\site-packages\starlette\_utils.py", line 85, in collapse_excgroups
    raise exc
  File "C:\Python313\Lib\site-packages\starlette\middleware\base.py", line 193, in __call__
    response = await self.dispatch_func(request, call_next)
               ^^^^^^^^^^^^^^^^^^^^^^^^^^^^^^^^^^^^^^^^^^^^
  File "C:\Users\egorribun\Documents\university_ecosystem\app\core\metrics.py", line 538, in dispatch
    response = await call_next(request)
               ^^^^^^^^^^^^^^^^^^^^^^^^
  File "C:\Python313\Lib\site-packages\starlette\middleware\base.py", line 168, in call_next
    raise app_exc from app_exc.__cause__ or app_exc.__context__
  File "C:\Python313\Lib\site-packages\starlette\middleware\base.py", line 144, in coro
    await self.app(scope, receive_or_disconnect, send_no_error)
  File "C:\Python313\Lib\site-packages\starlette\middleware\base.py", line 191, in __call__
    with recv_stream, send_stream, collapse_excgroups():
                                   ~~~~~~~~~~~~~~~~~~^^
  File "C:\Python313\Lib\contextlib.py", line 162, in __exit__
    self.gen.throw(value)
    ~~~~~~~~~~~~~~^^^^^^^
  File "C:\Python313\Lib\site-packages\starlette\_utils.py", line 85, in collapse_excgroups
    raise exc
  File "C:\Python313\Lib\site-packages\starlette\middleware\base.py", line 193, in __call__
    response = await self.dispatch_func(request, call_next)
               ^^^^^^^^^^^^^^^^^^^^^^^^^^^^^^^^^^^^^^^^^^^^
  File "C:\Users\egorribun\Documents\university_ecosystem\app\core\observability.py", line 129, in dispatch
    response: Response = await call_next(request)
                         ^^^^^^^^^^^^^^^^^^^^^^^^
  File "C:\Python313\Lib\site-packages\starlette\middleware\base.py", line 168, in call_next
    raise app_exc from app_exc.__cause__ or app_exc.__context__
  File "C:\Python313\Lib\site-packages\starlette\middleware\base.py", line 144, in coro
    await self.app(scope, receive_or_disconnect, send_no_error)
  File "C:\Python313\Lib\site-packages\starlette\middleware\exceptions.py", line 63, in __call__
    await wrap_app_handling_exceptions(self.app, conn)(scope, receive, send)
  File "C:\Python313\Lib\site-packages\starlette\_exception_handler.py", line 53, in wrapped_app
    raise exc
  File "C:\Python313\Lib\site-packages\starlette\_exception_handler.py", line 42, in wrapped_app
    await app(scope, receive, sender)
  File "C:\Python313\Lib\site-packages\fastapi\middleware\asyncexitstack.py", line 18, in __call__
    await self.app(scope, receive, send)
  File "C:\Python313\Lib\site-packages\starlette\routing.py", line 716, in __call__
    await self.middleware_stack(scope, receive, send)
  File "C:\Python313\Lib\site-packages\starlette\routing.py", line 736, in app
    await route.handle(scope, receive, send)
  File "C:\Python313\Lib\site-packages\starlette\routing.py", line 290, in handle
    await self.app(scope, receive, send)
  File "C:\Python313\Lib\site-packages\fastapi\routing.py", line 115, in app
    await wrap_app_handling_exceptions(app, request)(scope, receive, send)
  File "C:\Python313\Lib\site-packages\starlette\_exception_handler.py", line 53, in wrapped_app
    raise exc
  File "C:\Python313\Lib\site-packages\starlette\_exception_handler.py", line 42, in wrapped_app
    await app(scope, receive, sender)
  File "C:\Python313\Lib\site-packages\fastapi\routing.py", line 101, in app
    response = await f(request)
               ^^^^^^^^^^^^^^^^
  File "C:\Python313\Lib\site-packages\fastapi\routing.py", line 355, in app
    raw_response = await run_endpoint_function(
                   ^^^^^^^^^^^^^^^^^^^^^^^^^^^^
    ...<3 lines>...
    )
    ^
  File "C:\Python313\Lib\site-packages\fastapi\routing.py", line 243, in run_endpoint_function
    return await dependant.call(**values)
           ^^^^^^^^^^^^^^^^^^^^^^^^^^^^^^
  File "C:\Users\egorribun\Documents\university_ecosystem\app\api\events.py", line 231, in create_event
    return events.serialize_event(record, locale)
           ~~~~~~~~~~~~~~~~~~~~~~^^^^^^^^^^^^^^^^
  File "C:\Users\egorribun\Documents\university_ecosystem\app\services\event_service.py", line 130, in serialize_event
    return schemas.EventOut.model_validate(data)
           ~~~~~~~~~~~~~~~~~~~~~~~~~~~~~~~^^^^^^
  File "C:\Python313\Lib\site-packages\pydantic\main.py", line 716, in model_validate
    return cls.__pydantic_validator__.validate_python(
           ~~~~~~~~~~~~~~~~~~~~~~~~~~~~~~~~~~~~~~~~~~^
        obj,
        ^^^^
    ...<5 lines>...
        by_name=by_name,
        ^^^^^^^^^^^^^^^^
    )
    ^
pydantic_core._pydantic_core.ValidationError: 1 validation error for EventOut
title
  Input should be a valid string [type=string_type, input_value=None, input_type=NoneType]
    For further information visit https://errors.pydantic.dev/2.12/v/string_type

The above exception was the direct cause of the following exception:
tests\test_events_localization.py:169: in test_create_event_records_enqueue_failure
    response = await async_client.post("/events", headers=headers, json=payload)
               ^^^^^^^^^^^^^^^^^^^^^^^^^^^^^^^^^^^^^^^^^^^^^^^^^^^^^^^^^^^^^^^^^
C:\Python313\Lib\site-packages\httpx\_client.py:1859: in post
    return await self.request(
C:\Python313\Lib\site-packages\httpx\_client.py:1540: in request
    return await self.send(request, auth=auth, follow_redirects=follow_redirects)
           ^^^^^^^^^^^^^^^^^^^^^^^^^^^^^^^^^^^^^^^^^^^^^^^^^^^^^^^^^^^^^^^^^^^^^^
C:\Python313\Lib\site-packages\httpx\_client.py:1629: in send
    response = await self._send_handling_auth(
C:\Python313\Lib\site-packages\httpx\_client.py:1657: in _send_handling_auth
    response = await self._send_handling_redirects(
C:\Python313\Lib\site-packages\httpx\_client.py:1694: in _send_handling_redirects
    response = await self._send_single_request(request)
               ^^^^^^^^^^^^^^^^^^^^^^^^^^^^^^^^^^^^^^^^
C:\Python313\Lib\site-packages\httpx\_client.py:1730: in _send_single_request
    response = await transport.handle_async_request(request)
               ^^^^^^^^^^^^^^^^^^^^^^^^^^^^^^^^^^^^^^^^^^^^^
C:\Python313\Lib\site-packages\httpx\_transports\asgi.py:170: in handle_async_request
    await self.app(scope, receive, send)
C:\Python313\Lib\site-packages\fastapi\applications.py:1135: in __call__
    await super().__call__(scope, receive, send)
C:\Python313\Lib\site-packages\starlette\applications.py:107: in __call__
    await self.middleware_stack(scope, receive, send)
C:\Python313\Lib\site-packages\starlette\middleware\errors.py:186: in __call__
    raise exc
C:\Python313\Lib\site-packages\starlette\middleware\errors.py:164: in __call__
    await self.app(scope, receive, _send)
C:\Python313\Lib\site-packages\starlette\middleware\cors.py:85: in __call__
    await self.app(scope, receive, send)
C:\Python313\Lib\site-packages\starlette\middleware\trustedhost.py:51: in __call__
    await self.app(scope, receive, send)
C:\Python313\Lib\site-packages\uvicorn\middleware\proxy_headers.py:60: in __call__
    return await self.app(scope, receive, send)
           ^^^^^^^^^^^^^^^^^^^^^^^^^^^^^^^^^^^^
C:\Python313\Lib\site-packages\starlette\middleware\base.py:191: in __call__
    with recv_stream, send_stream, collapse_excgroups():
                                   ^^^^^^^^^^^^^^^^^^^^
C:\Python313\Lib\contextlib.py:162: in __exit__
    self.gen.throw(value)
C:\Python313\Lib\site-packages\starlette\_utils.py:85: in collapse_excgroups
    raise exc
C:\Python313\Lib\site-packages\starlette\middleware\base.py:193: in __call__
    response = await self.dispatch_func(request, call_next)
               ^^^^^^^^^^^^^^^^^^^^^^^^^^^^^^^^^^^^^^^^^^^^
app\core\rate_limit.py:284: in dispatch
    response = await call_next(request)
               ^^^^^^^^^^^^^^^^^^^^^^^^
C:\Python313\Lib\site-packages\starlette\middleware\base.py:168: in call_next
    raise app_exc from app_exc.__cause__ or app_exc.__context__
C:\Python313\Lib\site-packages\starlette\middleware\base.py:144: in coro
    await self.app(scope, receive_or_disconnect, send_no_error)
C:\Python313\Lib\site-packages\starlette\middleware\base.py:191: in __call__
    with recv_stream, send_stream, collapse_excgroups():
                                   ^^^^^^^^^^^^^^^^^^^^
C:\Python313\Lib\contextlib.py:162: in __exit__
    self.gen.throw(value)
C:\Python313\Lib\site-packages\starlette\_utils.py:85: in collapse_excgroups
    raise exc
C:\Python313\Lib\site-packages\starlette\middleware\base.py:193: in __call__
    response = await self.dispatch_func(request, call_next)
               ^^^^^^^^^^^^^^^^^^^^^^^^^^^^^^^^^^^^^^^^^^^^
app\core\middleware.py:40: in _http_response_hardening
    response = await call_next(request)
               ^^^^^^^^^^^^^^^^^^^^^^^^
C:\Python313\Lib\site-packages\starlette\middleware\base.py:168: in call_next
    raise app_exc from app_exc.__cause__ or app_exc.__context__
C:\Python313\Lib\site-packages\starlette\middleware\base.py:144: in coro
    await self.app(scope, receive_or_disconnect, send_no_error)
C:\Python313\Lib\site-packages\starlette\middleware\base.py:191: in __call__
    with recv_stream, send_stream, collapse_excgroups():
                                   ^^^^^^^^^^^^^^^^^^^^
C:\Python313\Lib\contextlib.py:162: in __exit__
    self.gen.throw(value)
C:\Python313\Lib\site-packages\starlette\_utils.py:85: in collapse_excgroups
    raise exc
C:\Python313\Lib\site-packages\starlette\middleware\base.py:193: in __call__
    response = await self.dispatch_func(request, call_next)
               ^^^^^^^^^^^^^^^^^^^^^^^^^^^^^^^^^^^^^^^^^^^^
app\core\internal_access.py:34: in dispatch
    return await call_next(request)
           ^^^^^^^^^^^^^^^^^^^^^^^^
C:\Python313\Lib\site-packages\starlette\middleware\base.py:168: in call_next
    raise app_exc from app_exc.__cause__ or app_exc.__context__
C:\Python313\Lib\site-packages\starlette\middleware\base.py:144: in coro
    await self.app(scope, receive_or_disconnect, send_no_error)
C:\Python313\Lib\site-packages\starlette\middleware\base.py:191: in __call__
    with recv_stream, send_stream, collapse_excgroups():
                                   ^^^^^^^^^^^^^^^^^^^^
C:\Python313\Lib\contextlib.py:162: in __exit__
    self.gen.throw(value)
C:\Python313\Lib\site-packages\starlette\_utils.py:85: in collapse_excgroups
    raise exc
C:\Python313\Lib\site-packages\starlette\middleware\base.py:193: in __call__
    response = await self.dispatch_func(request, call_next)
               ^^^^^^^^^^^^^^^^^^^^^^^^^^^^^^^^^^^^^^^^^^^^
app\core\sanitization.py:94: in dispatch
    return await call_next(request)
           ^^^^^^^^^^^^^^^^^^^^^^^^
C:\Python313\Lib\site-packages\starlette\middleware\base.py:168: in call_next
    raise app_exc from app_exc.__cause__ or app_exc.__context__
C:\Python313\Lib\site-packages\starlette\middleware\base.py:144: in coro
    await self.app(scope, receive_or_disconnect, send_no_error)
tests\conftest.py:98: in __call__
    await self.app(scope, receive, send)
C:\Python313\Lib\site-packages\brotli_asgi\__init__.py:81: in __call__
    await br_responder(scope, receive, send)
C:\Python313\Lib\site-packages\brotli_asgi\__init__.py:126: in __call__
    await self.app(scope, receive, self.send_with_brotli)
C:\Python313\Lib\site-packages\starlette\middleware\base.py:191: in __call__
    with recv_stream, send_stream, collapse_excgroups():
                                   ^^^^^^^^^^^^^^^^^^^^
C:\Python313\Lib\contextlib.py:162: in __exit__
    self.gen.throw(value)
C:\Python313\Lib\site-packages\starlette\_utils.py:85: in collapse_excgroups
    raise exc
C:\Python313\Lib\site-packages\starlette\middleware\base.py:193: in __call__
    response = await self.dispatch_func(request, call_next)
               ^^^^^^^^^^^^^^^^^^^^^^^^^^^^^^^^^^^^^^^^^^^^
app\core\metrics.py:538: in dispatch
    response = await call_next(request)
               ^^^^^^^^^^^^^^^^^^^^^^^^
C:\Python313\Lib\site-packages\starlette\middleware\base.py:168: in call_next
    raise app_exc from app_exc.__cause__ or app_exc.__context__
C:\Python313\Lib\site-packages\starlette\middleware\base.py:144: in coro
    await self.app(scope, receive_or_disconnect, send_no_error)
C:\Python313\Lib\site-packages\starlette\middleware\base.py:191: in __call__
    with recv_stream, send_stream, collapse_excgroups():
                                   ^^^^^^^^^^^^^^^^^^^^
C:\Python313\Lib\contextlib.py:162: in __exit__
    self.gen.throw(value)
C:\Python313\Lib\site-packages\starlette\_utils.py:85: in collapse_excgroups
    raise exc
C:\Python313\Lib\site-packages\starlette\middleware\base.py:193: in __call__
    response = await self.dispatch_func(request, call_next)
               ^^^^^^^^^^^^^^^^^^^^^^^^^^^^^^^^^^^^^^^^^^^^
app\core\observability.py:129: in dispatch
    response: Response = await call_next(request)
                         ^^^^^^^^^^^^^^^^^^^^^^^^
C:\Python313\Lib\site-packages\starlette\middleware\base.py:168: in call_next
    raise app_exc from app_exc.__cause__ or app_exc.__context__
C:\Python313\Lib\site-packages\starlette\middleware\base.py:144: in coro
    await self.app(scope, receive_or_disconnect, send_no_error)
C:\Python313\Lib\site-packages\starlette\middleware\exceptions.py:63: in __call__
    await wrap_app_handling_exceptions(self.app, conn)(scope, receive, send)
C:\Python313\Lib\site-packages\starlette\_exception_handler.py:53: in wrapped_app
    raise exc
C:\Python313\Lib\site-packages\starlette\_exception_handler.py:42: in wrapped_app
    await app(scope, receive, sender)
C:\Python313\Lib\site-packages\fastapi\middleware\asyncexitstack.py:18: in __call__
    await self.app(scope, receive, send)
C:\Python313\Lib\site-packages\starlette\routing.py:716: in __call__
    await self.middleware_stack(scope, receive, send)
C:\Python313\Lib\site-packages\starlette\routing.py:736: in app
    await route.handle(scope, receive, send)
C:\Python313\Lib\site-packages\starlette\routing.py:290: in handle
    await self.app(scope, receive, send)
C:\Python313\Lib\site-packages\fastapi\routing.py:115: in app
    await wrap_app_handling_exceptions(app, request)(scope, receive, send)
C:\Python313\Lib\site-packages\starlette\_exception_handler.py:53: in wrapped_app
    raise exc
C:\Python313\Lib\site-packages\starlette\_exception_handler.py:42: in wrapped_app
    await app(scope, receive, sender)
C:\Python313\Lib\site-packages\fastapi\routing.py:101: in app
    response = await f(request)
               ^^^^^^^^^^^^^^^^
C:\Python313\Lib\site-packages\fastapi\routing.py:355: in app
    raw_response = await run_endpoint_function(
C:\Python313\Lib\site-packages\fastapi\routing.py:243: in run_endpoint_function
    return await dependant.call(**values)
           ^^^^^^^^^^^^^^^^^^^^^^^^^^^^^^
app\api\events.py:231: in create_event
    return events.serialize_event(record, locale)
           ^^^^^^^^^^^^^^^^^^^^^^^^^^^^^^^^^^^^^^
app\services\event_service.py:130: in serialize_event
    return schemas.EventOut.model_validate(data)
           ^^^^^^^^^^^^^^^^^^^^^^^^^^^^^^^^^^^^^
E   pydantic_core._pydantic_core.ValidationError: 1 validation error for EventOut
E   title
E     Input should be a valid string [type=string_type, input_value=None, input_type=NoneType]
E       For further information visit https://errors.pydantic.dev/2.12/v/string_type
---------------------------- Captured stderr setup ----------------------------
{"timestamp": "2026-01-30T19:05:07.327Z", "level": "INFO", "logger": "app.core.events", "message": "Domain event persistence listeners registered.", "service_name": "university-ecosystem", "environment": "testing"}
{"timestamp": "2026-01-30T19:05:07.327Z", "level": "INFO", "logger": "app.services.event_handlers", "message": "Domain event handlers configured", "service_name": "university-ecosystem", "environment": "testing"}
{"timestamp": "2026-01-30T19:05:07.329Z", "level": "INFO", "logger": "app.services.cache_warmup", "message": "Cache warmup disabled, skipping", "service_name": "university-ecosystem", "environment": "testing"}
{"timestamp": "2026-01-30T19:05:07.329Z", "level": "INFO", "logger": "app.workers.outbox", "message": "OutboxWorker started", "service_name": "university-ecosystem", "environment": "testing"}
----------------------------- Captured log setup ------------------------------
[32mINFO    [0m app.core.events:events.py:265 Domain event persistence listeners registered.
[32mINFO    [0m app.services.event_handlers:event_handlers.py:171 Domain event handlers configured
[32mINFO    [0m app.services.cache_warmup:cache_warmup.py:252 Cache warmup disabled, skipping
[32mINFO    [0m app.workers.outbox:outbox.py:31 OutboxWorker started
---------------------------- Captured stdout call -----------------------------
DEBUG: Validating policy for length 15
---------------------------- Captured stderr call -----------------------------
{"timestamp": "2026-01-30T19:05:07.472Z", "level": "INFO", "logger": "app.auth", "message": "{\"event\": \"auth.login.success\", \"user_id\": \"1\", \"request_id\": \"5d5e72792b60452f9939cc57cef3fd37\", \"ip\": \"127.0.0.1\", \"path\": \"/api/v1/auth/login\", \"method\": \"POST\", \"reason\": \"authenticated\"}", "trace_id": "5d5e72792b60452f9939cc57cef3fd37", "request_id": "5d5e72792b60452f9939cc57cef3fd37", "service_name": "university-ecosystem", "environment": "testing", "event": "auth.login.success", "user_id": "1", "ip": "127.0.0.1", "path": "/api/v1/auth/login", "method": "POST", "reason": "authenticated"}
{"timestamp": "2026-01-30T19:05:07.478Z", "level": "INFO", "logger": "httpx", "message": "HTTP Request: POST http://testserver/api/v1/auth/login \"HTTP/1.1 200 OK\"", "service_name": "university-ecosystem", "environment": "testing"}
{"timestamp": "2026-01-30T19:05:07.704Z", "level": "ERROR", "logger": "app.services.notification_queue", "message": "Failed to enqueue event notification for ID 3 (source=NotificationService.dispatch_event_created): notification queue unavailable", "trace_id": "7f84f23bb60a4ee6a4ab6b2395c3b5d0", "request_id": "7f84f23bb60a4ee6a4ab6b2395c3b5d0", "service_name": "university-ecosystem", "environment": "testing"}
{"timestamp": "2026-01-30T19:05:07.704Z", "level": "ERROR", "logger": "app.services.notification_service", "message": "Failed to enqueue event notification", "trace_id": "7f84f23bb60a4ee6a4ab6b2395c3b5d0", "request_id": "7f84f23bb60a4ee6a4ab6b2395c3b5d0", "service_name": "university-ecosystem", "environment": "testing", "event_id": 3, "exc_info": "Traceback (most recent call last):\n  File \"C:\\Users\\egorribun\\Documents\\university_ecosystem\\app\\services\\notification_service.py\", line 24, in dispatch_event_created\n    background.add_task(\n    ~~~~~~~~~~~~~~~~~~~^\n        notification_queue.enqueue_event_notification,\n        ^^^^^^^^^^^^^^^^^^^^^^^^^^^^^^^^^^^^^^^^^^^^^^\n        event_id,\n        ^^^^^^^^^\n        locale=locale,\n        ^^^^^^^^^^^^^^\n    )\n    ^\n  File \"C:\\Users\\egorribun\\Documents\\university_ecosystem\\tests\\test_events_localization.py\", line 157, in _failing_add_task\n    raise RuntimeError(\"notification queue unavailable\")\nRuntimeError: notification queue unavailable"}
------------------------------ Captured log call ------------------------------
[32mINFO    [0m app.auth:audit_service.py:147 {"event": "auth.login.success", "user_id": "1", "request_id": "5d5e72792b60452f9939cc57cef3fd37", "ip": "127.0.0.1", "path": "/api/v1/auth/login", "method": "POST", "reason": "authenticated"}
[32mINFO    [0m httpx:_client.py:1740 HTTP Request: POST http://testserver/api/v1/auth/login "HTTP/1.1 200 OK"
[31m[1mERROR   [0m app.services.notification_queue:notification_queue.py:91 Failed to enqueue event notification for ID 3 (source=NotificationService.dispatch_event_created): notification queue unavailable
[31m[1mERROR   [0m app.services.notification_service:notification_service.py:35 Failed to enqueue event notification
Traceback (most recent call last):
  File "C:\Users\egorribun\Documents\university_ecosystem\app\services\notification_service.py", line 24, in dispatch_event_created
    background.add_task(
    ~~~~~~~~~~~~~~~~~~~^
        notification_queue.enqueue_event_notification,
        ^^^^^^^^^^^^^^^^^^^^^^^^^^^^^^^^^^^^^^^^^^^^^^
        event_id,
        ^^^^^^^^^
        locale=locale,
        ^^^^^^^^^^^^^^
    )
    ^
  File "C:\Users\egorribun\Documents\university_ecosystem\tests\test_events_localization.py", line 157, in _failing_add_task
    raise RuntimeError("notification queue unavailable")
RuntimeError: notification queue unavailable
____________ test_event_detail_returns_qr_code_after_registration _____________
[gw10] win32 -- Python 3.13.11 C:\Python313\python.exe
  + Exception Group Traceback (most recent call last):
  |   File "C:\Python313\Lib\site-packages\starlette\_utils.py", line 79, in collapse_excgroups
  |     yield
  |   File "C:\Python313\Lib\site-packages\starlette\middleware\base.py", line 192, in __call__
  |     async with anyio.create_task_group() as task_group:
  |                ~~~~~~~~~~~~~~~~~~~~~~~^^
  |   File "C:\Python313\Lib\site-packages\anyio\_backends\_asyncio.py", line 783, in __aexit__
  |     raise BaseExceptionGroup(
  |         "unhandled errors in a TaskGroup", self._exceptions
  |     ) from None
  | ExceptionGroup: unhandled errors in a TaskGroup (1 sub-exception)
  +-+---------------- 1 ----------------
    | Traceback (most recent call last):
    |   File "C:\Python313\Lib\site-packages\_pytest\runner.py", line 353, in from_call
    |     result: TResult | None = func()
    |                              ~~~~^^
    |   File "C:\Python313\Lib\site-packages\_pytest\runner.py", line 245, in <lambda>
    |     lambda: runtest_hook(item=item, **kwds),
    |             ~~~~~~~~~~~~^^^^^^^^^^^^^^^^^^^
    |   File "C:\Python313\Lib\site-packages\pluggy\_hooks.py", line 512, in __call__
    |     return self._hookexec(self.name, self._hookimpls.copy(), kwargs, firstresult)
    |            ~~~~~~~~~~~~~~^^^^^^^^^^^^^^^^^^^^^^^^^^^^^^^^^^^^^^^^^^^^^^^^^^^^^^^^
    |   File "C:\Python313\Lib\site-packages\pluggy\_manager.py", line 120, in _hookexec
    |     return self._inner_hookexec(hook_name, methods, kwargs, firstresult)
    |            ~~~~~~~~~~~~~~~~~~~~^^^^^^^^^^^^^^^^^^^^^^^^^^^^^^^^^^^^^^^^^
    |   File "C:\Python313\Lib\site-packages\pluggy\_callers.py", line 167, in _multicall
    |     raise exception
    |   File "C:\Python313\Lib\site-packages\pluggy\_callers.py", line 139, in _multicall
    |     teardown.throw(exception)
    |     ~~~~~~~~~~~~~~^^^^^^^^^^^
    |   File "C:\Python313\Lib\site-packages\_pytest\logging.py", line 850, in pytest_runtest_call
    |     yield
    |   File "C:\Python313\Lib\site-packages\pluggy\_callers.py", line 139, in _multicall
    |     teardown.throw(exception)
    |     ~~~~~~~~~~~~~~^^^^^^^^^^^
    |   File "C:\Python313\Lib\site-packages\_pytest\capture.py", line 900, in pytest_runtest_call
    |     return (yield)
    |             ^^^^^
    |   File "C:\Python313\Lib\site-packages\pluggy\_callers.py", line 139, in _multicall
    |     teardown.throw(exception)
    |     ~~~~~~~~~~~~~~^^^^^^^^^^^
    |   File "C:\Python313\Lib\site-packages\pluggy\_callers.py", line 53, in run_old_style_hookwrapper
    |     return result.get_result()
    |            ~~~~~~~~~~~~~~~~~^^
    |   File "C:\Python313\Lib\site-packages\pluggy\_result.py", line 103, in get_result
    |     raise exc.with_traceback(tb)
    |   File "C:\Python313\Lib\site-packages\pluggy\_callers.py", line 38, in run_old_style_hookwrapper
    |     res = yield
    |           ^^^^^
    |   File "C:\Python313\Lib\site-packages\pluggy\_callers.py", line 139, in _multicall
    |     teardown.throw(exception)
    |     ~~~~~~~~~~~~~~^^^^^^^^^^^
    |   File "C:\Python313\Lib\site-packages\_pytest\skipping.py", line 268, in pytest_runtest_call
    |     return (yield)
    |             ^^^^^
    |   File "C:\Python313\Lib\site-packages\pluggy\_callers.py", line 121, in _multicall
    |     res = hook_impl.function(*args)
    |   File "C:\Python313\Lib\site-packages\_pytest\runner.py", line 179, in pytest_runtest_call
    |     item.runtest()
    |     ~~~~~~~~~~~~^^
    |   File "C:\Python313\Lib\site-packages\pytest_asyncio\plugin.py", line 469, in runtest
    |     super().runtest()
    |     ~~~~~~~~~~~~~~~^^
    |   File "C:\Python313\Lib\site-packages\_pytest\python.py", line 1720, in runtest
    |     self.ihook.pytest_pyfunc_call(pyfuncitem=self)
    |     ~~~~~~~~~~~~~~~~~~~~~~~~~~~~~^^^^^^^^^^^^^^^^^
    |   File "C:\Python313\Lib\site-packages\pluggy\_hooks.py", line 512, in __call__
    |     return self._hookexec(self.name, self._hookimpls.copy(), kwargs, firstresult)
    |            ~~~~~~~~~~~~~~^^^^^^^^^^^^^^^^^^^^^^^^^^^^^^^^^^^^^^^^^^^^^^^^^^^^^^^^
    |   File "C:\Python313\Lib\site-packages\pluggy\_manager.py", line 120, in _hookexec
    |     return self._inner_hookexec(hook_name, methods, kwargs, firstresult)
    |            ~~~~~~~~~~~~~~~~~~~~^^^^^^^^^^^^^^^^^^^^^^^^^^^^^^^^^^^^^^^^^
    |   File "C:\Python313\Lib\site-packages\pluggy\_callers.py", line 167, in _multicall
    |     raise exception
    |   File "C:\Python313\Lib\site-packages\pluggy\_callers.py", line 139, in _multicall
    |     teardown.throw(exception)
    |     ~~~~~~~~~~~~~~^^^^^^^^^^^
    |   File "C:\Python313\Lib\site-packages\pluggy\_callers.py", line 53, in run_old_style_hookwrapper
    |     return result.get_result()
    |            ~~~~~~~~~~~~~~~~~^^
    |   File "C:\Python313\Lib\site-packages\pluggy\_result.py", line 103, in get_result
    |     raise exc.with_traceback(tb)
    |   File "C:\Python313\Lib\site-packages\pluggy\_callers.py", line 38, in run_old_style_hookwrapper
    |     res = yield
    |           ^^^^^
    |   File "C:\Python313\Lib\site-packages\pluggy\_callers.py", line 121, in _multicall
    |     res = hook_impl.function(*args)
    |   File "C:\Python313\Lib\site-packages\_pytest\python.py", line 166, in pytest_pyfunc_call
    |     result = testfunction(**testargs)
    |   File "C:\Python313\Lib\site-packages\pytest_asyncio\plugin.py", line 716, in inner
    |     runner.run(coro, context=context)
    |     ~~~~~~~~~~^^^^^^^^^^^^^^^^^^^^^^^
    |   File "C:\Python313\Lib\asyncio\runners.py", line 118, in run
    |     return self._loop.run_until_complete(task)
    |            ~~~~~~~~~~~~~~~~~~~~~~~~~~~~~^^^^^^
    |   File "C:\Python313\Lib\asyncio\base_events.py", line 725, in run_until_complete
    |     return future.result()
    |            ~~~~~~~~~~~~~^^
    |   File "C:\Users\egorribun\Documents\university_ecosystem\tests\test_event_time_constraints.py", line 300, in test_event_detail_returns_qr_code_after_registration
    |     detail_response = await async_client.get(f"/events/{event.id}", headers=headers)
    |                       ^^^^^^^^^^^^^^^^^^^^^^^^^^^^^^^^^^^^^^^^^^^^^^^^^^^^^^^^^^^^^^
    |   File "C:\Python313\Lib\site-packages\httpx\_client.py", line 1768, in get
    |     return await self.request(
    |            ^^^^^^^^^^^^^^^^^^^
    |     ...<9 lines>...
    |     )
    |     ^
    |   File "C:\Python313\Lib\site-packages\httpx\_client.py", line 1540, in request
    |     return await self.send(request, auth=auth, follow_redirects=follow_redirects)
    |            ^^^^^^^^^^^^^^^^^^^^^^^^^^^^^^^^^^^^^^^^^^^^^^^^^^^^^^^^^^^^^^^^^^^^^^
    |   File "C:\Python313\Lib\site-packages\httpx\_client.py", line 1629, in send
    |     response = await self._send_handling_auth(
    |                ^^^^^^^^^^^^^^^^^^^^^^^^^^^^^^^
    |     ...<4 lines>...
    |     )
    |     ^
    |   File "C:\Python313\Lib\site-packages\httpx\_client.py", line 1657, in _send_handling_auth
    |     response = await self._send_handling_redirects(
    |                ^^^^^^^^^^^^^^^^^^^^^^^^^^^^^^^^^^^^
    |     ...<3 lines>...
    |     )
    |     ^
    |   File "C:\Python313\Lib\site-packages\httpx\_client.py", line 1694, in _send_handling_redirects
    |     response = await self._send_single_request(request)
    |                ^^^^^^^^^^^^^^^^^^^^^^^^^^^^^^^^^^^^^^^^
    |   File "C:\Python313\Lib\site-packages\httpx\_client.py", line 1730, in _send_single_request
    |     response = await transport.handle_async_request(request)
    |                ^^^^^^^^^^^^^^^^^^^^^^^^^^^^^^^^^^^^^^^^^^^^^
    |   File "C:\Python313\Lib\site-packages\httpx\_transports\asgi.py", line 170, in handle_async_request
    |     await self.app(scope, receive, send)
    |   File "C:\Python313\Lib\site-packages\fastapi\applications.py", line 1135, in __call__
    |     await super().__call__(scope, receive, send)
    |   File "C:\Python313\Lib\site-packages\starlette\applications.py", line 107, in __call__
    |     await self.middleware_stack(scope, receive, send)
    |   File "C:\Python313\Lib\site-packages\starlette\middleware\errors.py", line 186, in __call__
    |     raise exc
    |   File "C:\Python313\Lib\site-packages\starlette\middleware\errors.py", line 164, in __call__
    |     await self.app(scope, receive, _send)
    |   File "C:\Python313\Lib\site-packages\starlette\middleware\cors.py", line 85, in __call__
    |     await self.app(scope, receive, send)
    |   File "C:\Python313\Lib\site-packages\starlette\middleware\trustedhost.py", line 51, in __call__
    |     await self.app(scope, receive, send)
    |   File "C:\Python313\Lib\site-packages\uvicorn\middleware\proxy_headers.py", line 60, in __call__
    |     return await self.app(scope, receive, send)
    |            ^^^^^^^^^^^^^^^^^^^^^^^^^^^^^^^^^^^^
    |   File "C:\Python313\Lib\site-packages\starlette\middleware\base.py", line 191, in __call__
    |     with recv_stream, send_stream, collapse_excgroups():
    |                                    ~~~~~~~~~~~~~~~~~~^^
    |   File "C:\Python313\Lib\contextlib.py", line 162, in __exit__
    |     self.gen.throw(value)
    |     ~~~~~~~~~~~~~~^^^^^^^
    |   File "C:\Python313\Lib\site-packages\starlette\_utils.py", line 85, in collapse_excgroups
    |     raise exc
    |   File "C:\Python313\Lib\site-packages\starlette\middleware\base.py", line 193, in __call__
    |     response = await self.dispatch_func(request, call_next)
    |                ^^^^^^^^^^^^^^^^^^^^^^^^^^^^^^^^^^^^^^^^^^^^
    |   File "C:\Users\egorribun\Documents\university_ecosystem\app\core\rate_limit.py", line 284, in dispatch
    |     response = await call_next(request)
    |                ^^^^^^^^^^^^^^^^^^^^^^^^
    |   File "C:\Python313\Lib\site-packages\starlette\middleware\base.py", line 168, in call_next
    |     raise app_exc from app_exc.__cause__ or app_exc.__context__
    |   File "C:\Python313\Lib\site-packages\starlette\middleware\base.py", line 144, in coro
    |     await self.app(scope, receive_or_disconnect, send_no_error)
    |   File "C:\Python313\Lib\site-packages\starlette\middleware\base.py", line 191, in __call__
    |     with recv_stream, send_stream, collapse_excgroups():
    |                                    ~~~~~~~~~~~~~~~~~~^^
    |   File "C:\Python313\Lib\contextlib.py", line 162, in __exit__
    |     self.gen.throw(value)
    |     ~~~~~~~~~~~~~~^^^^^^^
    |   File "C:\Python313\Lib\site-packages\starlette\_utils.py", line 85, in collapse_excgroups
    |     raise exc
    |   File "C:\Python313\Lib\site-packages\starlette\middleware\base.py", line 193, in __call__
    |     response = await self.dispatch_func(request, call_next)
    |                ^^^^^^^^^^^^^^^^^^^^^^^^^^^^^^^^^^^^^^^^^^^^
    |   File "C:\Users\egorribun\Documents\university_ecosystem\app\core\middleware.py", line 40, in _http_response_hardening
    |     response = await call_next(request)
    |                ^^^^^^^^^^^^^^^^^^^^^^^^
    |   File "C:\Python313\Lib\site-packages\starlette\middleware\base.py", line 168, in call_next
    |     raise app_exc from app_exc.__cause__ or app_exc.__context__
    |   File "C:\Python313\Lib\site-packages\starlette\middleware\base.py", line 144, in coro
    |     await self.app(scope, receive_or_disconnect, send_no_error)
    |   File "C:\Python313\Lib\site-packages\starlette\middleware\base.py", line 191, in __call__
    |     with recv_stream, send_stream, collapse_excgroups():
    |                                    ~~~~~~~~~~~~~~~~~~^^
    |   File "C:\Python313\Lib\contextlib.py", line 162, in __exit__
    |     self.gen.throw(value)
    |     ~~~~~~~~~~~~~~^^^^^^^
    |   File "C:\Python313\Lib\site-packages\starlette\_utils.py", line 85, in collapse_excgroups
    |     raise exc
    |   File "C:\Python313\Lib\site-packages\starlette\middleware\base.py", line 193, in __call__
    |     response = await self.dispatch_func(request, call_next)
    |                ^^^^^^^^^^^^^^^^^^^^^^^^^^^^^^^^^^^^^^^^^^^^
    |   File "C:\Users\egorribun\Documents\university_ecosystem\app\core\internal_access.py", line 34, in dispatch
    |     return await call_next(request)
    |            ^^^^^^^^^^^^^^^^^^^^^^^^
    |   File "C:\Python313\Lib\site-packages\starlette\middleware\base.py", line 168, in call_next
    |     raise app_exc from app_exc.__cause__ or app_exc.__context__
    |   File "C:\Python313\Lib\site-packages\starlette\middleware\base.py", line 144, in coro
    |     await self.app(scope, receive_or_disconnect, send_no_error)
    |   File "C:\Python313\Lib\site-packages\starlette\middleware\base.py", line 191, in __call__
    |     with recv_stream, send_stream, collapse_excgroups():
    |                                    ~~~~~~~~~~~~~~~~~~^^
    |   File "C:\Python313\Lib\contextlib.py", line 162, in __exit__
    |     self.gen.throw(value)
    |     ~~~~~~~~~~~~~~^^^^^^^
    |   File "C:\Python313\Lib\site-packages\starlette\_utils.py", line 85, in collapse_excgroups
    |     raise exc
    |   File "C:\Python313\Lib\site-packages\starlette\middleware\base.py", line 193, in __call__
    |     response = await self.dispatch_func(request, call_next)
    |                ^^^^^^^^^^^^^^^^^^^^^^^^^^^^^^^^^^^^^^^^^^^^
    |   File "C:\Users\egorribun\Documents\university_ecosystem\app\core\sanitization.py", line 63, in dispatch
    |     return await call_next(request)
    |            ^^^^^^^^^^^^^^^^^^^^^^^^
    |   File "C:\Python313\Lib\site-packages\starlette\middleware\base.py", line 168, in call_next
    |     raise app_exc from app_exc.__cause__ or app_exc.__context__
    |   File "C:\Python313\Lib\site-packages\starlette\middleware\base.py", line 144, in coro
    |     await self.app(scope, receive_or_disconnect, send_no_error)
    |   File "c:\Users\egorribun\Documents\university_ecosystem\tests\conftest.py", line 98, in __call__
    |     await self.app(scope, receive, send)
    |   File "C:\Python313\Lib\site-packages\brotli_asgi\__init__.py", line 81, in __call__
    |     await br_responder(scope, receive, send)
    |   File "C:\Python313\Lib\site-packages\brotli_asgi\__init__.py", line 126, in __call__
    |     await self.app(scope, receive, self.send_with_brotli)
    |   File "C:\Python313\Lib\site-packages\starlette\middleware\base.py", line 191, in __call__
    |     with recv_stream, send_stream, collapse_excgroups():
    |                                    ~~~~~~~~~~~~~~~~~~^^
    |   File "C:\Python313\Lib\contextlib.py", line 162, in __exit__
    |     self.gen.throw(value)
    |     ~~~~~~~~~~~~~~^^^^^^^
    |   File "C:\Python313\Lib\site-packages\starlette\_utils.py", line 85, in collapse_excgroups
    |     raise exc
    |   File "C:\Python313\Lib\site-packages\starlette\middleware\base.py", line 193, in __call__
    |     response = await self.dispatch_func(request, call_next)
    |                ^^^^^^^^^^^^^^^^^^^^^^^^^^^^^^^^^^^^^^^^^^^^
    |   File "C:\Users\egorribun\Documents\university_ecosystem\app\core\metrics.py", line 538, in dispatch
    |     response = await call_next(request)
    |                ^^^^^^^^^^^^^^^^^^^^^^^^
    |   File "C:\Python313\Lib\site-packages\starlette\middleware\base.py", line 168, in call_next
    |     raise app_exc from app_exc.__cause__ or app_exc.__context__
    |   File "C:\Python313\Lib\site-packages\starlette\middleware\base.py", line 144, in coro
    |     await self.app(scope, receive_or_disconnect, send_no_error)
    |   File "C:\Python313\Lib\site-packages\starlette\middleware\base.py", line 191, in __call__
    |     with recv_stream, send_stream, collapse_excgroups():
    |                                    ~~~~~~~~~~~~~~~~~~^^
    |   File "C:\Python313\Lib\contextlib.py", line 162, in __exit__
    |     self.gen.throw(value)
    |     ~~~~~~~~~~~~~~^^^^^^^
    |   File "C:\Python313\Lib\site-packages\starlette\_utils.py", line 85, in collapse_excgroups
    |     raise exc
    |   File "C:\Python313\Lib\site-packages\starlette\middleware\base.py", line 193, in __call__
    |     response = await self.dispatch_func(request, call_next)
    |                ^^^^^^^^^^^^^^^^^^^^^^^^^^^^^^^^^^^^^^^^^^^^
    |   File "C:\Users\egorribun\Documents\university_ecosystem\app\core\observability.py", line 129, in dispatch
    |     response: Response = await call_next(request)
    |                          ^^^^^^^^^^^^^^^^^^^^^^^^
    |   File "C:\Python313\Lib\site-packages\starlette\middleware\base.py", line 168, in call_next
    |     raise app_exc from app_exc.__cause__ or app_exc.__context__
    |   File "C:\Python313\Lib\site-packages\starlette\middleware\base.py", line 144, in coro
    |     await self.app(scope, receive_or_disconnect, send_no_error)
    |   File "C:\Python313\Lib\site-packages\starlette\middleware\exceptions.py", line 63, in __call__
    |     await wrap_app_handling_exceptions(self.app, conn)(scope, receive, send)
    |   File "C:\Python313\Lib\site-packages\starlette\_exception_handler.py", line 53, in wrapped_app
    |     raise exc
    |   File "C:\Python313\Lib\site-packages\starlette\_exception_handler.py", line 42, in wrapped_app
    |     await app(scope, receive, sender)
    |   File "C:\Python313\Lib\site-packages\fastapi\middleware\asyncexitstack.py", line 18, in __call__
    |     await self.app(scope, receive, send)
    |   File "C:\Python313\Lib\site-packages\starlette\routing.py", line 716, in __call__
    |     await self.middleware_stack(scope, receive, send)
    |   File "C:\Python313\Lib\site-packages\starlette\routing.py", line 736, in app
    |     await route.handle(scope, receive, send)
    |   File "C:\Python313\Lib\site-packages\starlette\routing.py", line 290, in handle
    |     await self.app(scope, receive, send)
    |   File "C:\Python313\Lib\site-packages\fastapi\routing.py", line 115, in app
    |     await wrap_app_handling_exceptions(app, request)(scope, receive, send)
    |   File "C:\Python313\Lib\site-packages\starlette\_exception_handler.py", line 53, in wrapped_app
    |     raise exc
    |   File "C:\Python313\Lib\site-packages\starlette\_exception_handler.py", line 42, in wrapped_app
    |     await app(scope, receive, sender)
    |   File "C:\Python313\Lib\site-packages\fastapi\routing.py", line 101, in app
    |     response = await f(request)
    |                ^^^^^^^^^^^^^^^^
    |   File "C:\Python313\Lib\site-packages\fastapi\routing.py", line 355, in app
    |     raw_response = await run_endpoint_function(
    |                    ^^^^^^^^^^^^^^^^^^^^^^^^^^^^
    |     ...<3 lines>...
    |     )
    |     ^
    |   File "C:\Python313\Lib\site-packages\fastapi\routing.py", line 243, in run_endpoint_function
    |     return await dependant.call(**values)
    |            ^^^^^^^^^^^^^^^^^^^^^^^^^^^^^^
    |   File "C:\Users\egorribun\Documents\university_ecosystem\app\api\events.py", line 617, in get_event
    |     payload = events.serialize_event(
    |         q,
    |     ...<4 lines>...
    |         my_qr_token=attendance_token,
    |     )
    |   File "C:\Users\egorribun\Documents\university_ecosystem\app\services\event_service.py", line 130, in serialize_event
    |     return schemas.EventOut.model_validate(data)
    |            ~~~~~~~~~~~~~~~~~~~~~~~~~~~~~~~^^^^^^
    |   File "C:\Python313\Lib\site-packages\pydantic\main.py", line 716, in model_validate
    |     return cls.__pydantic_validator__.validate_python(
    |            ~~~~~~~~~~~~~~~~~~~~~~~~~~~~~~~~~~~~~~~~~~^
    |         obj,
    |         ^^^^
    |     ...<5 lines>...
    |         by_name=by_name,
    |         ^^^^^^^^^^^^^^^^
    |     )
    |     ^
    | pydantic_core._pydantic_core.ValidationError: 1 validation error for EventOut
    | title
    |   Input should be a valid string [type=string_type, input_value=None, input_type=NoneType]
    |     For further information visit https://errors.pydantic.dev/2.12/v/string_type
    +------------------------------------

The above exception was the direct cause of the following exception:

Traceback (most recent call last):
  File "C:\Users\egorribun\Documents\university_ecosystem\tests\test_event_time_constraints.py", line 300, in test_event_detail_returns_qr_code_after_registration
    detail_response = await async_client.get(f"/events/{event.id}", headers=headers)
                      ^^^^^^^^^^^^^^^^^^^^^^^^^^^^^^^^^^^^^^^^^^^^^^^^^^^^^^^^^^^^^^
  File "C:\Python313\Lib\site-packages\httpx\_client.py", line 1768, in get
    return await self.request(
           ^^^^^^^^^^^^^^^^^^^
    ...<9 lines>...
    )
    ^
  File "C:\Python313\Lib\site-packages\httpx\_client.py", line 1540, in request
    return await self.send(request, auth=auth, follow_redirects=follow_redirects)
           ^^^^^^^^^^^^^^^^^^^^^^^^^^^^^^^^^^^^^^^^^^^^^^^^^^^^^^^^^^^^^^^^^^^^^^
  File "C:\Python313\Lib\site-packages\httpx\_client.py", line 1629, in send
    response = await self._send_handling_auth(
               ^^^^^^^^^^^^^^^^^^^^^^^^^^^^^^^
    ...<4 lines>...
    )
    ^
  File "C:\Python313\Lib\site-packages\httpx\_client.py", line 1657, in _send_handling_auth
    response = await self._send_handling_redirects(
               ^^^^^^^^^^^^^^^^^^^^^^^^^^^^^^^^^^^^
    ...<3 lines>...
    )
    ^
  File "C:\Python313\Lib\site-packages\httpx\_client.py", line 1694, in _send_handling_redirects
    response = await self._send_single_request(request)
               ^^^^^^^^^^^^^^^^^^^^^^^^^^^^^^^^^^^^^^^^
  File "C:\Python313\Lib\site-packages\httpx\_client.py", line 1730, in _send_single_request
    response = await transport.handle_async_request(request)
               ^^^^^^^^^^^^^^^^^^^^^^^^^^^^^^^^^^^^^^^^^^^^^
  File "C:\Python313\Lib\site-packages\httpx\_transports\asgi.py", line 170, in handle_async_request
    await self.app(scope, receive, send)
  File "C:\Python313\Lib\site-packages\fastapi\applications.py", line 1135, in __call__
    await super().__call__(scope, receive, send)
  File "C:\Python313\Lib\site-packages\starlette\applications.py", line 107, in __call__
    await self.middleware_stack(scope, receive, send)
  File "C:\Python313\Lib\site-packages\starlette\middleware\errors.py", line 186, in __call__
    raise exc
  File "C:\Python313\Lib\site-packages\starlette\middleware\errors.py", line 164, in __call__
    await self.app(scope, receive, _send)
  File "C:\Python313\Lib\site-packages\starlette\middleware\cors.py", line 85, in __call__
    await self.app(scope, receive, send)
  File "C:\Python313\Lib\site-packages\starlette\middleware\trustedhost.py", line 51, in __call__
    await self.app(scope, receive, send)
  File "C:\Python313\Lib\site-packages\uvicorn\middleware\proxy_headers.py", line 60, in __call__
    return await self.app(scope, receive, send)
           ^^^^^^^^^^^^^^^^^^^^^^^^^^^^^^^^^^^^
  File "C:\Python313\Lib\site-packages\starlette\middleware\base.py", line 191, in __call__
    with recv_stream, send_stream, collapse_excgroups():
                                   ~~~~~~~~~~~~~~~~~~^^
  File "C:\Python313\Lib\contextlib.py", line 162, in __exit__
    self.gen.throw(value)
    ~~~~~~~~~~~~~~^^^^^^^
  File "C:\Python313\Lib\site-packages\starlette\_utils.py", line 85, in collapse_excgroups
    raise exc
  File "C:\Python313\Lib\site-packages\starlette\middleware\base.py", line 193, in __call__
    response = await self.dispatch_func(request, call_next)
               ^^^^^^^^^^^^^^^^^^^^^^^^^^^^^^^^^^^^^^^^^^^^
  File "C:\Users\egorribun\Documents\university_ecosystem\app\core\rate_limit.py", line 284, in dispatch
    response = await call_next(request)
               ^^^^^^^^^^^^^^^^^^^^^^^^
  File "C:\Python313\Lib\site-packages\starlette\middleware\base.py", line 168, in call_next
    raise app_exc from app_exc.__cause__ or app_exc.__context__
  File "C:\Python313\Lib\site-packages\starlette\middleware\base.py", line 144, in coro
    await self.app(scope, receive_or_disconnect, send_no_error)
  File "C:\Python313\Lib\site-packages\starlette\middleware\base.py", line 191, in __call__
    with recv_stream, send_stream, collapse_excgroups():
                                   ~~~~~~~~~~~~~~~~~~^^
  File "C:\Python313\Lib\contextlib.py", line 162, in __exit__
    self.gen.throw(value)
    ~~~~~~~~~~~~~~^^^^^^^
  File "C:\Python313\Lib\site-packages\starlette\_utils.py", line 85, in collapse_excgroups
    raise exc
  File "C:\Python313\Lib\site-packages\starlette\middleware\base.py", line 193, in __call__
    response = await self.dispatch_func(request, call_next)
               ^^^^^^^^^^^^^^^^^^^^^^^^^^^^^^^^^^^^^^^^^^^^
  File "C:\Users\egorribun\Documents\university_ecosystem\app\core\middleware.py", line 40, in _http_response_hardening
    response = await call_next(request)
               ^^^^^^^^^^^^^^^^^^^^^^^^
  File "C:\Python313\Lib\site-packages\starlette\middleware\base.py", line 168, in call_next
    raise app_exc from app_exc.__cause__ or app_exc.__context__
  File "C:\Python313\Lib\site-packages\starlette\middleware\base.py", line 144, in coro
    await self.app(scope, receive_or_disconnect, send_no_error)
  File "C:\Python313\Lib\site-packages\starlette\middleware\base.py", line 191, in __call__
    with recv_stream, send_stream, collapse_excgroups():
                                   ~~~~~~~~~~~~~~~~~~^^
  File "C:\Python313\Lib\contextlib.py", line 162, in __exit__
    self.gen.throw(value)
    ~~~~~~~~~~~~~~^^^^^^^
  File "C:\Python313\Lib\site-packages\starlette\_utils.py", line 85, in collapse_excgroups
    raise exc
  File "C:\Python313\Lib\site-packages\starlette\middleware\base.py", line 193, in __call__
    response = await self.dispatch_func(request, call_next)
               ^^^^^^^^^^^^^^^^^^^^^^^^^^^^^^^^^^^^^^^^^^^^
  File "C:\Users\egorribun\Documents\university_ecosystem\app\core\internal_access.py", line 34, in dispatch
    return await call_next(request)
           ^^^^^^^^^^^^^^^^^^^^^^^^
  File "C:\Python313\Lib\site-packages\starlette\middleware\base.py", line 168, in call_next
    raise app_exc from app_exc.__cause__ or app_exc.__context__
  File "C:\Python313\Lib\site-packages\starlette\middleware\base.py", line 144, in coro
    await self.app(scope, receive_or_disconnect, send_no_error)
  File "C:\Python313\Lib\site-packages\starlette\middleware\base.py", line 191, in __call__
    with recv_stream, send_stream, collapse_excgroups():
                                   ~~~~~~~~~~~~~~~~~~^^
  File "C:\Python313\Lib\contextlib.py", line 162, in __exit__
    self.gen.throw(value)
    ~~~~~~~~~~~~~~^^^^^^^
  File "C:\Python313\Lib\site-packages\starlette\_utils.py", line 85, in collapse_excgroups
    raise exc
  File "C:\Python313\Lib\site-packages\starlette\middleware\base.py", line 193, in __call__
    response = await self.dispatch_func(request, call_next)
               ^^^^^^^^^^^^^^^^^^^^^^^^^^^^^^^^^^^^^^^^^^^^
  File "C:\Users\egorribun\Documents\university_ecosystem\app\core\sanitization.py", line 63, in dispatch
    return await call_next(request)
           ^^^^^^^^^^^^^^^^^^^^^^^^
  File "C:\Python313\Lib\site-packages\starlette\middleware\base.py", line 168, in call_next
    raise app_exc from app_exc.__cause__ or app_exc.__context__
  File "C:\Python313\Lib\site-packages\starlette\middleware\base.py", line 144, in coro
    await self.app(scope, receive_or_disconnect, send_no_error)
  File "c:\Users\egorribun\Documents\university_ecosystem\tests\conftest.py", line 98, in __call__
    await self.app(scope, receive, send)
  File "C:\Python313\Lib\site-packages\brotli_asgi\__init__.py", line 81, in __call__
    await br_responder(scope, receive, send)
  File "C:\Python313\Lib\site-packages\brotli_asgi\__init__.py", line 126, in __call__
    await self.app(scope, receive, self.send_with_brotli)
  File "C:\Python313\Lib\site-packages\starlette\middleware\base.py", line 191, in __call__
    with recv_stream, send_stream, collapse_excgroups():
                                   ~~~~~~~~~~~~~~~~~~^^
  File "C:\Python313\Lib\contextlib.py", line 162, in __exit__
    self.gen.throw(value)
    ~~~~~~~~~~~~~~^^^^^^^
  File "C:\Python313\Lib\site-packages\starlette\_utils.py", line 85, in collapse_excgroups
    raise exc
  File "C:\Python313\Lib\site-packages\starlette\middleware\base.py", line 193, in __call__
    response = await self.dispatch_func(request, call_next)
               ^^^^^^^^^^^^^^^^^^^^^^^^^^^^^^^^^^^^^^^^^^^^
  File "C:\Users\egorribun\Documents\university_ecosystem\app\core\metrics.py", line 538, in dispatch
    response = await call_next(request)
               ^^^^^^^^^^^^^^^^^^^^^^^^
  File "C:\Python313\Lib\site-packages\starlette\middleware\base.py", line 168, in call_next
    raise app_exc from app_exc.__cause__ or app_exc.__context__
  File "C:\Python313\Lib\site-packages\starlette\middleware\base.py", line 144, in coro
    await self.app(scope, receive_or_disconnect, send_no_error)
  File "C:\Python313\Lib\site-packages\starlette\middleware\base.py", line 191, in __call__
    with recv_stream, send_stream, collapse_excgroups():
                                   ~~~~~~~~~~~~~~~~~~^^
  File "C:\Python313\Lib\contextlib.py", line 162, in __exit__
    self.gen.throw(value)
    ~~~~~~~~~~~~~~^^^^^^^
  File "C:\Python313\Lib\site-packages\starlette\_utils.py", line 85, in collapse_excgroups
    raise exc
  File "C:\Python313\Lib\site-packages\starlette\middleware\base.py", line 193, in __call__
    response = await self.dispatch_func(request, call_next)
               ^^^^^^^^^^^^^^^^^^^^^^^^^^^^^^^^^^^^^^^^^^^^
  File "C:\Users\egorribun\Documents\university_ecosystem\app\core\observability.py", line 129, in dispatch
    response: Response = await call_next(request)
                         ^^^^^^^^^^^^^^^^^^^^^^^^
  File "C:\Python313\Lib\site-packages\starlette\middleware\base.py", line 168, in call_next
    raise app_exc from app_exc.__cause__ or app_exc.__context__
  File "C:\Python313\Lib\site-packages\starlette\middleware\base.py", line 144, in coro
    await self.app(scope, receive_or_disconnect, send_no_error)
  File "C:\Python313\Lib\site-packages\starlette\middleware\exceptions.py", line 63, in __call__
    await wrap_app_handling_exceptions(self.app, conn)(scope, receive, send)
  File "C:\Python313\Lib\site-packages\starlette\_exception_handler.py", line 53, in wrapped_app
    raise exc
  File "C:\Python313\Lib\site-packages\starlette\_exception_handler.py", line 42, in wrapped_app
    await app(scope, receive, sender)
  File "C:\Python313\Lib\site-packages\fastapi\middleware\asyncexitstack.py", line 18, in __call__
    await self.app(scope, receive, send)
  File "C:\Python313\Lib\site-packages\starlette\routing.py", line 716, in __call__
    await self.middleware_stack(scope, receive, send)
  File "C:\Python313\Lib\site-packages\starlette\routing.py", line 736, in app
    await route.handle(scope, receive, send)
  File "C:\Python313\Lib\site-packages\starlette\routing.py", line 290, in handle
    await self.app(scope, receive, send)
  File "C:\Python313\Lib\site-packages\fastapi\routing.py", line 115, in app
    await wrap_app_handling_exceptions(app, request)(scope, receive, send)
  File "C:\Python313\Lib\site-packages\starlette\_exception_handler.py", line 53, in wrapped_app
    raise exc
  File "C:\Python313\Lib\site-packages\starlette\_exception_handler.py", line 42, in wrapped_app
    await app(scope, receive, sender)
  File "C:\Python313\Lib\site-packages\fastapi\routing.py", line 101, in app
    response = await f(request)
               ^^^^^^^^^^^^^^^^
  File "C:\Python313\Lib\site-packages\fastapi\routing.py", line 355, in app
    raw_response = await run_endpoint_function(
                   ^^^^^^^^^^^^^^^^^^^^^^^^^^^^
    ...<3 lines>...
    )
    ^
  File "C:\Python313\Lib\site-packages\fastapi\routing.py", line 243, in run_endpoint_function
    return await dependant.call(**values)
           ^^^^^^^^^^^^^^^^^^^^^^^^^^^^^^
  File "C:\Users\egorribun\Documents\university_ecosystem\app\api\events.py", line 617, in get_event
    payload = events.serialize_event(
        q,
    ...<4 lines>...
        my_qr_token=attendance_token,
    )
  File "C:\Users\egorribun\Documents\university_ecosystem\app\services\event_service.py", line 130, in serialize_event
    return schemas.EventOut.model_validate(data)
           ~~~~~~~~~~~~~~~~~~~~~~~~~~~~~~~^^^^^^
  File "C:\Python313\Lib\site-packages\pydantic\main.py", line 716, in model_validate
    return cls.__pydantic_validator__.validate_python(
           ~~~~~~~~~~~~~~~~~~~~~~~~~~~~~~~~~~~~~~~~~~^
        obj,
        ^^^^
    ...<5 lines>...
        by_name=by_name,
        ^^^^^^^^^^^^^^^^
    )
    ^
pydantic_core._pydantic_core.ValidationError: 1 validation error for EventOut
title
  Input should be a valid string [type=string_type, input_value=None, input_type=NoneType]
    For further information visit https://errors.pydantic.dev/2.12/v/string_type

The above exception was the direct cause of the following exception:
tests\test_event_time_constraints.py:300: in test_event_detail_returns_qr_code_after_registration
    detail_response = await async_client.get(f"/events/{event.id}", headers=headers)
                      ^^^^^^^^^^^^^^^^^^^^^^^^^^^^^^^^^^^^^^^^^^^^^^^^^^^^^^^^^^^^^^
C:\Python313\Lib\site-packages\httpx\_client.py:1768: in get
    return await self.request(
C:\Python313\Lib\site-packages\httpx\_client.py:1540: in request
    return await self.send(request, auth=auth, follow_redirects=follow_redirects)
           ^^^^^^^^^^^^^^^^^^^^^^^^^^^^^^^^^^^^^^^^^^^^^^^^^^^^^^^^^^^^^^^^^^^^^^
C:\Python313\Lib\site-packages\httpx\_client.py:1629: in send
    response = await self._send_handling_auth(
C:\Python313\Lib\site-packages\httpx\_client.py:1657: in _send_handling_auth
    response = await self._send_handling_redirects(
C:\Python313\Lib\site-packages\httpx\_client.py:1694: in _send_handling_redirects
    response = await self._send_single_request(request)
               ^^^^^^^^^^^^^^^^^^^^^^^^^^^^^^^^^^^^^^^^
C:\Python313\Lib\site-packages\httpx\_client.py:1730: in _send_single_request
    response = await transport.handle_async_request(request)
               ^^^^^^^^^^^^^^^^^^^^^^^^^^^^^^^^^^^^^^^^^^^^^
C:\Python313\Lib\site-packages\httpx\_transports\asgi.py:170: in handle_async_request
    await self.app(scope, receive, send)
C:\Python313\Lib\site-packages\fastapi\applications.py:1135: in __call__
    await super().__call__(scope, receive, send)
C:\Python313\Lib\site-packages\starlette\applications.py:107: in __call__
    await self.middleware_stack(scope, receive, send)
C:\Python313\Lib\site-packages\starlette\middleware\errors.py:186: in __call__
    raise exc
C:\Python313\Lib\site-packages\starlette\middleware\errors.py:164: in __call__
    await self.app(scope, receive, _send)
C:\Python313\Lib\site-packages\starlette\middleware\cors.py:85: in __call__
    await self.app(scope, receive, send)
C:\Python313\Lib\site-packages\starlette\middleware\trustedhost.py:51: in __call__
    await self.app(scope, receive, send)
C:\Python313\Lib\site-packages\uvicorn\middleware\proxy_headers.py:60: in __call__
    return await self.app(scope, receive, send)
           ^^^^^^^^^^^^^^^^^^^^^^^^^^^^^^^^^^^^
C:\Python313\Lib\site-packages\starlette\middleware\base.py:191: in __call__
    with recv_stream, send_stream, collapse_excgroups():
                                   ^^^^^^^^^^^^^^^^^^^^
C:\Python313\Lib\contextlib.py:162: in __exit__
    self.gen.throw(value)
C:\Python313\Lib\site-packages\starlette\_utils.py:85: in collapse_excgroups
    raise exc
C:\Python313\Lib\site-packages\starlette\middleware\base.py:193: in __call__
    response = await self.dispatch_func(request, call_next)
               ^^^^^^^^^^^^^^^^^^^^^^^^^^^^^^^^^^^^^^^^^^^^
app\core\rate_limit.py:284: in dispatch
    response = await call_next(request)
               ^^^^^^^^^^^^^^^^^^^^^^^^
C:\Python313\Lib\site-packages\starlette\middleware\base.py:168: in call_next
    raise app_exc from app_exc.__cause__ or app_exc.__context__
C:\Python313\Lib\site-packages\starlette\middleware\base.py:144: in coro
    await self.app(scope, receive_or_disconnect, send_no_error)
C:\Python313\Lib\site-packages\starlette\middleware\base.py:191: in __call__
    with recv_stream, send_stream, collapse_excgroups():
                                   ^^^^^^^^^^^^^^^^^^^^
C:\Python313\Lib\contextlib.py:162: in __exit__
    self.gen.throw(value)
C:\Python313\Lib\site-packages\starlette\_utils.py:85: in collapse_excgroups
    raise exc
C:\Python313\Lib\site-packages\starlette\middleware\base.py:193: in __call__
    response = await self.dispatch_func(request, call_next)
               ^^^^^^^^^^^^^^^^^^^^^^^^^^^^^^^^^^^^^^^^^^^^
app\core\middleware.py:40: in _http_response_hardening
    response = await call_next(request)
               ^^^^^^^^^^^^^^^^^^^^^^^^
C:\Python313\Lib\site-packages\starlette\middleware\base.py:168: in call_next
    raise app_exc from app_exc.__cause__ or app_exc.__context__
C:\Python313\Lib\site-packages\starlette\middleware\base.py:144: in coro
    await self.app(scope, receive_or_disconnect, send_no_error)
C:\Python313\Lib\site-packages\starlette\middleware\base.py:191: in __call__
    with recv_stream, send_stream, collapse_excgroups():
                                   ^^^^^^^^^^^^^^^^^^^^
C:\Python313\Lib\contextlib.py:162: in __exit__
    self.gen.throw(value)
C:\Python313\Lib\site-packages\starlette\_utils.py:85: in collapse_excgroups
    raise exc
C:\Python313\Lib\site-packages\starlette\middleware\base.py:193: in __call__
    response = await self.dispatch_func(request, call_next)
               ^^^^^^^^^^^^^^^^^^^^^^^^^^^^^^^^^^^^^^^^^^^^
app\core\internal_access.py:34: in dispatch
    return await call_next(request)
           ^^^^^^^^^^^^^^^^^^^^^^^^
C:\Python313\Lib\site-packages\starlette\middleware\base.py:168: in call_next
    raise app_exc from app_exc.__cause__ or app_exc.__context__
C:\Python313\Lib\site-packages\starlette\middleware\base.py:144: in coro
    await self.app(scope, receive_or_disconnect, send_no_error)
C:\Python313\Lib\site-packages\starlette\middleware\base.py:191: in __call__
    with recv_stream, send_stream, collapse_excgroups():
                                   ^^^^^^^^^^^^^^^^^^^^
C:\Python313\Lib\contextlib.py:162: in __exit__
    self.gen.throw(value)
C:\Python313\Lib\site-packages\starlette\_utils.py:85: in collapse_excgroups
    raise exc
C:\Python313\Lib\site-packages\starlette\middleware\base.py:193: in __call__
    response = await self.dispatch_func(request, call_next)
               ^^^^^^^^^^^^^^^^^^^^^^^^^^^^^^^^^^^^^^^^^^^^
app\core\sanitization.py:63: in dispatch
    return await call_next(request)
           ^^^^^^^^^^^^^^^^^^^^^^^^
C:\Python313\Lib\site-packages\starlette\middleware\base.py:168: in call_next
    raise app_exc from app_exc.__cause__ or app_exc.__context__
C:\Python313\Lib\site-packages\starlette\middleware\base.py:144: in coro
    await self.app(scope, receive_or_disconnect, send_no_error)
tests\conftest.py:98: in __call__
    await self.app(scope, receive, send)
C:\Python313\Lib\site-packages\brotli_asgi\__init__.py:81: in __call__
    await br_responder(scope, receive, send)
C:\Python313\Lib\site-packages\brotli_asgi\__init__.py:126: in __call__
    await self.app(scope, receive, self.send_with_brotli)
C:\Python313\Lib\site-packages\starlette\middleware\base.py:191: in __call__
    with recv_stream, send_stream, collapse_excgroups():
                                   ^^^^^^^^^^^^^^^^^^^^
C:\Python313\Lib\contextlib.py:162: in __exit__
    self.gen.throw(value)
C:\Python313\Lib\site-packages\starlette\_utils.py:85: in collapse_excgroups
    raise exc
C:\Python313\Lib\site-packages\starlette\middleware\base.py:193: in __call__
    response = await self.dispatch_func(request, call_next)
               ^^^^^^^^^^^^^^^^^^^^^^^^^^^^^^^^^^^^^^^^^^^^
app\core\metrics.py:538: in dispatch
    response = await call_next(request)
               ^^^^^^^^^^^^^^^^^^^^^^^^
C:\Python313\Lib\site-packages\starlette\middleware\base.py:168: in call_next
    raise app_exc from app_exc.__cause__ or app_exc.__context__
C:\Python313\Lib\site-packages\starlette\middleware\base.py:144: in coro
    await self.app(scope, receive_or_disconnect, send_no_error)
C:\Python313\Lib\site-packages\starlette\middleware\base.py:191: in __call__
    with recv_stream, send_stream, collapse_excgroups():
                                   ^^^^^^^^^^^^^^^^^^^^
C:\Python313\Lib\contextlib.py:162: in __exit__
    self.gen.throw(value)
C:\Python313\Lib\site-packages\starlette\_utils.py:85: in collapse_excgroups
    raise exc
C:\Python313\Lib\site-packages\starlette\middleware\base.py:193: in __call__
    response = await self.dispatch_func(request, call_next)
               ^^^^^^^^^^^^^^^^^^^^^^^^^^^^^^^^^^^^^^^^^^^^
app\core\observability.py:129: in dispatch
    response: Response = await call_next(request)
                         ^^^^^^^^^^^^^^^^^^^^^^^^
C:\Python313\Lib\site-packages\starlette\middleware\base.py:168: in call_next
    raise app_exc from app_exc.__cause__ or app_exc.__context__
C:\Python313\Lib\site-packages\starlette\middleware\base.py:144: in coro
    await self.app(scope, receive_or_disconnect, send_no_error)
C:\Python313\Lib\site-packages\starlette\middleware\exceptions.py:63: in __call__
    await wrap_app_handling_exceptions(self.app, conn)(scope, receive, send)
C:\Python313\Lib\site-packages\starlette\_exception_handler.py:53: in wrapped_app
    raise exc
C:\Python313\Lib\site-packages\starlette\_exception_handler.py:42: in wrapped_app
    await app(scope, receive, sender)
C:\Python313\Lib\site-packages\fastapi\middleware\asyncexitstack.py:18: in __call__
    await self.app(scope, receive, send)
C:\Python313\Lib\site-packages\starlette\routing.py:716: in __call__
    await self.middleware_stack(scope, receive, send)
C:\Python313\Lib\site-packages\starlette\routing.py:736: in app
    await route.handle(scope, receive, send)
C:\Python313\Lib\site-packages\starlette\routing.py:290: in handle
    await self.app(scope, receive, send)
C:\Python313\Lib\site-packages\fastapi\routing.py:115: in app
    await wrap_app_handling_exceptions(app, request)(scope, receive, send)
C:\Python313\Lib\site-packages\starlette\_exception_handler.py:53: in wrapped_app
    raise exc
C:\Python313\Lib\site-packages\starlette\_exception_handler.py:42: in wrapped_app
    await app(scope, receive, sender)
C:\Python313\Lib\site-packages\fastapi\routing.py:101: in app
    response = await f(request)
               ^^^^^^^^^^^^^^^^
C:\Python313\Lib\site-packages\fastapi\routing.py:355: in app
    raw_response = await run_endpoint_function(
C:\Python313\Lib\site-packages\fastapi\routing.py:243: in run_endpoint_function
    return await dependant.call(**values)
           ^^^^^^^^^^^^^^^^^^^^^^^^^^^^^^
app\api\events.py:617: in get_event
    payload = events.serialize_event(
app\services\event_service.py:130: in serialize_event
    return schemas.EventOut.model_validate(data)
           ^^^^^^^^^^^^^^^^^^^^^^^^^^^^^^^^^^^^^
E   pydantic_core._pydantic_core.ValidationError: 1 validation error for EventOut
E   title
E     Input should be a valid string [type=string_type, input_value=None, input_type=NoneType]
E       For further information visit https://errors.pydantic.dev/2.12/v/string_type
---------------------------- Captured stderr setup ----------------------------
{"timestamp": "2026-01-30T19:05:07.302Z", "level": "INFO", "logger": "app.core.events", "message": "Domain event persistence listeners registered.", "service_name": "university-ecosystem", "environment": "testing"}
{"timestamp": "2026-01-30T19:05:07.302Z", "level": "INFO", "logger": "app.services.event_handlers", "message": "Domain event handlers configured", "service_name": "university-ecosystem", "environment": "testing"}
{"timestamp": "2026-01-30T19:05:07.304Z", "level": "INFO", "logger": "app.services.cache_warmup", "message": "Cache warmup disabled, skipping", "service_name": "university-ecosystem", "environment": "testing"}
{"timestamp": "2026-01-30T19:05:07.304Z", "level": "INFO", "logger": "app.workers.outbox", "message": "OutboxWorker started", "service_name": "university-ecosystem", "environment": "testing"}
----------------------------- Captured log setup ------------------------------
[32mINFO    [0m app.core.events:events.py:265 Domain event persistence listeners registered.
[32mINFO    [0m app.services.event_handlers:event_handlers.py:171 Domain event handlers configured
[32mINFO    [0m app.services.cache_warmup:cache_warmup.py:252 Cache warmup disabled, skipping
[32mINFO    [0m app.workers.outbox:outbox.py:31 OutboxWorker started
---------------------------- Captured stdout call -----------------------------
DEBUG: Validating policy for length 14
---------------------------- Captured stderr call -----------------------------
{"timestamp": "2026-01-30T19:05:07.489Z", "level": "INFO", "logger": "app.auth", "message": "{\"event\": \"auth.login.success\", \"user_id\": \"1\", \"request_id\": \"7db891cd4d674cd287c003e67958c996\", \"ip\": \"127.0.0.1\", \"path\": \"/api/v1/auth/login\", \"method\": \"POST\", \"reason\": \"authenticated\"}", "trace_id": "7db891cd4d674cd287c003e67958c996", "request_id": "7db891cd4d674cd287c003e67958c996", "service_name": "university-ecosystem", "environment": "testing", "event": "auth.login.success", "user_id": "1", "ip": "127.0.0.1", "path": "/api/v1/auth/login", "method": "POST", "reason": "authenticated"}
{"timestamp": "2026-01-30T19:05:07.495Z", "level": "INFO", "logger": "httpx", "message": "HTTP Request: POST http://testserver/api/v1/auth/login \"HTTP/1.1 200 OK\"", "service_name": "university-ecosystem", "environment": "testing"}
{"timestamp": "2026-01-30T19:05:07.720Z", "level": "INFO", "logger": "httpx", "message": "HTTP Request: POST http://testserver/api/v1/events/attendance \"HTTP/1.1 200 OK\"", "service_name": "university-ecosystem", "environment": "testing"}
------------------------------ Captured log call ------------------------------
[32mINFO    [0m app.auth:audit_service.py:147 {"event": "auth.login.success", "user_id": "1", "request_id": "7db891cd4d674cd287c003e67958c996", "ip": "127.0.0.1", "path": "/api/v1/auth/login", "method": "POST", "reason": "authenticated"}
[32mINFO    [0m httpx:_client.py:1740 HTTP Request: POST http://testserver/api/v1/auth/login "HTTP/1.1 200 OK"
[32mINFO    [0m httpx:_client.py:1740 HTTP Request: POST http://testserver/api/v1/events/attendance "HTTP/1.1 200 OK"
______________________ test_events_etag_and_not_modified ______________________
[gw6] win32 -- Python 3.13.11 C:\Python313\python.exe
  + Exception Group Traceback (most recent call last):
  |   File "C:\Python313\Lib\site-packages\starlette\_utils.py", line 79, in collapse_excgroups
  |     yield
  |   File "C:\Python313\Lib\site-packages\starlette\middleware\base.py", line 192, in __call__
  |     async with anyio.create_task_group() as task_group:
  |                ~~~~~~~~~~~~~~~~~~~~~~~^^
  |   File "C:\Python313\Lib\site-packages\anyio\_backends\_asyncio.py", line 783, in __aexit__
  |     raise BaseExceptionGroup(
  |         "unhandled errors in a TaskGroup", self._exceptions
  |     ) from None
  | ExceptionGroup: unhandled errors in a TaskGroup (1 sub-exception)
  +-+---------------- 1 ----------------
    | Traceback (most recent call last):
    |   File "C:\Python313\Lib\site-packages\_pytest\runner.py", line 353, in from_call
    |     result: TResult | None = func()
    |                              ~~~~^^
    |   File "C:\Python313\Lib\site-packages\_pytest\runner.py", line 245, in <lambda>
    |     lambda: runtest_hook(item=item, **kwds),
    |             ~~~~~~~~~~~~^^^^^^^^^^^^^^^^^^^
    |   File "C:\Python313\Lib\site-packages\pluggy\_hooks.py", line 512, in __call__
    |     return self._hookexec(self.name, self._hookimpls.copy(), kwargs, firstresult)
    |            ~~~~~~~~~~~~~~^^^^^^^^^^^^^^^^^^^^^^^^^^^^^^^^^^^^^^^^^^^^^^^^^^^^^^^^
    |   File "C:\Python313\Lib\site-packages\pluggy\_manager.py", line 120, in _hookexec
    |     return self._inner_hookexec(hook_name, methods, kwargs, firstresult)
    |            ~~~~~~~~~~~~~~~~~~~~^^^^^^^^^^^^^^^^^^^^^^^^^^^^^^^^^^^^^^^^^
    |   File "C:\Python313\Lib\site-packages\pluggy\_callers.py", line 167, in _multicall
    |     raise exception
    |   File "C:\Python313\Lib\site-packages\pluggy\_callers.py", line 139, in _multicall
    |     teardown.throw(exception)
    |     ~~~~~~~~~~~~~~^^^^^^^^^^^
    |   File "C:\Python313\Lib\site-packages\_pytest\logging.py", line 850, in pytest_runtest_call
    |     yield
    |   File "C:\Python313\Lib\site-packages\pluggy\_callers.py", line 139, in _multicall
    |     teardown.throw(exception)
    |     ~~~~~~~~~~~~~~^^^^^^^^^^^
    |   File "C:\Python313\Lib\site-packages\_pytest\capture.py", line 900, in pytest_runtest_call
    |     return (yield)
    |             ^^^^^
    |   File "C:\Python313\Lib\site-packages\pluggy\_callers.py", line 139, in _multicall
    |     teardown.throw(exception)
    |     ~~~~~~~~~~~~~~^^^^^^^^^^^
    |   File "C:\Python313\Lib\site-packages\pluggy\_callers.py", line 53, in run_old_style_hookwrapper
    |     return result.get_result()
    |            ~~~~~~~~~~~~~~~~~^^
    |   File "C:\Python313\Lib\site-packages\pluggy\_result.py", line 103, in get_result
    |     raise exc.with_traceback(tb)
    |   File "C:\Python313\Lib\site-packages\pluggy\_callers.py", line 38, in run_old_style_hookwrapper
    |     res = yield
    |           ^^^^^
    |   File "C:\Python313\Lib\site-packages\pluggy\_callers.py", line 139, in _multicall
    |     teardown.throw(exception)
    |     ~~~~~~~~~~~~~~^^^^^^^^^^^
    |   File "C:\Python313\Lib\site-packages\_pytest\skipping.py", line 268, in pytest_runtest_call
    |     return (yield)
    |             ^^^^^
    |   File "C:\Python313\Lib\site-packages\pluggy\_callers.py", line 121, in _multicall
    |     res = hook_impl.function(*args)
    |   File "C:\Python313\Lib\site-packages\_pytest\runner.py", line 179, in pytest_runtest_call
    |     item.runtest()
    |     ~~~~~~~~~~~~^^
    |   File "C:\Python313\Lib\site-packages\pytest_asyncio\plugin.py", line 469, in runtest
    |     super().runtest()
    |     ~~~~~~~~~~~~~~~^^
    |   File "C:\Python313\Lib\site-packages\_pytest\python.py", line 1720, in runtest
    |     self.ihook.pytest_pyfunc_call(pyfuncitem=self)
    |     ~~~~~~~~~~~~~~~~~~~~~~~~~~~~~^^^^^^^^^^^^^^^^^
    |   File "C:\Python313\Lib\site-packages\pluggy\_hooks.py", line 512, in __call__
    |     return self._hookexec(self.name, self._hookimpls.copy(), kwargs, firstresult)
    |            ~~~~~~~~~~~~~~^^^^^^^^^^^^^^^^^^^^^^^^^^^^^^^^^^^^^^^^^^^^^^^^^^^^^^^^
    |   File "C:\Python313\Lib\site-packages\pluggy\_manager.py", line 120, in _hookexec
    |     return self._inner_hookexec(hook_name, methods, kwargs, firstresult)
    |            ~~~~~~~~~~~~~~~~~~~~^^^^^^^^^^^^^^^^^^^^^^^^^^^^^^^^^^^^^^^^^
    |   File "C:\Python313\Lib\site-packages\pluggy\_callers.py", line 167, in _multicall
    |     raise exception
    |   File "C:\Python313\Lib\site-packages\pluggy\_callers.py", line 139, in _multicall
    |     teardown.throw(exception)
    |     ~~~~~~~~~~~~~~^^^^^^^^^^^
    |   File "C:\Python313\Lib\site-packages\pluggy\_callers.py", line 53, in run_old_style_hookwrapper
    |     return result.get_result()
    |            ~~~~~~~~~~~~~~~~~^^
    |   File "C:\Python313\Lib\site-packages\pluggy\_result.py", line 103, in get_result
    |     raise exc.with_traceback(tb)
    |   File "C:\Python313\Lib\site-packages\pluggy\_callers.py", line 38, in run_old_style_hookwrapper
    |     res = yield
    |           ^^^^^
    |   File "C:\Python313\Lib\site-packages\pluggy\_callers.py", line 121, in _multicall
    |     res = hook_impl.function(*args)
    |   File "C:\Python313\Lib\site-packages\_pytest\python.py", line 166, in pytest_pyfunc_call
    |     result = testfunction(**testargs)
    |   File "C:\Python313\Lib\site-packages\pytest_asyncio\plugin.py", line 716, in inner
    |     runner.run(coro, context=context)
    |     ~~~~~~~~~~^^^^^^^^^^^^^^^^^^^^^^^
    |   File "C:\Python313\Lib\asyncio\runners.py", line 118, in run
    |     return self._loop.run_until_complete(task)
    |            ~~~~~~~~~~~~~~~~~~~~~~~~~~~~~^^^^^^
    |   File "C:\Python313\Lib\asyncio\base_events.py", line 725, in run_until_complete
    |     return future.result()
    |            ~~~~~~~~~~~~~^^
    |   File "C:\Users\egorribun\Documents\university_ecosystem\tests\test_events_localization.py", line 234, in test_events_etag_and_not_modified
    |     list_response = await async_client.get("/events", headers=base_headers)
    |                     ^^^^^^^^^^^^^^^^^^^^^^^^^^^^^^^^^^^^^^^^^^^^^^^^^^^^^^^
    |   File "C:\Python313\Lib\site-packages\httpx\_client.py", line 1768, in get
    |     return await self.request(
    |            ^^^^^^^^^^^^^^^^^^^
    |     ...<9 lines>...
    |     )
    |     ^
    |   File "C:\Python313\Lib\site-packages\httpx\_client.py", line 1540, in request
    |     return await self.send(request, auth=auth, follow_redirects=follow_redirects)
    |            ^^^^^^^^^^^^^^^^^^^^^^^^^^^^^^^^^^^^^^^^^^^^^^^^^^^^^^^^^^^^^^^^^^^^^^
    |   File "C:\Python313\Lib\site-packages\httpx\_client.py", line 1629, in send
    |     response = await self._send_handling_auth(
    |                ^^^^^^^^^^^^^^^^^^^^^^^^^^^^^^^
    |     ...<4 lines>...
    |     )
    |     ^
    |   File "C:\Python313\Lib\site-packages\httpx\_client.py", line 1657, in _send_handling_auth
    |     response = await self._send_handling_redirects(
    |                ^^^^^^^^^^^^^^^^^^^^^^^^^^^^^^^^^^^^
    |     ...<3 lines>...
    |     )
    |     ^
    |   File "C:\Python313\Lib\site-packages\httpx\_client.py", line 1694, in _send_handling_redirects
    |     response = await self._send_single_request(request)
    |                ^^^^^^^^^^^^^^^^^^^^^^^^^^^^^^^^^^^^^^^^
    |   File "C:\Python313\Lib\site-packages\httpx\_client.py", line 1730, in _send_single_request
    |     response = await transport.handle_async_request(request)
    |                ^^^^^^^^^^^^^^^^^^^^^^^^^^^^^^^^^^^^^^^^^^^^^
    |   File "C:\Python313\Lib\site-packages\httpx\_transports\asgi.py", line 170, in handle_async_request
    |     await self.app(scope, receive, send)
    |   File "C:\Python313\Lib\site-packages\fastapi\applications.py", line 1135, in __call__
    |     await super().__call__(scope, receive, send)
    |   File "C:\Python313\Lib\site-packages\starlette\applications.py", line 107, in __call__
    |     await self.middleware_stack(scope, receive, send)
    |   File "C:\Python313\Lib\site-packages\starlette\middleware\errors.py", line 186, in __call__
    |     raise exc
    |   File "C:\Python313\Lib\site-packages\starlette\middleware\errors.py", line 164, in __call__
    |     await self.app(scope, receive, _send)
    |   File "C:\Python313\Lib\site-packages\starlette\middleware\cors.py", line 85, in __call__
    |     await self.app(scope, receive, send)
    |   File "C:\Python313\Lib\site-packages\starlette\middleware\trustedhost.py", line 51, in __call__
    |     await self.app(scope, receive, send)
    |   File "C:\Python313\Lib\site-packages\uvicorn\middleware\proxy_headers.py", line 60, in __call__
    |     return await self.app(scope, receive, send)
    |            ^^^^^^^^^^^^^^^^^^^^^^^^^^^^^^^^^^^^
    |   File "C:\Python313\Lib\site-packages\starlette\middleware\base.py", line 191, in __call__
    |     with recv_stream, send_stream, collapse_excgroups():
    |                                    ~~~~~~~~~~~~~~~~~~^^
    |   File "C:\Python313\Lib\contextlib.py", line 162, in __exit__
    |     self.gen.throw(value)
    |     ~~~~~~~~~~~~~~^^^^^^^
    |   File "C:\Python313\Lib\site-packages\starlette\_utils.py", line 85, in collapse_excgroups
    |     raise exc
    |   File "C:\Python313\Lib\site-packages\starlette\middleware\base.py", line 193, in __call__
    |     response = await self.dispatch_func(request, call_next)
    |                ^^^^^^^^^^^^^^^^^^^^^^^^^^^^^^^^^^^^^^^^^^^^
    |   File "C:\Users\egorribun\Documents\university_ecosystem\app\core\rate_limit.py", line 284, in dispatch
    |     response = await call_next(request)
    |                ^^^^^^^^^^^^^^^^^^^^^^^^
    |   File "C:\Python313\Lib\site-packages\starlette\middleware\base.py", line 168, in call_next
    |     raise app_exc from app_exc.__cause__ or app_exc.__context__
    |   File "C:\Python313\Lib\site-packages\starlette\middleware\base.py", line 144, in coro
    |     await self.app(scope, receive_or_disconnect, send_no_error)
    |   File "C:\Python313\Lib\site-packages\starlette\middleware\base.py", line 191, in __call__
    |     with recv_stream, send_stream, collapse_excgroups():
    |                                    ~~~~~~~~~~~~~~~~~~^^
    |   File "C:\Python313\Lib\contextlib.py", line 162, in __exit__
    |     self.gen.throw(value)
    |     ~~~~~~~~~~~~~~^^^^^^^
    |   File "C:\Python313\Lib\site-packages\starlette\_utils.py", line 85, in collapse_excgroups
    |     raise exc
    |   File "C:\Python313\Lib\site-packages\starlette\middleware\base.py", line 193, in __call__
    |     response = await self.dispatch_func(request, call_next)
    |                ^^^^^^^^^^^^^^^^^^^^^^^^^^^^^^^^^^^^^^^^^^^^
    |   File "C:\Users\egorribun\Documents\university_ecosystem\app\core\middleware.py", line 40, in _http_response_hardening
    |     response = await call_next(request)
    |                ^^^^^^^^^^^^^^^^^^^^^^^^
    |   File "C:\Python313\Lib\site-packages\starlette\middleware\base.py", line 168, in call_next
    |     raise app_exc from app_exc.__cause__ or app_exc.__context__
    |   File "C:\Python313\Lib\site-packages\starlette\middleware\base.py", line 144, in coro
    |     await self.app(scope, receive_or_disconnect, send_no_error)
    |   File "C:\Python313\Lib\site-packages\starlette\middleware\base.py", line 191, in __call__
    |     with recv_stream, send_stream, collapse_excgroups():
    |                                    ~~~~~~~~~~~~~~~~~~^^
    |   File "C:\Python313\Lib\contextlib.py", line 162, in __exit__
    |     self.gen.throw(value)
    |     ~~~~~~~~~~~~~~^^^^^^^
    |   File "C:\Python313\Lib\site-packages\starlette\_utils.py", line 85, in collapse_excgroups
    |     raise exc
    |   File "C:\Python313\Lib\site-packages\starlette\middleware\base.py", line 193, in __call__
    |     response = await self.dispatch_func(request, call_next)
    |                ^^^^^^^^^^^^^^^^^^^^^^^^^^^^^^^^^^^^^^^^^^^^
    |   File "C:\Users\egorribun\Documents\university_ecosystem\app\core\internal_access.py", line 34, in dispatch
    |     return await call_next(request)
    |            ^^^^^^^^^^^^^^^^^^^^^^^^
    |   File "C:\Python313\Lib\site-packages\starlette\middleware\base.py", line 168, in call_next
    |     raise app_exc from app_exc.__cause__ or app_exc.__context__
    |   File "C:\Python313\Lib\site-packages\starlette\middleware\base.py", line 144, in coro
    |     await self.app(scope, receive_or_disconnect, send_no_error)
    |   File "C:\Python313\Lib\site-packages\starlette\middleware\base.py", line 191, in __call__
    |     with recv_stream, send_stream, collapse_excgroups():
    |                                    ~~~~~~~~~~~~~~~~~~^^
    |   File "C:\Python313\Lib\contextlib.py", line 162, in __exit__
    |     self.gen.throw(value)
    |     ~~~~~~~~~~~~~~^^^^^^^
    |   File "C:\Python313\Lib\site-packages\starlette\_utils.py", line 85, in collapse_excgroups
    |     raise exc
    |   File "C:\Python313\Lib\site-packages\starlette\middleware\base.py", line 193, in __call__
    |     response = await self.dispatch_func(request, call_next)
    |                ^^^^^^^^^^^^^^^^^^^^^^^^^^^^^^^^^^^^^^^^^^^^
    |   File "C:\Users\egorribun\Documents\university_ecosystem\app\core\sanitization.py", line 63, in dispatch
    |     return await call_next(request)
    |            ^^^^^^^^^^^^^^^^^^^^^^^^
    |   File "C:\Python313\Lib\site-packages\starlette\middleware\base.py", line 168, in call_next
    |     raise app_exc from app_exc.__cause__ or app_exc.__context__
    |   File "C:\Python313\Lib\site-packages\starlette\middleware\base.py", line 144, in coro
    |     await self.app(scope, receive_or_disconnect, send_no_error)
    |   File "c:\Users\egorribun\Documents\university_ecosystem\tests\conftest.py", line 98, in __call__
    |     await self.app(scope, receive, send)
    |   File "C:\Python313\Lib\site-packages\brotli_asgi\__init__.py", line 81, in __call__
    |     await br_responder(scope, receive, send)
    |   File "C:\Python313\Lib\site-packages\brotli_asgi\__init__.py", line 126, in __call__
    |     await self.app(scope, receive, self.send_with_brotli)
    |   File "C:\Python313\Lib\site-packages\starlette\middleware\base.py", line 191, in __call__
    |     with recv_stream, send_stream, collapse_excgroups():
    |                                    ~~~~~~~~~~~~~~~~~~^^
    |   File "C:\Python313\Lib\contextlib.py", line 162, in __exit__
    |     self.gen.throw(value)
    |     ~~~~~~~~~~~~~~^^^^^^^
    |   File "C:\Python313\Lib\site-packages\starlette\_utils.py", line 85, in collapse_excgroups
    |     raise exc
    |   File "C:\Python313\Lib\site-packages\starlette\middleware\base.py", line 193, in __call__
    |     response = await self.dispatch_func(request, call_next)
    |                ^^^^^^^^^^^^^^^^^^^^^^^^^^^^^^^^^^^^^^^^^^^^
    |   File "C:\Users\egorribun\Documents\university_ecosystem\app\core\metrics.py", line 538, in dispatch
    |     response = await call_next(request)
    |                ^^^^^^^^^^^^^^^^^^^^^^^^
    |   File "C:\Python313\Lib\site-packages\starlette\middleware\base.py", line 168, in call_next
    |     raise app_exc from app_exc.__cause__ or app_exc.__context__
    |   File "C:\Python313\Lib\site-packages\starlette\middleware\base.py", line 144, in coro
    |     await self.app(scope, receive_or_disconnect, send_no_error)
    |   File "C:\Python313\Lib\site-packages\starlette\middleware\base.py", line 191, in __call__
    |     with recv_stream, send_stream, collapse_excgroups():
    |                                    ~~~~~~~~~~~~~~~~~~^^
    |   File "C:\Python313\Lib\contextlib.py", line 162, in __exit__
    |     self.gen.throw(value)
    |     ~~~~~~~~~~~~~~^^^^^^^
    |   File "C:\Python313\Lib\site-packages\starlette\_utils.py", line 85, in collapse_excgroups
    |     raise exc
    |   File "C:\Python313\Lib\site-packages\starlette\middleware\base.py", line 193, in __call__
    |     response = await self.dispatch_func(request, call_next)
    |                ^^^^^^^^^^^^^^^^^^^^^^^^^^^^^^^^^^^^^^^^^^^^
    |   File "C:\Users\egorribun\Documents\university_ecosystem\app\core\observability.py", line 129, in dispatch
    |     response: Response = await call_next(request)
    |                          ^^^^^^^^^^^^^^^^^^^^^^^^
    |   File "C:\Python313\Lib\site-packages\starlette\middleware\base.py", line 168, in call_next
    |     raise app_exc from app_exc.__cause__ or app_exc.__context__
    |   File "C:\Python313\Lib\site-packages\starlette\middleware\base.py", line 144, in coro
    |     await self.app(scope, receive_or_disconnect, send_no_error)
    |   File "C:\Python313\Lib\site-packages\starlette\middleware\exceptions.py", line 63, in __call__
    |     await wrap_app_handling_exceptions(self.app, conn)(scope, receive, send)
    |   File "C:\Python313\Lib\site-packages\starlette\_exception_handler.py", line 53, in wrapped_app
    |     raise exc
    |   File "C:\Python313\Lib\site-packages\starlette\_exception_handler.py", line 42, in wrapped_app
    |     await app(scope, receive, sender)
    |   File "C:\Python313\Lib\site-packages\fastapi\middleware\asyncexitstack.py", line 18, in __call__
    |     await self.app(scope, receive, send)
    |   File "C:\Python313\Lib\site-packages\starlette\routing.py", line 716, in __call__
    |     await self.middleware_stack(scope, receive, send)
    |   File "C:\Python313\Lib\site-packages\starlette\routing.py", line 736, in app
    |     await route.handle(scope, receive, send)
    |   File "C:\Python313\Lib\site-packages\starlette\routing.py", line 290, in handle
    |     await self.app(scope, receive, send)
    |   File "C:\Python313\Lib\site-packages\fastapi\routing.py", line 115, in app
    |     await wrap_app_handling_exceptions(app, request)(scope, receive, send)
    |   File "C:\Python313\Lib\site-packages\starlette\_exception_handler.py", line 53, in wrapped_app
    |     raise exc
    |   File "C:\Python313\Lib\site-packages\starlette\_exception_handler.py", line 42, in wrapped_app
    |     await app(scope, receive, sender)
    |   File "C:\Python313\Lib\site-packages\fastapi\routing.py", line 101, in app
    |     response = await f(request)
    |                ^^^^^^^^^^^^^^^^
    |   File "C:\Python313\Lib\site-packages\fastapi\routing.py", line 355, in app
    |     raw_response = await run_endpoint_function(
    |                    ^^^^^^^^^^^^^^^^^^^^^^^^^^^^
    |     ...<3 lines>...
    |     )
    |     ^
    |   File "C:\Python313\Lib\site-packages\fastapi\routing.py", line 243, in run_endpoint_function
    |     return await dependant.call(**values)
    |            ^^^^^^^^^^^^^^^^^^^^^^^^^^^^^^
    |   File "C:\Users\egorribun\Documents\university_ecosystem\app\api\events.py", line 300, in all_events
    |     payload = await events.get_events(
    |               ^^^^^^^^^^^^^^^^^^^^^^^^
    |     ...<8 lines>...
    |     )
    |     ^
    |   File "C:\Users\egorribun\Documents\university_ecosystem\app\services\event_service.py", line 169, in get_events
    |     await self.repo.count_upcoming()
    |   File "C:\Users\egorribun\Documents\university_ecosystem\app\repositories\event_repository.py", line 63, in count_upcoming
    |     select(func.count(Event.id)).where(Event.start_date >= now)
    |                                        ^^^^^^^^^^^^^^^^
    | AttributeError: type object 'Event' has no attribute 'start_date'. Did you mean: 'starts_at'?
    +------------------------------------

The above exception was the direct cause of the following exception:

Traceback (most recent call last):
  File "C:\Users\egorribun\Documents\university_ecosystem\tests\test_events_localization.py", line 234, in test_events_etag_and_not_modified
    list_response = await async_client.get("/events", headers=base_headers)
                    ^^^^^^^^^^^^^^^^^^^^^^^^^^^^^^^^^^^^^^^^^^^^^^^^^^^^^^^
  File "C:\Python313\Lib\site-packages\httpx\_client.py", line 1768, in get
    return await self.request(
           ^^^^^^^^^^^^^^^^^^^
    ...<9 lines>...
    )
    ^
  File "C:\Python313\Lib\site-packages\httpx\_client.py", line 1540, in request
    return await self.send(request, auth=auth, follow_redirects=follow_redirects)
           ^^^^^^^^^^^^^^^^^^^^^^^^^^^^^^^^^^^^^^^^^^^^^^^^^^^^^^^^^^^^^^^^^^^^^^
  File "C:\Python313\Lib\site-packages\httpx\_client.py", line 1629, in send
    response = await self._send_handling_auth(
               ^^^^^^^^^^^^^^^^^^^^^^^^^^^^^^^
    ...<4 lines>...
    )
    ^
  File "C:\Python313\Lib\site-packages\httpx\_client.py", line 1657, in _send_handling_auth
    response = await self._send_handling_redirects(
               ^^^^^^^^^^^^^^^^^^^^^^^^^^^^^^^^^^^^
    ...<3 lines>...
    )
    ^
  File "C:\Python313\Lib\site-packages\httpx\_client.py", line 1694, in _send_handling_redirects
    response = await self._send_single_request(request)
               ^^^^^^^^^^^^^^^^^^^^^^^^^^^^^^^^^^^^^^^^
  File "C:\Python313\Lib\site-packages\httpx\_client.py", line 1730, in _send_single_request
    response = await transport.handle_async_request(request)
               ^^^^^^^^^^^^^^^^^^^^^^^^^^^^^^^^^^^^^^^^^^^^^
  File "C:\Python313\Lib\site-packages\httpx\_transports\asgi.py", line 170, in handle_async_request
    await self.app(scope, receive, send)
  File "C:\Python313\Lib\site-packages\fastapi\applications.py", line 1135, in __call__
    await super().__call__(scope, receive, send)
  File "C:\Python313\Lib\site-packages\starlette\applications.py", line 107, in __call__
    await self.middleware_stack(scope, receive, send)
  File "C:\Python313\Lib\site-packages\starlette\middleware\errors.py", line 186, in __call__
    raise exc
  File "C:\Python313\Lib\site-packages\starlette\middleware\errors.py", line 164, in __call__
    await self.app(scope, receive, _send)
  File "C:\Python313\Lib\site-packages\starlette\middleware\cors.py", line 85, in __call__
    await self.app(scope, receive, send)
  File "C:\Python313\Lib\site-packages\starlette\middleware\trustedhost.py", line 51, in __call__
    await self.app(scope, receive, send)
  File "C:\Python313\Lib\site-packages\uvicorn\middleware\proxy_headers.py", line 60, in __call__
    return await self.app(scope, receive, send)
           ^^^^^^^^^^^^^^^^^^^^^^^^^^^^^^^^^^^^
  File "C:\Python313\Lib\site-packages\starlette\middleware\base.py", line 191, in __call__
    with recv_stream, send_stream, collapse_excgroups():
                                   ~~~~~~~~~~~~~~~~~~^^
  File "C:\Python313\Lib\contextlib.py", line 162, in __exit__
    self.gen.throw(value)
    ~~~~~~~~~~~~~~^^^^^^^
  File "C:\Python313\Lib\site-packages\starlette\_utils.py", line 85, in collapse_excgroups
    raise exc
  File "C:\Python313\Lib\site-packages\starlette\middleware\base.py", line 193, in __call__
    response = await self.dispatch_func(request, call_next)
               ^^^^^^^^^^^^^^^^^^^^^^^^^^^^^^^^^^^^^^^^^^^^
  File "C:\Users\egorribun\Documents\university_ecosystem\app\core\rate_limit.py", line 284, in dispatch
    response = await call_next(request)
               ^^^^^^^^^^^^^^^^^^^^^^^^
  File "C:\Python313\Lib\site-packages\starlette\middleware\base.py", line 168, in call_next
    raise app_exc from app_exc.__cause__ or app_exc.__context__
  File "C:\Python313\Lib\site-packages\starlette\middleware\base.py", line 144, in coro
    await self.app(scope, receive_or_disconnect, send_no_error)
  File "C:\Python313\Lib\site-packages\starlette\middleware\base.py", line 191, in __call__
    with recv_stream, send_stream, collapse_excgroups():
                                   ~~~~~~~~~~~~~~~~~~^^
  File "C:\Python313\Lib\contextlib.py", line 162, in __exit__
    self.gen.throw(value)
    ~~~~~~~~~~~~~~^^^^^^^
  File "C:\Python313\Lib\site-packages\starlette\_utils.py", line 85, in collapse_excgroups
    raise exc
  File "C:\Python313\Lib\site-packages\starlette\middleware\base.py", line 193, in __call__
    response = await self.dispatch_func(request, call_next)
               ^^^^^^^^^^^^^^^^^^^^^^^^^^^^^^^^^^^^^^^^^^^^
  File "C:\Users\egorribun\Documents\university_ecosystem\app\core\middleware.py", line 40, in _http_response_hardening
    response = await call_next(request)
               ^^^^^^^^^^^^^^^^^^^^^^^^
  File "C:\Python313\Lib\site-packages\starlette\middleware\base.py", line 168, in call_next
    raise app_exc from app_exc.__cause__ or app_exc.__context__
  File "C:\Python313\Lib\site-packages\starlette\middleware\base.py", line 144, in coro
    await self.app(scope, receive_or_disconnect, send_no_error)
  File "C:\Python313\Lib\site-packages\starlette\middleware\base.py", line 191, in __call__
    with recv_stream, send_stream, collapse_excgroups():
                                   ~~~~~~~~~~~~~~~~~~^^
  File "C:\Python313\Lib\contextlib.py", line 162, in __exit__
    self.gen.throw(value)
    ~~~~~~~~~~~~~~^^^^^^^
  File "C:\Python313\Lib\site-packages\starlette\_utils.py", line 85, in collapse_excgroups
    raise exc
  File "C:\Python313\Lib\site-packages\starlette\middleware\base.py", line 193, in __call__
    response = await self.dispatch_func(request, call_next)
               ^^^^^^^^^^^^^^^^^^^^^^^^^^^^^^^^^^^^^^^^^^^^
  File "C:\Users\egorribun\Documents\university_ecosystem\app\core\internal_access.py", line 34, in dispatch
    return await call_next(request)
           ^^^^^^^^^^^^^^^^^^^^^^^^
  File "C:\Python313\Lib\site-packages\starlette\middleware\base.py", line 168, in call_next
    raise app_exc from app_exc.__cause__ or app_exc.__context__
  File "C:\Python313\Lib\site-packages\starlette\middleware\base.py", line 144, in coro
    await self.app(scope, receive_or_disconnect, send_no_error)
  File "C:\Python313\Lib\site-packages\starlette\middleware\base.py", line 191, in __call__
    with recv_stream, send_stream, collapse_excgroups():
                                   ~~~~~~~~~~~~~~~~~~^^
  File "C:\Python313\Lib\contextlib.py", line 162, in __exit__
    self.gen.throw(value)
    ~~~~~~~~~~~~~~^^^^^^^
  File "C:\Python313\Lib\site-packages\starlette\_utils.py", line 85, in collapse_excgroups
    raise exc
  File "C:\Python313\Lib\site-packages\starlette\middleware\base.py", line 193, in __call__
    response = await self.dispatch_func(request, call_next)
               ^^^^^^^^^^^^^^^^^^^^^^^^^^^^^^^^^^^^^^^^^^^^
  File "C:\Users\egorribun\Documents\university_ecosystem\app\core\sanitization.py", line 63, in dispatch
    return await call_next(request)
           ^^^^^^^^^^^^^^^^^^^^^^^^
  File "C:\Python313\Lib\site-packages\starlette\middleware\base.py", line 168, in call_next
    raise app_exc from app_exc.__cause__ or app_exc.__context__
  File "C:\Python313\Lib\site-packages\starlette\middleware\base.py", line 144, in coro
    await self.app(scope, receive_or_disconnect, send_no_error)
  File "c:\Users\egorribun\Documents\university_ecosystem\tests\conftest.py", line 98, in __call__
    await self.app(scope, receive, send)
  File "C:\Python313\Lib\site-packages\brotli_asgi\__init__.py", line 81, in __call__
    await br_responder(scope, receive, send)
  File "C:\Python313\Lib\site-packages\brotli_asgi\__init__.py", line 126, in __call__
    await self.app(scope, receive, self.send_with_brotli)
  File "C:\Python313\Lib\site-packages\starlette\middleware\base.py", line 191, in __call__
    with recv_stream, send_stream, collapse_excgroups():
                                   ~~~~~~~~~~~~~~~~~~^^
  File "C:\Python313\Lib\contextlib.py", line 162, in __exit__
    self.gen.throw(value)
    ~~~~~~~~~~~~~~^^^^^^^
  File "C:\Python313\Lib\site-packages\starlette\_utils.py", line 85, in collapse_excgroups
    raise exc
  File "C:\Python313\Lib\site-packages\starlette\middleware\base.py", line 193, in __call__
    response = await self.dispatch_func(request, call_next)
               ^^^^^^^^^^^^^^^^^^^^^^^^^^^^^^^^^^^^^^^^^^^^
  File "C:\Users\egorribun\Documents\university_ecosystem\app\core\metrics.py", line 538, in dispatch
    response = await call_next(request)
               ^^^^^^^^^^^^^^^^^^^^^^^^
  File "C:\Python313\Lib\site-packages\starlette\middleware\base.py", line 168, in call_next
    raise app_exc from app_exc.__cause__ or app_exc.__context__
  File "C:\Python313\Lib\site-packages\starlette\middleware\base.py", line 144, in coro
    await self.app(scope, receive_or_disconnect, send_no_error)
  File "C:\Python313\Lib\site-packages\starlette\middleware\base.py", line 191, in __call__
    with recv_stream, send_stream, collapse_excgroups():
                                   ~~~~~~~~~~~~~~~~~~^^
  File "C:\Python313\Lib\contextlib.py", line 162, in __exit__
    self.gen.throw(value)
    ~~~~~~~~~~~~~~^^^^^^^
  File "C:\Python313\Lib\site-packages\starlette\_utils.py", line 85, in collapse_excgroups
    raise exc
  File "C:\Python313\Lib\site-packages\starlette\middleware\base.py", line 193, in __call__
    response = await self.dispatch_func(request, call_next)
               ^^^^^^^^^^^^^^^^^^^^^^^^^^^^^^^^^^^^^^^^^^^^
  File "C:\Users\egorribun\Documents\university_ecosystem\app\core\observability.py", line 129, in dispatch
    response: Response = await call_next(request)
                         ^^^^^^^^^^^^^^^^^^^^^^^^
  File "C:\Python313\Lib\site-packages\starlette\middleware\base.py", line 168, in call_next
    raise app_exc from app_exc.__cause__ or app_exc.__context__
  File "C:\Python313\Lib\site-packages\starlette\middleware\base.py", line 144, in coro
    await self.app(scope, receive_or_disconnect, send_no_error)
  File "C:\Python313\Lib\site-packages\starlette\middleware\exceptions.py", line 63, in __call__
    await wrap_app_handling_exceptions(self.app, conn)(scope, receive, send)
  File "C:\Python313\Lib\site-packages\starlette\_exception_handler.py", line 53, in wrapped_app
    raise exc
  File "C:\Python313\Lib\site-packages\starlette\_exception_handler.py", line 42, in wrapped_app
    await app(scope, receive, sender)
  File "C:\Python313\Lib\site-packages\fastapi\middleware\asyncexitstack.py", line 18, in __call__
    await self.app(scope, receive, send)
  File "C:\Python313\Lib\site-packages\starlette\routing.py", line 716, in __call__
    await self.middleware_stack(scope, receive, send)
  File "C:\Python313\Lib\site-packages\starlette\routing.py", line 736, in app
    await route.handle(scope, receive, send)
  File "C:\Python313\Lib\site-packages\starlette\routing.py", line 290, in handle
    await self.app(scope, receive, send)
  File "C:\Python313\Lib\site-packages\fastapi\routing.py", line 115, in app
    await wrap_app_handling_exceptions(app, request)(scope, receive, send)
  File "C:\Python313\Lib\site-packages\starlette\_exception_handler.py", line 53, in wrapped_app
    raise exc
  File "C:\Python313\Lib\site-packages\starlette\_exception_handler.py", line 42, in wrapped_app
    await app(scope, receive, sender)
  File "C:\Python313\Lib\site-packages\fastapi\routing.py", line 101, in app
    response = await f(request)
               ^^^^^^^^^^^^^^^^
  File "C:\Python313\Lib\site-packages\fastapi\routing.py", line 355, in app
    raw_response = await run_endpoint_function(
                   ^^^^^^^^^^^^^^^^^^^^^^^^^^^^
    ...<3 lines>...
    )
    ^
  File "C:\Python313\Lib\site-packages\fastapi\routing.py", line 243, in run_endpoint_function
    return await dependant.call(**values)
           ^^^^^^^^^^^^^^^^^^^^^^^^^^^^^^
  File "C:\Users\egorribun\Documents\university_ecosystem\app\api\events.py", line 300, in all_events
    payload = await events.get_events(
              ^^^^^^^^^^^^^^^^^^^^^^^^
    ...<8 lines>...
    )
    ^
  File "C:\Users\egorribun\Documents\university_ecosystem\app\services\event_service.py", line 169, in get_events
    await self.repo.count_upcoming()
  File "C:\Users\egorribun\Documents\university_ecosystem\app\repositories\event_repository.py", line 63, in count_upcoming
    select(func.count(Event.id)).where(Event.start_date >= now)
                                       ^^^^^^^^^^^^^^^^
AttributeError: type object 'Event' has no attribute 'start_date'. Did you mean: 'starts_at'?

The above exception was the direct cause of the following exception:
tests\test_events_localization.py:234: in test_events_etag_and_not_modified
    list_response = await async_client.get("/events", headers=base_headers)
                    ^^^^^^^^^^^^^^^^^^^^^^^^^^^^^^^^^^^^^^^^^^^^^^^^^^^^^^^
C:\Python313\Lib\site-packages\httpx\_client.py:1768: in get
    return await self.request(
C:\Python313\Lib\site-packages\httpx\_client.py:1540: in request
    return await self.send(request, auth=auth, follow_redirects=follow_redirects)
           ^^^^^^^^^^^^^^^^^^^^^^^^^^^^^^^^^^^^^^^^^^^^^^^^^^^^^^^^^^^^^^^^^^^^^^
C:\Python313\Lib\site-packages\httpx\_client.py:1629: in send
    response = await self._send_handling_auth(
C:\Python313\Lib\site-packages\httpx\_client.py:1657: in _send_handling_auth
    response = await self._send_handling_redirects(
C:\Python313\Lib\site-packages\httpx\_client.py:1694: in _send_handling_redirects
    response = await self._send_single_request(request)
               ^^^^^^^^^^^^^^^^^^^^^^^^^^^^^^^^^^^^^^^^
C:\Python313\Lib\site-packages\httpx\_client.py:1730: in _send_single_request
    response = await transport.handle_async_request(request)
               ^^^^^^^^^^^^^^^^^^^^^^^^^^^^^^^^^^^^^^^^^^^^^
C:\Python313\Lib\site-packages\httpx\_transports\asgi.py:170: in handle_async_request
    await self.app(scope, receive, send)
C:\Python313\Lib\site-packages\fastapi\applications.py:1135: in __call__
    await super().__call__(scope, receive, send)
C:\Python313\Lib\site-packages\starlette\applications.py:107: in __call__
    await self.middleware_stack(scope, receive, send)
C:\Python313\Lib\site-packages\starlette\middleware\errors.py:186: in __call__
    raise exc
C:\Python313\Lib\site-packages\starlette\middleware\errors.py:164: in __call__
    await self.app(scope, receive, _send)
C:\Python313\Lib\site-packages\starlette\middleware\cors.py:85: in __call__
    await self.app(scope, receive, send)
C:\Python313\Lib\site-packages\starlette\middleware\trustedhost.py:51: in __call__
    await self.app(scope, receive, send)
C:\Python313\Lib\site-packages\uvicorn\middleware\proxy_headers.py:60: in __call__
    return await self.app(scope, receive, send)
           ^^^^^^^^^^^^^^^^^^^^^^^^^^^^^^^^^^^^
C:\Python313\Lib\site-packages\starlette\middleware\base.py:191: in __call__
    with recv_stream, send_stream, collapse_excgroups():
                                   ^^^^^^^^^^^^^^^^^^^^
C:\Python313\Lib\contextlib.py:162: in __exit__
    self.gen.throw(value)
C:\Python313\Lib\site-packages\starlette\_utils.py:85: in collapse_excgroups
    raise exc
C:\Python313\Lib\site-packages\starlette\middleware\base.py:193: in __call__
    response = await self.dispatch_func(request, call_next)
               ^^^^^^^^^^^^^^^^^^^^^^^^^^^^^^^^^^^^^^^^^^^^
app\core\rate_limit.py:284: in dispatch
    response = await call_next(request)
               ^^^^^^^^^^^^^^^^^^^^^^^^
C:\Python313\Lib\site-packages\starlette\middleware\base.py:168: in call_next
    raise app_exc from app_exc.__cause__ or app_exc.__context__
C:\Python313\Lib\site-packages\starlette\middleware\base.py:144: in coro
    await self.app(scope, receive_or_disconnect, send_no_error)
C:\Python313\Lib\site-packages\starlette\middleware\base.py:191: in __call__
    with recv_stream, send_stream, collapse_excgroups():
                                   ^^^^^^^^^^^^^^^^^^^^
C:\Python313\Lib\contextlib.py:162: in __exit__
    self.gen.throw(value)
C:\Python313\Lib\site-packages\starlette\_utils.py:85: in collapse_excgroups
    raise exc
C:\Python313\Lib\site-packages\starlette\middleware\base.py:193: in __call__
    response = await self.dispatch_func(request, call_next)
               ^^^^^^^^^^^^^^^^^^^^^^^^^^^^^^^^^^^^^^^^^^^^
app\core\middleware.py:40: in _http_response_hardening
    response = await call_next(request)
               ^^^^^^^^^^^^^^^^^^^^^^^^
C:\Python313\Lib\site-packages\starlette\middleware\base.py:168: in call_next
    raise app_exc from app_exc.__cause__ or app_exc.__context__
C:\Python313\Lib\site-packages\starlette\middleware\base.py:144: in coro
    await self.app(scope, receive_or_disconnect, send_no_error)
C:\Python313\Lib\site-packages\starlette\middleware\base.py:191: in __call__
    with recv_stream, send_stream, collapse_excgroups():
                                   ^^^^^^^^^^^^^^^^^^^^
C:\Python313\Lib\contextlib.py:162: in __exit__
    self.gen.throw(value)
C:\Python313\Lib\site-packages\starlette\_utils.py:85: in collapse_excgroups
    raise exc
C:\Python313\Lib\site-packages\starlette\middleware\base.py:193: in __call__
    response = await self.dispatch_func(request, call_next)
               ^^^^^^^^^^^^^^^^^^^^^^^^^^^^^^^^^^^^^^^^^^^^
app\core\internal_access.py:34: in dispatch
    return await call_next(request)
           ^^^^^^^^^^^^^^^^^^^^^^^^
C:\Python313\Lib\site-packages\starlette\middleware\base.py:168: in call_next
    raise app_exc from app_exc.__cause__ or app_exc.__context__
C:\Python313\Lib\site-packages\starlette\middleware\base.py:144: in coro
    await self.app(scope, receive_or_disconnect, send_no_error)
C:\Python313\Lib\site-packages\starlette\middleware\base.py:191: in __call__
    with recv_stream, send_stream, collapse_excgroups():
                                   ^^^^^^^^^^^^^^^^^^^^
C:\Python313\Lib\contextlib.py:162: in __exit__
    self.gen.throw(value)
C:\Python313\Lib\site-packages\starlette\_utils.py:85: in collapse_excgroups
    raise exc
C:\Python313\Lib\site-packages\starlette\middleware\base.py:193: in __call__
    response = await self.dispatch_func(request, call_next)
               ^^^^^^^^^^^^^^^^^^^^^^^^^^^^^^^^^^^^^^^^^^^^
app\core\sanitization.py:63: in dispatch
    return await call_next(request)
           ^^^^^^^^^^^^^^^^^^^^^^^^
C:\Python313\Lib\site-packages\starlette\middleware\base.py:168: in call_next
    raise app_exc from app_exc.__cause__ or app_exc.__context__
C:\Python313\Lib\site-packages\starlette\middleware\base.py:144: in coro
    await self.app(scope, receive_or_disconnect, send_no_error)
tests\conftest.py:98: in __call__
    await self.app(scope, receive, send)
C:\Python313\Lib\site-packages\brotli_asgi\__init__.py:81: in __call__
    await br_responder(scope, receive, send)
C:\Python313\Lib\site-packages\brotli_asgi\__init__.py:126: in __call__
    await self.app(scope, receive, self.send_with_brotli)
C:\Python313\Lib\site-packages\starlette\middleware\base.py:191: in __call__
    with recv_stream, send_stream, collapse_excgroups():
                                   ^^^^^^^^^^^^^^^^^^^^
C:\Python313\Lib\contextlib.py:162: in __exit__
    self.gen.throw(value)
C:\Python313\Lib\site-packages\starlette\_utils.py:85: in collapse_excgroups
    raise exc
C:\Python313\Lib\site-packages\starlette\middleware\base.py:193: in __call__
    response = await self.dispatch_func(request, call_next)
               ^^^^^^^^^^^^^^^^^^^^^^^^^^^^^^^^^^^^^^^^^^^^
app\core\metrics.py:538: in dispatch
    response = await call_next(request)
               ^^^^^^^^^^^^^^^^^^^^^^^^
C:\Python313\Lib\site-packages\starlette\middleware\base.py:168: in call_next
    raise app_exc from app_exc.__cause__ or app_exc.__context__
C:\Python313\Lib\site-packages\starlette\middleware\base.py:144: in coro
    await self.app(scope, receive_or_disconnect, send_no_error)
C:\Python313\Lib\site-packages\starlette\middleware\base.py:191: in __call__
    with recv_stream, send_stream, collapse_excgroups():
                                   ^^^^^^^^^^^^^^^^^^^^
C:\Python313\Lib\contextlib.py:162: in __exit__
    self.gen.throw(value)
C:\Python313\Lib\site-packages\starlette\_utils.py:85: in collapse_excgroups
    raise exc
C:\Python313\Lib\site-packages\starlette\middleware\base.py:193: in __call__
    response = await self.dispatch_func(request, call_next)
               ^^^^^^^^^^^^^^^^^^^^^^^^^^^^^^^^^^^^^^^^^^^^
app\core\observability.py:129: in dispatch
    response: Response = await call_next(request)
                         ^^^^^^^^^^^^^^^^^^^^^^^^
C:\Python313\Lib\site-packages\starlette\middleware\base.py:168: in call_next
    raise app_exc from app_exc.__cause__ or app_exc.__context__
C:\Python313\Lib\site-packages\starlette\middleware\base.py:144: in coro
    await self.app(scope, receive_or_disconnect, send_no_error)
C:\Python313\Lib\site-packages\starlette\middleware\exceptions.py:63: in __call__
    await wrap_app_handling_exceptions(self.app, conn)(scope, receive, send)
C:\Python313\Lib\site-packages\starlette\_exception_handler.py:53: in wrapped_app
    raise exc
C:\Python313\Lib\site-packages\starlette\_exception_handler.py:42: in wrapped_app
    await app(scope, receive, sender)
C:\Python313\Lib\site-packages\fastapi\middleware\asyncexitstack.py:18: in __call__
    await self.app(scope, receive, send)
C:\Python313\Lib\site-packages\starlette\routing.py:716: in __call__
    await self.middleware_stack(scope, receive, send)
C:\Python313\Lib\site-packages\starlette\routing.py:736: in app
    await route.handle(scope, receive, send)
C:\Python313\Lib\site-packages\starlette\routing.py:290: in handle
    await self.app(scope, receive, send)
C:\Python313\Lib\site-packages\fastapi\routing.py:115: in app
    await wrap_app_handling_exceptions(app, request)(scope, receive, send)
C:\Python313\Lib\site-packages\starlette\_exception_handler.py:53: in wrapped_app
    raise exc
C:\Python313\Lib\site-packages\starlette\_exception_handler.py:42: in wrapped_app
    await app(scope, receive, sender)
C:\Python313\Lib\site-packages\fastapi\routing.py:101: in app
    response = await f(request)
               ^^^^^^^^^^^^^^^^
C:\Python313\Lib\site-packages\fastapi\routing.py:355: in app
    raw_response = await run_endpoint_function(
C:\Python313\Lib\site-packages\fastapi\routing.py:243: in run_endpoint_function
    return await dependant.call(**values)
           ^^^^^^^^^^^^^^^^^^^^^^^^^^^^^^
app\api\events.py:300: in all_events
    payload = await events.get_events(
app\services\event_service.py:169: in get_events
    await self.repo.count_upcoming()
app\repositories\event_repository.py:63: in count_upcoming
    select(func.count(Event.id)).where(Event.start_date >= now)
                                       ^^^^^^^^^^^^^^^^
E   AttributeError: type object 'Event' has no attribute 'start_date'. Did you mean: 'starts_at'?
---------------------------- Captured stderr setup ----------------------------
{"timestamp": "2026-01-30T19:05:08.421Z", "level": "INFO", "logger": "app.core.events", "message": "Domain event persistence listeners registered.", "service_name": "university-ecosystem", "environment": "testing"}
{"timestamp": "2026-01-30T19:05:08.422Z", "level": "INFO", "logger": "app.services.event_handlers", "message": "Domain event handlers configured", "service_name": "university-ecosystem", "environment": "testing"}
{"timestamp": "2026-01-30T19:05:08.423Z", "level": "INFO", "logger": "app.services.cache_warmup", "message": "Cache warmup disabled, skipping", "service_name": "university-ecosystem", "environment": "testing"}
{"timestamp": "2026-01-30T19:05:08.423Z", "level": "INFO", "logger": "app.workers.outbox", "message": "OutboxWorker started", "service_name": "university-ecosystem", "environment": "testing"}
----------------------------- Captured log setup ------------------------------
[32mINFO    [0m app.core.events:events.py:265 Domain event persistence listeners registered.
[32mINFO    [0m app.services.event_handlers:event_handlers.py:171 Domain event handlers configured
[32mINFO    [0m app.services.cache_warmup:cache_warmup.py:252 Cache warmup disabled, skipping
[32mINFO    [0m app.workers.outbox:outbox.py:31 OutboxWorker started
---------------------------- Captured stdout call -----------------------------
DEBUG: Validating policy for length 13
---------------------------- Captured stderr call -----------------------------
{"timestamp": "2026-01-30T19:05:08.591Z", "level": "INFO", "logger": "app.auth", "message": "{\"event\": \"auth.login.success\", \"user_id\": \"2\", \"request_id\": \"4a29d186e9d04fb797c84a59e4ebea55\", \"ip\": \"127.0.0.1\", \"path\": \"/api/v1/auth/login\", \"method\": \"POST\", \"reason\": \"authenticated\"}", "trace_id": "4a29d186e9d04fb797c84a59e4ebea55", "request_id": "4a29d186e9d04fb797c84a59e4ebea55", "service_name": "university-ecosystem", "environment": "testing", "event": "auth.login.success", "user_id": "2", "ip": "127.0.0.1", "path": "/api/v1/auth/login", "method": "POST", "reason": "authenticated"}
{"timestamp": "2026-01-30T19:05:08.596Z", "level": "INFO", "logger": "httpx", "message": "HTTP Request: POST http://testserver/api/v1/auth/login \"HTTP/1.1 200 OK\"", "service_name": "university-ecosystem", "environment": "testing"}
------------------------------ Captured log call ------------------------------
[32mINFO    [0m app.auth:audit_service.py:147 {"event": "auth.login.success", "user_id": "2", "request_id": "4a29d186e9d04fb797c84a59e4ebea55", "ip": "127.0.0.1", "path": "/api/v1/auth/login", "method": "POST", "reason": "authenticated"}
[32mINFO    [0m httpx:_client.py:1740 HTTP Request: POST http://testserver/api/v1/auth/login "HTTP/1.1 200 OK"
______________________ test_events_pagination_semantics _______________________
[gw6] win32 -- Python 3.13.11 C:\Python313\python.exe
  + Exception Group Traceback (most recent call last):
  |   File "C:\Python313\Lib\site-packages\starlette\_utils.py", line 79, in collapse_excgroups
  |     yield
  |   File "C:\Python313\Lib\site-packages\starlette\middleware\base.py", line 192, in __call__
  |     async with anyio.create_task_group() as task_group:
  |                ~~~~~~~~~~~~~~~~~~~~~~~^^
  |   File "C:\Python313\Lib\site-packages\anyio\_backends\_asyncio.py", line 783, in __aexit__
  |     raise BaseExceptionGroup(
  |         "unhandled errors in a TaskGroup", self._exceptions
  |     ) from None
  | ExceptionGroup: unhandled errors in a TaskGroup (1 sub-exception)
  +-+---------------- 1 ----------------
    | Traceback (most recent call last):
    |   File "C:\Python313\Lib\site-packages\_pytest\runner.py", line 353, in from_call
    |     result: TResult | None = func()
    |                              ~~~~^^
    |   File "C:\Python313\Lib\site-packages\_pytest\runner.py", line 245, in <lambda>
    |     lambda: runtest_hook(item=item, **kwds),
    |             ~~~~~~~~~~~~^^^^^^^^^^^^^^^^^^^
    |   File "C:\Python313\Lib\site-packages\pluggy\_hooks.py", line 512, in __call__
    |     return self._hookexec(self.name, self._hookimpls.copy(), kwargs, firstresult)
    |            ~~~~~~~~~~~~~~^^^^^^^^^^^^^^^^^^^^^^^^^^^^^^^^^^^^^^^^^^^^^^^^^^^^^^^^
    |   File "C:\Python313\Lib\site-packages\pluggy\_manager.py", line 120, in _hookexec
    |     return self._inner_hookexec(hook_name, methods, kwargs, firstresult)
    |            ~~~~~~~~~~~~~~~~~~~~^^^^^^^^^^^^^^^^^^^^^^^^^^^^^^^^^^^^^^^^^
    |   File "C:\Python313\Lib\site-packages\pluggy\_callers.py", line 167, in _multicall
    |     raise exception
    |   File "C:\Python313\Lib\site-packages\pluggy\_callers.py", line 139, in _multicall
    |     teardown.throw(exception)
    |     ~~~~~~~~~~~~~~^^^^^^^^^^^
    |   File "C:\Python313\Lib\site-packages\_pytest\logging.py", line 850, in pytest_runtest_call
    |     yield
    |   File "C:\Python313\Lib\site-packages\pluggy\_callers.py", line 139, in _multicall
    |     teardown.throw(exception)
    |     ~~~~~~~~~~~~~~^^^^^^^^^^^
    |   File "C:\Python313\Lib\site-packages\_pytest\capture.py", line 900, in pytest_runtest_call
    |     return (yield)
    |             ^^^^^
    |   File "C:\Python313\Lib\site-packages\pluggy\_callers.py", line 139, in _multicall
    |     teardown.throw(exception)
    |     ~~~~~~~~~~~~~~^^^^^^^^^^^
    |   File "C:\Python313\Lib\site-packages\pluggy\_callers.py", line 53, in run_old_style_hookwrapper
    |     return result.get_result()
    |            ~~~~~~~~~~~~~~~~~^^
    |   File "C:\Python313\Lib\site-packages\pluggy\_result.py", line 103, in get_result
    |     raise exc.with_traceback(tb)
    |   File "C:\Python313\Lib\site-packages\pluggy\_callers.py", line 38, in run_old_style_hookwrapper
    |     res = yield
    |           ^^^^^
    |   File "C:\Python313\Lib\site-packages\pluggy\_callers.py", line 139, in _multicall
    |     teardown.throw(exception)
    |     ~~~~~~~~~~~~~~^^^^^^^^^^^
    |   File "C:\Python313\Lib\site-packages\_pytest\skipping.py", line 268, in pytest_runtest_call
    |     return (yield)
    |             ^^^^^
    |   File "C:\Python313\Lib\site-packages\pluggy\_callers.py", line 121, in _multicall
    |     res = hook_impl.function(*args)
    |   File "C:\Python313\Lib\site-packages\_pytest\runner.py", line 179, in pytest_runtest_call
    |     item.runtest()
    |     ~~~~~~~~~~~~^^
    |   File "C:\Python313\Lib\site-packages\pytest_asyncio\plugin.py", line 469, in runtest
    |     super().runtest()
    |     ~~~~~~~~~~~~~~~^^
    |   File "C:\Python313\Lib\site-packages\_pytest\python.py", line 1720, in runtest
    |     self.ihook.pytest_pyfunc_call(pyfuncitem=self)
    |     ~~~~~~~~~~~~~~~~~~~~~~~~~~~~~^^^^^^^^^^^^^^^^^
    |   File "C:\Python313\Lib\site-packages\pluggy\_hooks.py", line 512, in __call__
    |     return self._hookexec(self.name, self._hookimpls.copy(), kwargs, firstresult)
    |            ~~~~~~~~~~~~~~^^^^^^^^^^^^^^^^^^^^^^^^^^^^^^^^^^^^^^^^^^^^^^^^^^^^^^^^
    |   File "C:\Python313\Lib\site-packages\pluggy\_manager.py", line 120, in _hookexec
    |     return self._inner_hookexec(hook_name, methods, kwargs, firstresult)
    |            ~~~~~~~~~~~~~~~~~~~~^^^^^^^^^^^^^^^^^^^^^^^^^^^^^^^^^^^^^^^^^
    |   File "C:\Python313\Lib\site-packages\pluggy\_callers.py", line 167, in _multicall
    |     raise exception
    |   File "C:\Python313\Lib\site-packages\pluggy\_callers.py", line 139, in _multicall
    |     teardown.throw(exception)
    |     ~~~~~~~~~~~~~~^^^^^^^^^^^
    |   File "C:\Python313\Lib\site-packages\pluggy\_callers.py", line 53, in run_old_style_hookwrapper
    |     return result.get_result()
    |            ~~~~~~~~~~~~~~~~~^^
    |   File "C:\Python313\Lib\site-packages\pluggy\_result.py", line 103, in get_result
    |     raise exc.with_traceback(tb)
    |   File "C:\Python313\Lib\site-packages\pluggy\_callers.py", line 38, in run_old_style_hookwrapper
    |     res = yield
    |           ^^^^^
    |   File "C:\Python313\Lib\site-packages\pluggy\_callers.py", line 121, in _multicall
    |     res = hook_impl.function(*args)
    |   File "C:\Python313\Lib\site-packages\_pytest\python.py", line 166, in pytest_pyfunc_call
    |     result = testfunction(**testargs)
    |   File "C:\Python313\Lib\site-packages\pytest_asyncio\plugin.py", line 716, in inner
    |     runner.run(coro, context=context)
    |     ~~~~~~~~~~^^^^^^^^^^^^^^^^^^^^^^^
    |   File "C:\Python313\Lib\asyncio\runners.py", line 118, in run
    |     return self._loop.run_until_complete(task)
    |            ~~~~~~~~~~~~~~~~~~~~~~~~~~~~~^^^^^^
    |   File "C:\Python313\Lib\asyncio\base_events.py", line 725, in run_until_complete
    |     return future.result()
    |            ~~~~~~~~~~~~~^^
    |   File "C:\Users\egorribun\Documents\university_ecosystem\tests\test_events_localization.py", line 404, in test_events_pagination_semantics
    |     first = await async_client.get(
    |             ^^^^^^^^^^^^^^^^^^^^^^^
    |     ...<3 lines>...
    |     )
    |     ^
    |   File "C:\Python313\Lib\site-packages\httpx\_client.py", line 1768, in get
    |     return await self.request(
    |            ^^^^^^^^^^^^^^^^^^^
    |     ...<9 lines>...
    |     )
    |     ^
    |   File "C:\Python313\Lib\site-packages\httpx\_client.py", line 1540, in request
    |     return await self.send(request, auth=auth, follow_redirects=follow_redirects)
    |            ^^^^^^^^^^^^^^^^^^^^^^^^^^^^^^^^^^^^^^^^^^^^^^^^^^^^^^^^^^^^^^^^^^^^^^
    |   File "C:\Python313\Lib\site-packages\httpx\_client.py", line 1629, in send
    |     response = await self._send_handling_auth(
    |                ^^^^^^^^^^^^^^^^^^^^^^^^^^^^^^^
    |     ...<4 lines>...
    |     )
    |     ^
    |   File "C:\Python313\Lib\site-packages\httpx\_client.py", line 1657, in _send_handling_auth
    |     response = await self._send_handling_redirects(
    |                ^^^^^^^^^^^^^^^^^^^^^^^^^^^^^^^^^^^^
    |     ...<3 lines>...
    |     )
    |     ^
    |   File "C:\Python313\Lib\site-packages\httpx\_client.py", line 1694, in _send_handling_redirects
    |     response = await self._send_single_request(request)
    |                ^^^^^^^^^^^^^^^^^^^^^^^^^^^^^^^^^^^^^^^^
    |   File "C:\Python313\Lib\site-packages\httpx\_client.py", line 1730, in _send_single_request
    |     response = await transport.handle_async_request(request)
    |                ^^^^^^^^^^^^^^^^^^^^^^^^^^^^^^^^^^^^^^^^^^^^^
    |   File "C:\Python313\Lib\site-packages\httpx\_transports\asgi.py", line 170, in handle_async_request
    |     await self.app(scope, receive, send)
    |   File "C:\Python313\Lib\site-packages\fastapi\applications.py", line 1135, in __call__
    |     await super().__call__(scope, receive, send)
    |   File "C:\Python313\Lib\site-packages\starlette\applications.py", line 107, in __call__
    |     await self.middleware_stack(scope, receive, send)
    |   File "C:\Python313\Lib\site-packages\starlette\middleware\errors.py", line 186, in __call__
    |     raise exc
    |   File "C:\Python313\Lib\site-packages\starlette\middleware\errors.py", line 164, in __call__
    |     await self.app(scope, receive, _send)
    |   File "C:\Python313\Lib\site-packages\starlette\middleware\cors.py", line 85, in __call__
    |     await self.app(scope, receive, send)
    |   File "C:\Python313\Lib\site-packages\starlette\middleware\trustedhost.py", line 51, in __call__
    |     await self.app(scope, receive, send)
    |   File "C:\Python313\Lib\site-packages\uvicorn\middleware\proxy_headers.py", line 60, in __call__
    |     return await self.app(scope, receive, send)
    |            ^^^^^^^^^^^^^^^^^^^^^^^^^^^^^^^^^^^^
    |   File "C:\Python313\Lib\site-packages\starlette\middleware\base.py", line 191, in __call__
    |     with recv_stream, send_stream, collapse_excgroups():
    |                                    ~~~~~~~~~~~~~~~~~~^^
    |   File "C:\Python313\Lib\contextlib.py", line 162, in __exit__
    |     self.gen.throw(value)
    |     ~~~~~~~~~~~~~~^^^^^^^
    |   File "C:\Python313\Lib\site-packages\starlette\_utils.py", line 85, in collapse_excgroups
    |     raise exc
    |   File "C:\Python313\Lib\site-packages\starlette\middleware\base.py", line 193, in __call__
    |     response = await self.dispatch_func(request, call_next)
    |                ^^^^^^^^^^^^^^^^^^^^^^^^^^^^^^^^^^^^^^^^^^^^
    |   File "C:\Users\egorribun\Documents\university_ecosystem\app\core\rate_limit.py", line 284, in dispatch
    |     response = await call_next(request)
    |                ^^^^^^^^^^^^^^^^^^^^^^^^
    |   File "C:\Python313\Lib\site-packages\starlette\middleware\base.py", line 168, in call_next
    |     raise app_exc from app_exc.__cause__ or app_exc.__context__
    |   File "C:\Python313\Lib\site-packages\starlette\middleware\base.py", line 144, in coro
    |     await self.app(scope, receive_or_disconnect, send_no_error)
    |   File "C:\Python313\Lib\site-packages\starlette\middleware\base.py", line 191, in __call__
    |     with recv_stream, send_stream, collapse_excgroups():
    |                                    ~~~~~~~~~~~~~~~~~~^^
    |   File "C:\Python313\Lib\contextlib.py", line 162, in __exit__
    |     self.gen.throw(value)
    |     ~~~~~~~~~~~~~~^^^^^^^
    |   File "C:\Python313\Lib\site-packages\starlette\_utils.py", line 85, in collapse_excgroups
    |     raise exc
    |   File "C:\Python313\Lib\site-packages\starlette\middleware\base.py", line 193, in __call__
    |     response = await self.dispatch_func(request, call_next)
    |                ^^^^^^^^^^^^^^^^^^^^^^^^^^^^^^^^^^^^^^^^^^^^
    |   File "C:\Users\egorribun\Documents\university_ecosystem\app\core\middleware.py", line 40, in _http_response_hardening
    |     response = await call_next(request)
    |                ^^^^^^^^^^^^^^^^^^^^^^^^
    |   File "C:\Python313\Lib\site-packages\starlette\middleware\base.py", line 168, in call_next
    |     raise app_exc from app_exc.__cause__ or app_exc.__context__
    |   File "C:\Python313\Lib\site-packages\starlette\middleware\base.py", line 144, in coro
    |     await self.app(scope, receive_or_disconnect, send_no_error)
    |   File "C:\Python313\Lib\site-packages\starlette\middleware\base.py", line 191, in __call__
    |     with recv_stream, send_stream, collapse_excgroups():
    |                                    ~~~~~~~~~~~~~~~~~~^^
    |   File "C:\Python313\Lib\contextlib.py", line 162, in __exit__
    |     self.gen.throw(value)
    |     ~~~~~~~~~~~~~~^^^^^^^
    |   File "C:\Python313\Lib\site-packages\starlette\_utils.py", line 85, in collapse_excgroups
    |     raise exc
    |   File "C:\Python313\Lib\site-packages\starlette\middleware\base.py", line 193, in __call__
    |     response = await self.dispatch_func(request, call_next)
    |                ^^^^^^^^^^^^^^^^^^^^^^^^^^^^^^^^^^^^^^^^^^^^
    |   File "C:\Users\egorribun\Documents\university_ecosystem\app\core\internal_access.py", line 34, in dispatch
    |     return await call_next(request)
    |            ^^^^^^^^^^^^^^^^^^^^^^^^
    |   File "C:\Python313\Lib\site-packages\starlette\middleware\base.py", line 168, in call_next
    |     raise app_exc from app_exc.__cause__ or app_exc.__context__
    |   File "C:\Python313\Lib\site-packages\starlette\middleware\base.py", line 144, in coro
    |     await self.app(scope, receive_or_disconnect, send_no_error)
    |   File "C:\Python313\Lib\site-packages\starlette\middleware\base.py", line 191, in __call__
    |     with recv_stream, send_stream, collapse_excgroups():
    |                                    ~~~~~~~~~~~~~~~~~~^^
    |   File "C:\Python313\Lib\contextlib.py", line 162, in __exit__
    |     self.gen.throw(value)
    |     ~~~~~~~~~~~~~~^^^^^^^
    |   File "C:\Python313\Lib\site-packages\starlette\_utils.py", line 85, in collapse_excgroups
    |     raise exc
    |   File "C:\Python313\Lib\site-packages\starlette\middleware\base.py", line 193, in __call__
    |     response = await self.dispatch_func(request, call_next)
    |                ^^^^^^^^^^^^^^^^^^^^^^^^^^^^^^^^^^^^^^^^^^^^
    |   File "C:\Users\egorribun\Documents\university_ecosystem\app\core\sanitization.py", line 63, in dispatch
    |     return await call_next(request)
    |            ^^^^^^^^^^^^^^^^^^^^^^^^
    |   File "C:\Python313\Lib\site-packages\starlette\middleware\base.py", line 168, in call_next
    |     raise app_exc from app_exc.__cause__ or app_exc.__context__
    |   File "C:\Python313\Lib\site-packages\starlette\middleware\base.py", line 144, in coro
    |     await self.app(scope, receive_or_disconnect, send_no_error)
    |   File "c:\Users\egorribun\Documents\university_ecosystem\tests\conftest.py", line 98, in __call__
    |     await self.app(scope, receive, send)
    |   File "C:\Python313\Lib\site-packages\brotli_asgi\__init__.py", line 81, in __call__
    |     await br_responder(scope, receive, send)
    |   File "C:\Python313\Lib\site-packages\brotli_asgi\__init__.py", line 126, in __call__
    |     await self.app(scope, receive, self.send_with_brotli)
    |   File "C:\Python313\Lib\site-packages\starlette\middleware\base.py", line 191, in __call__
    |     with recv_stream, send_stream, collapse_excgroups():
    |                                    ~~~~~~~~~~~~~~~~~~^^
    |   File "C:\Python313\Lib\contextlib.py", line 162, in __exit__
    |     self.gen.throw(value)
    |     ~~~~~~~~~~~~~~^^^^^^^
    |   File "C:\Python313\Lib\site-packages\starlette\_utils.py", line 85, in collapse_excgroups
    |     raise exc
    |   File "C:\Python313\Lib\site-packages\starlette\middleware\base.py", line 193, in __call__
    |     response = await self.dispatch_func(request, call_next)
    |                ^^^^^^^^^^^^^^^^^^^^^^^^^^^^^^^^^^^^^^^^^^^^
    |   File "C:\Users\egorribun\Documents\university_ecosystem\app\core\metrics.py", line 538, in dispatch
    |     response = await call_next(request)
    |                ^^^^^^^^^^^^^^^^^^^^^^^^
    |   File "C:\Python313\Lib\site-packages\starlette\middleware\base.py", line 168, in call_next
    |     raise app_exc from app_exc.__cause__ or app_exc.__context__
    |   File "C:\Python313\Lib\site-packages\starlette\middleware\base.py", line 144, in coro
    |     await self.app(scope, receive_or_disconnect, send_no_error)
    |   File "C:\Python313\Lib\site-packages\starlette\middleware\base.py", line 191, in __call__
    |     with recv_stream, send_stream, collapse_excgroups():
    |                                    ~~~~~~~~~~~~~~~~~~^^
    |   File "C:\Python313\Lib\contextlib.py", line 162, in __exit__
    |     self.gen.throw(value)
    |     ~~~~~~~~~~~~~~^^^^^^^
    |   File "C:\Python313\Lib\site-packages\starlette\_utils.py", line 85, in collapse_excgroups
    |     raise exc
    |   File "C:\Python313\Lib\site-packages\starlette\middleware\base.py", line 193, in __call__
    |     response = await self.dispatch_func(request, call_next)
    |                ^^^^^^^^^^^^^^^^^^^^^^^^^^^^^^^^^^^^^^^^^^^^
    |   File "C:\Users\egorribun\Documents\university_ecosystem\app\core\observability.py", line 129, in dispatch
    |     response: Response = await call_next(request)
    |                          ^^^^^^^^^^^^^^^^^^^^^^^^
    |   File "C:\Python313\Lib\site-packages\starlette\middleware\base.py", line 168, in call_next
    |     raise app_exc from app_exc.__cause__ or app_exc.__context__
    |   File "C:\Python313\Lib\site-packages\starlette\middleware\base.py", line 144, in coro
    |     await self.app(scope, receive_or_disconnect, send_no_error)
    |   File "C:\Python313\Lib\site-packages\starlette\middleware\exceptions.py", line 63, in __call__
    |     await wrap_app_handling_exceptions(self.app, conn)(scope, receive, send)
    |   File "C:\Python313\Lib\site-packages\starlette\_exception_handler.py", line 53, in wrapped_app
    |     raise exc
    |   File "C:\Python313\Lib\site-packages\starlette\_exception_handler.py", line 42, in wrapped_app
    |     await app(scope, receive, sender)
    |   File "C:\Python313\Lib\site-packages\fastapi\middleware\asyncexitstack.py", line 18, in __call__
    |     await self.app(scope, receive, send)
    |   File "C:\Python313\Lib\site-packages\starlette\routing.py", line 716, in __call__
    |     await self.middleware_stack(scope, receive, send)
    |   File "C:\Python313\Lib\site-packages\starlette\routing.py", line 736, in app
    |     await route.handle(scope, receive, send)
    |   File "C:\Python313\Lib\site-packages\starlette\routing.py", line 290, in handle
    |     await self.app(scope, receive, send)
    |   File "C:\Python313\Lib\site-packages\fastapi\routing.py", line 115, in app
    |     await wrap_app_handling_exceptions(app, request)(scope, receive, send)
    |   File "C:\Python313\Lib\site-packages\starlette\_exception_handler.py", line 53, in wrapped_app
    |     raise exc
    |   File "C:\Python313\Lib\site-packages\starlette\_exception_handler.py", line 42, in wrapped_app
    |     await app(scope, receive, sender)
    |   File "C:\Python313\Lib\site-packages\fastapi\routing.py", line 101, in app
    |     response = await f(request)
    |                ^^^^^^^^^^^^^^^^
    |   File "C:\Python313\Lib\site-packages\fastapi\routing.py", line 355, in app
    |     raw_response = await run_endpoint_function(
    |                    ^^^^^^^^^^^^^^^^^^^^^^^^^^^^
    |     ...<3 lines>...
    |     )
    |     ^
    |   File "C:\Python313\Lib\site-packages\fastapi\routing.py", line 243, in run_endpoint_function
    |     return await dependant.call(**values)
    |            ^^^^^^^^^^^^^^^^^^^^^^^^^^^^^^
    |   File "C:\Users\egorribun\Documents\university_ecosystem\app\api\events.py", line 300, in all_events
    |     payload = await events.get_events(
    |               ^^^^^^^^^^^^^^^^^^^^^^^^
    |     ...<8 lines>...
    |     )
    |     ^
    |   File "C:\Users\egorribun\Documents\university_ecosystem\app\services\event_service.py", line 169, in get_events
    |     await self.repo.count_upcoming()
    |   File "C:\Users\egorribun\Documents\university_ecosystem\app\repositories\event_repository.py", line 63, in count_upcoming
    |     select(func.count(Event.id)).where(Event.start_date >= now)
    |                                        ^^^^^^^^^^^^^^^^
    | AttributeError: type object 'Event' has no attribute 'start_date'. Did you mean: 'starts_at'?
    +------------------------------------

The above exception was the direct cause of the following exception:

Traceback (most recent call last):
  File "C:\Users\egorribun\Documents\university_ecosystem\tests\test_events_localization.py", line 404, in test_events_pagination_semantics
    first = await async_client.get(
            ^^^^^^^^^^^^^^^^^^^^^^^
    ...<3 lines>...
    )
    ^
  File "C:\Python313\Lib\site-packages\httpx\_client.py", line 1768, in get
    return await self.request(
           ^^^^^^^^^^^^^^^^^^^
    ...<9 lines>...
    )
    ^
  File "C:\Python313\Lib\site-packages\httpx\_client.py", line 1540, in request
    return await self.send(request, auth=auth, follow_redirects=follow_redirects)
           ^^^^^^^^^^^^^^^^^^^^^^^^^^^^^^^^^^^^^^^^^^^^^^^^^^^^^^^^^^^^^^^^^^^^^^
  File "C:\Python313\Lib\site-packages\httpx\_client.py", line 1629, in send
    response = await self._send_handling_auth(
               ^^^^^^^^^^^^^^^^^^^^^^^^^^^^^^^
    ...<4 lines>...
    )
    ^
  File "C:\Python313\Lib\site-packages\httpx\_client.py", line 1657, in _send_handling_auth
    response = await self._send_handling_redirects(
               ^^^^^^^^^^^^^^^^^^^^^^^^^^^^^^^^^^^^
    ...<3 lines>...
    )
    ^
  File "C:\Python313\Lib\site-packages\httpx\_client.py", line 1694, in _send_handling_redirects
    response = await self._send_single_request(request)
               ^^^^^^^^^^^^^^^^^^^^^^^^^^^^^^^^^^^^^^^^
  File "C:\Python313\Lib\site-packages\httpx\_client.py", line 1730, in _send_single_request
    response = await transport.handle_async_request(request)
               ^^^^^^^^^^^^^^^^^^^^^^^^^^^^^^^^^^^^^^^^^^^^^
  File "C:\Python313\Lib\site-packages\httpx\_transports\asgi.py", line 170, in handle_async_request
    await self.app(scope, receive, send)
  File "C:\Python313\Lib\site-packages\fastapi\applications.py", line 1135, in __call__
    await super().__call__(scope, receive, send)
  File "C:\Python313\Lib\site-packages\starlette\applications.py", line 107, in __call__
    await self.middleware_stack(scope, receive, send)
  File "C:\Python313\Lib\site-packages\starlette\middleware\errors.py", line 186, in __call__
    raise exc
  File "C:\Python313\Lib\site-packages\starlette\middleware\errors.py", line 164, in __call__
    await self.app(scope, receive, _send)
  File "C:\Python313\Lib\site-packages\starlette\middleware\cors.py", line 85, in __call__
    await self.app(scope, receive, send)
  File "C:\Python313\Lib\site-packages\starlette\middleware\trustedhost.py", line 51, in __call__
    await self.app(scope, receive, send)
  File "C:\Python313\Lib\site-packages\uvicorn\middleware\proxy_headers.py", line 60, in __call__
    return await self.app(scope, receive, send)
           ^^^^^^^^^^^^^^^^^^^^^^^^^^^^^^^^^^^^
  File "C:\Python313\Lib\site-packages\starlette\middleware\base.py", line 191, in __call__
    with recv_stream, send_stream, collapse_excgroups():
                                   ~~~~~~~~~~~~~~~~~~^^
  File "C:\Python313\Lib\contextlib.py", line 162, in __exit__
    self.gen.throw(value)
    ~~~~~~~~~~~~~~^^^^^^^
  File "C:\Python313\Lib\site-packages\starlette\_utils.py", line 85, in collapse_excgroups
    raise exc
  File "C:\Python313\Lib\site-packages\starlette\middleware\base.py", line 193, in __call__
    response = await self.dispatch_func(request, call_next)
               ^^^^^^^^^^^^^^^^^^^^^^^^^^^^^^^^^^^^^^^^^^^^
  File "C:\Users\egorribun\Documents\university_ecosystem\app\core\rate_limit.py", line 284, in dispatch
    response = await call_next(request)
               ^^^^^^^^^^^^^^^^^^^^^^^^
  File "C:\Python313\Lib\site-packages\starlette\middleware\base.py", line 168, in call_next
    raise app_exc from app_exc.__cause__ or app_exc.__context__
  File "C:\Python313\Lib\site-packages\starlette\middleware\base.py", line 144, in coro
    await self.app(scope, receive_or_disconnect, send_no_error)
  File "C:\Python313\Lib\site-packages\starlette\middleware\base.py", line 191, in __call__
    with recv_stream, send_stream, collapse_excgroups():
                                   ~~~~~~~~~~~~~~~~~~^^
  File "C:\Python313\Lib\contextlib.py", line 162, in __exit__
    self.gen.throw(value)
    ~~~~~~~~~~~~~~^^^^^^^
  File "C:\Python313\Lib\site-packages\starlette\_utils.py", line 85, in collapse_excgroups
    raise exc
  File "C:\Python313\Lib\site-packages\starlette\middleware\base.py", line 193, in __call__
    response = await self.dispatch_func(request, call_next)
               ^^^^^^^^^^^^^^^^^^^^^^^^^^^^^^^^^^^^^^^^^^^^
  File "C:\Users\egorribun\Documents\university_ecosystem\app\core\middleware.py", line 40, in _http_response_hardening
    response = await call_next(request)
               ^^^^^^^^^^^^^^^^^^^^^^^^
  File "C:\Python313\Lib\site-packages\starlette\middleware\base.py", line 168, in call_next
    raise app_exc from app_exc.__cause__ or app_exc.__context__
  File "C:\Python313\Lib\site-packages\starlette\middleware\base.py", line 144, in coro
    await self.app(scope, receive_or_disconnect, send_no_error)
  File "C:\Python313\Lib\site-packages\starlette\middleware\base.py", line 191, in __call__
    with recv_stream, send_stream, collapse_excgroups():
                                   ~~~~~~~~~~~~~~~~~~^^
  File "C:\Python313\Lib\contextlib.py", line 162, in __exit__
    self.gen.throw(value)
    ~~~~~~~~~~~~~~^^^^^^^
  File "C:\Python313\Lib\site-packages\starlette\_utils.py", line 85, in collapse_excgroups
    raise exc
  File "C:\Python313\Lib\site-packages\starlette\middleware\base.py", line 193, in __call__
    response = await self.dispatch_func(request, call_next)
               ^^^^^^^^^^^^^^^^^^^^^^^^^^^^^^^^^^^^^^^^^^^^
  File "C:\Users\egorribun\Documents\university_ecosystem\app\core\internal_access.py", line 34, in dispatch
    return await call_next(request)
           ^^^^^^^^^^^^^^^^^^^^^^^^
  File "C:\Python313\Lib\site-packages\starlette\middleware\base.py", line 168, in call_next
    raise app_exc from app_exc.__cause__ or app_exc.__context__
  File "C:\Python313\Lib\site-packages\starlette\middleware\base.py", line 144, in coro
    await self.app(scope, receive_or_disconnect, send_no_error)
  File "C:\Python313\Lib\site-packages\starlette\middleware\base.py", line 191, in __call__
    with recv_stream, send_stream, collapse_excgroups():
                                   ~~~~~~~~~~~~~~~~~~^^
  File "C:\Python313\Lib\contextlib.py", line 162, in __exit__
    self.gen.throw(value)
    ~~~~~~~~~~~~~~^^^^^^^
  File "C:\Python313\Lib\site-packages\starlette\_utils.py", line 85, in collapse_excgroups
    raise exc
  File "C:\Python313\Lib\site-packages\starlette\middleware\base.py", line 193, in __call__
    response = await self.dispatch_func(request, call_next)
               ^^^^^^^^^^^^^^^^^^^^^^^^^^^^^^^^^^^^^^^^^^^^
  File "C:\Users\egorribun\Documents\university_ecosystem\app\core\sanitization.py", line 63, in dispatch
    return await call_next(request)
           ^^^^^^^^^^^^^^^^^^^^^^^^
  File "C:\Python313\Lib\site-packages\starlette\middleware\base.py", line 168, in call_next
    raise app_exc from app_exc.__cause__ or app_exc.__context__
  File "C:\Python313\Lib\site-packages\starlette\middleware\base.py", line 144, in coro
    await self.app(scope, receive_or_disconnect, send_no_error)
  File "c:\Users\egorribun\Documents\university_ecosystem\tests\conftest.py", line 98, in __call__
    await self.app(scope, receive, send)
  File "C:\Python313\Lib\site-packages\brotli_asgi\__init__.py", line 81, in __call__
    await br_responder(scope, receive, send)
  File "C:\Python313\Lib\site-packages\brotli_asgi\__init__.py", line 126, in __call__
    await self.app(scope, receive, self.send_with_brotli)
  File "C:\Python313\Lib\site-packages\starlette\middleware\base.py", line 191, in __call__
    with recv_stream, send_stream, collapse_excgroups():
                                   ~~~~~~~~~~~~~~~~~~^^
  File "C:\Python313\Lib\contextlib.py", line 162, in __exit__
    self.gen.throw(value)
    ~~~~~~~~~~~~~~^^^^^^^
  File "C:\Python313\Lib\site-packages\starlette\_utils.py", line 85, in collapse_excgroups
    raise exc
  File "C:\Python313\Lib\site-packages\starlette\middleware\base.py", line 193, in __call__
    response = await self.dispatch_func(request, call_next)
               ^^^^^^^^^^^^^^^^^^^^^^^^^^^^^^^^^^^^^^^^^^^^
  File "C:\Users\egorribun\Documents\university_ecosystem\app\core\metrics.py", line 538, in dispatch
    response = await call_next(request)
               ^^^^^^^^^^^^^^^^^^^^^^^^
  File "C:\Python313\Lib\site-packages\starlette\middleware\base.py", line 168, in call_next
    raise app_exc from app_exc.__cause__ or app_exc.__context__
  File "C:\Python313\Lib\site-packages\starlette\middleware\base.py", line 144, in coro
    await self.app(scope, receive_or_disconnect, send_no_error)
  File "C:\Python313\Lib\site-packages\starlette\middleware\base.py", line 191, in __call__
    with recv_stream, send_stream, collapse_excgroups():
                                   ~~~~~~~~~~~~~~~~~~^^
  File "C:\Python313\Lib\contextlib.py", line 162, in __exit__
    self.gen.throw(value)
    ~~~~~~~~~~~~~~^^^^^^^
  File "C:\Python313\Lib\site-packages\starlette\_utils.py", line 85, in collapse_excgroups
    raise exc
  File "C:\Python313\Lib\site-packages\starlette\middleware\base.py", line 193, in __call__
    response = await self.dispatch_func(request, call_next)
               ^^^^^^^^^^^^^^^^^^^^^^^^^^^^^^^^^^^^^^^^^^^^
  File "C:\Users\egorribun\Documents\university_ecosystem\app\core\observability.py", line 129, in dispatch
    response: Response = await call_next(request)
                         ^^^^^^^^^^^^^^^^^^^^^^^^
  File "C:\Python313\Lib\site-packages\starlette\middleware\base.py", line 168, in call_next
    raise app_exc from app_exc.__cause__ or app_exc.__context__
  File "C:\Python313\Lib\site-packages\starlette\middleware\base.py", line 144, in coro
    await self.app(scope, receive_or_disconnect, send_no_error)
  File "C:\Python313\Lib\site-packages\starlette\middleware\exceptions.py", line 63, in __call__
    await wrap_app_handling_exceptions(self.app, conn)(scope, receive, send)
  File "C:\Python313\Lib\site-packages\starlette\_exception_handler.py", line 53, in wrapped_app
    raise exc
  File "C:\Python313\Lib\site-packages\starlette\_exception_handler.py", line 42, in wrapped_app
    await app(scope, receive, sender)
  File "C:\Python313\Lib\site-packages\fastapi\middleware\asyncexitstack.py", line 18, in __call__
    await self.app(scope, receive, send)
  File "C:\Python313\Lib\site-packages\starlette\routing.py", line 716, in __call__
    await self.middleware_stack(scope, receive, send)
  File "C:\Python313\Lib\site-packages\starlette\routing.py", line 736, in app
    await route.handle(scope, receive, send)
  File "C:\Python313\Lib\site-packages\starlette\routing.py", line 290, in handle
    await self.app(scope, receive, send)
  File "C:\Python313\Lib\site-packages\fastapi\routing.py", line 115, in app
    await wrap_app_handling_exceptions(app, request)(scope, receive, send)
  File "C:\Python313\Lib\site-packages\starlette\_exception_handler.py", line 53, in wrapped_app
    raise exc
  File "C:\Python313\Lib\site-packages\starlette\_exception_handler.py", line 42, in wrapped_app
    await app(scope, receive, sender)
  File "C:\Python313\Lib\site-packages\fastapi\routing.py", line 101, in app
    response = await f(request)
               ^^^^^^^^^^^^^^^^
  File "C:\Python313\Lib\site-packages\fastapi\routing.py", line 355, in app
    raw_response = await run_endpoint_function(
                   ^^^^^^^^^^^^^^^^^^^^^^^^^^^^
    ...<3 lines>...
    )
    ^
  File "C:\Python313\Lib\site-packages\fastapi\routing.py", line 243, in run_endpoint_function
    return await dependant.call(**values)
           ^^^^^^^^^^^^^^^^^^^^^^^^^^^^^^
  File "C:\Users\egorribun\Documents\university_ecosystem\app\api\events.py", line 300, in all_events
    payload = await events.get_events(
              ^^^^^^^^^^^^^^^^^^^^^^^^
    ...<8 lines>...
    )
    ^
  File "C:\Users\egorribun\Documents\university_ecosystem\app\services\event_service.py", line 169, in get_events
    await self.repo.count_upcoming()
  File "C:\Users\egorribun\Documents\university_ecosystem\app\repositories\event_repository.py", line 63, in count_upcoming
    select(func.count(Event.id)).where(Event.start_date >= now)
                                       ^^^^^^^^^^^^^^^^
AttributeError: type object 'Event' has no attribute 'start_date'. Did you mean: 'starts_at'?

The above exception was the direct cause of the following exception:
tests\test_events_localization.py:404: in test_events_pagination_semantics
    first = await async_client.get(
C:\Python313\Lib\site-packages\httpx\_client.py:1768: in get
    return await self.request(
C:\Python313\Lib\site-packages\httpx\_client.py:1540: in request
    return await self.send(request, auth=auth, follow_redirects=follow_redirects)
           ^^^^^^^^^^^^^^^^^^^^^^^^^^^^^^^^^^^^^^^^^^^^^^^^^^^^^^^^^^^^^^^^^^^^^^
C:\Python313\Lib\site-packages\httpx\_client.py:1629: in send
    response = await self._send_handling_auth(
C:\Python313\Lib\site-packages\httpx\_client.py:1657: in _send_handling_auth
    response = await self._send_handling_redirects(
C:\Python313\Lib\site-packages\httpx\_client.py:1694: in _send_handling_redirects
    response = await self._send_single_request(request)
               ^^^^^^^^^^^^^^^^^^^^^^^^^^^^^^^^^^^^^^^^
C:\Python313\Lib\site-packages\httpx\_client.py:1730: in _send_single_request
    response = await transport.handle_async_request(request)
               ^^^^^^^^^^^^^^^^^^^^^^^^^^^^^^^^^^^^^^^^^^^^^
C:\Python313\Lib\site-packages\httpx\_transports\asgi.py:170: in handle_async_request
    await self.app(scope, receive, send)
C:\Python313\Lib\site-packages\fastapi\applications.py:1135: in __call__
    await super().__call__(scope, receive, send)
C:\Python313\Lib\site-packages\starlette\applications.py:107: in __call__
    await self.middleware_stack(scope, receive, send)
C:\Python313\Lib\site-packages\starlette\middleware\errors.py:186: in __call__
    raise exc
C:\Python313\Lib\site-packages\starlette\middleware\errors.py:164: in __call__
    await self.app(scope, receive, _send)
C:\Python313\Lib\site-packages\starlette\middleware\cors.py:85: in __call__
    await self.app(scope, receive, send)
C:\Python313\Lib\site-packages\starlette\middleware\trustedhost.py:51: in __call__
    await self.app(scope, receive, send)
C:\Python313\Lib\site-packages\uvicorn\middleware\proxy_headers.py:60: in __call__
    return await self.app(scope, receive, send)
           ^^^^^^^^^^^^^^^^^^^^^^^^^^^^^^^^^^^^
C:\Python313\Lib\site-packages\starlette\middleware\base.py:191: in __call__
    with recv_stream, send_stream, collapse_excgroups():
                                   ^^^^^^^^^^^^^^^^^^^^
C:\Python313\Lib\contextlib.py:162: in __exit__
    self.gen.throw(value)
C:\Python313\Lib\site-packages\starlette\_utils.py:85: in collapse_excgroups
    raise exc
C:\Python313\Lib\site-packages\starlette\middleware\base.py:193: in __call__
    response = await self.dispatch_func(request, call_next)
               ^^^^^^^^^^^^^^^^^^^^^^^^^^^^^^^^^^^^^^^^^^^^
app\core\rate_limit.py:284: in dispatch
    response = await call_next(request)
               ^^^^^^^^^^^^^^^^^^^^^^^^
C:\Python313\Lib\site-packages\starlette\middleware\base.py:168: in call_next
    raise app_exc from app_exc.__cause__ or app_exc.__context__
C:\Python313\Lib\site-packages\starlette\middleware\base.py:144: in coro
    await self.app(scope, receive_or_disconnect, send_no_error)
C:\Python313\Lib\site-packages\starlette\middleware\base.py:191: in __call__
    with recv_stream, send_stream, collapse_excgroups():
                                   ^^^^^^^^^^^^^^^^^^^^
C:\Python313\Lib\contextlib.py:162: in __exit__
    self.gen.throw(value)
C:\Python313\Lib\site-packages\starlette\_utils.py:85: in collapse_excgroups
    raise exc
C:\Python313\Lib\site-packages\starlette\middleware\base.py:193: in __call__
    response = await self.dispatch_func(request, call_next)
               ^^^^^^^^^^^^^^^^^^^^^^^^^^^^^^^^^^^^^^^^^^^^
app\core\middleware.py:40: in _http_response_hardening
    response = await call_next(request)
               ^^^^^^^^^^^^^^^^^^^^^^^^
C:\Python313\Lib\site-packages\starlette\middleware\base.py:168: in call_next
    raise app_exc from app_exc.__cause__ or app_exc.__context__
C:\Python313\Lib\site-packages\starlette\middleware\base.py:144: in coro
    await self.app(scope, receive_or_disconnect, send_no_error)
C:\Python313\Lib\site-packages\starlette\middleware\base.py:191: in __call__
    with recv_stream, send_stream, collapse_excgroups():
                                   ^^^^^^^^^^^^^^^^^^^^
C:\Python313\Lib\contextlib.py:162: in __exit__
    self.gen.throw(value)
C:\Python313\Lib\site-packages\starlette\_utils.py:85: in collapse_excgroups
    raise exc
C:\Python313\Lib\site-packages\starlette\middleware\base.py:193: in __call__
    response = await self.dispatch_func(request, call_next)
               ^^^^^^^^^^^^^^^^^^^^^^^^^^^^^^^^^^^^^^^^^^^^
app\core\internal_access.py:34: in dispatch
    return await call_next(request)
           ^^^^^^^^^^^^^^^^^^^^^^^^
C:\Python313\Lib\site-packages\starlette\middleware\base.py:168: in call_next
    raise app_exc from app_exc.__cause__ or app_exc.__context__
C:\Python313\Lib\site-packages\starlette\middleware\base.py:144: in coro
    await self.app(scope, receive_or_disconnect, send_no_error)
C:\Python313\Lib\site-packages\starlette\middleware\base.py:191: in __call__
    with recv_stream, send_stream, collapse_excgroups():
                                   ^^^^^^^^^^^^^^^^^^^^
C:\Python313\Lib\contextlib.py:162: in __exit__
    self.gen.throw(value)
C:\Python313\Lib\site-packages\starlette\_utils.py:85: in collapse_excgroups
    raise exc
C:\Python313\Lib\site-packages\starlette\middleware\base.py:193: in __call__
    response = await self.dispatch_func(request, call_next)
               ^^^^^^^^^^^^^^^^^^^^^^^^^^^^^^^^^^^^^^^^^^^^
app\core\sanitization.py:63: in dispatch
    return await call_next(request)
           ^^^^^^^^^^^^^^^^^^^^^^^^
C:\Python313\Lib\site-packages\starlette\middleware\base.py:168: in call_next
    raise app_exc from app_exc.__cause__ or app_exc.__context__
C:\Python313\Lib\site-packages\starlette\middleware\base.py:144: in coro
    await self.app(scope, receive_or_disconnect, send_no_error)
tests\conftest.py:98: in __call__
    await self.app(scope, receive, send)
C:\Python313\Lib\site-packages\brotli_asgi\__init__.py:81: in __call__
    await br_responder(scope, receive, send)
C:\Python313\Lib\site-packages\brotli_asgi\__init__.py:126: in __call__
    await self.app(scope, receive, self.send_with_brotli)
C:\Python313\Lib\site-packages\starlette\middleware\base.py:191: in __call__
    with recv_stream, send_stream, collapse_excgroups():
                                   ^^^^^^^^^^^^^^^^^^^^
C:\Python313\Lib\contextlib.py:162: in __exit__
    self.gen.throw(value)
C:\Python313\Lib\site-packages\starlette\_utils.py:85: in collapse_excgroups
    raise exc
C:\Python313\Lib\site-packages\starlette\middleware\base.py:193: in __call__
    response = await self.dispatch_func(request, call_next)
               ^^^^^^^^^^^^^^^^^^^^^^^^^^^^^^^^^^^^^^^^^^^^
app\core\metrics.py:538: in dispatch
    response = await call_next(request)
               ^^^^^^^^^^^^^^^^^^^^^^^^
C:\Python313\Lib\site-packages\starlette\middleware\base.py:168: in call_next
    raise app_exc from app_exc.__cause__ or app_exc.__context__
C:\Python313\Lib\site-packages\starlette\middleware\base.py:144: in coro
    await self.app(scope, receive_or_disconnect, send_no_error)
C:\Python313\Lib\site-packages\starlette\middleware\base.py:191: in __call__
    with recv_stream, send_stream, collapse_excgroups():
                                   ^^^^^^^^^^^^^^^^^^^^
C:\Python313\Lib\contextlib.py:162: in __exit__
    self.gen.throw(value)
C:\Python313\Lib\site-packages\starlette\_utils.py:85: in collapse_excgroups
    raise exc
C:\Python313\Lib\site-packages\starlette\middleware\base.py:193: in __call__
    response = await self.dispatch_func(request, call_next)
               ^^^^^^^^^^^^^^^^^^^^^^^^^^^^^^^^^^^^^^^^^^^^
app\core\observability.py:129: in dispatch
    response: Response = await call_next(request)
                         ^^^^^^^^^^^^^^^^^^^^^^^^
C:\Python313\Lib\site-packages\starlette\middleware\base.py:168: in call_next
    raise app_exc from app_exc.__cause__ or app_exc.__context__
C:\Python313\Lib\site-packages\starlette\middleware\base.py:144: in coro
    await self.app(scope, receive_or_disconnect, send_no_error)
C:\Python313\Lib\site-packages\starlette\middleware\exceptions.py:63: in __call__
    await wrap_app_handling_exceptions(self.app, conn)(scope, receive, send)
C:\Python313\Lib\site-packages\starlette\_exception_handler.py:53: in wrapped_app
    raise exc
C:\Python313\Lib\site-packages\starlette\_exception_handler.py:42: in wrapped_app
    await app(scope, receive, sender)
C:\Python313\Lib\site-packages\fastapi\middleware\asyncexitstack.py:18: in __call__
    await self.app(scope, receive, send)
C:\Python313\Lib\site-packages\starlette\routing.py:716: in __call__
    await self.middleware_stack(scope, receive, send)
C:\Python313\Lib\site-packages\starlette\routing.py:736: in app
    await route.handle(scope, receive, send)
C:\Python313\Lib\site-packages\starlette\routing.py:290: in handle
    await self.app(scope, receive, send)
C:\Python313\Lib\site-packages\fastapi\routing.py:115: in app
    await wrap_app_handling_exceptions(app, request)(scope, receive, send)
C:\Python313\Lib\site-packages\starlette\_exception_handler.py:53: in wrapped_app
    raise exc
C:\Python313\Lib\site-packages\starlette\_exception_handler.py:42: in wrapped_app
    await app(scope, receive, sender)
C:\Python313\Lib\site-packages\fastapi\routing.py:101: in app
    response = await f(request)
               ^^^^^^^^^^^^^^^^
C:\Python313\Lib\site-packages\fastapi\routing.py:355: in app
    raw_response = await run_endpoint_function(
C:\Python313\Lib\site-packages\fastapi\routing.py:243: in run_endpoint_function
    return await dependant.call(**values)
           ^^^^^^^^^^^^^^^^^^^^^^^^^^^^^^
app\api\events.py:300: in all_events
    payload = await events.get_events(
app\services\event_service.py:169: in get_events
    await self.repo.count_upcoming()
app\repositories\event_repository.py:63: in count_upcoming
    select(func.count(Event.id)).where(Event.start_date >= now)
                                       ^^^^^^^^^^^^^^^^
E   AttributeError: type object 'Event' has no attribute 'start_date'. Did you mean: 'starts_at'?
---------------------------- Captured stderr setup ----------------------------
{"timestamp": "2026-01-30T19:05:09.514Z", "level": "INFO", "logger": "app.core.events", "message": "Domain event persistence listeners registered.", "service_name": "university-ecosystem", "environment": "testing"}
{"timestamp": "2026-01-30T19:05:09.515Z", "level": "INFO", "logger": "app.services.event_handlers", "message": "Domain event handlers configured", "service_name": "university-ecosystem", "environment": "testing"}
{"timestamp": "2026-01-30T19:05:09.516Z", "level": "INFO", "logger": "app.services.cache_warmup", "message": "Cache warmup disabled, skipping", "service_name": "university-ecosystem", "environment": "testing"}
{"timestamp": "2026-01-30T19:05:09.516Z", "level": "INFO", "logger": "app.workers.outbox", "message": "OutboxWorker started", "service_name": "university-ecosystem", "environment": "testing"}
----------------------------- Captured log setup ------------------------------
[32mINFO    [0m app.core.events:events.py:265 Domain event persistence listeners registered.
[32mINFO    [0m app.services.event_handlers:event_handlers.py:171 Domain event handlers configured
[32mINFO    [0m app.services.cache_warmup:cache_warmup.py:252 Cache warmup disabled, skipping
[32mINFO    [0m app.workers.outbox:outbox.py:31 OutboxWorker started
---------------------------- Captured stdout call -----------------------------
DEBUG: Validating policy for length 18
---------------------------- Captured stderr call -----------------------------
{"timestamp": "2026-01-30T19:05:09.682Z", "level": "INFO", "logger": "app.auth", "message": "{\"event\": \"auth.login.success\", \"user_id\": \"2\", \"request_id\": \"ccf2f38c0d1d4312b82f24d88968a746\", \"ip\": \"127.0.0.1\", \"path\": \"/api/v1/auth/login\", \"method\": \"POST\", \"reason\": \"authenticated\"}", "trace_id": "ccf2f38c0d1d4312b82f24d88968a746", "request_id": "ccf2f38c0d1d4312b82f24d88968a746", "service_name": "university-ecosystem", "environment": "testing", "event": "auth.login.success", "user_id": "2", "ip": "127.0.0.1", "path": "/api/v1/auth/login", "method": "POST", "reason": "authenticated"}
{"timestamp": "2026-01-30T19:05:09.688Z", "level": "INFO", "logger": "httpx", "message": "HTTP Request: POST http://testserver/api/v1/auth/login \"HTTP/1.1 200 OK\"", "service_name": "university-ecosystem", "environment": "testing"}
------------------------------ Captured log call ------------------------------
[32mINFO    [0m app.auth:audit_service.py:147 {"event": "auth.login.success", "user_id": "2", "request_id": "ccf2f38c0d1d4312b82f24d88968a746", "ip": "127.0.0.1", "path": "/api/v1/auth/login", "method": "POST", "reason": "authenticated"}
[32mINFO    [0m httpx:_client.py:1740 HTTP Request: POST http://testserver/api/v1/auth/login "HTTP/1.1 200 OK"
_ test_partial_news_updates_keep_other_fields[payload_kwargs0-expected_changes0] _
[gw12] win32 -- Python 3.13.11 C:\Python313\python.exe
tests\test_news_localization.py:178: in test_partial_news_updates_keep_other_fields
    await news.update_news(
E   TypeError: update_news() got an unexpected keyword argument 'db'
_____________ TestNewsPagination.test_news_list_cursor_pagination _____________
[gw7] win32 -- Python 3.13.11 C:\Python313\python.exe
tests\test_pagination.py:168: in test_news_list_cursor_pagination
    assert len(data2["items"]) == 2
E   AssertionError: assert 1 == 2
E    +  where 1 = len([{'comments_count': 0, 'content': 'Content for news 0 EN', 'content_en': 'Content for news 0 EN', 'created_at': '2026-01-30T11:05:10.580960', ...}])
---------------------------- Captured stderr setup ----------------------------
{"timestamp": "2026-01-30T19:05:10.578Z", "level": "INFO", "logger": "app.core.events", "message": "Domain event persistence listeners registered.", "service_name": "university-ecosystem", "environment": "testing"}
{"timestamp": "2026-01-30T19:05:10.578Z", "level": "INFO", "logger": "app.services.event_handlers", "message": "Domain event handlers configured", "service_name": "university-ecosystem", "environment": "testing"}
{"timestamp": "2026-01-30T19:05:10.579Z", "level": "INFO", "logger": "app.services.cache_warmup", "message": "Cache warmup disabled, skipping", "service_name": "university-ecosystem", "environment": "testing"}
{"timestamp": "2026-01-30T19:05:10.579Z", "level": "INFO", "logger": "app.workers.outbox", "message": "OutboxWorker started", "service_name": "university-ecosystem", "environment": "testing"}
----------------------------- Captured log setup ------------------------------
[32mINFO    [0m app.core.events:events.py:265 Domain event persistence listeners registered.
[32mINFO    [0m app.services.event_handlers:event_handlers.py:171 Domain event handlers configured
[32mINFO    [0m app.services.cache_warmup:cache_warmup.py:252 Cache warmup disabled, skipping
[32mINFO    [0m app.workers.outbox:outbox.py:31 OutboxWorker started
---------------------------- Captured stderr call -----------------------------
{"timestamp": "2026-01-30T19:05:10.968Z", "level": "INFO", "logger": "httpx", "message": "HTTP Request: GET http://testserver/api/v1/news?limit=2 \"HTTP/1.1 200 OK\"", "service_name": "university-ecosystem", "environment": "testing"}
{"timestamp": "2026-01-30T19:05:11.163Z", "level": "INFO", "logger": "httpx", "message": "HTTP Request: GET http://testserver/api/v1/news?limit=2&cursor=1769771110581:4 \"HTTP/1.1 200 OK\"", "service_name": "university-ecosystem", "environment": "testing"}
------------------------------ Captured log call ------------------------------
[32mINFO    [0m httpx:_client.py:1740 HTTP Request: GET http://testserver/api/v1/news?limit=2 "HTTP/1.1 200 OK"
[32mINFO    [0m httpx:_client.py:1740 HTTP Request: GET http://testserver/api/v1/news?limit=2&cursor=1769771110581:4 "HTTP/1.1 200 OK"
_ test_partial_news_updates_keep_other_fields[payload_kwargs1-expected_changes1] _
[gw12] win32 -- Python 3.13.11 C:\Python313\python.exe
tests\test_news_localization.py:178: in test_partial_news_updates_keep_other_fields
    await news.update_news(
E   TypeError: update_news() got an unexpected keyword argument 'db'
_________________ test_events_cache_invalidation_on_mutations _________________
[gw6] win32 -- Python 3.13.11 C:\Python313\python.exe
  + Exception Group Traceback (most recent call last):
  |   File "C:\Python313\Lib\site-packages\starlette\_utils.py", line 79, in collapse_excgroups
  |     yield
  |   File "C:\Python313\Lib\site-packages\starlette\middleware\base.py", line 192, in __call__
  |     async with anyio.create_task_group() as task_group:
  |                ~~~~~~~~~~~~~~~~~~~~~~~^^
  |   File "C:\Python313\Lib\site-packages\anyio\_backends\_asyncio.py", line 783, in __aexit__
  |     raise BaseExceptionGroup(
  |         "unhandled errors in a TaskGroup", self._exceptions
  |     ) from None
  | ExceptionGroup: unhandled errors in a TaskGroup (1 sub-exception)
  +-+---------------- 1 ----------------
    | Traceback (most recent call last):
    |   File "C:\Python313\Lib\site-packages\_pytest\runner.py", line 353, in from_call
    |     result: TResult | None = func()
    |                              ~~~~^^
    |   File "C:\Python313\Lib\site-packages\_pytest\runner.py", line 245, in <lambda>
    |     lambda: runtest_hook(item=item, **kwds),
    |             ~~~~~~~~~~~~^^^^^^^^^^^^^^^^^^^
    |   File "C:\Python313\Lib\site-packages\pluggy\_hooks.py", line 512, in __call__
    |     return self._hookexec(self.name, self._hookimpls.copy(), kwargs, firstresult)
    |            ~~~~~~~~~~~~~~^^^^^^^^^^^^^^^^^^^^^^^^^^^^^^^^^^^^^^^^^^^^^^^^^^^^^^^^
    |   File "C:\Python313\Lib\site-packages\pluggy\_manager.py", line 120, in _hookexec
    |     return self._inner_hookexec(hook_name, methods, kwargs, firstresult)
    |            ~~~~~~~~~~~~~~~~~~~~^^^^^^^^^^^^^^^^^^^^^^^^^^^^^^^^^^^^^^^^^
    |   File "C:\Python313\Lib\site-packages\pluggy\_callers.py", line 167, in _multicall
    |     raise exception
    |   File "C:\Python313\Lib\site-packages\pluggy\_callers.py", line 139, in _multicall
    |     teardown.throw(exception)
    |     ~~~~~~~~~~~~~~^^^^^^^^^^^
    |   File "C:\Python313\Lib\site-packages\_pytest\logging.py", line 850, in pytest_runtest_call
    |     yield
    |   File "C:\Python313\Lib\site-packages\pluggy\_callers.py", line 139, in _multicall
    |     teardown.throw(exception)
    |     ~~~~~~~~~~~~~~^^^^^^^^^^^
    |   File "C:\Python313\Lib\site-packages\_pytest\capture.py", line 900, in pytest_runtest_call
    |     return (yield)
    |             ^^^^^
    |   File "C:\Python313\Lib\site-packages\pluggy\_callers.py", line 139, in _multicall
    |     teardown.throw(exception)
    |     ~~~~~~~~~~~~~~^^^^^^^^^^^
    |   File "C:\Python313\Lib\site-packages\pluggy\_callers.py", line 53, in run_old_style_hookwrapper
    |     return result.get_result()
    |            ~~~~~~~~~~~~~~~~~^^
    |   File "C:\Python313\Lib\site-packages\pluggy\_result.py", line 103, in get_result
    |     raise exc.with_traceback(tb)
    |   File "C:\Python313\Lib\site-packages\pluggy\_callers.py", line 38, in run_old_style_hookwrapper
    |     res = yield
    |           ^^^^^
    |   File "C:\Python313\Lib\site-packages\pluggy\_callers.py", line 139, in _multicall
    |     teardown.throw(exception)
    |     ~~~~~~~~~~~~~~^^^^^^^^^^^
    |   File "C:\Python313\Lib\site-packages\_pytest\skipping.py", line 268, in pytest_runtest_call
    |     return (yield)
    |             ^^^^^
    |   File "C:\Python313\Lib\site-packages\pluggy\_callers.py", line 121, in _multicall
    |     res = hook_impl.function(*args)
    |   File "C:\Python313\Lib\site-packages\_pytest\runner.py", line 179, in pytest_runtest_call
    |     item.runtest()
    |     ~~~~~~~~~~~~^^
    |   File "C:\Python313\Lib\site-packages\pytest_asyncio\plugin.py", line 469, in runtest
    |     super().runtest()
    |     ~~~~~~~~~~~~~~~^^
    |   File "C:\Python313\Lib\site-packages\_pytest\python.py", line 1720, in runtest
    |     self.ihook.pytest_pyfunc_call(pyfuncitem=self)
    |     ~~~~~~~~~~~~~~~~~~~~~~~~~~~~~^^^^^^^^^^^^^^^^^
    |   File "C:\Python313\Lib\site-packages\pluggy\_hooks.py", line 512, in __call__
    |     return self._hookexec(self.name, self._hookimpls.copy(), kwargs, firstresult)
    |            ~~~~~~~~~~~~~~^^^^^^^^^^^^^^^^^^^^^^^^^^^^^^^^^^^^^^^^^^^^^^^^^^^^^^^^
    |   File "C:\Python313\Lib\site-packages\pluggy\_manager.py", line 120, in _hookexec
    |     return self._inner_hookexec(hook_name, methods, kwargs, firstresult)
    |            ~~~~~~~~~~~~~~~~~~~~^^^^^^^^^^^^^^^^^^^^^^^^^^^^^^^^^^^^^^^^^
    |   File "C:\Python313\Lib\site-packages\pluggy\_callers.py", line 167, in _multicall
    |     raise exception
    |   File "C:\Python313\Lib\site-packages\pluggy\_callers.py", line 139, in _multicall
    |     teardown.throw(exception)
    |     ~~~~~~~~~~~~~~^^^^^^^^^^^
    |   File "C:\Python313\Lib\site-packages\pluggy\_callers.py", line 53, in run_old_style_hookwrapper
    |     return result.get_result()
    |            ~~~~~~~~~~~~~~~~~^^
    |   File "C:\Python313\Lib\site-packages\pluggy\_result.py", line 103, in get_result
    |     raise exc.with_traceback(tb)
    |   File "C:\Python313\Lib\site-packages\pluggy\_callers.py", line 38, in run_old_style_hookwrapper
    |     res = yield
    |           ^^^^^
    |   File "C:\Python313\Lib\site-packages\pluggy\_callers.py", line 121, in _multicall
    |     res = hook_impl.function(*args)
    |   File "C:\Python313\Lib\site-packages\_pytest\python.py", line 166, in pytest_pyfunc_call
    |     result = testfunction(**testargs)
    |   File "C:\Python313\Lib\site-packages\pytest_asyncio\plugin.py", line 716, in inner
    |     runner.run(coro, context=context)
    |     ~~~~~~~~~~^^^^^^^^^^^^^^^^^^^^^^^
    |   File "C:\Python313\Lib\asyncio\runners.py", line 118, in run
    |     return self._loop.run_until_complete(task)
    |            ~~~~~~~~~~~~~~~~~~~~~~~~~~~~~^^^^^^
    |   File "C:\Python313\Lib\asyncio\base_events.py", line 725, in run_until_complete
    |     return future.result()
    |            ~~~~~~~~~~~~~^^
    |   File "C:\Users\egorribun\Documents\university_ecosystem\tests\test_events_localization.py", line 493, in test_events_cache_invalidation_on_mutations
    |     first_response = await async_client.get("/events", headers=list_headers)
    |                      ^^^^^^^^^^^^^^^^^^^^^^^^^^^^^^^^^^^^^^^^^^^^^^^^^^^^^^^
    |   File "C:\Python313\Lib\site-packages\httpx\_client.py", line 1768, in get
    |     return await self.request(
    |            ^^^^^^^^^^^^^^^^^^^
    |     ...<9 lines>...
    |     )
    |     ^
    |   File "C:\Python313\Lib\site-packages\httpx\_client.py", line 1540, in request
    |     return await self.send(request, auth=auth, follow_redirects=follow_redirects)
    |            ^^^^^^^^^^^^^^^^^^^^^^^^^^^^^^^^^^^^^^^^^^^^^^^^^^^^^^^^^^^^^^^^^^^^^^
    |   File "C:\Python313\Lib\site-packages\httpx\_client.py", line 1629, in send
    |     response = await self._send_handling_auth(
    |                ^^^^^^^^^^^^^^^^^^^^^^^^^^^^^^^
    |     ...<4 lines>...
    |     )
    |     ^
    |   File "C:\Python313\Lib\site-packages\httpx\_client.py", line 1657, in _send_handling_auth
    |     response = await self._send_handling_redirects(
    |                ^^^^^^^^^^^^^^^^^^^^^^^^^^^^^^^^^^^^
    |     ...<3 lines>...
    |     )
    |     ^
    |   File "C:\Python313\Lib\site-packages\httpx\_client.py", line 1694, in _send_handling_redirects
    |     response = await self._send_single_request(request)
    |                ^^^^^^^^^^^^^^^^^^^^^^^^^^^^^^^^^^^^^^^^
    |   File "C:\Python313\Lib\site-packages\httpx\_client.py", line 1730, in _send_single_request
    |     response = await transport.handle_async_request(request)
    |                ^^^^^^^^^^^^^^^^^^^^^^^^^^^^^^^^^^^^^^^^^^^^^
    |   File "C:\Python313\Lib\site-packages\httpx\_transports\asgi.py", line 170, in handle_async_request
    |     await self.app(scope, receive, send)
    |   File "C:\Python313\Lib\site-packages\fastapi\applications.py", line 1135, in __call__
    |     await super().__call__(scope, receive, send)
    |   File "C:\Python313\Lib\site-packages\starlette\applications.py", line 107, in __call__
    |     await self.middleware_stack(scope, receive, send)
    |   File "C:\Python313\Lib\site-packages\starlette\middleware\errors.py", line 186, in __call__
    |     raise exc
    |   File "C:\Python313\Lib\site-packages\starlette\middleware\errors.py", line 164, in __call__
    |     await self.app(scope, receive, _send)
    |   File "C:\Python313\Lib\site-packages\starlette\middleware\cors.py", line 85, in __call__
    |     await self.app(scope, receive, send)
    |   File "C:\Python313\Lib\site-packages\starlette\middleware\trustedhost.py", line 51, in __call__
    |     await self.app(scope, receive, send)
    |   File "C:\Python313\Lib\site-packages\uvicorn\middleware\proxy_headers.py", line 60, in __call__
    |     return await self.app(scope, receive, send)
    |            ^^^^^^^^^^^^^^^^^^^^^^^^^^^^^^^^^^^^
    |   File "C:\Python313\Lib\site-packages\starlette\middleware\base.py", line 191, in __call__
    |     with recv_stream, send_stream, collapse_excgroups():
    |                                    ~~~~~~~~~~~~~~~~~~^^
    |   File "C:\Python313\Lib\contextlib.py", line 162, in __exit__
    |     self.gen.throw(value)
    |     ~~~~~~~~~~~~~~^^^^^^^
    |   File "C:\Python313\Lib\site-packages\starlette\_utils.py", line 85, in collapse_excgroups
    |     raise exc
    |   File "C:\Python313\Lib\site-packages\starlette\middleware\base.py", line 193, in __call__
    |     response = await self.dispatch_func(request, call_next)
    |                ^^^^^^^^^^^^^^^^^^^^^^^^^^^^^^^^^^^^^^^^^^^^
    |   File "C:\Users\egorribun\Documents\university_ecosystem\app\core\rate_limit.py", line 284, in dispatch
    |     response = await call_next(request)
    |                ^^^^^^^^^^^^^^^^^^^^^^^^
    |   File "C:\Python313\Lib\site-packages\starlette\middleware\base.py", line 168, in call_next
    |     raise app_exc from app_exc.__cause__ or app_exc.__context__
    |   File "C:\Python313\Lib\site-packages\starlette\middleware\base.py", line 144, in coro
    |     await self.app(scope, receive_or_disconnect, send_no_error)
    |   File "C:\Python313\Lib\site-packages\starlette\middleware\base.py", line 191, in __call__
    |     with recv_stream, send_stream, collapse_excgroups():
    |                                    ~~~~~~~~~~~~~~~~~~^^
    |   File "C:\Python313\Lib\contextlib.py", line 162, in __exit__
    |     self.gen.throw(value)
    |     ~~~~~~~~~~~~~~^^^^^^^
    |   File "C:\Python313\Lib\site-packages\starlette\_utils.py", line 85, in collapse_excgroups
    |     raise exc
    |   File "C:\Python313\Lib\site-packages\starlette\middleware\base.py", line 193, in __call__
    |     response = await self.dispatch_func(request, call_next)
    |                ^^^^^^^^^^^^^^^^^^^^^^^^^^^^^^^^^^^^^^^^^^^^
    |   File "C:\Users\egorribun\Documents\university_ecosystem\app\core\middleware.py", line 40, in _http_response_hardening
    |     response = await call_next(request)
    |                ^^^^^^^^^^^^^^^^^^^^^^^^
    |   File "C:\Python313\Lib\site-packages\starlette\middleware\base.py", line 168, in call_next
    |     raise app_exc from app_exc.__cause__ or app_exc.__context__
    |   File "C:\Python313\Lib\site-packages\starlette\middleware\base.py", line 144, in coro
    |     await self.app(scope, receive_or_disconnect, send_no_error)
    |   File "C:\Python313\Lib\site-packages\starlette\middleware\base.py", line 191, in __call__
    |     with recv_stream, send_stream, collapse_excgroups():
    |                                    ~~~~~~~~~~~~~~~~~~^^
    |   File "C:\Python313\Lib\contextlib.py", line 162, in __exit__
    |     self.gen.throw(value)
    |     ~~~~~~~~~~~~~~^^^^^^^
    |   File "C:\Python313\Lib\site-packages\starlette\_utils.py", line 85, in collapse_excgroups
    |     raise exc
    |   File "C:\Python313\Lib\site-packages\starlette\middleware\base.py", line 193, in __call__
    |     response = await self.dispatch_func(request, call_next)
    |                ^^^^^^^^^^^^^^^^^^^^^^^^^^^^^^^^^^^^^^^^^^^^
    |   File "C:\Users\egorribun\Documents\university_ecosystem\app\core\internal_access.py", line 34, in dispatch
    |     return await call_next(request)
    |            ^^^^^^^^^^^^^^^^^^^^^^^^
    |   File "C:\Python313\Lib\site-packages\starlette\middleware\base.py", line 168, in call_next
    |     raise app_exc from app_exc.__cause__ or app_exc.__context__
    |   File "C:\Python313\Lib\site-packages\starlette\middleware\base.py", line 144, in coro
    |     await self.app(scope, receive_or_disconnect, send_no_error)
    |   File "C:\Python313\Lib\site-packages\starlette\middleware\base.py", line 191, in __call__
    |     with recv_stream, send_stream, collapse_excgroups():
    |                                    ~~~~~~~~~~~~~~~~~~^^
    |   File "C:\Python313\Lib\contextlib.py", line 162, in __exit__
    |     self.gen.throw(value)
    |     ~~~~~~~~~~~~~~^^^^^^^
    |   File "C:\Python313\Lib\site-packages\starlette\_utils.py", line 85, in collapse_excgroups
    |     raise exc
    |   File "C:\Python313\Lib\site-packages\starlette\middleware\base.py", line 193, in __call__
    |     response = await self.dispatch_func(request, call_next)
    |                ^^^^^^^^^^^^^^^^^^^^^^^^^^^^^^^^^^^^^^^^^^^^
    |   File "C:\Users\egorribun\Documents\university_ecosystem\app\core\sanitization.py", line 63, in dispatch
    |     return await call_next(request)
    |            ^^^^^^^^^^^^^^^^^^^^^^^^
    |   File "C:\Python313\Lib\site-packages\starlette\middleware\base.py", line 168, in call_next
    |     raise app_exc from app_exc.__cause__ or app_exc.__context__
    |   File "C:\Python313\Lib\site-packages\starlette\middleware\base.py", line 144, in coro
    |     await self.app(scope, receive_or_disconnect, send_no_error)
    |   File "c:\Users\egorribun\Documents\university_ecosystem\tests\conftest.py", line 98, in __call__
    |     await self.app(scope, receive, send)
    |   File "C:\Python313\Lib\site-packages\brotli_asgi\__init__.py", line 81, in __call__
    |     await br_responder(scope, receive, send)
    |   File "C:\Python313\Lib\site-packages\brotli_asgi\__init__.py", line 126, in __call__
    |     await self.app(scope, receive, self.send_with_brotli)
    |   File "C:\Python313\Lib\site-packages\starlette\middleware\base.py", line 191, in __call__
    |     with recv_stream, send_stream, collapse_excgroups():
    |                                    ~~~~~~~~~~~~~~~~~~^^
    |   File "C:\Python313\Lib\contextlib.py", line 162, in __exit__
    |     self.gen.throw(value)
    |     ~~~~~~~~~~~~~~^^^^^^^
    |   File "C:\Python313\Lib\site-packages\starlette\_utils.py", line 85, in collapse_excgroups
    |     raise exc
    |   File "C:\Python313\Lib\site-packages\starlette\middleware\base.py", line 193, in __call__
    |     response = await self.dispatch_func(request, call_next)
    |                ^^^^^^^^^^^^^^^^^^^^^^^^^^^^^^^^^^^^^^^^^^^^
    |   File "C:\Users\egorribun\Documents\university_ecosystem\app\core\metrics.py", line 538, in dispatch
    |     response = await call_next(request)
    |                ^^^^^^^^^^^^^^^^^^^^^^^^
    |   File "C:\Python313\Lib\site-packages\starlette\middleware\base.py", line 168, in call_next
    |     raise app_exc from app_exc.__cause__ or app_exc.__context__
    |   File "C:\Python313\Lib\site-packages\starlette\middleware\base.py", line 144, in coro
    |     await self.app(scope, receive_or_disconnect, send_no_error)
    |   File "C:\Python313\Lib\site-packages\starlette\middleware\base.py", line 191, in __call__
    |     with recv_stream, send_stream, collapse_excgroups():
    |                                    ~~~~~~~~~~~~~~~~~~^^
    |   File "C:\Python313\Lib\contextlib.py", line 162, in __exit__
    |     self.gen.throw(value)
    |     ~~~~~~~~~~~~~~^^^^^^^
    |   File "C:\Python313\Lib\site-packages\starlette\_utils.py", line 85, in collapse_excgroups
    |     raise exc
    |   File "C:\Python313\Lib\site-packages\starlette\middleware\base.py", line 193, in __call__
    |     response = await self.dispatch_func(request, call_next)
    |                ^^^^^^^^^^^^^^^^^^^^^^^^^^^^^^^^^^^^^^^^^^^^
    |   File "C:\Users\egorribun\Documents\university_ecosystem\app\core\observability.py", line 129, in dispatch
    |     response: Response = await call_next(request)
    |                          ^^^^^^^^^^^^^^^^^^^^^^^^
    |   File "C:\Python313\Lib\site-packages\starlette\middleware\base.py", line 168, in call_next
    |     raise app_exc from app_exc.__cause__ or app_exc.__context__
    |   File "C:\Python313\Lib\site-packages\starlette\middleware\base.py", line 144, in coro
    |     await self.app(scope, receive_or_disconnect, send_no_error)
    |   File "C:\Python313\Lib\site-packages\starlette\middleware\exceptions.py", line 63, in __call__
    |     await wrap_app_handling_exceptions(self.app, conn)(scope, receive, send)
    |   File "C:\Python313\Lib\site-packages\starlette\_exception_handler.py", line 53, in wrapped_app
    |     raise exc
    |   File "C:\Python313\Lib\site-packages\starlette\_exception_handler.py", line 42, in wrapped_app
    |     await app(scope, receive, sender)
    |   File "C:\Python313\Lib\site-packages\fastapi\middleware\asyncexitstack.py", line 18, in __call__
    |     await self.app(scope, receive, send)
    |   File "C:\Python313\Lib\site-packages\starlette\routing.py", line 716, in __call__
    |     await self.middleware_stack(scope, receive, send)
    |   File "C:\Python313\Lib\site-packages\starlette\routing.py", line 736, in app
    |     await route.handle(scope, receive, send)
    |   File "C:\Python313\Lib\site-packages\starlette\routing.py", line 290, in handle
    |     await self.app(scope, receive, send)
    |   File "C:\Python313\Lib\site-packages\fastapi\routing.py", line 115, in app
    |     await wrap_app_handling_exceptions(app, request)(scope, receive, send)
    |   File "C:\Python313\Lib\site-packages\starlette\_exception_handler.py", line 53, in wrapped_app
    |     raise exc
    |   File "C:\Python313\Lib\site-packages\starlette\_exception_handler.py", line 42, in wrapped_app
    |     await app(scope, receive, sender)
    |   File "C:\Python313\Lib\site-packages\fastapi\routing.py", line 101, in app
    |     response = await f(request)
    |                ^^^^^^^^^^^^^^^^
    |   File "C:\Python313\Lib\site-packages\fastapi\routing.py", line 355, in app
    |     raw_response = await run_endpoint_function(
    |                    ^^^^^^^^^^^^^^^^^^^^^^^^^^^^
    |     ...<3 lines>...
    |     )
    |     ^
    |   File "C:\Python313\Lib\site-packages\fastapi\routing.py", line 243, in run_endpoint_function
    |     return await dependant.call(**values)
    |            ^^^^^^^^^^^^^^^^^^^^^^^^^^^^^^
    |   File "C:\Users\egorribun\Documents\university_ecosystem\app\api\events.py", line 300, in all_events
    |     payload = await events.get_events(
    |               ^^^^^^^^^^^^^^^^^^^^^^^^
    |     ...<8 lines>...
    |     )
    |     ^
    |   File "C:\Users\egorribun\Documents\university_ecosystem\app\services\event_service.py", line 169, in get_events
    |     await self.repo.count_upcoming()
    |   File "C:\Users\egorribun\Documents\university_ecosystem\app\repositories\event_repository.py", line 63, in count_upcoming
    |     select(func.count(Event.id)).where(Event.start_date >= now)
    |                                        ^^^^^^^^^^^^^^^^
    | AttributeError: type object 'Event' has no attribute 'start_date'. Did you mean: 'starts_at'?
    +------------------------------------

The above exception was the direct cause of the following exception:

Traceback (most recent call last):
  File "C:\Users\egorribun\Documents\university_ecosystem\tests\test_events_localization.py", line 493, in test_events_cache_invalidation_on_mutations
    first_response = await async_client.get("/events", headers=list_headers)
                     ^^^^^^^^^^^^^^^^^^^^^^^^^^^^^^^^^^^^^^^^^^^^^^^^^^^^^^^
  File "C:\Python313\Lib\site-packages\httpx\_client.py", line 1768, in get
    return await self.request(
           ^^^^^^^^^^^^^^^^^^^
    ...<9 lines>...
    )
    ^
  File "C:\Python313\Lib\site-packages\httpx\_client.py", line 1540, in request
    return await self.send(request, auth=auth, follow_redirects=follow_redirects)
           ^^^^^^^^^^^^^^^^^^^^^^^^^^^^^^^^^^^^^^^^^^^^^^^^^^^^^^^^^^^^^^^^^^^^^^
  File "C:\Python313\Lib\site-packages\httpx\_client.py", line 1629, in send
    response = await self._send_handling_auth(
               ^^^^^^^^^^^^^^^^^^^^^^^^^^^^^^^
    ...<4 lines>...
    )
    ^
  File "C:\Python313\Lib\site-packages\httpx\_client.py", line 1657, in _send_handling_auth
    response = await self._send_handling_redirects(
               ^^^^^^^^^^^^^^^^^^^^^^^^^^^^^^^^^^^^
    ...<3 lines>...
    )
    ^
  File "C:\Python313\Lib\site-packages\httpx\_client.py", line 1694, in _send_handling_redirects
    response = await self._send_single_request(request)
               ^^^^^^^^^^^^^^^^^^^^^^^^^^^^^^^^^^^^^^^^
  File "C:\Python313\Lib\site-packages\httpx\_client.py", line 1730, in _send_single_request
    response = await transport.handle_async_request(request)
               ^^^^^^^^^^^^^^^^^^^^^^^^^^^^^^^^^^^^^^^^^^^^^
  File "C:\Python313\Lib\site-packages\httpx\_transports\asgi.py", line 170, in handle_async_request
    await self.app(scope, receive, send)
  File "C:\Python313\Lib\site-packages\fastapi\applications.py", line 1135, in __call__
    await super().__call__(scope, receive, send)
  File "C:\Python313\Lib\site-packages\starlette\applications.py", line 107, in __call__
    await self.middleware_stack(scope, receive, send)
  File "C:\Python313\Lib\site-packages\starlette\middleware\errors.py", line 186, in __call__
    raise exc
  File "C:\Python313\Lib\site-packages\starlette\middleware\errors.py", line 164, in __call__
    await self.app(scope, receive, _send)
  File "C:\Python313\Lib\site-packages\starlette\middleware\cors.py", line 85, in __call__
    await self.app(scope, receive, send)
  File "C:\Python313\Lib\site-packages\starlette\middleware\trustedhost.py", line 51, in __call__
    await self.app(scope, receive, send)
  File "C:\Python313\Lib\site-packages\uvicorn\middleware\proxy_headers.py", line 60, in __call__
    return await self.app(scope, receive, send)
           ^^^^^^^^^^^^^^^^^^^^^^^^^^^^^^^^^^^^
  File "C:\Python313\Lib\site-packages\starlette\middleware\base.py", line 191, in __call__
    with recv_stream, send_stream, collapse_excgroups():
                                   ~~~~~~~~~~~~~~~~~~^^
  File "C:\Python313\Lib\contextlib.py", line 162, in __exit__
    self.gen.throw(value)
    ~~~~~~~~~~~~~~^^^^^^^
  File "C:\Python313\Lib\site-packages\starlette\_utils.py", line 85, in collapse_excgroups
    raise exc
  File "C:\Python313\Lib\site-packages\starlette\middleware\base.py", line 193, in __call__
    response = await self.dispatch_func(request, call_next)
               ^^^^^^^^^^^^^^^^^^^^^^^^^^^^^^^^^^^^^^^^^^^^
  File "C:\Users\egorribun\Documents\university_ecosystem\app\core\rate_limit.py", line 284, in dispatch
    response = await call_next(request)
               ^^^^^^^^^^^^^^^^^^^^^^^^
  File "C:\Python313\Lib\site-packages\starlette\middleware\base.py", line 168, in call_next
    raise app_exc from app_exc.__cause__ or app_exc.__context__
  File "C:\Python313\Lib\site-packages\starlette\middleware\base.py", line 144, in coro
    await self.app(scope, receive_or_disconnect, send_no_error)
  File "C:\Python313\Lib\site-packages\starlette\middleware\base.py", line 191, in __call__
    with recv_stream, send_stream, collapse_excgroups():
                                   ~~~~~~~~~~~~~~~~~~^^
  File "C:\Python313\Lib\contextlib.py", line 162, in __exit__
    self.gen.throw(value)
    ~~~~~~~~~~~~~~^^^^^^^
  File "C:\Python313\Lib\site-packages\starlette\_utils.py", line 85, in collapse_excgroups
    raise exc
  File "C:\Python313\Lib\site-packages\starlette\middleware\base.py", line 193, in __call__
    response = await self.dispatch_func(request, call_next)
               ^^^^^^^^^^^^^^^^^^^^^^^^^^^^^^^^^^^^^^^^^^^^
  File "C:\Users\egorribun\Documents\university_ecosystem\app\core\middleware.py", line 40, in _http_response_hardening
    response = await call_next(request)
               ^^^^^^^^^^^^^^^^^^^^^^^^
  File "C:\Python313\Lib\site-packages\starlette\middleware\base.py", line 168, in call_next
    raise app_exc from app_exc.__cause__ or app_exc.__context__
  File "C:\Python313\Lib\site-packages\starlette\middleware\base.py", line 144, in coro
    await self.app(scope, receive_or_disconnect, send_no_error)
  File "C:\Python313\Lib\site-packages\starlette\middleware\base.py", line 191, in __call__
    with recv_stream, send_stream, collapse_excgroups():
                                   ~~~~~~~~~~~~~~~~~~^^
  File "C:\Python313\Lib\contextlib.py", line 162, in __exit__
    self.gen.throw(value)
    ~~~~~~~~~~~~~~^^^^^^^
  File "C:\Python313\Lib\site-packages\starlette\_utils.py", line 85, in collapse_excgroups
    raise exc
  File "C:\Python313\Lib\site-packages\starlette\middleware\base.py", line 193, in __call__
    response = await self.dispatch_func(request, call_next)
               ^^^^^^^^^^^^^^^^^^^^^^^^^^^^^^^^^^^^^^^^^^^^
  File "C:\Users\egorribun\Documents\university_ecosystem\app\core\internal_access.py", line 34, in dispatch
    return await call_next(request)
           ^^^^^^^^^^^^^^^^^^^^^^^^
  File "C:\Python313\Lib\site-packages\starlette\middleware\base.py", line 168, in call_next
    raise app_exc from app_exc.__cause__ or app_exc.__context__
  File "C:\Python313\Lib\site-packages\starlette\middleware\base.py", line 144, in coro
    await self.app(scope, receive_or_disconnect, send_no_error)
  File "C:\Python313\Lib\site-packages\starlette\middleware\base.py", line 191, in __call__
    with recv_stream, send_stream, collapse_excgroups():
                                   ~~~~~~~~~~~~~~~~~~^^
  File "C:\Python313\Lib\contextlib.py", line 162, in __exit__
    self.gen.throw(value)
    ~~~~~~~~~~~~~~^^^^^^^
  File "C:\Python313\Lib\site-packages\starlette\_utils.py", line 85, in collapse_excgroups
    raise exc
  File "C:\Python313\Lib\site-packages\starlette\middleware\base.py", line 193, in __call__
    response = await self.dispatch_func(request, call_next)
               ^^^^^^^^^^^^^^^^^^^^^^^^^^^^^^^^^^^^^^^^^^^^
  File "C:\Users\egorribun\Documents\university_ecosystem\app\core\sanitization.py", line 63, in dispatch
    return await call_next(request)
           ^^^^^^^^^^^^^^^^^^^^^^^^
  File "C:\Python313\Lib\site-packages\starlette\middleware\base.py", line 168, in call_next
    raise app_exc from app_exc.__cause__ or app_exc.__context__
  File "C:\Python313\Lib\site-packages\starlette\middleware\base.py", line 144, in coro
    await self.app(scope, receive_or_disconnect, send_no_error)
  File "c:\Users\egorribun\Documents\university_ecosystem\tests\conftest.py", line 98, in __call__
    await self.app(scope, receive, send)
  File "C:\Python313\Lib\site-packages\brotli_asgi\__init__.py", line 81, in __call__
    await br_responder(scope, receive, send)
  File "C:\Python313\Lib\site-packages\brotli_asgi\__init__.py", line 126, in __call__
    await self.app(scope, receive, self.send_with_brotli)
  File "C:\Python313\Lib\site-packages\starlette\middleware\base.py", line 191, in __call__
    with recv_stream, send_stream, collapse_excgroups():
                                   ~~~~~~~~~~~~~~~~~~^^
  File "C:\Python313\Lib\contextlib.py", line 162, in __exit__
    self.gen.throw(value)
    ~~~~~~~~~~~~~~^^^^^^^
  File "C:\Python313\Lib\site-packages\starlette\_utils.py", line 85, in collapse_excgroups
    raise exc
  File "C:\Python313\Lib\site-packages\starlette\middleware\base.py", line 193, in __call__
    response = await self.dispatch_func(request, call_next)
               ^^^^^^^^^^^^^^^^^^^^^^^^^^^^^^^^^^^^^^^^^^^^
  File "C:\Users\egorribun\Documents\university_ecosystem\app\core\metrics.py", line 538, in dispatch
    response = await call_next(request)
               ^^^^^^^^^^^^^^^^^^^^^^^^
  File "C:\Python313\Lib\site-packages\starlette\middleware\base.py", line 168, in call_next
    raise app_exc from app_exc.__cause__ or app_exc.__context__
  File "C:\Python313\Lib\site-packages\starlette\middleware\base.py", line 144, in coro
    await self.app(scope, receive_or_disconnect, send_no_error)
  File "C:\Python313\Lib\site-packages\starlette\middleware\base.py", line 191, in __call__
    with recv_stream, send_stream, collapse_excgroups():
                                   ~~~~~~~~~~~~~~~~~~^^
  File "C:\Python313\Lib\contextlib.py", line 162, in __exit__
    self.gen.throw(value)
    ~~~~~~~~~~~~~~^^^^^^^
  File "C:\Python313\Lib\site-packages\starlette\_utils.py", line 85, in collapse_excgroups
    raise exc
  File "C:\Python313\Lib\site-packages\starlette\middleware\base.py", line 193, in __call__
    response = await self.dispatch_func(request, call_next)
               ^^^^^^^^^^^^^^^^^^^^^^^^^^^^^^^^^^^^^^^^^^^^
  File "C:\Users\egorribun\Documents\university_ecosystem\app\core\observability.py", line 129, in dispatch
    response: Response = await call_next(request)
                         ^^^^^^^^^^^^^^^^^^^^^^^^
  File "C:\Python313\Lib\site-packages\starlette\middleware\base.py", line 168, in call_next
    raise app_exc from app_exc.__cause__ or app_exc.__context__
  File "C:\Python313\Lib\site-packages\starlette\middleware\base.py", line 144, in coro
    await self.app(scope, receive_or_disconnect, send_no_error)
  File "C:\Python313\Lib\site-packages\starlette\middleware\exceptions.py", line 63, in __call__
    await wrap_app_handling_exceptions(self.app, conn)(scope, receive, send)
  File "C:\Python313\Lib\site-packages\starlette\_exception_handler.py", line 53, in wrapped_app
    raise exc
  File "C:\Python313\Lib\site-packages\starlette\_exception_handler.py", line 42, in wrapped_app
    await app(scope, receive, sender)
  File "C:\Python313\Lib\site-packages\fastapi\middleware\asyncexitstack.py", line 18, in __call__
    await self.app(scope, receive, send)
  File "C:\Python313\Lib\site-packages\starlette\routing.py", line 716, in __call__
    await self.middleware_stack(scope, receive, send)
  File "C:\Python313\Lib\site-packages\starlette\routing.py", line 736, in app
    await route.handle(scope, receive, send)
  File "C:\Python313\Lib\site-packages\starlette\routing.py", line 290, in handle
    await self.app(scope, receive, send)
  File "C:\Python313\Lib\site-packages\fastapi\routing.py", line 115, in app
    await wrap_app_handling_exceptions(app, request)(scope, receive, send)
  File "C:\Python313\Lib\site-packages\starlette\_exception_handler.py", line 53, in wrapped_app
    raise exc
  File "C:\Python313\Lib\site-packages\starlette\_exception_handler.py", line 42, in wrapped_app
    await app(scope, receive, sender)
  File "C:\Python313\Lib\site-packages\fastapi\routing.py", line 101, in app
    response = await f(request)
               ^^^^^^^^^^^^^^^^
  File "C:\Python313\Lib\site-packages\fastapi\routing.py", line 355, in app
    raw_response = await run_endpoint_function(
                   ^^^^^^^^^^^^^^^^^^^^^^^^^^^^
    ...<3 lines>...
    )
    ^
  File "C:\Python313\Lib\site-packages\fastapi\routing.py", line 243, in run_endpoint_function
    return await dependant.call(**values)
           ^^^^^^^^^^^^^^^^^^^^^^^^^^^^^^
  File "C:\Users\egorribun\Documents\university_ecosystem\app\api\events.py", line 300, in all_events
    payload = await events.get_events(
              ^^^^^^^^^^^^^^^^^^^^^^^^
    ...<8 lines>...
    )
    ^
  File "C:\Users\egorribun\Documents\university_ecosystem\app\services\event_service.py", line 169, in get_events
    await self.repo.count_upcoming()
  File "C:\Users\egorribun\Documents\university_ecosystem\app\repositories\event_repository.py", line 63, in count_upcoming
    select(func.count(Event.id)).where(Event.start_date >= now)
                                       ^^^^^^^^^^^^^^^^
AttributeError: type object 'Event' has no attribute 'start_date'. Did you mean: 'starts_at'?

The above exception was the direct cause of the following exception:
tests\test_events_localization.py:493: in test_events_cache_invalidation_on_mutations
    first_response = await async_client.get("/events", headers=list_headers)
                     ^^^^^^^^^^^^^^^^^^^^^^^^^^^^^^^^^^^^^^^^^^^^^^^^^^^^^^^
C:\Python313\Lib\site-packages\httpx\_client.py:1768: in get
    return await self.request(
C:\Python313\Lib\site-packages\httpx\_client.py:1540: in request
    return await self.send(request, auth=auth, follow_redirects=follow_redirects)
           ^^^^^^^^^^^^^^^^^^^^^^^^^^^^^^^^^^^^^^^^^^^^^^^^^^^^^^^^^^^^^^^^^^^^^^
C:\Python313\Lib\site-packages\httpx\_client.py:1629: in send
    response = await self._send_handling_auth(
C:\Python313\Lib\site-packages\httpx\_client.py:1657: in _send_handling_auth
    response = await self._send_handling_redirects(
C:\Python313\Lib\site-packages\httpx\_client.py:1694: in _send_handling_redirects
    response = await self._send_single_request(request)
               ^^^^^^^^^^^^^^^^^^^^^^^^^^^^^^^^^^^^^^^^
C:\Python313\Lib\site-packages\httpx\_client.py:1730: in _send_single_request
    response = await transport.handle_async_request(request)
               ^^^^^^^^^^^^^^^^^^^^^^^^^^^^^^^^^^^^^^^^^^^^^
C:\Python313\Lib\site-packages\httpx\_transports\asgi.py:170: in handle_async_request
    await self.app(scope, receive, send)
C:\Python313\Lib\site-packages\fastapi\applications.py:1135: in __call__
    await super().__call__(scope, receive, send)
C:\Python313\Lib\site-packages\starlette\applications.py:107: in __call__
    await self.middleware_stack(scope, receive, send)
C:\Python313\Lib\site-packages\starlette\middleware\errors.py:186: in __call__
    raise exc
C:\Python313\Lib\site-packages\starlette\middleware\errors.py:164: in __call__
    await self.app(scope, receive, _send)
C:\Python313\Lib\site-packages\starlette\middleware\cors.py:85: in __call__
    await self.app(scope, receive, send)
C:\Python313\Lib\site-packages\starlette\middleware\trustedhost.py:51: in __call__
    await self.app(scope, receive, send)
C:\Python313\Lib\site-packages\uvicorn\middleware\proxy_headers.py:60: in __call__
    return await self.app(scope, receive, send)
           ^^^^^^^^^^^^^^^^^^^^^^^^^^^^^^^^^^^^
C:\Python313\Lib\site-packages\starlette\middleware\base.py:191: in __call__
    with recv_stream, send_stream, collapse_excgroups():
                                   ^^^^^^^^^^^^^^^^^^^^
C:\Python313\Lib\contextlib.py:162: in __exit__
    self.gen.throw(value)
C:\Python313\Lib\site-packages\starlette\_utils.py:85: in collapse_excgroups
    raise exc
C:\Python313\Lib\site-packages\starlette\middleware\base.py:193: in __call__
    response = await self.dispatch_func(request, call_next)
               ^^^^^^^^^^^^^^^^^^^^^^^^^^^^^^^^^^^^^^^^^^^^
app\core\rate_limit.py:284: in dispatch
    response = await call_next(request)
               ^^^^^^^^^^^^^^^^^^^^^^^^
C:\Python313\Lib\site-packages\starlette\middleware\base.py:168: in call_next
    raise app_exc from app_exc.__cause__ or app_exc.__context__
C:\Python313\Lib\site-packages\starlette\middleware\base.py:144: in coro
    await self.app(scope, receive_or_disconnect, send_no_error)
C:\Python313\Lib\site-packages\starlette\middleware\base.py:191: in __call__
    with recv_stream, send_stream, collapse_excgroups():
                                   ^^^^^^^^^^^^^^^^^^^^
C:\Python313\Lib\contextlib.py:162: in __exit__
    self.gen.throw(value)
C:\Python313\Lib\site-packages\starlette\_utils.py:85: in collapse_excgroups
    raise exc
C:\Python313\Lib\site-packages\starlette\middleware\base.py:193: in __call__
    response = await self.dispatch_func(request, call_next)
               ^^^^^^^^^^^^^^^^^^^^^^^^^^^^^^^^^^^^^^^^^^^^
app\core\middleware.py:40: in _http_response_hardening
    response = await call_next(request)
               ^^^^^^^^^^^^^^^^^^^^^^^^
C:\Python313\Lib\site-packages\starlette\middleware\base.py:168: in call_next
    raise app_exc from app_exc.__cause__ or app_exc.__context__
C:\Python313\Lib\site-packages\starlette\middleware\base.py:144: in coro
    await self.app(scope, receive_or_disconnect, send_no_error)
C:\Python313\Lib\site-packages\starlette\middleware\base.py:191: in __call__
    with recv_stream, send_stream, collapse_excgroups():
                                   ^^^^^^^^^^^^^^^^^^^^
C:\Python313\Lib\contextlib.py:162: in __exit__
    self.gen.throw(value)
C:\Python313\Lib\site-packages\starlette\_utils.py:85: in collapse_excgroups
    raise exc
C:\Python313\Lib\site-packages\starlette\middleware\base.py:193: in __call__
    response = await self.dispatch_func(request, call_next)
               ^^^^^^^^^^^^^^^^^^^^^^^^^^^^^^^^^^^^^^^^^^^^
app\core\internal_access.py:34: in dispatch
    return await call_next(request)
           ^^^^^^^^^^^^^^^^^^^^^^^^
C:\Python313\Lib\site-packages\starlette\middleware\base.py:168: in call_next
    raise app_exc from app_exc.__cause__ or app_exc.__context__
C:\Python313\Lib\site-packages\starlette\middleware\base.py:144: in coro
    await self.app(scope, receive_or_disconnect, send_no_error)
C:\Python313\Lib\site-packages\starlette\middleware\base.py:191: in __call__
    with recv_stream, send_stream, collapse_excgroups():
                                   ^^^^^^^^^^^^^^^^^^^^
C:\Python313\Lib\contextlib.py:162: in __exit__
    self.gen.throw(value)
C:\Python313\Lib\site-packages\starlette\_utils.py:85: in collapse_excgroups
    raise exc
C:\Python313\Lib\site-packages\starlette\middleware\base.py:193: in __call__
    response = await self.dispatch_func(request, call_next)
               ^^^^^^^^^^^^^^^^^^^^^^^^^^^^^^^^^^^^^^^^^^^^
app\core\sanitization.py:63: in dispatch
    return await call_next(request)
           ^^^^^^^^^^^^^^^^^^^^^^^^
C:\Python313\Lib\site-packages\starlette\middleware\base.py:168: in call_next
    raise app_exc from app_exc.__cause__ or app_exc.__context__
C:\Python313\Lib\site-packages\starlette\middleware\base.py:144: in coro
    await self.app(scope, receive_or_disconnect, send_no_error)
tests\conftest.py:98: in __call__
    await self.app(scope, receive, send)
C:\Python313\Lib\site-packages\brotli_asgi\__init__.py:81: in __call__
    await br_responder(scope, receive, send)
C:\Python313\Lib\site-packages\brotli_asgi\__init__.py:126: in __call__
    await self.app(scope, receive, self.send_with_brotli)
C:\Python313\Lib\site-packages\starlette\middleware\base.py:191: in __call__
    with recv_stream, send_stream, collapse_excgroups():
                                   ^^^^^^^^^^^^^^^^^^^^
C:\Python313\Lib\contextlib.py:162: in __exit__
    self.gen.throw(value)
C:\Python313\Lib\site-packages\starlette\_utils.py:85: in collapse_excgroups
    raise exc
C:\Python313\Lib\site-packages\starlette\middleware\base.py:193: in __call__
    response = await self.dispatch_func(request, call_next)
               ^^^^^^^^^^^^^^^^^^^^^^^^^^^^^^^^^^^^^^^^^^^^
app\core\metrics.py:538: in dispatch
    response = await call_next(request)
               ^^^^^^^^^^^^^^^^^^^^^^^^
C:\Python313\Lib\site-packages\starlette\middleware\base.py:168: in call_next
    raise app_exc from app_exc.__cause__ or app_exc.__context__
C:\Python313\Lib\site-packages\starlette\middleware\base.py:144: in coro
    await self.app(scope, receive_or_disconnect, send_no_error)
C:\Python313\Lib\site-packages\starlette\middleware\base.py:191: in __call__
    with recv_stream, send_stream, collapse_excgroups():
                                   ^^^^^^^^^^^^^^^^^^^^
C:\Python313\Lib\contextlib.py:162: in __exit__
    self.gen.throw(value)
C:\Python313\Lib\site-packages\starlette\_utils.py:85: in collapse_excgroups
    raise exc
C:\Python313\Lib\site-packages\starlette\middleware\base.py:193: in __call__
    response = await self.dispatch_func(request, call_next)
               ^^^^^^^^^^^^^^^^^^^^^^^^^^^^^^^^^^^^^^^^^^^^
app\core\observability.py:129: in dispatch
    response: Response = await call_next(request)
                         ^^^^^^^^^^^^^^^^^^^^^^^^
C:\Python313\Lib\site-packages\starlette\middleware\base.py:168: in call_next
    raise app_exc from app_exc.__cause__ or app_exc.__context__
C:\Python313\Lib\site-packages\starlette\middleware\base.py:144: in coro
    await self.app(scope, receive_or_disconnect, send_no_error)
C:\Python313\Lib\site-packages\starlette\middleware\exceptions.py:63: in __call__
    await wrap_app_handling_exceptions(self.app, conn)(scope, receive, send)
C:\Python313\Lib\site-packages\starlette\_exception_handler.py:53: in wrapped_app
    raise exc
C:\Python313\Lib\site-packages\starlette\_exception_handler.py:42: in wrapped_app
    await app(scope, receive, sender)
C:\Python313\Lib\site-packages\fastapi\middleware\asyncexitstack.py:18: in __call__
    await self.app(scope, receive, send)
C:\Python313\Lib\site-packages\starlette\routing.py:716: in __call__
    await self.middleware_stack(scope, receive, send)
C:\Python313\Lib\site-packages\starlette\routing.py:736: in app
    await route.handle(scope, receive, send)
C:\Python313\Lib\site-packages\starlette\routing.py:290: in handle
    await self.app(scope, receive, send)
C:\Python313\Lib\site-packages\fastapi\routing.py:115: in app
    await wrap_app_handling_exceptions(app, request)(scope, receive, send)
C:\Python313\Lib\site-packages\starlette\_exception_handler.py:53: in wrapped_app
    raise exc
C:\Python313\Lib\site-packages\starlette\_exception_handler.py:42: in wrapped_app
    await app(scope, receive, sender)
C:\Python313\Lib\site-packages\fastapi\routing.py:101: in app
    response = await f(request)
               ^^^^^^^^^^^^^^^^
C:\Python313\Lib\site-packages\fastapi\routing.py:355: in app
    raw_response = await run_endpoint_function(
C:\Python313\Lib\site-packages\fastapi\routing.py:243: in run_endpoint_function
    return await dependant.call(**values)
           ^^^^^^^^^^^^^^^^^^^^^^^^^^^^^^
app\api\events.py:300: in all_events
    payload = await events.get_events(
app\services\event_service.py:169: in get_events
    await self.repo.count_upcoming()
app\repositories\event_repository.py:63: in count_upcoming
    select(func.count(Event.id)).where(Event.start_date >= now)
                                       ^^^^^^^^^^^^^^^^
E   AttributeError: type object 'Event' has no attribute 'start_date'. Did you mean: 'starts_at'?
---------------------------- Captured stderr setup ----------------------------
{"timestamp": "2026-01-30T19:05:10.829Z", "level": "INFO", "logger": "app.core.events", "message": "Domain event persistence listeners registered.", "service_name": "university-ecosystem", "environment": "testing"}
{"timestamp": "2026-01-30T19:05:10.830Z", "level": "INFO", "logger": "app.services.event_handlers", "message": "Domain event handlers configured", "service_name": "university-ecosystem", "environment": "testing"}
{"timestamp": "2026-01-30T19:05:10.830Z", "level": "INFO", "logger": "app.services.cache_warmup", "message": "Cache warmup disabled, skipping", "service_name": "university-ecosystem", "environment": "testing"}
{"timestamp": "2026-01-30T19:05:10.830Z", "level": "INFO", "logger": "app.workers.outbox", "message": "OutboxWorker started", "service_name": "university-ecosystem", "environment": "testing"}
----------------------------- Captured log setup ------------------------------
[32mINFO    [0m app.core.events:events.py:265 Domain event persistence listeners registered.
[32mINFO    [0m app.services.event_handlers:event_handlers.py:171 Domain event handlers configured
[32mINFO    [0m app.services.cache_warmup:cache_warmup.py:252 Cache warmup disabled, skipping
[32mINFO    [0m app.workers.outbox:outbox.py:31 OutboxWorker started
---------------------------- Captured stdout call -----------------------------
DEBUG: Validating policy for length 14
DEBUG: Validating policy for length 16
---------------------------- Captured stderr call -----------------------------
{"timestamp": "2026-01-30T19:05:11.303Z", "level": "INFO", "logger": "app.auth", "message": "{\"event\": \"auth.login.success\", \"user_id\": \"2\", \"request_id\": \"2df2f89d5d3347a19ea4c42cc56878b4\", \"ip\": \"127.0.0.1\", \"path\": \"/api/v1/auth/login\", \"method\": \"POST\", \"reason\": \"authenticated\"}", "trace_id": "2df2f89d5d3347a19ea4c42cc56878b4", "request_id": "2df2f89d5d3347a19ea4c42cc56878b4", "service_name": "university-ecosystem", "environment": "testing", "event": "auth.login.success", "user_id": "2", "ip": "127.0.0.1", "path": "/api/v1/auth/login", "method": "POST", "reason": "authenticated"}
{"timestamp": "2026-01-30T19:05:11.309Z", "level": "INFO", "logger": "httpx", "message": "HTTP Request: POST http://testserver/api/v1/auth/login \"HTTP/1.1 200 OK\"", "service_name": "university-ecosystem", "environment": "testing"}
------------------------------ Captured log call ------------------------------
[32mINFO    [0m app.auth:audit_service.py:147 {"event": "auth.login.success", "user_id": "2", "request_id": "2df2f89d5d3347a19ea4c42cc56878b4", "ip": "127.0.0.1", "path": "/api/v1/auth/login", "method": "POST", "reason": "authenticated"}
[32mINFO    [0m httpx:_client.py:1740 HTTP Request: POST http://testserver/api/v1/auth/login "HTTP/1.1 200 OK"
__________________ test_events_cache_uses_version_from_redis __________________
[gw6] win32 -- Python 3.13.11 C:\Python313\python.exe
  + Exception Group Traceback (most recent call last):
  |   File "C:\Python313\Lib\site-packages\starlette\_utils.py", line 79, in collapse_excgroups
  |     yield
  |   File "C:\Python313\Lib\site-packages\starlette\middleware\base.py", line 192, in __call__
  |     async with anyio.create_task_group() as task_group:
  |                ~~~~~~~~~~~~~~~~~~~~~~~^^
  |   File "C:\Python313\Lib\site-packages\anyio\_backends\_asyncio.py", line 783, in __aexit__
  |     raise BaseExceptionGroup(
  |         "unhandled errors in a TaskGroup", self._exceptions
  |     ) from None
  | ExceptionGroup: unhandled errors in a TaskGroup (1 sub-exception)
  +-+---------------- 1 ----------------
    | Traceback (most recent call last):
    |   File "C:\Python313\Lib\site-packages\_pytest\runner.py", line 353, in from_call
    |     result: TResult | None = func()
    |                              ~~~~^^
    |   File "C:\Python313\Lib\site-packages\_pytest\runner.py", line 245, in <lambda>
    |     lambda: runtest_hook(item=item, **kwds),
    |             ~~~~~~~~~~~~^^^^^^^^^^^^^^^^^^^
    |   File "C:\Python313\Lib\site-packages\pluggy\_hooks.py", line 512, in __call__
    |     return self._hookexec(self.name, self._hookimpls.copy(), kwargs, firstresult)
    |            ~~~~~~~~~~~~~~^^^^^^^^^^^^^^^^^^^^^^^^^^^^^^^^^^^^^^^^^^^^^^^^^^^^^^^^
    |   File "C:\Python313\Lib\site-packages\pluggy\_manager.py", line 120, in _hookexec
    |     return self._inner_hookexec(hook_name, methods, kwargs, firstresult)
    |            ~~~~~~~~~~~~~~~~~~~~^^^^^^^^^^^^^^^^^^^^^^^^^^^^^^^^^^^^^^^^^
    |   File "C:\Python313\Lib\site-packages\pluggy\_callers.py", line 167, in _multicall
    |     raise exception
    |   File "C:\Python313\Lib\site-packages\pluggy\_callers.py", line 139, in _multicall
    |     teardown.throw(exception)
    |     ~~~~~~~~~~~~~~^^^^^^^^^^^
    |   File "C:\Python313\Lib\site-packages\_pytest\logging.py", line 850, in pytest_runtest_call
    |     yield
    |   File "C:\Python313\Lib\site-packages\pluggy\_callers.py", line 139, in _multicall
    |     teardown.throw(exception)
    |     ~~~~~~~~~~~~~~^^^^^^^^^^^
    |   File "C:\Python313\Lib\site-packages\_pytest\capture.py", line 900, in pytest_runtest_call
    |     return (yield)
    |             ^^^^^
    |   File "C:\Python313\Lib\site-packages\pluggy\_callers.py", line 139, in _multicall
    |     teardown.throw(exception)
    |     ~~~~~~~~~~~~~~^^^^^^^^^^^
    |   File "C:\Python313\Lib\site-packages\pluggy\_callers.py", line 53, in run_old_style_hookwrapper
    |     return result.get_result()
    |            ~~~~~~~~~~~~~~~~~^^
    |   File "C:\Python313\Lib\site-packages\pluggy\_result.py", line 103, in get_result
    |     raise exc.with_traceback(tb)
    |   File "C:\Python313\Lib\site-packages\pluggy\_callers.py", line 38, in run_old_style_hookwrapper
    |     res = yield
    |           ^^^^^
    |   File "C:\Python313\Lib\site-packages\pluggy\_callers.py", line 139, in _multicall
    |     teardown.throw(exception)
    |     ~~~~~~~~~~~~~~^^^^^^^^^^^
    |   File "C:\Python313\Lib\site-packages\_pytest\skipping.py", line 268, in pytest_runtest_call
    |     return (yield)
    |             ^^^^^
    |   File "C:\Python313\Lib\site-packages\pluggy\_callers.py", line 121, in _multicall
    |     res = hook_impl.function(*args)
    |   File "C:\Python313\Lib\site-packages\_pytest\runner.py", line 179, in pytest_runtest_call
    |     item.runtest()
    |     ~~~~~~~~~~~~^^
    |   File "C:\Python313\Lib\site-packages\pytest_asyncio\plugin.py", line 469, in runtest
    |     super().runtest()
    |     ~~~~~~~~~~~~~~~^^
    |   File "C:\Python313\Lib\site-packages\_pytest\python.py", line 1720, in runtest
    |     self.ihook.pytest_pyfunc_call(pyfuncitem=self)
    |     ~~~~~~~~~~~~~~~~~~~~~~~~~~~~~^^^^^^^^^^^^^^^^^
    |   File "C:\Python313\Lib\site-packages\pluggy\_hooks.py", line 512, in __call__
    |     return self._hookexec(self.name, self._hookimpls.copy(), kwargs, firstresult)
    |            ~~~~~~~~~~~~~~^^^^^^^^^^^^^^^^^^^^^^^^^^^^^^^^^^^^^^^^^^^^^^^^^^^^^^^^
    |   File "C:\Python313\Lib\site-packages\pluggy\_manager.py", line 120, in _hookexec
    |     return self._inner_hookexec(hook_name, methods, kwargs, firstresult)
    |            ~~~~~~~~~~~~~~~~~~~~^^^^^^^^^^^^^^^^^^^^^^^^^^^^^^^^^^^^^^^^^
    |   File "C:\Python313\Lib\site-packages\pluggy\_callers.py", line 167, in _multicall
    |     raise exception
    |   File "C:\Python313\Lib\site-packages\pluggy\_callers.py", line 139, in _multicall
    |     teardown.throw(exception)
    |     ~~~~~~~~~~~~~~^^^^^^^^^^^
    |   File "C:\Python313\Lib\site-packages\pluggy\_callers.py", line 53, in run_old_style_hookwrapper
    |     return result.get_result()
    |            ~~~~~~~~~~~~~~~~~^^
    |   File "C:\Python313\Lib\site-packages\pluggy\_result.py", line 103, in get_result
    |     raise exc.with_traceback(tb)
    |   File "C:\Python313\Lib\site-packages\pluggy\_callers.py", line 38, in run_old_style_hookwrapper
    |     res = yield
    |           ^^^^^
    |   File "C:\Python313\Lib\site-packages\pluggy\_callers.py", line 121, in _multicall
    |     res = hook_impl.function(*args)
    |   File "C:\Python313\Lib\site-packages\_pytest\python.py", line 166, in pytest_pyfunc_call
    |     result = testfunction(**testargs)
    |   File "C:\Python313\Lib\site-packages\pytest_asyncio\plugin.py", line 716, in inner
    |     runner.run(coro, context=context)
    |     ~~~~~~~~~~^^^^^^^^^^^^^^^^^^^^^^^
    |   File "C:\Python313\Lib\asyncio\runners.py", line 118, in run
    |     return self._loop.run_until_complete(task)
    |            ~~~~~~~~~~~~~~~~~~~~~~~~~~~~~^^^^^^
    |   File "C:\Python313\Lib\asyncio\base_events.py", line 725, in run_until_complete
    |     return future.result()
    |            ~~~~~~~~~~~~~^^
    |   File "C:\Users\egorribun\Documents\university_ecosystem\tests\test_events_localization.py", line 612, in test_events_cache_uses_version_from_redis
    |     initial_response = await async_client.get("/events", headers=list_headers)
    |                        ^^^^^^^^^^^^^^^^^^^^^^^^^^^^^^^^^^^^^^^^^^^^^^^^^^^^^^^
    |   File "C:\Python313\Lib\site-packages\httpx\_client.py", line 1768, in get
    |     return await self.request(
    |            ^^^^^^^^^^^^^^^^^^^
    |     ...<9 lines>...
    |     )
    |     ^
    |   File "C:\Python313\Lib\site-packages\httpx\_client.py", line 1540, in request
    |     return await self.send(request, auth=auth, follow_redirects=follow_redirects)
    |            ^^^^^^^^^^^^^^^^^^^^^^^^^^^^^^^^^^^^^^^^^^^^^^^^^^^^^^^^^^^^^^^^^^^^^^
    |   File "C:\Python313\Lib\site-packages\httpx\_client.py", line 1629, in send
    |     response = await self._send_handling_auth(
    |                ^^^^^^^^^^^^^^^^^^^^^^^^^^^^^^^
    |     ...<4 lines>...
    |     )
    |     ^
    |   File "C:\Python313\Lib\site-packages\httpx\_client.py", line 1657, in _send_handling_auth
    |     response = await self._send_handling_redirects(
    |                ^^^^^^^^^^^^^^^^^^^^^^^^^^^^^^^^^^^^
    |     ...<3 lines>...
    |     )
    |     ^
    |   File "C:\Python313\Lib\site-packages\httpx\_client.py", line 1694, in _send_handling_redirects
    |     response = await self._send_single_request(request)
    |                ^^^^^^^^^^^^^^^^^^^^^^^^^^^^^^^^^^^^^^^^
    |   File "C:\Python313\Lib\site-packages\httpx\_client.py", line 1730, in _send_single_request
    |     response = await transport.handle_async_request(request)
    |                ^^^^^^^^^^^^^^^^^^^^^^^^^^^^^^^^^^^^^^^^^^^^^
    |   File "C:\Python313\Lib\site-packages\httpx\_transports\asgi.py", line 170, in handle_async_request
    |     await self.app(scope, receive, send)
    |   File "C:\Python313\Lib\site-packages\fastapi\applications.py", line 1135, in __call__
    |     await super().__call__(scope, receive, send)
    |   File "C:\Python313\Lib\site-packages\starlette\applications.py", line 107, in __call__
    |     await self.middleware_stack(scope, receive, send)
    |   File "C:\Python313\Lib\site-packages\starlette\middleware\errors.py", line 186, in __call__
    |     raise exc
    |   File "C:\Python313\Lib\site-packages\starlette\middleware\errors.py", line 164, in __call__
    |     await self.app(scope, receive, _send)
    |   File "C:\Python313\Lib\site-packages\starlette\middleware\cors.py", line 85, in __call__
    |     await self.app(scope, receive, send)
    |   File "C:\Python313\Lib\site-packages\starlette\middleware\trustedhost.py", line 51, in __call__
    |     await self.app(scope, receive, send)
    |   File "C:\Python313\Lib\site-packages\uvicorn\middleware\proxy_headers.py", line 60, in __call__
    |     return await self.app(scope, receive, send)
    |            ^^^^^^^^^^^^^^^^^^^^^^^^^^^^^^^^^^^^
    |   File "C:\Python313\Lib\site-packages\starlette\middleware\base.py", line 191, in __call__
    |     with recv_stream, send_stream, collapse_excgroups():
    |                                    ~~~~~~~~~~~~~~~~~~^^
    |   File "C:\Python313\Lib\contextlib.py", line 162, in __exit__
    |     self.gen.throw(value)
    |     ~~~~~~~~~~~~~~^^^^^^^
    |   File "C:\Python313\Lib\site-packages\starlette\_utils.py", line 85, in collapse_excgroups
    |     raise exc
    |   File "C:\Python313\Lib\site-packages\starlette\middleware\base.py", line 193, in __call__
    |     response = await self.dispatch_func(request, call_next)
    |                ^^^^^^^^^^^^^^^^^^^^^^^^^^^^^^^^^^^^^^^^^^^^
    |   File "C:\Users\egorribun\Documents\university_ecosystem\app\core\rate_limit.py", line 284, in dispatch
    |     response = await call_next(request)
    |                ^^^^^^^^^^^^^^^^^^^^^^^^
    |   File "C:\Python313\Lib\site-packages\starlette\middleware\base.py", line 168, in call_next
    |     raise app_exc from app_exc.__cause__ or app_exc.__context__
    |   File "C:\Python313\Lib\site-packages\starlette\middleware\base.py", line 144, in coro
    |     await self.app(scope, receive_or_disconnect, send_no_error)
    |   File "C:\Python313\Lib\site-packages\starlette\middleware\base.py", line 191, in __call__
    |     with recv_stream, send_stream, collapse_excgroups():
    |                                    ~~~~~~~~~~~~~~~~~~^^
    |   File "C:\Python313\Lib\contextlib.py", line 162, in __exit__
    |     self.gen.throw(value)
    |     ~~~~~~~~~~~~~~^^^^^^^
    |   File "C:\Python313\Lib\site-packages\starlette\_utils.py", line 85, in collapse_excgroups
    |     raise exc
    |   File "C:\Python313\Lib\site-packages\starlette\middleware\base.py", line 193, in __call__
    |     response = await self.dispatch_func(request, call_next)
    |                ^^^^^^^^^^^^^^^^^^^^^^^^^^^^^^^^^^^^^^^^^^^^
    |   File "C:\Users\egorribun\Documents\university_ecosystem\app\core\middleware.py", line 40, in _http_response_hardening
    |     response = await call_next(request)
    |                ^^^^^^^^^^^^^^^^^^^^^^^^
    |   File "C:\Python313\Lib\site-packages\starlette\middleware\base.py", line 168, in call_next
    |     raise app_exc from app_exc.__cause__ or app_exc.__context__
    |   File "C:\Python313\Lib\site-packages\starlette\middleware\base.py", line 144, in coro
    |     await self.app(scope, receive_or_disconnect, send_no_error)
    |   File "C:\Python313\Lib\site-packages\starlette\middleware\base.py", line 191, in __call__
    |     with recv_stream, send_stream, collapse_excgroups():
    |                                    ~~~~~~~~~~~~~~~~~~^^
    |   File "C:\Python313\Lib\contextlib.py", line 162, in __exit__
    |     self.gen.throw(value)
    |     ~~~~~~~~~~~~~~^^^^^^^
    |   File "C:\Python313\Lib\site-packages\starlette\_utils.py", line 85, in collapse_excgroups
    |     raise exc
    |   File "C:\Python313\Lib\site-packages\starlette\middleware\base.py", line 193, in __call__
    |     response = await self.dispatch_func(request, call_next)
    |                ^^^^^^^^^^^^^^^^^^^^^^^^^^^^^^^^^^^^^^^^^^^^
    |   File "C:\Users\egorribun\Documents\university_ecosystem\app\core\internal_access.py", line 34, in dispatch
    |     return await call_next(request)
    |            ^^^^^^^^^^^^^^^^^^^^^^^^
    |   File "C:\Python313\Lib\site-packages\starlette\middleware\base.py", line 168, in call_next
    |     raise app_exc from app_exc.__cause__ or app_exc.__context__
    |   File "C:\Python313\Lib\site-packages\starlette\middleware\base.py", line 144, in coro
    |     await self.app(scope, receive_or_disconnect, send_no_error)
    |   File "C:\Python313\Lib\site-packages\starlette\middleware\base.py", line 191, in __call__
    |     with recv_stream, send_stream, collapse_excgroups():
    |                                    ~~~~~~~~~~~~~~~~~~^^
    |   File "C:\Python313\Lib\contextlib.py", line 162, in __exit__
    |     self.gen.throw(value)
    |     ~~~~~~~~~~~~~~^^^^^^^
    |   File "C:\Python313\Lib\site-packages\starlette\_utils.py", line 85, in collapse_excgroups
    |     raise exc
    |   File "C:\Python313\Lib\site-packages\starlette\middleware\base.py", line 193, in __call__
    |     response = await self.dispatch_func(request, call_next)
    |                ^^^^^^^^^^^^^^^^^^^^^^^^^^^^^^^^^^^^^^^^^^^^
    |   File "C:\Users\egorribun\Documents\university_ecosystem\app\core\sanitization.py", line 63, in dispatch
    |     return await call_next(request)
    |            ^^^^^^^^^^^^^^^^^^^^^^^^
    |   File "C:\Python313\Lib\site-packages\starlette\middleware\base.py", line 168, in call_next
    |     raise app_exc from app_exc.__cause__ or app_exc.__context__
    |   File "C:\Python313\Lib\site-packages\starlette\middleware\base.py", line 144, in coro
    |     await self.app(scope, receive_or_disconnect, send_no_error)
    |   File "c:\Users\egorribun\Documents\university_ecosystem\tests\conftest.py", line 98, in __call__
    |     await self.app(scope, receive, send)
    |   File "C:\Python313\Lib\site-packages\brotli_asgi\__init__.py", line 81, in __call__
    |     await br_responder(scope, receive, send)
    |   File "C:\Python313\Lib\site-packages\brotli_asgi\__init__.py", line 126, in __call__
    |     await self.app(scope, receive, self.send_with_brotli)
    |   File "C:\Python313\Lib\site-packages\starlette\middleware\base.py", line 191, in __call__
    |     with recv_stream, send_stream, collapse_excgroups():
    |                                    ~~~~~~~~~~~~~~~~~~^^
    |   File "C:\Python313\Lib\contextlib.py", line 162, in __exit__
    |     self.gen.throw(value)
    |     ~~~~~~~~~~~~~~^^^^^^^
    |   File "C:\Python313\Lib\site-packages\starlette\_utils.py", line 85, in collapse_excgroups
    |     raise exc
    |   File "C:\Python313\Lib\site-packages\starlette\middleware\base.py", line 193, in __call__
    |     response = await self.dispatch_func(request, call_next)
    |                ^^^^^^^^^^^^^^^^^^^^^^^^^^^^^^^^^^^^^^^^^^^^
    |   File "C:\Users\egorribun\Documents\university_ecosystem\app\core\metrics.py", line 538, in dispatch
    |     response = await call_next(request)
    |                ^^^^^^^^^^^^^^^^^^^^^^^^
    |   File "C:\Python313\Lib\site-packages\starlette\middleware\base.py", line 168, in call_next
    |     raise app_exc from app_exc.__cause__ or app_exc.__context__
    |   File "C:\Python313\Lib\site-packages\starlette\middleware\base.py", line 144, in coro
    |     await self.app(scope, receive_or_disconnect, send_no_error)
    |   File "C:\Python313\Lib\site-packages\starlette\middleware\base.py", line 191, in __call__
    |     with recv_stream, send_stream, collapse_excgroups():
    |                                    ~~~~~~~~~~~~~~~~~~^^
    |   File "C:\Python313\Lib\contextlib.py", line 162, in __exit__
    |     self.gen.throw(value)
    |     ~~~~~~~~~~~~~~^^^^^^^
    |   File "C:\Python313\Lib\site-packages\starlette\_utils.py", line 85, in collapse_excgroups
    |     raise exc
    |   File "C:\Python313\Lib\site-packages\starlette\middleware\base.py", line 193, in __call__
    |     response = await self.dispatch_func(request, call_next)
    |                ^^^^^^^^^^^^^^^^^^^^^^^^^^^^^^^^^^^^^^^^^^^^
    |   File "C:\Users\egorribun\Documents\university_ecosystem\app\core\observability.py", line 129, in dispatch
    |     response: Response = await call_next(request)
    |                          ^^^^^^^^^^^^^^^^^^^^^^^^
    |   File "C:\Python313\Lib\site-packages\starlette\middleware\base.py", line 168, in call_next
    |     raise app_exc from app_exc.__cause__ or app_exc.__context__
    |   File "C:\Python313\Lib\site-packages\starlette\middleware\base.py", line 144, in coro
    |     await self.app(scope, receive_or_disconnect, send_no_error)
    |   File "C:\Python313\Lib\site-packages\starlette\middleware\exceptions.py", line 63, in __call__
    |     await wrap_app_handling_exceptions(self.app, conn)(scope, receive, send)
    |   File "C:\Python313\Lib\site-packages\starlette\_exception_handler.py", line 53, in wrapped_app
    |     raise exc
    |   File "C:\Python313\Lib\site-packages\starlette\_exception_handler.py", line 42, in wrapped_app
    |     await app(scope, receive, sender)
    |   File "C:\Python313\Lib\site-packages\fastapi\middleware\asyncexitstack.py", line 18, in __call__
    |     await self.app(scope, receive, send)
    |   File "C:\Python313\Lib\site-packages\starlette\routing.py", line 716, in __call__
    |     await self.middleware_stack(scope, receive, send)
    |   File "C:\Python313\Lib\site-packages\starlette\routing.py", line 736, in app
    |     await route.handle(scope, receive, send)
    |   File "C:\Python313\Lib\site-packages\starlette\routing.py", line 290, in handle
    |     await self.app(scope, receive, send)
    |   File "C:\Python313\Lib\site-packages\fastapi\routing.py", line 115, in app
    |     await wrap_app_handling_exceptions(app, request)(scope, receive, send)
    |   File "C:\Python313\Lib\site-packages\starlette\_exception_handler.py", line 53, in wrapped_app
    |     raise exc
    |   File "C:\Python313\Lib\site-packages\starlette\_exception_handler.py", line 42, in wrapped_app
    |     await app(scope, receive, sender)
    |   File "C:\Python313\Lib\site-packages\fastapi\routing.py", line 101, in app
    |     response = await f(request)
    |                ^^^^^^^^^^^^^^^^
    |   File "C:\Python313\Lib\site-packages\fastapi\routing.py", line 355, in app
    |     raw_response = await run_endpoint_function(
    |                    ^^^^^^^^^^^^^^^^^^^^^^^^^^^^
    |     ...<3 lines>...
    |     )
    |     ^
    |   File "C:\Python313\Lib\site-packages\fastapi\routing.py", line 243, in run_endpoint_function
    |     return await dependant.call(**values)
    |            ^^^^^^^^^^^^^^^^^^^^^^^^^^^^^^
    |   File "C:\Users\egorribun\Documents\university_ecosystem\app\api\events.py", line 300, in all_events
    |     payload = await events.get_events(
    |               ^^^^^^^^^^^^^^^^^^^^^^^^
    |     ...<8 lines>...
    |     )
    |     ^
    |   File "C:\Users\egorribun\Documents\university_ecosystem\app\services\event_service.py", line 169, in get_events
    |     await self.repo.count_upcoming()
    |   File "C:\Users\egorribun\Documents\university_ecosystem\app\repositories\event_repository.py", line 63, in count_upcoming
    |     select(func.count(Event.id)).where(Event.start_date >= now)
    |                                        ^^^^^^^^^^^^^^^^
    | AttributeError: type object 'Event' has no attribute 'start_date'. Did you mean: 'starts_at'?
    +------------------------------------

The above exception was the direct cause of the following exception:

Traceback (most recent call last):
  File "C:\Users\egorribun\Documents\university_ecosystem\tests\test_events_localization.py", line 612, in test_events_cache_uses_version_from_redis
    initial_response = await async_client.get("/events", headers=list_headers)
                       ^^^^^^^^^^^^^^^^^^^^^^^^^^^^^^^^^^^^^^^^^^^^^^^^^^^^^^^
  File "C:\Python313\Lib\site-packages\httpx\_client.py", line 1768, in get
    return await self.request(
           ^^^^^^^^^^^^^^^^^^^
    ...<9 lines>...
    )
    ^
  File "C:\Python313\Lib\site-packages\httpx\_client.py", line 1540, in request
    return await self.send(request, auth=auth, follow_redirects=follow_redirects)
           ^^^^^^^^^^^^^^^^^^^^^^^^^^^^^^^^^^^^^^^^^^^^^^^^^^^^^^^^^^^^^^^^^^^^^^
  File "C:\Python313\Lib\site-packages\httpx\_client.py", line 1629, in send
    response = await self._send_handling_auth(
               ^^^^^^^^^^^^^^^^^^^^^^^^^^^^^^^
    ...<4 lines>...
    )
    ^
  File "C:\Python313\Lib\site-packages\httpx\_client.py", line 1657, in _send_handling_auth
    response = await self._send_handling_redirects(
               ^^^^^^^^^^^^^^^^^^^^^^^^^^^^^^^^^^^^
    ...<3 lines>...
    )
    ^
  File "C:\Python313\Lib\site-packages\httpx\_client.py", line 1694, in _send_handling_redirects
    response = await self._send_single_request(request)
               ^^^^^^^^^^^^^^^^^^^^^^^^^^^^^^^^^^^^^^^^
  File "C:\Python313\Lib\site-packages\httpx\_client.py", line 1730, in _send_single_request
    response = await transport.handle_async_request(request)
               ^^^^^^^^^^^^^^^^^^^^^^^^^^^^^^^^^^^^^^^^^^^^^
  File "C:\Python313\Lib\site-packages\httpx\_transports\asgi.py", line 170, in handle_async_request
    await self.app(scope, receive, send)
  File "C:\Python313\Lib\site-packages\fastapi\applications.py", line 1135, in __call__
    await super().__call__(scope, receive, send)
  File "C:\Python313\Lib\site-packages\starlette\applications.py", line 107, in __call__
    await self.middleware_stack(scope, receive, send)
  File "C:\Python313\Lib\site-packages\starlette\middleware\errors.py", line 186, in __call__
    raise exc
  File "C:\Python313\Lib\site-packages\starlette\middleware\errors.py", line 164, in __call__
    await self.app(scope, receive, _send)
  File "C:\Python313\Lib\site-packages\starlette\middleware\cors.py", line 85, in __call__
    await self.app(scope, receive, send)
  File "C:\Python313\Lib\site-packages\starlette\middleware\trustedhost.py", line 51, in __call__
    await self.app(scope, receive, send)
  File "C:\Python313\Lib\site-packages\uvicorn\middleware\proxy_headers.py", line 60, in __call__
    return await self.app(scope, receive, send)
           ^^^^^^^^^^^^^^^^^^^^^^^^^^^^^^^^^^^^
  File "C:\Python313\Lib\site-packages\starlette\middleware\base.py", line 191, in __call__
    with recv_stream, send_stream, collapse_excgroups():
                                   ~~~~~~~~~~~~~~~~~~^^
  File "C:\Python313\Lib\contextlib.py", line 162, in __exit__
    self.gen.throw(value)
    ~~~~~~~~~~~~~~^^^^^^^
  File "C:\Python313\Lib\site-packages\starlette\_utils.py", line 85, in collapse_excgroups
    raise exc
  File "C:\Python313\Lib\site-packages\starlette\middleware\base.py", line 193, in __call__
    response = await self.dispatch_func(request, call_next)
               ^^^^^^^^^^^^^^^^^^^^^^^^^^^^^^^^^^^^^^^^^^^^
  File "C:\Users\egorribun\Documents\university_ecosystem\app\core\rate_limit.py", line 284, in dispatch
    response = await call_next(request)
               ^^^^^^^^^^^^^^^^^^^^^^^^
  File "C:\Python313\Lib\site-packages\starlette\middleware\base.py", line 168, in call_next
    raise app_exc from app_exc.__cause__ or app_exc.__context__
  File "C:\Python313\Lib\site-packages\starlette\middleware\base.py", line 144, in coro
    await self.app(scope, receive_or_disconnect, send_no_error)
  File "C:\Python313\Lib\site-packages\starlette\middleware\base.py", line 191, in __call__
    with recv_stream, send_stream, collapse_excgroups():
                                   ~~~~~~~~~~~~~~~~~~^^
  File "C:\Python313\Lib\contextlib.py", line 162, in __exit__
    self.gen.throw(value)
    ~~~~~~~~~~~~~~^^^^^^^
  File "C:\Python313\Lib\site-packages\starlette\_utils.py", line 85, in collapse_excgroups
    raise exc
  File "C:\Python313\Lib\site-packages\starlette\middleware\base.py", line 193, in __call__
    response = await self.dispatch_func(request, call_next)
               ^^^^^^^^^^^^^^^^^^^^^^^^^^^^^^^^^^^^^^^^^^^^
  File "C:\Users\egorribun\Documents\university_ecosystem\app\core\middleware.py", line 40, in _http_response_hardening
    response = await call_next(request)
               ^^^^^^^^^^^^^^^^^^^^^^^^
  File "C:\Python313\Lib\site-packages\starlette\middleware\base.py", line 168, in call_next
    raise app_exc from app_exc.__cause__ or app_exc.__context__
  File "C:\Python313\Lib\site-packages\starlette\middleware\base.py", line 144, in coro
    await self.app(scope, receive_or_disconnect, send_no_error)
  File "C:\Python313\Lib\site-packages\starlette\middleware\base.py", line 191, in __call__
    with recv_stream, send_stream, collapse_excgroups():
                                   ~~~~~~~~~~~~~~~~~~^^
  File "C:\Python313\Lib\contextlib.py", line 162, in __exit__
    self.gen.throw(value)
    ~~~~~~~~~~~~~~^^^^^^^
  File "C:\Python313\Lib\site-packages\starlette\_utils.py", line 85, in collapse_excgroups
    raise exc
  File "C:\Python313\Lib\site-packages\starlette\middleware\base.py", line 193, in __call__
    response = await self.dispatch_func(request, call_next)
               ^^^^^^^^^^^^^^^^^^^^^^^^^^^^^^^^^^^^^^^^^^^^
  File "C:\Users\egorribun\Documents\university_ecosystem\app\core\internal_access.py", line 34, in dispatch
    return await call_next(request)
           ^^^^^^^^^^^^^^^^^^^^^^^^
  File "C:\Python313\Lib\site-packages\starlette\middleware\base.py", line 168, in call_next
    raise app_exc from app_exc.__cause__ or app_exc.__context__
  File "C:\Python313\Lib\site-packages\starlette\middleware\base.py", line 144, in coro
    await self.app(scope, receive_or_disconnect, send_no_error)
  File "C:\Python313\Lib\site-packages\starlette\middleware\base.py", line 191, in __call__
    with recv_stream, send_stream, collapse_excgroups():
                                   ~~~~~~~~~~~~~~~~~~^^
  File "C:\Python313\Lib\contextlib.py", line 162, in __exit__
    self.gen.throw(value)
    ~~~~~~~~~~~~~~^^^^^^^
  File "C:\Python313\Lib\site-packages\starlette\_utils.py", line 85, in collapse_excgroups
    raise exc
  File "C:\Python313\Lib\site-packages\starlette\middleware\base.py", line 193, in __call__
    response = await self.dispatch_func(request, call_next)
               ^^^^^^^^^^^^^^^^^^^^^^^^^^^^^^^^^^^^^^^^^^^^
  File "C:\Users\egorribun\Documents\university_ecosystem\app\core\sanitization.py", line 63, in dispatch
    return await call_next(request)
           ^^^^^^^^^^^^^^^^^^^^^^^^
  File "C:\Python313\Lib\site-packages\starlette\middleware\base.py", line 168, in call_next
    raise app_exc from app_exc.__cause__ or app_exc.__context__
  File "C:\Python313\Lib\site-packages\starlette\middleware\base.py", line 144, in coro
    await self.app(scope, receive_or_disconnect, send_no_error)
  File "c:\Users\egorribun\Documents\university_ecosystem\tests\conftest.py", line 98, in __call__
    await self.app(scope, receive, send)
  File "C:\Python313\Lib\site-packages\brotli_asgi\__init__.py", line 81, in __call__
    await br_responder(scope, receive, send)
  File "C:\Python313\Lib\site-packages\brotli_asgi\__init__.py", line 126, in __call__
    await self.app(scope, receive, self.send_with_brotli)
  File "C:\Python313\Lib\site-packages\starlette\middleware\base.py", line 191, in __call__
    with recv_stream, send_stream, collapse_excgroups():
                                   ~~~~~~~~~~~~~~~~~~^^
  File "C:\Python313\Lib\contextlib.py", line 162, in __exit__
    self.gen.throw(value)
    ~~~~~~~~~~~~~~^^^^^^^
  File "C:\Python313\Lib\site-packages\starlette\_utils.py", line 85, in collapse_excgroups
    raise exc
  File "C:\Python313\Lib\site-packages\starlette\middleware\base.py", line 193, in __call__
    response = await self.dispatch_func(request, call_next)
               ^^^^^^^^^^^^^^^^^^^^^^^^^^^^^^^^^^^^^^^^^^^^
  File "C:\Users\egorribun\Documents\university_ecosystem\app\core\metrics.py", line 538, in dispatch
    response = await call_next(request)
               ^^^^^^^^^^^^^^^^^^^^^^^^
  File "C:\Python313\Lib\site-packages\starlette\middleware\base.py", line 168, in call_next
    raise app_exc from app_exc.__cause__ or app_exc.__context__
  File "C:\Python313\Lib\site-packages\starlette\middleware\base.py", line 144, in coro
    await self.app(scope, receive_or_disconnect, send_no_error)
  File "C:\Python313\Lib\site-packages\starlette\middleware\base.py", line 191, in __call__
    with recv_stream, send_stream, collapse_excgroups():
                                   ~~~~~~~~~~~~~~~~~~^^
  File "C:\Python313\Lib\contextlib.py", line 162, in __exit__
    self.gen.throw(value)
    ~~~~~~~~~~~~~~^^^^^^^
  File "C:\Python313\Lib\site-packages\starlette\_utils.py", line 85, in collapse_excgroups
    raise exc
  File "C:\Python313\Lib\site-packages\starlette\middleware\base.py", line 193, in __call__
    response = await self.dispatch_func(request, call_next)
               ^^^^^^^^^^^^^^^^^^^^^^^^^^^^^^^^^^^^^^^^^^^^
  File "C:\Users\egorribun\Documents\university_ecosystem\app\core\observability.py", line 129, in dispatch
    response: Response = await call_next(request)
                         ^^^^^^^^^^^^^^^^^^^^^^^^
  File "C:\Python313\Lib\site-packages\starlette\middleware\base.py", line 168, in call_next
    raise app_exc from app_exc.__cause__ or app_exc.__context__
  File "C:\Python313\Lib\site-packages\starlette\middleware\base.py", line 144, in coro
    await self.app(scope, receive_or_disconnect, send_no_error)
  File "C:\Python313\Lib\site-packages\starlette\middleware\exceptions.py", line 63, in __call__
    await wrap_app_handling_exceptions(self.app, conn)(scope, receive, send)
  File "C:\Python313\Lib\site-packages\starlette\_exception_handler.py", line 53, in wrapped_app
    raise exc
  File "C:\Python313\Lib\site-packages\starlette\_exception_handler.py", line 42, in wrapped_app
    await app(scope, receive, sender)
  File "C:\Python313\Lib\site-packages\fastapi\middleware\asyncexitstack.py", line 18, in __call__
    await self.app(scope, receive, send)
  File "C:\Python313\Lib\site-packages\starlette\routing.py", line 716, in __call__
    await self.middleware_stack(scope, receive, send)
  File "C:\Python313\Lib\site-packages\starlette\routing.py", line 736, in app
    await route.handle(scope, receive, send)
  File "C:\Python313\Lib\site-packages\starlette\routing.py", line 290, in handle
    await self.app(scope, receive, send)
  File "C:\Python313\Lib\site-packages\fastapi\routing.py", line 115, in app
    await wrap_app_handling_exceptions(app, request)(scope, receive, send)
  File "C:\Python313\Lib\site-packages\starlette\_exception_handler.py", line 53, in wrapped_app
    raise exc
  File "C:\Python313\Lib\site-packages\starlette\_exception_handler.py", line 42, in wrapped_app
    await app(scope, receive, sender)
  File "C:\Python313\Lib\site-packages\fastapi\routing.py", line 101, in app
    response = await f(request)
               ^^^^^^^^^^^^^^^^
  File "C:\Python313\Lib\site-packages\fastapi\routing.py", line 355, in app
    raw_response = await run_endpoint_function(
                   ^^^^^^^^^^^^^^^^^^^^^^^^^^^^
    ...<3 lines>...
    )
    ^
  File "C:\Python313\Lib\site-packages\fastapi\routing.py", line 243, in run_endpoint_function
    return await dependant.call(**values)
           ^^^^^^^^^^^^^^^^^^^^^^^^^^^^^^
  File "C:\Users\egorribun\Documents\university_ecosystem\app\api\events.py", line 300, in all_events
    payload = await events.get_events(
              ^^^^^^^^^^^^^^^^^^^^^^^^
    ...<8 lines>...
    )
    ^
  File "C:\Users\egorribun\Documents\university_ecosystem\app\services\event_service.py", line 169, in get_events
    await self.repo.count_upcoming()
  File "C:\Users\egorribun\Documents\university_ecosystem\app\repositories\event_repository.py", line 63, in count_upcoming
    select(func.count(Event.id)).where(Event.start_date >= now)
                                       ^^^^^^^^^^^^^^^^
AttributeError: type object 'Event' has no attribute 'start_date'. Did you mean: 'starts_at'?

The above exception was the direct cause of the following exception:
tests\test_events_localization.py:612: in test_events_cache_uses_version_from_redis
    initial_response = await async_client.get("/events", headers=list_headers)
                       ^^^^^^^^^^^^^^^^^^^^^^^^^^^^^^^^^^^^^^^^^^^^^^^^^^^^^^^
C:\Python313\Lib\site-packages\httpx\_client.py:1768: in get
    return await self.request(
C:\Python313\Lib\site-packages\httpx\_client.py:1540: in request
    return await self.send(request, auth=auth, follow_redirects=follow_redirects)
           ^^^^^^^^^^^^^^^^^^^^^^^^^^^^^^^^^^^^^^^^^^^^^^^^^^^^^^^^^^^^^^^^^^^^^^
C:\Python313\Lib\site-packages\httpx\_client.py:1629: in send
    response = await self._send_handling_auth(
C:\Python313\Lib\site-packages\httpx\_client.py:1657: in _send_handling_auth
    response = await self._send_handling_redirects(
C:\Python313\Lib\site-packages\httpx\_client.py:1694: in _send_handling_redirects
    response = await self._send_single_request(request)
               ^^^^^^^^^^^^^^^^^^^^^^^^^^^^^^^^^^^^^^^^
C:\Python313\Lib\site-packages\httpx\_client.py:1730: in _send_single_request
    response = await transport.handle_async_request(request)
               ^^^^^^^^^^^^^^^^^^^^^^^^^^^^^^^^^^^^^^^^^^^^^
C:\Python313\Lib\site-packages\httpx\_transports\asgi.py:170: in handle_async_request
    await self.app(scope, receive, send)
C:\Python313\Lib\site-packages\fastapi\applications.py:1135: in __call__
    await super().__call__(scope, receive, send)
C:\Python313\Lib\site-packages\starlette\applications.py:107: in __call__
    await self.middleware_stack(scope, receive, send)
C:\Python313\Lib\site-packages\starlette\middleware\errors.py:186: in __call__
    raise exc
C:\Python313\Lib\site-packages\starlette\middleware\errors.py:164: in __call__
    await self.app(scope, receive, _send)
C:\Python313\Lib\site-packages\starlette\middleware\cors.py:85: in __call__
    await self.app(scope, receive, send)
C:\Python313\Lib\site-packages\starlette\middleware\trustedhost.py:51: in __call__
    await self.app(scope, receive, send)
C:\Python313\Lib\site-packages\uvicorn\middleware\proxy_headers.py:60: in __call__
    return await self.app(scope, receive, send)
           ^^^^^^^^^^^^^^^^^^^^^^^^^^^^^^^^^^^^
C:\Python313\Lib\site-packages\starlette\middleware\base.py:191: in __call__
    with recv_stream, send_stream, collapse_excgroups():
                                   ^^^^^^^^^^^^^^^^^^^^
C:\Python313\Lib\contextlib.py:162: in __exit__
    self.gen.throw(value)
C:\Python313\Lib\site-packages\starlette\_utils.py:85: in collapse_excgroups
    raise exc
C:\Python313\Lib\site-packages\starlette\middleware\base.py:193: in __call__
    response = await self.dispatch_func(request, call_next)
               ^^^^^^^^^^^^^^^^^^^^^^^^^^^^^^^^^^^^^^^^^^^^
app\core\rate_limit.py:284: in dispatch
    response = await call_next(request)
               ^^^^^^^^^^^^^^^^^^^^^^^^
C:\Python313\Lib\site-packages\starlette\middleware\base.py:168: in call_next
    raise app_exc from app_exc.__cause__ or app_exc.__context__
C:\Python313\Lib\site-packages\starlette\middleware\base.py:144: in coro
    await self.app(scope, receive_or_disconnect, send_no_error)
C:\Python313\Lib\site-packages\starlette\middleware\base.py:191: in __call__
    with recv_stream, send_stream, collapse_excgroups():
                                   ^^^^^^^^^^^^^^^^^^^^
C:\Python313\Lib\contextlib.py:162: in __exit__
    self.gen.throw(value)
C:\Python313\Lib\site-packages\starlette\_utils.py:85: in collapse_excgroups
    raise exc
C:\Python313\Lib\site-packages\starlette\middleware\base.py:193: in __call__
    response = await self.dispatch_func(request, call_next)
               ^^^^^^^^^^^^^^^^^^^^^^^^^^^^^^^^^^^^^^^^^^^^
app\core\middleware.py:40: in _http_response_hardening
    response = await call_next(request)
               ^^^^^^^^^^^^^^^^^^^^^^^^
C:\Python313\Lib\site-packages\starlette\middleware\base.py:168: in call_next
    raise app_exc from app_exc.__cause__ or app_exc.__context__
C:\Python313\Lib\site-packages\starlette\middleware\base.py:144: in coro
    await self.app(scope, receive_or_disconnect, send_no_error)
C:\Python313\Lib\site-packages\starlette\middleware\base.py:191: in __call__
    with recv_stream, send_stream, collapse_excgroups():
                                   ^^^^^^^^^^^^^^^^^^^^
C:\Python313\Lib\contextlib.py:162: in __exit__
    self.gen.throw(value)
C:\Python313\Lib\site-packages\starlette\_utils.py:85: in collapse_excgroups
    raise exc
C:\Python313\Lib\site-packages\starlette\middleware\base.py:193: in __call__
    response = await self.dispatch_func(request, call_next)
               ^^^^^^^^^^^^^^^^^^^^^^^^^^^^^^^^^^^^^^^^^^^^
app\core\internal_access.py:34: in dispatch
    return await call_next(request)
           ^^^^^^^^^^^^^^^^^^^^^^^^
C:\Python313\Lib\site-packages\starlette\middleware\base.py:168: in call_next
    raise app_exc from app_exc.__cause__ or app_exc.__context__
C:\Python313\Lib\site-packages\starlette\middleware\base.py:144: in coro
    await self.app(scope, receive_or_disconnect, send_no_error)
C:\Python313\Lib\site-packages\starlette\middleware\base.py:191: in __call__
    with recv_stream, send_stream, collapse_excgroups():
                                   ^^^^^^^^^^^^^^^^^^^^
C:\Python313\Lib\contextlib.py:162: in __exit__
    self.gen.throw(value)
C:\Python313\Lib\site-packages\starlette\_utils.py:85: in collapse_excgroups
    raise exc
C:\Python313\Lib\site-packages\starlette\middleware\base.py:193: in __call__
    response = await self.dispatch_func(request, call_next)
               ^^^^^^^^^^^^^^^^^^^^^^^^^^^^^^^^^^^^^^^^^^^^
app\core\sanitization.py:63: in dispatch
    return await call_next(request)
           ^^^^^^^^^^^^^^^^^^^^^^^^
C:\Python313\Lib\site-packages\starlette\middleware\base.py:168: in call_next
    raise app_exc from app_exc.__cause__ or app_exc.__context__
C:\Python313\Lib\site-packages\starlette\middleware\base.py:144: in coro
    await self.app(scope, receive_or_disconnect, send_no_error)
tests\conftest.py:98: in __call__
    await self.app(scope, receive, send)
C:\Python313\Lib\site-packages\brotli_asgi\__init__.py:81: in __call__
    await br_responder(scope, receive, send)
C:\Python313\Lib\site-packages\brotli_asgi\__init__.py:126: in __call__
    await self.app(scope, receive, self.send_with_brotli)
C:\Python313\Lib\site-packages\starlette\middleware\base.py:191: in __call__
    with recv_stream, send_stream, collapse_excgroups():
                                   ^^^^^^^^^^^^^^^^^^^^
C:\Python313\Lib\contextlib.py:162: in __exit__
    self.gen.throw(value)
C:\Python313\Lib\site-packages\starlette\_utils.py:85: in collapse_excgroups
    raise exc
C:\Python313\Lib\site-packages\starlette\middleware\base.py:193: in __call__
    response = await self.dispatch_func(request, call_next)
               ^^^^^^^^^^^^^^^^^^^^^^^^^^^^^^^^^^^^^^^^^^^^
app\core\metrics.py:538: in dispatch
    response = await call_next(request)
               ^^^^^^^^^^^^^^^^^^^^^^^^
C:\Python313\Lib\site-packages\starlette\middleware\base.py:168: in call_next
    raise app_exc from app_exc.__cause__ or app_exc.__context__
C:\Python313\Lib\site-packages\starlette\middleware\base.py:144: in coro
    await self.app(scope, receive_or_disconnect, send_no_error)
C:\Python313\Lib\site-packages\starlette\middleware\base.py:191: in __call__
    with recv_stream, send_stream, collapse_excgroups():
                                   ^^^^^^^^^^^^^^^^^^^^
C:\Python313\Lib\contextlib.py:162: in __exit__
    self.gen.throw(value)
C:\Python313\Lib\site-packages\starlette\_utils.py:85: in collapse_excgroups
    raise exc
C:\Python313\Lib\site-packages\starlette\middleware\base.py:193: in __call__
    response = await self.dispatch_func(request, call_next)
               ^^^^^^^^^^^^^^^^^^^^^^^^^^^^^^^^^^^^^^^^^^^^
app\core\observability.py:129: in dispatch
    response: Response = await call_next(request)
                         ^^^^^^^^^^^^^^^^^^^^^^^^
C:\Python313\Lib\site-packages\starlette\middleware\base.py:168: in call_next
    raise app_exc from app_exc.__cause__ or app_exc.__context__
C:\Python313\Lib\site-packages\starlette\middleware\base.py:144: in coro
    await self.app(scope, receive_or_disconnect, send_no_error)
C:\Python313\Lib\site-packages\starlette\middleware\exceptions.py:63: in __call__
    await wrap_app_handling_exceptions(self.app, conn)(scope, receive, send)
C:\Python313\Lib\site-packages\starlette\_exception_handler.py:53: in wrapped_app
    raise exc
C:\Python313\Lib\site-packages\starlette\_exception_handler.py:42: in wrapped_app
    await app(scope, receive, sender)
C:\Python313\Lib\site-packages\fastapi\middleware\asyncexitstack.py:18: in __call__
    await self.app(scope, receive, send)
C:\Python313\Lib\site-packages\starlette\routing.py:716: in __call__
    await self.middleware_stack(scope, receive, send)
C:\Python313\Lib\site-packages\starlette\routing.py:736: in app
    await route.handle(scope, receive, send)
C:\Python313\Lib\site-packages\starlette\routing.py:290: in handle
    await self.app(scope, receive, send)
C:\Python313\Lib\site-packages\fastapi\routing.py:115: in app
    await wrap_app_handling_exceptions(app, request)(scope, receive, send)
C:\Python313\Lib\site-packages\starlette\_exception_handler.py:53: in wrapped_app
    raise exc
C:\Python313\Lib\site-packages\starlette\_exception_handler.py:42: in wrapped_app
    await app(scope, receive, sender)
C:\Python313\Lib\site-packages\fastapi\routing.py:101: in app
    response = await f(request)
               ^^^^^^^^^^^^^^^^
C:\Python313\Lib\site-packages\fastapi\routing.py:355: in app
    raw_response = await run_endpoint_function(
C:\Python313\Lib\site-packages\fastapi\routing.py:243: in run_endpoint_function
    return await dependant.call(**values)
           ^^^^^^^^^^^^^^^^^^^^^^^^^^^^^^
app\api\events.py:300: in all_events
    payload = await events.get_events(
app\services\event_service.py:169: in get_events
    await self.repo.count_upcoming()
app\repositories\event_repository.py:63: in count_upcoming
    select(func.count(Event.id)).where(Event.start_date >= now)
                                       ^^^^^^^^^^^^^^^^
E   AttributeError: type object 'Event' has no attribute 'start_date'. Did you mean: 'starts_at'?
---------------------------- Captured stderr setup ----------------------------
{"timestamp": "2026-01-30T19:05:11.910Z", "level": "INFO", "logger": "app.core.events", "message": "Domain event persistence listeners registered.", "service_name": "university-ecosystem", "environment": "testing"}
{"timestamp": "2026-01-30T19:05:11.910Z", "level": "INFO", "logger": "app.services.event_handlers", "message": "Domain event handlers configured", "service_name": "university-ecosystem", "environment": "testing"}
{"timestamp": "2026-01-30T19:05:11.911Z", "level": "INFO", "logger": "app.services.cache_warmup", "message": "Cache warmup disabled, skipping", "service_name": "university-ecosystem", "environment": "testing"}
{"timestamp": "2026-01-30T19:05:11.911Z", "level": "INFO", "logger": "app.workers.outbox", "message": "OutboxWorker started", "service_name": "university-ecosystem", "environment": "testing"}
----------------------------- Captured log setup ------------------------------
[32mINFO    [0m app.core.events:events.py:265 Domain event persistence listeners registered.
[32mINFO    [0m app.services.event_handlers:event_handlers.py:171 Domain event handlers configured
[32mINFO    [0m app.services.cache_warmup:cache_warmup.py:252 Cache warmup disabled, skipping
[32mINFO    [0m app.workers.outbox:outbox.py:31 OutboxWorker started
---------------------------- Captured stdout call -----------------------------
DEBUG: Validating policy for length 15
---------------------------- Captured stderr call -----------------------------
{"timestamp": "2026-01-30T19:05:12.055Z", "level": "INFO", "logger": "app.auth", "message": "{\"event\": \"auth.login.success\", \"user_id\": \"2\", \"request_id\": \"e809bc186c534cb29c7145c0e72e66a3\", \"ip\": \"127.0.0.1\", \"path\": \"/api/v1/auth/login\", \"method\": \"POST\", \"reason\": \"authenticated\"}", "trace_id": "e809bc186c534cb29c7145c0e72e66a3", "request_id": "e809bc186c534cb29c7145c0e72e66a3", "service_name": "university-ecosystem", "environment": "testing", "event": "auth.login.success", "user_id": "2", "ip": "127.0.0.1", "path": "/api/v1/auth/login", "method": "POST", "reason": "authenticated"}
{"timestamp": "2026-01-30T19:05:12.060Z", "level": "INFO", "logger": "httpx", "message": "HTTP Request: POST http://testserver/api/v1/auth/login \"HTTP/1.1 200 OK\"", "service_name": "university-ecosystem", "environment": "testing"}
------------------------------ Captured log call ------------------------------
[32mINFO    [0m app.auth:audit_service.py:147 {"event": "auth.login.success", "user_id": "2", "request_id": "e809bc186c534cb29c7145c0e72e66a3", "ip": "127.0.0.1", "path": "/api/v1/auth/login", "method": "POST", "reason": "authenticated"}
[32mINFO    [0m httpx:_client.py:1740 HTTP Request: POST http://testserver/api/v1/auth/login "HTTP/1.1 200 OK"
_______________________________ test_list_news ________________________________
[gw1] win32 -- Python 3.13.11 C:\Python313\python.exe
tests\test_news_service.py:38: in test_list_news
    await news_service.list_news(search=search_query)
app\services\news_service.py:52: in list_news
    has_more = len(results) > limit
               ^^^^^^^^^^^^
E   TypeError: object of type 'PaginatedNews' has no len()
___________________________ test_user_service_mega ____________________________
[gw8] win32 -- Python 3.13.11 C:\Python313\python.exe
tests\test_mega_logic_v6.py:92: in test_user_service_mega
    await service.create_user(data_user, request, admin_user)
app\services\user_service.py:572: in create_user
    hashed = get_password_hash(password)
             ^^^^^^^^^^^^^^^^^^^^^^^^^^^
app\auth\security.py:248: in get_password_hash
    _validate_password_policy(password, locale=locale)
app\auth\security.py:180: in _validate_password_policy
    raise ValueError(
E   ValueError: Password must include: uppercase letters, symbols.
---------------------------- Captured stdout call -----------------------------
DEBUG: Validating policy for length 11
__________________________ test_monster_coverage_run __________________________
[gw12] win32 -- Python 3.13.11 C:\Python313\python.exe
tests\test_z_coverage_monster.py:45: in test_monster_coverage_run
    await e_service.get_events(user_id=1, search="s", locale="ru")
app\services\event_service.py:146: in get_events
    query_embedding = await self.vector_service.get_embedding(search)
                      ^^^^^^^^^^^^^^^^^^^^^^^^^^^^^^^^^^^^^^^^^^^^^^^
E   TypeError: object MagicMock can't be used in 'await' expression
============================== warnings summary ===============================
tests/test_news_repository_coverage.py::test_list_news_search_semantic
  C:\Users\egorribun\Documents\university_ecosystem\tests\test_news_repository_coverage.py:115: RuntimeWarning: coroutine 'AsyncMockMixin._execute_mock_call' was never awaited
    await news_repo.list_news(search_query="test", query_embedding=[0.1])
  Enable tracemalloc to get traceback where the object was allocated.
  See https://docs.pytest.org/en/stable/how-to/capture-warnings.html#resource-warnings for more info.

tests/test_news_repository_coverage.py::test_toggle_like_add
  C:\Users\egorribun\Documents\university_ecosystem\app\repositories\news_repository.py:168: RuntimeWarning: coroutine 'AsyncMockMixin._execute_mock_call' was never awaited
    self.db.add(models.NewsLike(news_id=news_id, user_id=user_id))
  Enable tracemalloc to get traceback where the object was allocated.
  See https://docs.pytest.org/en/stable/how-to/capture-warnings.html#resource-warnings for more info.

tests/test_metrics_endpoint.py::test_metrics_endpoint_exposes_prometheus_payload
tests/test_metrics_endpoint.py::test_metrics_endpoint_allows_loopback_allowlist_without_auth
tests/test_metrics_endpoint.py::test_health_check_metrics_recorded
  C:\Python313\Lib\site-packages\GPUtil\GPUtil.py:73: DeprecationWarning: Use shutil.which instead of find_executable
    nvidia_smi = spawn.find_executable('nvidia-smi')

tests/test_cli_db.py::test_create_admin_success
  C:\Users\egorribun\Documents\university_ecosystem\app\cli\db.py:58: RuntimeWarning: coroutine 'AsyncMockMixin._execute_mock_call' was never awaited
    db.add(admin)
  Enable tracemalloc to get traceback where the object was allocated.
  See https://docs.pytest.org/en/stable/how-to/capture-warnings.html#resource-warnings for more info.

tests/test_cli_db.py::test_create_invite_success
  C:\Users\egorribun\Documents\university_ecosystem\app\cli\db.py:83: RuntimeWarning: coroutine 'AsyncMockMixin._execute_mock_call' was never awaited
    session.add(invite)
  Enable tracemalloc to get traceback where the object was allocated.
  See https://docs.pytest.org/en/stable/how-to/capture-warnings.html#resource-warnings for more info.

-- Docs: https://docs.pytest.org/en/stable/how-to/capture-warnings.html
=========================== short test summary info ===========================
SKIPPED [1] tests\test_migrations_runtime.py:51: Test requires PostgreSQL (uses pg_class or information_schema.public)
SKIPPED [1] tests\test_migrations_runtime.py:87: Test requires PostgreSQL (uses pg_class or information_schema.public)
SKIPPED [1] tests\test_migrations_runtime.py:127: Test requires PostgreSQL (uses pg_class or information_schema.public)
SKIPPED [1] tests\test_events_localization.py:271: Test requires PostgreSQL (uses pg_attribute or full-text search)
FAILED tests/test_event_file_upload.py::test_update_event_replaces_image_removes_old_file
FAILED tests/test_user_repository_coverage.py::test_list_users_filters - Type...
FAILED tests/contracts/test_openapi_contract.py::test_openapi_contract_snapshot
FAILED tests/test_notifications_service.py::test_event_creation_enqueues_notifications
FAILED tests/test_core_config.py::test_auto_create_schema_default_false_in_production
FAILED tests/test_core_config.py::test_auto_create_schema_warns_when_enabled_in_production
FAILED tests/test_news_helpers.py::test_localized_text_prefers_requested_locale_with_fallbacks
FAILED tests/test_security_headers.py::test_security_headers_production_mode
FAILED tests/test_security_headers.py::test_security_headers_credentialless_coep
FAILED tests/test_security_headers.py::test_gzip_preserves_security_headers_and_etag
FAILED tests/test_security_headers.py::test_cors_hardening_filters_insecure_origins
FAILED tests/test_security_headers.py::test_cors_credentials_disabled_for_insecure_hosts
FAILED tests/test_security_headers.py::test_cors_allows_localhost_when_strict
FAILED tests/test_event_time_constraints.py::test_create_event_guard - sqlalc...
FAILED tests/test_event_time_constraints.py::test_update_event_guard - TypeEr...
FAILED tests/test_event_time_constraints.py::test_get_all_events_respects_locale
FAILED tests/test_events_localization.py::test_events_localization - Attribut...
FAILED tests/test_event_time_constraints.py::test_get_all_events_cursor_respects_ordering_and_gaps
FAILED tests/test_event_time_constraints.py::test_get_all_events_cursor_skips_total_on_followup_pages
FAILED tests/test_events_localization.py::test_create_event_records_enqueue_failure
FAILED tests/test_event_time_constraints.py::test_event_detail_returns_qr_code_after_registration
FAILED tests/test_events_localization.py::test_events_etag_and_not_modified
FAILED tests/test_events_localization.py::test_events_pagination_semantics - ...
FAILED tests/test_news_localization.py::test_partial_news_updates_keep_other_fields[payload_kwargs0-expected_changes0]
FAILED tests/test_pagination.py::TestNewsPagination::test_news_list_cursor_pagination
FAILED tests/test_news_localization.py::test_partial_news_updates_keep_other_fields[payload_kwargs1-expected_changes1]
FAILED tests/test_events_localization.py::test_events_cache_invalidation_on_mutations
FAILED tests/test_events_localization.py::test_events_cache_uses_version_from_redis
FAILED tests/test_news_service.py::test_list_news - TypeError: object of type...
FAILED tests/test_mega_logic_v6.py::test_user_service_mega - ValueError: Pass...
FAILED tests/test_z_coverage_monster.py::test_monster_coverage_run - TypeErro...
31 failed, 1087 passed, 4 skipped, 7 warnings in 31.55s
