mode: set
github.com/university-ecosystem/ws-hub/main.go:24.13,28.30 3 1
github.com/university-ecosystem/ws-hub/main.go:28.30,31.3 2 1
github.com/university-ecosystem/ws-hub/main.go:33.2,33.50 1 1
github.com/university-ecosystem/ws-hub/main.go:33.50,35.3 1 0
github.com/university-ecosystem/ws-hub/main.go:37.2,41.16 4 1
github.com/university-ecosystem/ws-hub/main.go:41.16,42.16 1 1
github.com/university-ecosystem/ws-hub/main.go:42.16,43.43 1 1
github.com/university-ecosystem/ws-hub/main.go:43.43,45.5 1 0
github.com/university-ecosystem/ws-hub/main.go:47.8,49.3 1 0
github.com/university-ecosystem/ws-hub/main.go:51.2,52.15 2 1
github.com/university-ecosystem/ws-hub/main.go:52.15,54.3 1 0
github.com/university-ecosystem/ws-hub/main.go:56.2,57.16 2 1
github.com/university-ecosystem/ws-hub/main.go:57.16,58.16 1 0
github.com/university-ecosystem/ws-hub/main.go:58.16,59.38 1 0
github.com/university-ecosystem/ws-hub/main.go:59.38,61.5 1 0
github.com/university-ecosystem/ws-hub/main.go:65.2,67.27 3 1
github.com/university-ecosystem/ws-hub/main.go:70.32,73.56 1 1
github.com/university-ecosystem/ws-hub/main.go:73.56,74.29 1 1
github.com/university-ecosystem/ws-hub/main.go:74.29,76.5 1 1
github.com/university-ecosystem/ws-hub/main.go:77.4,77.12 1 1
github.com/university-ecosystem/ws-hub/main.go:80.2,80.26 1 1
github.com/university-ecosystem/ws-hub/main.go:83.94,89.50 2 0
github.com/university-ecosystem/ws-hub/main.go:89.50,91.3 1 0
github.com/university-ecosystem/ws-hub/main.go:92.2,93.16 2 0
github.com/university-ecosystem/ws-hub/main.go:93.16,96.3 2 0
github.com/university-ecosystem/ws-hub/main.go:97.2,97.11 1 0
github.com/university-ecosystem/ws-hub/main.go:100.92,106.44 2 1
github.com/university-ecosystem/ws-hub/main.go:106.44,109.3 2 1
github.com/university-ecosystem/ws-hub/main.go:110.2,111.12 2 1
github.com/university-ecosystem/ws-hub/main.go:114.120,120.23 4 1
github.com/university-ecosystem/ws-hub/main.go:120.23,121.55 1 1
github.com/university-ecosystem/ws-hub/main.go:121.55,124.4 2 0
github.com/university-ecosystem/ws-hub/main.go:127.2,129.15 3 1
github.com/university-ecosystem/ws-hub/main.go:129.15,131.3 1 0
github.com/university-ecosystem/ws-hub/main.go:132.2,133.10 2 1
github.com/university-ecosystem/ws-hub/main.go:136.107,137.103 1 1
github.com/university-ecosystem/ws-hub/main.go:137.103,139.3 1 1
github.com/university-ecosystem/ws-hub/main.go:145.2,145.112 1 1
github.com/university-ecosystem/ws-hub/main.go:145.112,146.89 1 1
github.com/university-ecosystem/ws-hub/main.go:146.89,148.4 1 0
github.com/university-ecosystem/ws-hub/main.go:154.2,161.113 3 1
github.com/university-ecosystem/ws-hub/main.go:161.113,163.37 2 1
github.com/university-ecosystem/ws-hub/main.go:163.37,165.4 1 1
github.com/university-ecosystem/ws-hub/main.go:166.3,166.17 1 1
github.com/university-ecosystem/ws-hub/main.go:166.17,168.53 2 0
github.com/university-ecosystem/ws-hub/main.go:168.53,171.5 2 0
github.com/university-ecosystem/ws-hub/main.go:172.4,174.24 3 0
github.com/university-ecosystem/ws-hub/main.go:174.24,176.5 1 0
github.com/university-ecosystem/ws-hub/main.go:177.9,179.4 1 1
github.com/university-ecosystem/ws-hub/main.go:180.3,180.24 1 1
github.com/university-ecosystem/ws-hub/main.go:180.24,182.4 1 1
github.com/university-ecosystem/ws-hub/main.go:183.3,183.22 1 1
github.com/university-ecosystem/ws-hub/main.go:183.22,187.19 2 1
github.com/university-ecosystem/ws-hub/main.go:187.19,189.5 1 0
github.com/university-ecosystem/ws-hub/main.go:190.4,190.10 1 1
github.com/university-ecosystem/ws-hub/main.go:192.3,192.89 1 0
github.com/university-ecosystem/ws-hub/main.go:192.89,194.4 1 0
github.com/university-ecosystem/ws-hub/main.go:198.2,198.107 1 1
github.com/university-ecosystem/ws-hub/main.go:198.107,199.91 1 1
github.com/university-ecosystem/ws-hub/main.go:199.91,201.4 1 0
github.com/university-ecosystem/ws-hub/main.go:204.2,204.45 1 1
github.com/university-ecosystem/ws-hub/main.go:207.69,221.12 3 1
github.com/university-ecosystem/ws-hub/main.go:221.12,223.66 2 1
github.com/university-ecosystem/ws-hub/main.go:223.66,225.4 1 1
github.com/university-ecosystem/ws-hub/main.go:228.2,231.9 3 1
github.com/university-ecosystem/ws-hub/main.go:232.24,233.72 1 1
github.com/university-ecosystem/ws-hub/main.go:234.14,234.14 0 0
github.com/university-ecosystem/ws-hub/main.go:237.2,242.53 5 1
github.com/university-ecosystem/ws-hub/main.go:242.53,244.3 1 0
