mode: set
github.com/university-ecosystem/uni-cli/main.go:22.13,23.47 1 1
github.com/university-ecosystem/uni-cli/main.go:23.47,25.3 1 0
github.com/university-ecosystem/uni-cli/main.go:28.34,45.2 7 1
github.com/university-ecosystem/uni-cli/main.go:47.46,48.42 1 1
github.com/university-ecosystem/uni-cli/main.go:48.42,50.3 1 1
github.com/university-ecosystem/uni-cli/main.go:51.2,51.21 1 1
github.com/university-ecosystem/uni-cli/main.go:55.32,66.55 2 1
github.com/university-ecosystem/uni-cli/main.go:66.55,68.21 2 1
github.com/university-ecosystem/uni-cli/main.go:68.21,70.5 1 1
github.com/university-ecosystem/uni-cli/main.go:72.4,73.18 2 1
github.com/university-ecosystem/uni-cli/main.go:73.18,75.5 1 0
github.com/university-ecosystem/uni-cli/main.go:76.4,76.17 1 1
github.com/university-ecosystem/uni-cli/main.go:76.17,76.39 1 1
github.com/university-ecosystem/uni-cli/main.go:78.4,82.18 3 1
github.com/university-ecosystem/uni-cli/main.go:82.18,84.5 1 1
github.com/university-ecosystem/uni-cli/main.go:86.4,86.22 1 1
github.com/university-ecosystem/uni-cli/main.go:86.22,89.5 2 1
github.com/university-ecosystem/uni-cli/main.go:92.4,93.47 2 1
github.com/university-ecosystem/uni-cli/main.go:93.47,96.5 2 1
github.com/university-ecosystem/uni-cli/main.go:99.4,100.18 2 1
github.com/university-ecosystem/uni-cli/main.go:100.18,102.5 1 0
github.com/university-ecosystem/uni-cli/main.go:104.4,105.14 2 1
github.com/university-ecosystem/uni-cli/main.go:110.2,113.55 1 1
github.com/university-ecosystem/uni-cli/main.go:113.55,115.18 2 1
github.com/university-ecosystem/uni-cli/main.go:115.18,117.5 1 0
github.com/university-ecosystem/uni-cli/main.go:118.4,118.17 1 1
github.com/university-ecosystem/uni-cli/main.go:118.17,118.39 1 1
github.com/university-ecosystem/uni-cli/main.go:120.4,123.18 3 1
github.com/university-ecosystem/uni-cli/main.go:123.18,125.5 1 1
github.com/university-ecosystem/uni-cli/main.go:127.4,130.14 4 1
github.com/university-ecosystem/uni-cli/main.go:134.2,135.12 2 1
github.com/university-ecosystem/uni-cli/main.go:143.33,147.55 1 1
github.com/university-ecosystem/uni-cli/main.go:147.55,156.18 6 1
github.com/university-ecosystem/uni-cli/main.go:156.18,159.5 2 0
github.com/university-ecosystem/uni-cli/main.go:159.10,162.50 3 1
github.com/university-ecosystem/uni-cli/main.go:162.50,165.6 2 1
github.com/university-ecosystem/uni-cli/main.go:165.11,167.6 1 1
github.com/university-ecosystem/uni-cli/main.go:168.5,168.23 1 1
github.com/university-ecosystem/uni-cli/main.go:172.4,173.16 2 1
github.com/university-ecosystem/uni-cli/main.go:173.16,175.5 1 1
github.com/university-ecosystem/uni-cli/main.go:176.4,176.14 1 1
github.com/university-ecosystem/uni-cli/main.go:182.34,191.55 2 1
github.com/university-ecosystem/uni-cli/main.go:191.55,193.18 2 1
github.com/university-ecosystem/uni-cli/main.go:193.18,195.5 1 0
github.com/university-ecosystem/uni-cli/main.go:196.4,196.17 1 1
github.com/university-ecosystem/uni-cli/main.go:196.17,196.39 1 1
github.com/university-ecosystem/uni-cli/main.go:198.4,202.18 3 1
github.com/university-ecosystem/uni-cli/main.go:202.18,204.5 1 1
github.com/university-ecosystem/uni-cli/main.go:205.4,206.18 2 1
github.com/university-ecosystem/uni-cli/main.go:206.18,208.5 1 0
github.com/university-ecosystem/uni-cli/main.go:210.4,213.15 4 1
github.com/university-ecosystem/uni-cli/main.go:213.15,216.5 2 1
github.com/university-ecosystem/uni-cli/main.go:218.4,218.14 1 1
github.com/university-ecosystem/uni-cli/main.go:222.2,223.12 2 1
github.com/university-ecosystem/uni-cli/main.go:226.46,228.16 2 1
github.com/university-ecosystem/uni-cli/main.go:228.16,230.3 1 1
github.com/university-ecosystem/uni-cli/main.go:231.2,231.34 1 1
github.com/university-ecosystem/uni-cli/main.go:234.40,239.2 4 1
